 cgamex86

 Timestamp is 4283bd11 (Thu May 12 16:31:13 2005)

 Preferred load address is 30000000

 Start         Length     Name                   Class
 0001:00000000 000b0efeH .text                   CODE
 0002:00000000 000000e0H .idata$5                DATA
 0002:000000e0 000017b0H .rdata                  DATA
 0002:00001890 00000008H .rdata$sxdata           DATA
 0002:00001898 00000004H .rtc$IAA                DATA
 0002:0000189c 00000004H .rtc$IZZ                DATA
 0002:000018a0 00000004H .rtc$TAA                DATA
 0002:000018a4 00000004H .rtc$TZZ                DATA
 0002:000018a8 00000014H .idata$2                DATA
 0002:000018bc 00000014H .idata$3                DATA
 0002:000018d0 000000e0H .idata$4                DATA
 0002:000019b0 000003e4H .idata$6                DATA
 0002:00001da0 00000059H .edata                  DATA
 0003:00000000 00000004H .CRT$XCA                DATA
 0003:00000004 00000004H .CRT$XCAA               DATA
 0003:00000008 00000004H .CRT$XCZ                DATA
 0003:0000000c 00000004H .CRT$XIA                DATA
 0003:00000010 00000010H .CRT$XIC                DATA
 0003:00000020 00000004H .CRT$XIZ                DATA
 0003:00000024 00000004H .CRT$XPA                DATA
 0003:00000028 00000004H .CRT$XPX                DATA
 0003:0000002c 00000004H .CRT$XPZ                DATA
 0003:00000030 00000004H .CRT$XTA                DATA
 0003:00000034 00000004H .CRT$XTZ                DATA
 0003:00000040 00026810H .data                   DATA
 0003:00026860 0094fe80H .bss                    DATA
 0004:00000000 00000058H .rsrc$01                DATA
 0004:00000060 00000338H .rsrc$02                DATA

  Address         Publics by Value              Rva+Base     Lib:Object

 0000:00000000       __except_list              00000000     <absolute>
 0000:00000002       ___safe_se_handler_count   00000002     <absolute>
 0001:00000000       _AnimalProcessOri          30001000 f   AnimalNPC.obj
 0001:00000180       _G_SetAnimalVehicleFunctions 30001180 f   AnimalNPC.obj
 0001:00000530       _G_CreateAnimalNPC         30001530 f   AnimalNPC.obj
 0001:00000590       _PM_irand_timesync         30001590 f   bg_c_saber.obj
 0001:00000600       _BG_ForcePowerDrain        30001600 f   bg_c_saber.obj
 0001:00000780       _BG_EnoughForcePowerForMove 30001780 f   bg_c_saber.obj
 0001:000007b0       _PM_AttackMoveForQuad      300017b0 f   bg_c_saber.obj
 0001:00000830       _PM_SaberAnimTransitionAnim 30001830 f   bg_c_saber.obj
 0001:00000a50       _PM_CheckStabDown          30001a50 f   bg_c_saber.obj
 0001:00000c80       _PM_SaberMoveQuadrantForMovement 30001c80 f   bg_c_saber.obj
 0001:00000d20       _PM_SaberInBounce          30001d20 f   bg_c_saber.obj
 0001:00000d50       _PM_SaberAttackChainAngle  30001d50 f   bg_c_saber.obj
 0001:00000d90       _PM_SaberKataDone          30001d90 f   bg_c_saber.obj
 0001:00000fe0       _PM_SetAnimFrame           30001fe0 f   bg_c_saber.obj
 0001:00001000       _PM_SaberLockWinAnim       30002000 f   bg_c_saber.obj
 0001:000011d0       _PM_SaberLockLoseAnim      300021d0 f   bg_c_saber.obj
 0001:000013c0       _PM_SaberLockResultAnim    300023c0 f   bg_c_saber.obj
 0001:00001510       _PM_SaberLockBreak         30002510 f   bg_c_saber.obj
 0001:00001970       _BG_CheckIncrementLockAnim 30002970 f   bg_c_saber.obj
 0001:00001a50       _PM_SaberLocked            30002a50 f   bg_c_saber.obj
 0001:00001fd0       _PM_SaberInBrokenParry     30002fd0 f   bg_c_saber.obj
 0001:00002010       _PM_BrokenParryForParry    30003010 f   bg_c_saber.obj
 0001:00002130       _PM_CanBackstab            30003130 f   bg_c_saber.obj
 0001:00002290       _PM_SaberFlipOverAttackMove 30003290 f   bg_c_saber.obj
 0001:00002440       _PM_SaberBackflipAttackMove 30003440 f   bg_c_saber.obj
 0001:00002530       _PM_SaberDualJumpAttackMove 30003530 f   bg_c_saber.obj
 0001:00002550       _PM_SomeoneInFront         30003550 f   bg_c_saber.obj
 0001:000026c0       _PM_SaberLungeAttackMove   300036c0 f   bg_c_saber.obj
 0001:00002880       _PM_SaberJumpAttackMove2   30003880 f   bg_c_saber.obj
 0001:00002970       _PM_SaberJumpAttackMove    30003970 f   bg_c_saber.obj
 0001:00002b20       _PM_GroundDistance         30003b20 f   bg_c_saber.obj
 0001:00002c30       _PM_WalkableGroundDistance 30003c30 f   bg_c_saber.obj
 0001:00002d20       _PM_CheckPullAttack        30003d20 f   bg_c_saber.obj
 0001:00002d30       _PM_InSecondaryStyle       30003d30 f   bg_c_saber.obj
 0001:00002d80       _PM_SaberAttackForMovement 30003d80 f   bg_c_saber.obj
 0001:00003cc0       _PM_KickMoveForConditions  30004cc0 f   bg_c_saber.obj
 0001:00003df0       _PM_SaberMoveOkayForKata   30004df0 f   bg_c_saber.obj
 0001:00003e30       _PM_CanDoKata              30004e30 f   bg_c_saber.obj
 0001:00003ff0       _PM_CheckAltKickAttack     30004ff0 f   bg_c_saber.obj
 0001:000040c0       _PM_SaberPowerCheck        300050c0 f   bg_c_saber.obj
 0001:00004130       _PM_CanDoRollStab          30005130 f   bg_c_saber.obj
 0001:000041e0       _PM_WeaponLightsaber       300051e0 f   bg_c_saber.obj
 0001:00005bd0       _PM_SetSaberMove           30006bd0 f   bg_c_saber.obj
 0001:00006540       _BG_MySaber                30007540 f   bg_c_saber.obj
 0001:000065f0       _BG_AttachToRancor         300075f0 f   bg_g2_utils.obj
 0001:000067d0       _BG_GetRootSurfNameWithVariant 300077d0 f   bg_g2_utils.obj
 0001:000069e0       _BG_FileExists             300079e0 f   bg_misc.obj
 0001:00006a30       _BG_ParseField             30007a30 f   bg_misc.obj
 0001:00006ba0       _BG_LegalizedForcePowers   30007ba0 f   bg_misc.obj
 0001:00007340       _vectoyaw                  30008340 f   bg_misc.obj
 0001:00007410       _BG_HasYsalamiri           30008410 f   bg_misc.obj
 0001:00007450       _BG_CanUseFPNow            30008450 f   bg_misc.obj
 0001:000075a0       _BG_FindItemForPowerup     300085a0 f   bg_misc.obj
 0001:00007610       _BG_FindItemForHoldable    30008610 f   bg_misc.obj
 0001:00007680       _BG_FindItemForWeapon      30008680 f   bg_misc.obj
 0001:000076e0       _BG_FindItemForAmmo        300086e0 f   bg_misc.obj
 0001:00007740       _BG_FindItem               30008740 f   bg_misc.obj
 0001:00007790       _BG_PlayerTouchesItem      30008790 f   bg_misc.obj
 0001:00007840       _BG_ProperForceIndex       30008840 f   bg_misc.obj
 0001:00007880       _BG_CycleForce             30008880 f   bg_misc.obj
 0001:000079e0       _BG_GetItemIndexByTag      300089e0 f   bg_misc.obj
 0001:00007a30       _BG_IsItemSelectable       30008a30 f   bg_misc.obj
 0001:00007a50       _BG_CycleInven             30008a50 f   bg_misc.obj
 0001:00007b50       _BG_CanItemBeGrabbed       30008b50 f   bg_misc.obj
 0001:00007f40       _BG_EvaluateTrajectory     30008f40 f   bg_misc.obj
 0001:00008270       _BG_EvaluateTrajectoryDelta 30009270 f   bg_misc.obj
 0001:000084f0       _BG_AddPredictableEventToPlayerstate 300094f0 f   bg_misc.obj
 0001:00008540       _BG_TouchJumpPad           30009540 f   bg_misc.obj
 0001:00008610       _BG_EmplacedView           30009610 f   bg_misc.obj
 0001:000086f0       _BG_IsValidCharacterModel  300096f0 f   bg_misc.obj
 0001:00008780       _BG_ValidateSkinForTeam    30009780 f   bg_misc.obj
 0001:00008ab0       _BG_PlayerStateToEntityState 30009ab0 f   bg_misc.obj
 0001:000090f0       _BG_PlayerStateToEntityStateExtraPolate 3000a0f0 f   bg_misc.obj
 0001:000096c0       _BG_ModelCache             3000a6c0 f   bg_misc.obj
 0001:000096f0       _BG_Alloc                  3000a6f0 f   bg_misc.obj
 0001:00009760       _BG_AllocUnaligned         3000a760 f   bg_misc.obj
 0001:000097c0       _BG_TempAlloc              3000a7c0 f   bg_misc.obj
 0001:00009820       _BG_TempFree               3000a820 f   bg_misc.obj
 0001:00009870       _BG_StringAlloc            3000a870 f   bg_misc.obj
 0001:000098b0       _BG_OutOfMemory            3000a8b0 f   bg_misc.obj
 0001:000098d0       _BG_SaberStanceAnim        3000a8d0 f   bg_panimate.obj
 0001:00009960       _BG_CrouchAnim             3000a960 f   bg_panimate.obj
 0001:00009aa0       _BG_InSpecialJump          3000aaa0 f   bg_panimate.obj
 0001:00009bf0       _BG_InSaberStandAnim       3000abf0 f   bg_panimate.obj
 0001:00009c30       _BG_InReboundJump          3000ac30 f   bg_panimate.obj
 0001:00009c60       _BG_InReboundHold          3000ac60 f   bg_panimate.obj
 0001:00009c90       _BG_InReboundRelease       3000ac90 f   bg_panimate.obj
 0001:00009cc0       _BG_InBackFlip             3000acc0 f   bg_panimate.obj
 0001:00009cf0       _BG_DirectFlippingAnim     3000acf0 f   bg_panimate.obj
 0001:00009d20       _BG_SaberInAttackPure      3000ad20 f   bg_panimate.obj
 0001:00009d40       _BG_SaberInAttack          3000ad40 f   bg_panimate.obj
 0001:00009d80       _BG_SaberInKata            3000ad80 f   bg_panimate.obj
 0001:00009db0       _BG_InKataAnim             3000adb0 f   bg_panimate.obj
 0001:00009de0       _BG_SaberInSpecial         3000ade0 f   bg_panimate.obj
 0001:00009e30       _BG_KickMove               3000ae30 f   bg_panimate.obj
 0001:00009e60       _BG_SaberInIdle            3000ae60 f   bg_panimate.obj
 0001:00009e90       _BG_InExtraDefenseSaberMove 3000ae90 f   bg_panimate.obj
 0001:00009f00       _BG_FlippingAnim           3000af00 f   bg_panimate.obj
 0001:0000a000       _BG_SpinningSaberAnim      3000b000 f   bg_panimate.obj
 0001:0000a360       _BG_SaberInSpecialAttack   3000b360 f   bg_panimate.obj
 0001:0000a4e0       _BG_KickingAnim            3000b4e0 f   bg_panimate.obj
 0001:0000a560       _BG_InGrappleMove          3000b560 f   bg_panimate.obj
 0001:0000a5c0       _BG_BrokenParryForAttack   3000b5c0 f   bg_panimate.obj
 0001:0000a650       _BG_BrokenParryForParry    3000b650 f   bg_panimate.obj
 0001:0000a780       _BG_KnockawayForParry      3000b780 f   bg_panimate.obj
 0001:0000a7e0       _BG_InRoll                 3000b7e0 f   bg_panimate.obj
 0001:0000a880       _BG_InSpecialDeathAnim     3000b880 f   bg_panimate.obj
 0001:0000a8b0       _BG_InDeathAnim            3000b8b0 f   bg_panimate.obj
 0001:0000a900       _BG_InKnockDownOnly        3000b900 f   bg_panimate.obj
 0001:0000a930       _BG_InSaberLockOld         3000b930 f   bg_panimate.obj
 0001:0000a980       _BG_InSaberLock            3000b980 f   bg_panimate.obj
 0001:0000aa30       _PM_InCartwheel            3000ba30 f   bg_panimate.obj
 0001:0000aa70       _BG_InKnockDownOnGround    3000ba70 f   bg_panimate.obj
 0001:0000ab70       _BG_StabDownAnim           3000bb70 f   bg_panimate.obj
 0001:0000aba0       _PM_SaberBounceForAttack   3000bba0 f   bg_panimate.obj
 0001:0000ac20       _PM_SaberDeflectionForQuad 3000bc20 f   bg_panimate.obj
 0001:0000aca0       _PM_SaberInDeflect         3000bca0 f   bg_panimate.obj
 0001:0000acc0       _PM_SaberInParry           3000bcc0 f   bg_panimate.obj
 0001:0000ace0       _PM_SaberInKnockaway       3000bce0 f   bg_panimate.obj
 0001:0000ad00       _PM_SaberInReflect         3000bd00 f   bg_panimate.obj
 0001:0000ad20       _PM_SaberInStart           3000bd20 f   bg_panimate.obj
 0001:0000ad40       _PM_SaberInReturn          3000bd40 f   bg_panimate.obj
 0001:0000ad60       _BG_SaberInReturn          3000bd60 f   bg_panimate.obj
 0001:0000ad80       _PM_InSaberAnim            3000bd80 f   bg_panimate.obj
 0001:0000ada0       _PM_InRealKnockDown        3000bda0 f   bg_panimate.obj
 0001:0000add0       _PM_InKnockDown            3000bdd0 f   bg_panimate.obj
 0001:0000ae50       _PM_PainAnim               3000be50 f   bg_panimate.obj
 0001:0000ae80       _PM_JumpingAnim            3000be80 f   bg_panimate.obj
 0001:0000aeb0       _PM_LandingAnim            3000beb0 f   bg_panimate.obj
 0001:0000af10       _PM_SpinningAnim           3000bf10 f   bg_panimate.obj
 0001:0000af30       _PM_InOnGroundAnim         3000bf30 f   bg_panimate.obj
 0001:0000af90       _PM_InRollComplete         3000bf90 f   bg_panimate.obj
 0001:0000afd0       _PM_CanRollFromSoulCal     3000bfd0 f   bg_panimate.obj
 0001:0000b010       _BG_SuperBreakLoseAnim     3000c010 f   bg_panimate.obj
 0001:0000b0b0       _BG_SuperBreakWinAnim      3000c0b0 f   bg_panimate.obj
 0001:0000b150       _BG_SaberLockBreakAnim     3000c150 f   bg_panimate.obj
 0001:0000b240       _BG_FullBodyTauntAnim      3000c240 f   bg_panimate.obj
 0001:0000b2a0       _BG_AnimLength             3000c2a0 f   bg_panimate.obj
 0001:0000b310       _PM_AnimLength             3000c310 f   bg_panimate.obj
 0001:0000b3b0       _PM_DebugLegsAnim          3000c3b0 f   bg_panimate.obj
 0001:0000b430       _PM_SaberInTransition      3000c430 f   bg_panimate.obj
 0001:0000b450       _BG_SaberInTransitionAny   3000c450 f   bg_panimate.obj
 0001:0000b4a0       _BG_FlipPart               3000c4a0 f   bg_panimate.obj
 0001:0000b500       _BG_InitAnimsets           3000c500 f   bg_panimate.obj
 0001:0000b530       _BG_ClearAnimsets          3000c530 f   bg_panimate.obj
 0001:0000b540       _BG_AnimsetAlloc           3000c540 f   bg_panimate.obj
 0001:0000b570       _BG_AnimsetFree            3000c570 f   bg_panimate.obj
 0001:0000b580       _CheckAnimFrameForEventType 3000c580 f   bg_panimate.obj
 0001:0000b5e0       _ParseAnimationEvtBlock    3000c5e0 f   bg_panimate.obj
 0001:0000bf10       _BG_ParseAnimationEvtFile  3000cf10 f   bg_panimate.obj
 0001:0000c3d0       _BG_ParseAnimationFile     3000d3d0 f   bg_panimate.obj
 0001:0000c830       _BG_StartLegsAnim          3000d830 f   bg_panimate.obj
 0001:0000c890       _PM_ContinueLegsAnim       3000d890 f   bg_panimate.obj
 0001:0000c8d0       _PM_ForceLegsAnim          3000d8d0 f   bg_panimate.obj
 0001:0000c980       _BG_StartTorsoAnim         3000d980 f   bg_panimate.obj
 0001:0000c9c0       _PM_StartTorsoAnim         3000d9c0 f   bg_panimate.obj
 0001:0000c9e0       _BG_SetLegsAnimTimer       3000d9e0 f   bg_panimate.obj
 0001:0000ca10       _PM_SetLegsAnimTimer       3000da10 f   bg_panimate.obj
 0001:0000ca30       _BG_SetTorsoAnimTimer      3000da30 f   bg_panimate.obj
 0001:0000ca60       _PM_SetTorsoAnimTimer      3000da60 f   bg_panimate.obj
 0001:0000ca80       _BG_SaberStartTransAnim    3000da80 f   bg_panimate.obj
 0001:0000cc10       _BG_SetAnimFinal           3000dc10 f   bg_panimate.obj
 0001:0000cfc0       _PM_SetAnimFinal           3000dfc0 f   bg_panimate.obj
 0001:0000d000       _BG_HasAnimation           3000e000 f   bg_panimate.obj
 0001:0000d060       _BG_PickAnim               3000e060 f   bg_panimate.obj
 0001:0000d0c0       _BG_SetAnim                3000e0c0 f   bg_panimate.obj
 0001:0000d1c0       _PM_SetAnim                3000e1c0 f   bg_panimate.obj
 0001:0000d200       _PM_BGEntForNum            3000e200 f   bg_pmove.obj
 0001:0000d260       _BG_SabersOff              3000e260 f   bg_pmove.obj
 0001:0000d2b0       _BG_KnockDownable          3000e2b0 f   bg_pmove.obj
 0001:0000d2e0       _PM_GetSaberStance         3000e2e0 f   bg_pmove.obj
 0001:0000d440       _PM_DoSlowFall             3000e440 f   bg_pmove.obj
 0001:0000d480       _PM_pitch_roll_for_slope   3000e480 f   bg_pmove.obj
 0001:0000d820       _PM_SetSpecialMoveValues   3000e820 f   bg_pmove.obj
 0001:0000d8e0       _BG_ExternThisSoICanRecompileInDebug 3000e8e0 f   bg_pmove.obj
 0001:0000d8f0       _BG_VehicleTurnRateForSpeed 3000e8f0 f   bg_pmove.obj
 0001:0000da00       _PM_HoverTrace             3000ea00 f   bg_pmove.obj
 0001:0000e4b0       _PM_AddEvent               3000f4b0 f   bg_pmove.obj
 0001:0000e4d0       _PM_AddEventWithParm       3000f4d0 f   bg_pmove.obj
 0001:0000e4f0       _PM_AddTouchEnt            3000f4f0 f   bg_pmove.obj
 0001:0000e570       _PM_ClipVelocity           3000f570 f   bg_pmove.obj
 0001:0000e690       _PM_ForceJumpingUp         3000f690 f   bg_pmove.obj
 0001:0000e7e0       _PM_SetPMViewAngle         3000f7e0 f   bg_pmove.obj
 0001:0000e870       _PM_AdjustAngleForWallRun  3000f870 f   bg_pmove.obj
 0001:0000ecf0       _PM_AdjustAnglesForWallRunUpFlipAlt 3000fcf0 f   bg_pmove.obj
 0001:0000ed20       _PM_AdjustAngleForWallRunUp 3000fd20 f   bg_pmove.obj
 0001:0000f1e0       _PM_AdjustAngleForWallJump 300101e0 f   bg_pmove.obj
 0001:0000f7a0       _PM_SetForceJumpZStart     300107a0 f   bg_pmove.obj
 0001:0000f800       _PM_GrabWallForJump        30010800 f   bg_pmove.obj
 0001:0000fb90       _PM_CheckDualForwardJumpDuck 30010b90 f   bg_pmove.obj
 0001:0000fc50       _PM_CheckFixMins           30010c50 f   bg_pmove.obj
 0001:0000ff30       _PM_Use                    30010f30 f   bg_pmove.obj
 0001:0000ffc0       _PM_WalkingAnim            30010fc0 f   bg_pmove.obj
 0001:00010030       _PM_RunningAnim            30011030 f   bg_pmove.obj
 0001:00010090       _PM_SwimmingAnim           30011090 f   bg_pmove.obj
 0001:000100c0       _PM_RollingAnim            300110c0 f   bg_pmove.obj
 0001:000100f0       _PM_AnglesForSlope         300110f0 f   bg_pmove.obj
 0001:000101f0       _PM_FootSlopeTrace         300111f0 f   bg_pmove.obj
 0001:00010520       _BG_InSlopeAnim            30011520 f   bg_pmove.obj
 0001:00010550       _PM_AdjustStandAnimForSlope 30011550 f   bg_pmove.obj
 0001:00010cf0       _PM_LegsSlopeBackTransition 30011cf0 f   bg_pmove.obj
 0001:00010de0       _BG_ClearRocketLock        30011de0 f   bg_pmove.obj
 0001:00010e20       _PM_BeginWeaponChange      30011e20 f   bg_pmove.obj
 0001:00010f10       _PM_FinishWeaponChange     30011f10 f   bg_pmove.obj
 0001:00010fc0       _BG_VehTraceFromCamPos     30011fc0 f   bg_pmove.obj
 0001:00011240       _PM_RocketLock             30012240 f   bg_pmove.obj
 0001:00011740       _PM_ItemUsable             30012740 f   bg_pmove.obj
 0001:00011a30       _PM_CanSetWeaponAnims      30012a30 f   bg_pmove.obj
 0001:00011a50       _PM_VehicleWeaponAnimate   30012a50 f   bg_pmove.obj
 0001:00011f60       _BG_UnrestrainedPitchRoll  30012f60 f   bg_pmove.obj
 0001:00011fb0       _PM_UpdateViewAngles       30012fb0 f   bg_pmove.obj
 0001:000120d0       _PM_AdjustAttackStates     300130d0 f   bg_pmove.obj
 0001:000125d0       _BG_CmdForRoll             300135d0 f   bg_pmove.obj
 0001:000128a0       _BG_AdjustClientSpeed      300138a0 f   bg_pmove.obj
 0001:00012de0       _BG_InRollAnim             30013de0 f   bg_pmove.obj
 0001:00012e20       _BG_InKnockDown            30013e20 f   bg_pmove.obj
 0001:00012e90       _BG_InRollES               30013e90 f   bg_pmove.obj
 0001:00012ec0       _BG_IK_MoveArm             30013ec0 f   bg_pmove.obj
 0001:00013480       _BG_UpdateLookAngles       30014480 f   bg_pmove.obj
 0001:000136b0       _BG_InRoll2                300146b0 f   bg_pmove.obj
 0001:00013750       _BG_G2PlayerAngles         30014750 f   bg_pmove.obj
 0001:00014d40       _BG_G2ATSTAngles           30015d40 f   bg_pmove.obj
 0001:00014d70       _PM_VehicleViewAngles      30015d70 f   bg_pmove.obj
 0001:00015000       _PM_WeaponOkOnVehicle      30016000 f   bg_pmove.obj
 0001:00015030       _PM_GetOkWeaponForVehicle  30016030 f   bg_pmove.obj
 0001:00015090       _PM_VehForcedTurning       30016090 f   bg_pmove.obj
 0001:00015250       _PM_VehFaceHyperspacePoint 30016250 f   bg_pmove.obj
 0001:000155a0       _BG_VehicleAdjustBBoxForOrientation 300165a0 f   bg_pmove.obj
 0001:00015ce0       _PM_MoveForKata            30016ce0 f   bg_pmove.obj
 0001:00015f20       _PmoveSingle               30016f20 f   bg_pmove.obj
 0001:00022300       _Pmove                     30023300 f   bg_pmove.obj
 0001:00022410       _PM_IsRocketTrooper        30023410 f i bg_pmove.obj
 0001:00022420       _BG_SoundIndex             30023420 f   bg_saberLoad.obj
 0001:00022440       _BG_ParseLiteral           30023440 f   bg_saberLoad.obj
 0001:000224b0       _TranslateSaberColor       300234b0 f   bg_saberLoad.obj
 0001:00022590       _TranslateSaberStyle       30023590 f   bg_saberLoad.obj
 0001:00022670       _WP_SaberBladeUseSecondBladeStyle 30023670 f   bg_saberLoad.obj
 0001:000226a0       _WP_SaberBladeDoTransitionDamage 300236a0 f   bg_saberLoad.obj
 0001:00022700       _WP_UseFirstValidSaberStyle 30023700 f   bg_saberLoad.obj
 0001:00022910       _WP_SaberStyleValidForSaber 30023910 f   bg_saberLoad.obj
 0001:00022b00       _WP_SaberCanTurnOffSomeBlades 30023b00 f   bg_saberLoad.obj
 0001:00022b70       _WP_SaberSetDefaults       30023b70 f   bg_saberLoad.obj
 0001:00023070       _WP_SaberParseParms        30024070 f   bg_saberLoad.obj
 0001:00025f60       _WP_SaberParseParm         30026f60 f   bg_saberLoad.obj
 0001:000260c0       _WP_SaberValidForPlayerInMP 300270c0 f   bg_saberLoad.obj
 0001:00026110       _WP_RemoveSaber            30027110 f   bg_saberLoad.obj
 0001:00026190       _WP_SetSaber               30027190 f   bg_saberLoad.obj
 0001:00026280       _WP_SaberSetColor          30027280 f   bg_saberLoad.obj
 0001:000262c0       _WP_SaberLoadParms         300272c0 f   bg_saberLoad.obj
 0001:000264d0       _BG_BLADE_ActivateTrail    300274d0 f   bg_saberLoad.obj
 0001:000264f0       _BG_BLADE_DeactivateTrail  300274f0 f   bg_saberLoad.obj
 0001:00026510       _BG_SI_Activate            30027510 f   bg_saberLoad.obj
 0001:00026560       _BG_SI_Deactivate          30027560 f   bg_saberLoad.obj
 0001:000265b0       _BG_SI_BladeActivate       300275b0 f   bg_saberLoad.obj
 0001:000265f0       _BG_SI_Active              300275f0 f   bg_saberLoad.obj
 0001:00026640       _BG_SI_SetLength           30027640 f   bg_saberLoad.obj
 0001:00026680       _BG_SI_SetDesiredLength    30027680 f   bg_saberLoad.obj
 0001:00026700       _BG_SI_SetLengthGradual    30027700 f   bg_saberLoad.obj
 0001:00026a40       _BG_SI_Length              30027a40 f   bg_saberLoad.obj
 0001:00026ab0       _BG_SI_LengthMax           30027ab0 f   bg_saberLoad.obj
 0001:00026b20       _BG_SI_ActivateTrail       30027b20 f   bg_saberLoad.obj
 0001:00026b70       _BG_SI_DeactivateTrail     30027b70 f   bg_saberLoad.obj
 0001:00026bc0       _BG_SiegeStripTabs         30027bc0 f   bg_saga.obj
 0001:00026c30       _BG_SiegeGetValueGroup     30027c30 f   bg_saga.obj
 0001:000272a0       _BG_SiegeGetPairedValue    300282a0 f   bg_saga.obj
 0001:000277b0       _BG_SiegeTranslateForcePowers 300287b0 f   bg_saga.obj
 0001:00027ae0       _BG_SiegeTranslateGenericTable 30028ae0 f   bg_saga.obj
 0001:00027cd0       _BG_SiegeParseClassFile    30028cd0 f   bg_saga.obj
 0001:000286b0       _BG_SiegeCountBaseClass    300296b0 f   bg_saga.obj
 0001:00028730       _BG_GetUIPortraitFile      30029730 f   bg_saga.obj
 0001:000287c0       _BG_GetUIPortrait          300297c0 f   bg_saga.obj
 0001:00028860       _BG_GetClassOnBaseClass    30029860 f   bg_saga.obj
 0001:000288f0       _BG_SiegeLoadClasses       300298f0 f   bg_saga.obj
 0001:000289e0       _BG_SiegeFindClassByName   300299e0 f   bg_saga.obj
 0001:00028a40       _BG_SiegeParseTeamFile     30029a40 f   bg_saga.obj
 0001:00028cf0       _BG_SiegeLoadTeams         30029cf0 f   bg_saga.obj
 0001:00028db0       _BG_SiegeFindThemeForTeam  30029db0 f   bg_saga.obj
 0001:00028de0       _BG_PrecacheSabersForSiegeTeam 30029de0 f   bg_saga.obj
 0001:00028f30       _BG_SiegeCheckClassLegality 30029f30 f   bg_saga.obj
 0001:00028fe0       _BG_SiegeFindTeamForTheme  30029fe0 f   bg_saga.obj
 0001:00029050       _BG_SiegeSetTeamTheme      3002a050 f   bg_saga.obj
 0001:00029090       _BG_SiegeFindClassIndexByName 3002a090 f   bg_saga.obj
 0001:000290e0       _PM_VehicleImpact          3002a0e0 f   bg_slidemove.obj
 0001:00029900       _PM_GroundSlideOkay        3002a900 f   bg_slidemove.obj
 0001:000299e0       _PM_SlideMove              3002a9e0 f   bg_slidemove.obj
 0001:0002a3c0       _PM_StepSlideMove          3002b3c0 f   bg_slidemove.obj
 0001:0002ab70       _BG_ClearVehicleParseParms 3002bb70 f   bg_vehicleLoad.obj
 0001:0002ab90       _VEH_LoadVehWeapon         3002bb90 f   bg_vehicleLoad.obj
 0001:0002b2b0       _VEH_VehWeaponIndexForName 3002c2b0 f   bg_vehicleLoad.obj
 0001:0002b380       _BG_SetSharedVehicleFunctions 3002c380 f   bg_vehicleLoad.obj
 0001:0002b3f0       _BG_VehicleSetDefaults     3002c3f0 f   bg_vehicleLoad.obj
 0001:0002b410       _BG_VehicleClampData       3002c410 f   bg_vehicleLoad.obj
 0001:0002b4c0       _VEH_LoadVehicle           3002c4c0 f   bg_vehicleLoad.obj
 0001:0002c420       _VEH_VehicleIndexForName   3002d420 f   bg_vehicleLoad.obj
 0001:0002c4f0       _BG_VehWeaponLoadParms     3002d4f0 f   bg_vehicleLoad.obj
 0001:0002c710       _BG_VehicleLoadParms       3002d710 f   bg_vehicleLoad.obj
 0001:0002c970       _BG_VehicleGetIndex        3002d970 f   bg_vehicleLoad.obj
 0001:0002c990       _BG_GetVehicleModelName    3002d990 f   bg_vehicleLoad.obj
 0001:0002c9f0       _BG_GetVehicleSkinName     3002d9f0 f   bg_vehicleLoad.obj
 0001:0002ca80       _AttachRidersGeneric       3002da80 f   bg_vehicleLoad.obj
 0001:0002cca0       _CG_TargetCommand_f        3002dca0 f   cg_consolecmds.obj
 0001:0002d260       _CG_ConsoleCommand         3002e260 f   cg_consolecmds.obj
 0001:0002d2c0       _CG_InitConsoleCommands    3002e2c0 f   cg_consolecmds.obj
 0001:0002d550       _UI_ParseAnimationFile     3002e550 f   cg_draw.obj
 0001:0002d570       _MenuFontToHandle          3002e570 f   cg_draw.obj
 0001:0002d5d0       _CG_Text_Width             3002e5d0 f   cg_draw.obj
 0001:0002d600       _CG_Text_Height            3002e600 f   cg_draw.obj
 0001:0002d630       _CG_Text_Paint             3002e630 f   cg_draw.obj
 0001:0002d710       _CG_Draw3DModel            3002e710 f   cg_draw.obj
 0001:0002d860       _CG_DrawHead               3002e860 f   cg_draw.obj
 0001:0002d8d0       _CG_DrawFlagModel          3002e8d0 f   cg_draw.obj
 0001:0002da60       _DrawAmmo                  3002ea60 f   cg_draw.obj
 0001:0002da80       _CG_DrawHealth             3002ea80 f   cg_draw.obj
 0001:0002dc10       _CG_DrawArmor              3002ec10 f   cg_draw.obj
 0001:0002de80       _CG_DrawForcePower         3002ee80 f   cg_draw.obj
 0001:0002e0d0       _CG_DrawHUD                3002f0d0 f   cg_draw.obj
 0001:0002eb50       _ForcePower_Valid          3002fb50 f   cg_draw.obj
 0001:0002eba0       _CG_DrawForceSelect        3002fba0 f   cg_draw.obj
 0001:0002efa0       _CG_DrawInvenSelect        3002ffa0 f   cg_draw.obj
 0001:0002f520       _CG_CheckTargetVehicle     30030520 f   cg_draw.obj
 0001:0002f6f0       _CG_DrawVehicleShields     300306f0 f   cg_draw.obj
 0001:0002f860       _CG_DrawVehicleAmmo        30030860 f   cg_draw.obj
 0001:0002fa20       _CG_DrawVehicleAmmoUpper   30030a20 f   cg_draw.obj
 0001:0002fbe0       _CG_DrawVehicleAmmoLower   30030be0 f   cg_draw.obj
 0001:0002fda0       _CG_DrawVehicleTurboRecharge 30030da0 f   cg_draw.obj
 0001:0002fea0       _CG_DrawVehicleWeaponsLinked 30030ea0 f   cg_draw.obj
 0001:0002ffb0       _CG_DrawVehicleSpeed       30030fb0 f   cg_draw.obj
 0001:000301a0       _CG_DrawVehicleArmor       300311a0 f   cg_draw.obj
 0001:00030310       _CG_DrawVehicleDamage      30031310 f   cg_draw.obj
 0001:000304c0       _CG_DrawVehicleDamageHUD   300314c0 f   cg_draw.obj
 0001:00030790       _CG_DrawVehicleHud         30031790 f   cg_draw.obj
 0001:00030a20       _CG_DrawTeamBackground     30031a20 f   cg_draw.obj
 0001:00030aa0       _CG_DrawHealthBarRough     30031aa0 f   cg_draw.obj
 0001:00030bc0       _CG_DrawDuelistHealth      30031bc0 f   cg_draw.obj
 0001:00030c90       _CG_DrawRadar              30031c90 f   cg_draw.obj
 0001:00032160       _CG_AddLagometerFrameInfo  30033160 f   cg_draw.obj
 0001:000321a0       _CG_AddLagometerSnapshotInfo 300331a0 f   cg_draw.obj
 0001:00032210       _CG_DrawSiegeMessage       30033210 f   cg_draw.obj
 0001:00032250       _CG_DrawSiegeMessageNonMenu 30033250 f   cg_draw.obj
 0001:000322a0       _CG_CenterPrint            300332a0 f   cg_draw.obj
 0001:00032320       _CG_DrawSiegeInfo          30033320 f   cg_draw.obj
 0001:000326d0       _CG_DrawHealthBar          300336d0 f   cg_draw.obj
 0001:00032880       _CG_DrawHaqrBar            30033880 f   cg_draw.obj
 0001:00032a00       _CG_DrawGenericTimerBar    30033a00 f   cg_draw.obj
 0001:00032b70       _CG_LerpCrosshairPos       30033b70 f   cg_draw.obj
 0001:00032cd0       _CG_WorldCoordToScreenCoordFloat 30033cd0 f   cg_draw.obj
 0001:00032de0       _CG_WorldCoordToScreenCoord 30033de0 f   cg_draw.obj
 0001:00032e20       _CG_SaberClashFlare        30033e20 f   cg_draw.obj
 0001:00032fd0       _CG_DottedLine             30033fd0 f   cg_draw.obj
 0001:000330b0       _CG_BracketEntity          300340b0 f   cg_draw.obj
 0001:00033770       _CG_InFighter              30034770 f   cg_draw.obj
 0001:000337e0       _CG_InATST                 300347e0 f   cg_draw.obj
 0001:00033850       _CG_DrawBracketedEntities  30034850 f   cg_draw.obj
 0001:000338b0       _CG_CalcVehicleMuzzlePoint 300348b0 f   cg_draw.obj
 0001:00033c70       _CG_CalcEWebMuzzlePoint    30034c70 f   cg_draw.obj
 0001:00033ef0       _CG_SanitizeString         30034ef0 f   cg_draw.obj
 0001:00033fb0       _CG_DrawTimedMenus         30034fb0 f   cg_draw.obj
 0001:00034010       _CG_DrawFlagStatus         30035010 f   cg_draw.obj
 0001:00034190       _CG_DrawJetpackFuel        30035190 f   cg_draw.obj
 0001:000342f0       _CG_DrawEWebHealth         300352f0 f   cg_draw.obj
 0001:00034490       _CG_DrawCloakFuel          30035490 f   cg_draw.obj
 0001:00034600       _CG_ChatBox_StrInsert      30035600 f   cg_draw.obj
 0001:000346a0       _CG_ChatBox_AddString      300356a0 f   cg_draw.obj
 0001:00034880       _CG_ChatBox_ArrayInsert    30035880 f   cg_draw.obj
 0001:000348e0       _CG_DrawActive             300358e0 f   cg_draw.obj
 0001:0003b770       _CG_DrawRect               3003c770 f   cg_drawtools.obj
 0001:0003b7d0       _CG_GetColorForHealth      3003c7d0 f   cg_drawtools.obj
 0001:0003b8d0       _CG_DrawSides              3003c8d0 f   cg_drawtools.obj
 0001:0003b940       _CG_DrawTopBottom          3003c940 f   cg_drawtools.obj
 0001:0003b9b0       _CG_FillRect2              3003c9b0 f   cg_drawtools.obj
 0001:0003ba00       _CG_FillRect               3003ca00 f   cg_drawtools.obj
 0001:0003ba50       _CG_DrawPic                3003ca50 f   cg_drawtools.obj
 0001:0003ba80       _CG_DrawRotatePic          3003ca80 f   cg_drawtools.obj
 0001:0003bac0       _CG_DrawRotatePic2         3003cac0 f   cg_drawtools.obj
 0001:0003bb00       _CG_DrawChar               3003cb00 f   cg_drawtools.obj
 0001:0003bbb0       _CG_DrawStringExt          3003cbb0 f   cg_drawtools.obj
 0001:0003bde0       _CG_DrawBigString          3003cde0 f   cg_drawtools.obj
 0001:0003be30       _CG_DrawBigStringColor     3003ce30 f   cg_drawtools.obj
 0001:0003be60       _CG_DrawSmallString        3003ce60 f   cg_drawtools.obj
 0001:0003beb0       _CG_DrawSmallStringColor   3003ceb0 f   cg_drawtools.obj
 0001:0003bee0       _CG_DrawStrlen             3003cee0 f   cg_drawtools.obj
 0001:0003bf70       _CG_TileClear              3003cf70 f   cg_drawtools.obj
 0001:0003c100       _CG_FadeColor              3003d100 f   cg_drawtools.obj
 0001:0003c190       _CG_ColorForGivenHealth    3003d190 f   cg_drawtools.obj
 0001:0003c220       _CG_ColorForHealth         3003d220 f   cg_drawtools.obj
 0001:0003c2c0       _CG_DrawNumField           3003d2c0 f   cg_drawtools.obj
 0001:0003c670       _UI_DrawProportionalString 3003d670 f   cg_drawtools.obj
 0001:0003c750       _UI_DrawScaledProportionalString 3003d750 f   cg_drawtools.obj
 0001:0003c810       _CG_BubbleTrail            3003d810 f   cg_effects.obj
 0001:0003cac0       _CG_SmokePuff              3003dac0 f   cg_effects.obj
 0001:0003ccc0       _CGDEBUG_SaberColor        3003dcc0 f   cg_effects.obj
 0001:0003cd30       _CG_TestLine               3003dd30 f   cg_effects.obj
 0001:0003ceb0       _CG_ThrowChunk             3003deb0 f   cg_effects.obj
 0001:0003d050       _CG_InitGlass              3003e050 f   cg_effects.obj
 0001:0003d100       _Vector2Set                3003e100 f   cg_effects.obj
 0001:0003d120       _CG_DoGlass                3003e120 f   cg_effects.obj
 0001:0003e280       _CG_GlassShatter           3003f280 f   cg_effects.obj
 0001:0003e2f0       _CG_GlassShatter_Old       3003f2f0 f   cg_effects.obj
 0001:0003e640       _CG_CreateDebris           3003f640 f   cg_effects.obj
 0001:0003eb10       _CG_ExplosionEffects       3003fb10 f   cg_effects.obj
 0001:0003eb90       _CG_MiscModelExplosion     3003fb90 f   cg_effects.obj
 0001:0003ee20       _CG_Chunks                 3003fe20 f   cg_effects.obj
 0001:0003f5c0       _CG_ScorePlum              300405c0 f   cg_effects.obj
 0001:0003f750       _CG_MakeExplosion          30040750 f   cg_effects.obj
 0001:0003fa60       _CG_SurfaceExplosion       30040a60 f   cg_effects.obj
 0001:0003ffc0       _CG_Bleed                  30040fc0 f   cg_effects.obj
 0001:000400a0       _CG_LaunchGib              300410a0 f   cg_effects.obj
 0001:000401e0       _CG_PositionEntityOnTag    300411e0 f   cg_ents.obj
 0001:000402f0       _CG_PositionRotatedEntityOnTag 300412f0 f   cg_ents.obj
 0001:00040410       _CG_SetEntitySoundPosition 30041410 f   cg_ents.obj
 0001:000404a0       _CG_S_AddLoopingSound      300414a0 f   cg_ents.obj
 0001:00040600       _CG_S_AddRealLoopingSound  30041600 f   cg_ents.obj
 0001:00040620       _CG_S_StopLoopingSound     30041620 f   cg_ents.obj
 0001:00040700       _CG_S_UpdateLoopingSounds  30041700 f   cg_ents.obj
 0001:00040800       _FX_AddOrientedLine        30041800 f   cg_ents.obj
 0001:000409b0       _FX_DrawPortableShield     300419b0 f   cg_ents.obj
 0001:00040bf0       _CG_Special                30041bf0 f   cg_ents.obj
 0001:00040c30       _CG_SetGhoul2Info          30041c30 f   cg_ents.obj
 0001:00040cd0       _CG_CreateBBRefEnts        30041cd0 f   cg_ents.obj
 0001:00040ce0       _G2_BoltToGhoul2Model      30041ce0 f   cg_ents.obj
 0001:00040e00       _ScaleModelAxis            30041e00 f   cg_ents.obj
 0001:00040f70       _CG_Disintegration         30041f70 f   cg_ents.obj
 0001:000413b0       _CG_AddRadarEnt            300423b0 f   cg_ents.obj
 0001:000413f0       _CG_AddBracketedEnt        300423f0 f   cg_ents.obj
 0001:00041430       _CG_GreyItem               30042430 f   cg_ents.obj
 0001:00041480       _CG_CreateDistortionTrailPart 30042480 f   cg_ents.obj
 0001:000416b0       _CG_PlayDoorLoopSound      300426b0 f   cg_ents.obj
 0001:000417b0       _CG_PlayDoorSound          300427b0 f   cg_ents.obj
 0001:00041830       _CG_Beam                   30042830 f   cg_ents.obj
 0001:00041900       _CG_AdjustPositionForMover 30042900 f   cg_ents.obj
 0001:00041a40       _CG_CalcEntityLerpPositions 30042a40 f   cg_ents.obj
 0001:00041d70       _CG_ManualEntityRender     30042d70 f   cg_ents.obj
 0001:00047270       _CG_AddPacketEntities      30048270 f   cg_ents.obj
 0001:00047650       _CG_ROFF_NotetrackCallback 30048650 f   cg_ents.obj
 0001:00047d80       _CG_Cube                   30048d80 f   cg_ents.obj
 0001:00048000       _CG_PlaceString            30049000 f   cg_event.obj
 0001:00048210       _CG_ToggleBinoculars       30049210 f   cg_event.obj
 0001:000482e0       _CG_LocalTimingBar         300492e0 f   cg_event.obj
 0001:00048330       _CG_PainEvent              30049330 f   cg_event.obj
 0001:000483d0       _CG_ReattachLimb           300493d0 f   cg_event.obj
 0001:00048460       _CG_TeamName               30049460 f   cg_event.obj
 0001:000484a0       _CG_PrintCTFMessage        300494a0 f   cg_event.obj
 0001:00048750       _CG_GetCTFMessageEvent     30049750 f   cg_event.obj
 0001:000487d0       _DoFall                    300497d0 f   cg_event.obj
 0001:000489b0       _CG_InClientBitflags       300499b0 f   cg_event.obj
 0001:00048a40       _CG_TryPlayCustomSound     30049a40 f   cg_event.obj
 0001:00048a80       _CG_G2MarkEvent            30049a80 f   cg_event.obj
 0001:00048d90       _CG_CalcVehMuzzle          30049d90 f   cg_event.obj
 0001:00049020       _CG_VehMuzzleFireFX        3004a020 f   cg_event.obj
 0001:000491b0       _CG_GetStringForVoiceSound 3004a1b0 f   cg_event.obj
 0001:00049220       _CG_EntityEvent            3004a220 f   cg_event.obj
 0001:0004f210       _CG_CheckEvents            30050210 f   cg_event.obj
 0001:0004f2f0       _CG_LoadingString          300502f0 f   cg_info.obj
 0001:0004f310       _CG_LoadingItem            30050310 f   cg_info.obj
 0001:0004f390       _CG_LoadingClient          30050390 f   cg_info.obj
 0001:0004f3f0       _CG_DrawInformation        300503f0 f   cg_info.obj
 0001:000501e0       _CG_LoadBar                300511e0 f   cg_info.obj
 0001:00050350       _CG_ClearLightStyles       30051350 f   cg_light.obj
 0001:000503a0       _CG_RunLightStyles         300513a0 f   cg_light.obj
 0001:000504b0       _CG_SetLightstyle          300514b0 f   cg_light.obj
 0001:00050580       _CG_InitLocalEntities      30051580 f   cg_localents.obj
 0001:00050600       _CG_FreeLocalEntity        30051600 f   cg_localents.obj
 0001:00050650       _CG_AllocLocalEntity       30051650 f   cg_localents.obj
 0001:000506d0       _CG_BloodTrail             300516d0 f   cg_localents.obj
 0001:00050790       _CG_FragmentBounceMark     30051790 f   cg_localents.obj
 0001:000507e0       _CG_FragmentBounceSound    300517e0 f   cg_localents.obj
 0001:000508a0       _CG_ReflectVelocity        300518a0 f   cg_localents.obj
 0001:00050a20       _CG_AddFragment            30051a20 f   cg_localents.obj
 0001:00050cf0       _CG_AddFadeRGB             30051cf0 f   cg_localents.obj
 0001:00050d90       _CG_AddRefEntity           30051d90 f   cg_localents.obj
 0001:00050dd0       _CG_AddScorePlum           30051dd0 f   cg_localents.obj
 0001:00051240       _CG_AddOLine               30052240 f   cg_localents.obj
 0001:00051390       _CG_AddLine                30052390 f   cg_localents.obj
 0001:000513c0       _CG_AddLocalEntities       300523c0 f   cg_localents.obj
 0001:00051de0       _CG_NoUseableForce         30052de0 f   cg_main.obj
 0001:00051e40       _vmMain                    30052e40 f   cg_main.obj
 0001:00052a80       _CG_MiscEnt                30053a80 f   cg_main.obj
 0001:00052cc0       _CG_DrawMiscEnts           30053cc0 f   cg_main.obj
 0001:00052df0       _CG_RegisterCvars          30053df0 f   cg_main.obj
 0001:00053140       _CG_UpdateCvars            30054140 f   cg_main.obj
 0001:00053270       _CG_CrosshairPlayer        30054270 f   cg_main.obj
 0001:000532a0       _CG_LastAttacker           300542a0 f   cg_main.obj
 0001:000532c0       _CG_Printf                 300542c0 f   cg_main.obj
 0001:00053310       _CG_Error                  30054310 f   cg_main.obj
 0001:00053360       _Com_Error                 30054360 f   cg_main.obj
 0001:000533b0       _Com_Printf                300543b0 f   cg_main.obj
 0001:00053400       _CG_Argv                   30054400 f   cg_main.obj
 0001:00053420       _BG_GetTime                30054420 f   cg_main.obj
 0001:00053430       _CG_ParseWeatherEffect     30054430 f   cg_main.obj
 0001:00053460       _CG_ParseSiegeState        30054460 f   cg_main.obj
 0001:000535a0       _CG_GetStringEdString      300545a0 f   cg_main.obj
 0001:00053600       _CG_SiegeCountCvars        30054600 f   cg_main.obj
 0001:000538e0       _CG_BuildSpectatorString   300548e0 f   cg_main.obj
 0001:00053990       _CG_ConfigString           30054990 f   cg_main.obj
 0001:000539d0       _CG_StartMusic             300549d0 f   cg_main.obj
 0001:00053a40       _CG_GetMenuBuffer          30054a40 f   cg_main.obj
 0001:00053af0       _CG_Asset_Parse            30054af0 f   cg_main.obj
 0001:00054060       _CG_ParseMenu              30055060 f   cg_main.obj
 0001:00054150       _CG_Load_Menu              30055150 f   cg_main.obj
 0001:000541e0       _CG_SetScoreSelection      300551e0 f   cg_main.obj
 0001:000542f0       _CG_Text_PaintWithCursor   300552f0 f   cg_main.obj
 0001:00054320       _CG_LoadMenus              30055320 f   cg_main.obj
 0001:00054480       _CG_LoadHudMenu            30055480 f   cg_main.obj
 0001:00054d80       _CG_AssetCache             30055d80 f   cg_main.obj
 0001:00054ec0       _CG_Init_CG                30055ec0 f   cg_main.obj
 0001:00054ee0       _CG_Init_CGents            30055ee0 f   cg_main.obj
 0001:00054f00       _CG_InitItems              30055f00 f   cg_main.obj
 0001:00054f20       _CG_TransitionPermanent    30055f20 f   cg_main.obj
 0001:00055030       _CG_StrPool_Alloc          30056030 f   cg_main.obj
 0001:00055090       _CG_StrPool_Reset          30056090 f   cg_main.obj
 0001:000550a0       _CG_NewString              300560a0 f   cg_main.obj
 0001:00055160       _CG_CreateSkyPortalFromSpawnEnt 30056160 f   cg_main.obj
 0001:00055180       _CG_CreateSkyOriFromSpawnEnt 30056180 f   cg_main.obj
 0001:000551c0       _CG_CreateBrushEntData     300561c0 f   cg_main.obj
 0001:000551f0       _CG_CreateWeatherZoneFromSpawnEnt 300561f0 f   cg_main.obj
 0001:00055220       _CG_CreateModelFromSpawnEnt 30056220 f   cg_main.obj
 0001:000554a0       _CG_AddSpawnVarToken       300564a0 f   cg_main.obj
 0001:00055520       _CG_ParseSpawnVars         30056520 f   cg_main.obj
 0001:00055660       _CG_SpawnCGameEntFromVars  30056660 f   cg_main.obj
 0001:000557c0       _CG_SpawnCGameOnlyEnts     300567c0 f   cg_main.obj
 0001:00055800       _CG_Init                   30056800 f   cg_main.obj
 0001:00058450       _CG_GetLocationString      30059450 f   cg_main.obj
 0001:00058490       _CG_DestroyAllGhoul2       30059490 f   cg_main.obj
 0001:00058570       _CG_Shutdown               30059570 f   cg_main.obj
 0001:000585b0       _CG_NextForcePower_f       300595b0 f   cg_main.obj
 0001:00058690       _CG_PrevForcePower_f       30059690 f   cg_main.obj
 0001:00058770       _CG_NextInventory_f        30059770 f   cg_main.obj
 0001:00058810       _CG_PrevInventory_f        30059810 f   cg_main.obj
 0001:000588b0       _CG_InitMarkPolys          300598b0 f   cg_marks.obj
 0001:00058930       _CG_FreeMarkPoly           30059930 f   cg_marks.obj
 0001:00058980       _CG_AllocMark              30059980 f   cg_marks.obj
 0001:00058a20       _CG_ImpactMark             30059a20 f   cg_marks.obj
 0001:00058f20       _CG_AddMarks               30059f20 f   cg_marks.obj
 0001:000591c0       _CG_ClearParticles         3005a1c0 f   cg_marks.obj
 0001:00059270       _CG_AddParticleToScene     3005a270 f   cg_marks.obj
 0001:0005b850       _CG_AddParticles           3005c850 f   cg_marks.obj
 0001:0005bc30       _CG_ParticleSnowFlurry     3005cc30 f   cg_marks.obj
 0001:0005bee0       _CG_ParticleSnow           3005cee0 f   cg_marks.obj
 0001:0005c130       _CG_ParticleBubble         3005d130 f   cg_marks.obj
 0001:0005c3d0       _CG_ParticleSmoke          3005d3d0 f   cg_marks.obj
 0001:0005c590       _CG_ParticleBulletDebris   3005d590 f   cg_marks.obj
 0001:0005c6f0       _CG_ParticleExplosion      3005d6f0 f   cg_marks.obj
 0001:0005c8d0       _CG_AddParticleShrapnel    3005d8d0 f   cg_marks.obj
 0001:0005c8e0       _CG_NewParticleArea        3005d8e0 f   cg_marks.obj
 0001:0005ca80       _CG_SnowLink               3005da80 f   cg_marks.obj
 0001:0005caf0       _CG_ParticleImpactSmokePuff 3005daf0 f   cg_marks.obj
 0001:0005ccb0       _CG_Particle_Bleed         3005dcb0 f   cg_marks.obj
 0001:0005ce50       _CG_Particle_OilParticle   3005de50 f   cg_marks.obj
 0001:0005d010       _CG_Particle_OilSlick      3005e010 f   cg_marks.obj
 0001:0005d250       _CG_OilSlickRemove         3005e250 f   cg_marks.obj
 0001:0005d2e0       _ValidBloodPool            3005e2e0 f   cg_marks.obj
 0001:0005d4d0       _CG_BloodPool              3005e4d0 f   cg_marks.obj
 0001:0005d6a0       _CG_ParticleBloodCloud     3005e6a0 f   cg_marks.obj
 0001:0005d900       _CG_ParticleSparks         3005e900 f   cg_marks.obj
 0001:0005db80       _CG_ParticleDust           3005eb80 f   cg_marks.obj
 0001:0005df50       _CG_ParticleMisc           3005ef50 f   cg_marks.obj
 0001:0005e070       _CG_GetSelectedPlayer      3005f070 f   cg_newDraw.obj
 0001:0005e0a0       _CG_StatusHandle           3005f0a0 f   cg_newDraw.obj
 0001:0005e150       _CG_GetValue               3005f150 f   cg_newDraw.obj
 0001:0005e2e0       _CG_OtherTeamHasFlag       3005f2e0 f   cg_newDraw.obj
 0001:0005e340       _CG_YourTeamHasFlag        3005f340 f   cg_newDraw.obj
 0001:0005e3a0       _CG_OwnerDrawVisible       3005f3a0 f   cg_newDraw.obj
 0001:0005e590       _CG_GetKillerText          3005f590 f   cg_newDraw.obj
 0001:0005e5d0       _CG_GetGameStatusText      3005f5d0 f   cg_newDraw.obj
 0001:0005e720       _CG_GameTypeString         3005f720 f   cg_newDraw.obj
 0001:0005e7a0       _CG_DrawNewTeamInfo        3005f7a0 f   cg_newDraw.obj
 0001:0005ed80       _CG_DrawTeamSpectators     3005fd80 f   cg_newDraw.obj
 0001:0005f000       _CG_DrawMedal              30060000 f   cg_newDraw.obj
 0001:0005f240       _CG_OwnerDraw              30060240 f   cg_newDraw.obj
 0001:0005f250       _CG_MouseEvent             30060250 f   cg_newDraw.obj
 0001:0005f380       _CG_HideTeamMenu           30060380 f   cg_newDraw.obj
 0001:0005f3a0       _CG_ShowTeamMenu           300603a0 f   cg_newDraw.obj
 0001:0005f3c0       _CG_EventHandling          300603c0 f   cg_newDraw.obj
 0001:0005f3e0       _CG_KeyEvent               300603e0 f   cg_newDraw.obj
 0001:0005f490       _CG_ClientNumFromName      30060490 f   cg_newDraw.obj
 0001:0005f500       _CG_ShowResponseHead       30060500 f   cg_newDraw.obj
 0001:0005f530       _CG_RunMenuScript          30060530 f   cg_newDraw.obj
 0001:0005f540       _CG_DeferMenuScript        30060540 f   cg_newDraw.obj
 0001:0005f550       _CG_GetTeamColor           30060550 f   cg_newDraw.obj
 0001:0005f5f0       _CG_CustomSound            300605f0 f   cg_players.obj
 0001:0005f980       _CG_ParseSurfsFile         30060980 f   cg_players.obj
 0001:0005fc30       _CG_G2SkelForModel         30060c30 f   cg_players.obj
 0001:0005fca0       _CG_G2EvIndexForModel      30060ca0 f   cg_players.obj
 0001:0005fd20       _CG_LoadCISounds           30060d20 f   cg_players.obj
 0001:000604a0       _CG_LoadClientInfo         300614a0 f   cg_players.obj
 0001:00061150       _CG_NewClientInfo          30062150 f   cg_players.obj
 0001:00062ba0       _CG_ActualLoadDeferredPlayers 30063ba0 f   cg_players.obj
 0001:00062c00       _CG_LoadDeferredPlayers    30063c00 f   cg_players.obj
 0001:00062c10       _CG_PlayerAnimEventDo      30063c10 f   cg_players.obj
 0001:00063850       _CG_PlayerAnimEvents       30064850 f   cg_players.obj
 0001:00063dd0       _CG_TriggerAnimSounds      30064dd0 f   cg_players.obj
 0001:00063f80       _CG_InRoll                 30064f80 f   cg_players.obj
 0001:00064030       _CG_InRollAnim             30065030 f   cg_players.obj
 0001:00064070       _CG_G2SetBoneAngles        30065070 f   cg_players.obj
 0001:000640b0       _CG_Rag_Trace              300650b0 f   cg_players.obj
 0001:00064110       _CG_RagDoll                30065110 f   cg_players.obj
 0001:000655a0       _CG_G2ServerBoneAngles     300665a0 f   cg_players.obj
 0001:00065750       _CG_G2PlayerHeadAnims      30066750 f   cg_players.obj
 0001:00065d70       _CG_AddRefEntityWithPowerups 30066d70 f   cg_players.obj
 0001:00065dd0       _CG_PlayerShieldHit        30066dd0 f   cg_players.obj
 0001:00065ea0       _CG_DrawPlayerShield       30066ea0 f   cg_players.obj
 0001:00066070       _CG_PlayerHitFX            30067070 f   cg_players.obj
 0001:000660d0       _CG_LightVerts             300670d0 f   cg_players.obj
 0001:00066240       _CG_DoSaber                30067240 f   cg_players.obj
 0001:000667b0       _CG_GetTagWorldPosition    300677b0 f   cg_players.obj
 0001:000668c0       _CG_CreateSaberMarks       300678c0 f   cg_players.obj
 0001:00067260       _CG_G2TraceCollide         30068260 f   cg_players.obj
 0001:000674a0       _CG_G2SaberEffects         300684a0 f   cg_players.obj
 0001:000675f0       _CG_AddGhoul2Mark          300685f0 f   cg_players.obj
 0001:000677a0       _CG_SaberCompWork          300687a0 f   cg_players.obj
 0001:00067db0       _CG_AddSaberBlade          30068db0 f   cg_players.obj
 0001:00069750       _CG_IsMindTricked          3006a750 f   cg_players.obj
 0001:000697e0       _CG_DrawPlayerSphere       3006a7e0 f   cg_players.obj
 0001:00069c40       _CG_AddLightningBeam       3006ac40 f   cg_players.obj
 0001:0006a020       _CG_AddRandomLightning     3006b020 f   cg_players.obj
 0001:0006a1c0       _CG_ThereIsAMaster         3006b1c0 f   cg_players.obj
 0001:0006a210       _CG_HandleAppendedSkin     3006b210 f   cg_players.obj
 0001:0006a340       _CG_CacheG2AnimInfo        3006b340 f   cg_players.obj
 0001:0006a500       _CG_G2AnimEntModelLoad     3006b500 f   cg_players.obj
 0001:0006aeb0       _CG_VehicleShouldDrawShields 3006beb0 f   cg_players.obj
 0001:0006af00       _CG_VehicleAttachDroidUnit 3006bf00 f   cg_players.obj
 0001:0006b050       _CG_G2Animated             3006c050 f   cg_players.obj
 0001:0006b620       _CG_CreateNPCClient        3006c620 f   cg_players.obj
 0001:0006b640       _CG_DestroyNPCClient       3006c640 f   cg_players.obj
 0001:0006b660       _CG_InitJetpackGhoul2      3006c660 f   cg_players.obj
 0001:0006b6d0       _CG_CleanJetpackGhoul2     3006c6d0 f   cg_players.obj
 0001:0006b700       _CG_RadiusForCent          3006c700 f   cg_players.obj
 0001:0006b790       _CG_CheckThirdPersonAlpha  3006c790 f   cg_players.obj
 0001:0006bac0       _CG_Player                 3006cac0 f   cg_players.obj
 0001:00075880       _CG_ResetPlayerEntity      30076880 f   cg_players.obj
 0001:00075ef0       _CG_CheckAmmo              30076ef0 f   cg_playerstate.obj
 0001:00075f00       _CG_DamageFeedback         30076f00 f   cg_playerstate.obj
 0001:00076210       _CG_Respawn                30077210 f   cg_playerstate.obj
 0001:00076240       _CG_CheckPlayerstateEvents 30077240 f   cg_playerstate.obj
 0001:000763d0       _CG_CheckChangedPredictableEvents 300773d0 f   cg_playerstate.obj
 0001:000764e0       _CG_CheckLocalSounds       300774e0 f   cg_playerstate.obj
 0001:00076800       _CG_TransitionPlayerState  30077800 f   cg_playerstate.obj
 0001:00076930       _CG_BuildSolidList         30077930 f   cg_predict.obj
 0001:00076c30       _CG_Trace                  30077c30 f   cg_predict.obj
 0001:00077330       _CG_G2Trace                30078330 f   cg_predict.obj
 0001:000773c0       _CG_PointContents          300783c0 f   cg_predict.obj
 0001:00077480       _CG_PmoveClientPointerUpdate 30078480 f   cg_predict.obj
 0001:00077510       _CG_UsingEWeb              30078510 f   cg_predict.obj
 0001:00077550       _CG_PredictPlayerState     30078550 f   cg_predict.obj
 0001:00079210       _CG_PrecacheSiegeObjectiveAssetsForTeam 3007a210 f   cg_saga.obj
 0001:00079420       _CG_PrecachePlayersForSiegeTeam 3007a420 f   cg_saga.obj
 0001:00079560       _CG_InitSiegeMode          3007a560 f   cg_saga.obj
 0001:00079dc0       _CG_ParseSiegeObjectiveStatus 3007adc0 f   cg_saga.obj
 0001:0007a1b0       _CG_SiegeRoundOver         3007b1b0 f   cg_saga.obj
 0001:0007a390       _CG_SiegeGetObjectiveDescription 3007b390 f   cg_saga.obj
 0001:0007a440       _CG_SiegeGetObjectiveFinal 3007b440 f   cg_saga.obj
 0001:0007a500       _CG_SiegeBriefingDisplay   3007b500 f   cg_saga.obj
 0001:0007ab70       _CG_SiegeObjectiveCompleted 3007bb70 f   cg_saga.obj
 0001:0007ada0       _CG_ParseSiegeExtendedDataEntry 3007bda0 f   cg_saga.obj
 0001:0007b040       _CG_ParseSiegeExtendedData 3007c040 f   cg_saga.obj
 0001:0007b090       _CG_SetSiegeTimerCvar      3007c090 f   cg_saga.obj
 0001:0007b110       _CG_GetClassCount          3007c110 f   cg_scoreboard.obj
 0001:0007b1b0       _CG_GetTeamNonScoreCount   3007c1b0 f   cg_scoreboard.obj
 0001:0007b230       _CG_GetTeamCount           3007c230 f   cg_scoreboard.obj
 0001:0007b2b0       _CG_DrawOldScoreboard      3007c2b0 f   cg_scoreboard.obj
 0001:0007c710       _CG_ParseServerinfo        3007d710 f   cg_servercmds.obj
 0001:0007cbf0       _CG_SetConfigValues        3007dbf0 f   cg_servercmds.obj
 0001:0007cdb0       _CG_ShaderStateChanged     3007ddb0 f   cg_servercmds.obj
 0001:0007cf50       _SetCustomSoundForType     3007df50 f   cg_servercmds.obj
 0001:0007d000       _CG_PrecacheNPCSounds      3007e000 f   cg_servercmds.obj
 0001:0007d210       _CG_HandleNPCSounds        3007e210 f   cg_servercmds.obj
 0001:0007d750       _SetDuelistHealthsFromConfigString 3007e750 f   cg_servercmds.obj
 0001:0007d8b0       _CG_KillCEntityG2          3007e8b0 f   cg_servercmds.obj
 0001:0007db00       _CG_KillCEntityInstances   3007eb00 f   cg_servercmds.obj
 0001:0007dc90       _CG_CheckSVStringEdRef     3007ec90 f   cg_servercmds.obj
 0001:0007ded0       _CG_ExecuteNewServerCommands 3007eed0 f   cg_servercmds.obj
 0001:0007fb10       _CG_SetInitialSnapshot     30080b10 f   cg_snapshot.obj
 0001:0007fdd0       _CG_ProcessSnapshots       30080dd0 f   cg_snapshot.obj
 0001:00080380       _strap_G2API_GetBoltMatrix 30081380 f   cg_strap.obj
 0001:000803c0       _strap_G2API_GetBoltMatrix_NoReconstruct 300813c0 f   cg_strap.obj
 0001:00080400       _strap_G2API_GetBoltMatrix_NoRecNoRot 30081400 f   cg_strap.obj
 0001:00080440       _strap_G2API_SetBoneAngles 30081440 f   cg_strap.obj
 0001:00080480       _strap_G2API_SetBoneAnim   30081480 f   cg_strap.obj
 0001:000804c0       _strap_G2API_GetBoneAnim   300814c0 f   cg_strap.obj
 0001:00080500       _strap_G2API_SetRagDoll    30081500 f   cg_strap.obj
 0001:00080520       _strap_G2API_AnimateG2Models 30081520 f   cg_strap.obj
 0001:00080540       _strap_G2API_SetBoneIKState 30081540 f   cg_strap.obj
 0001:00080570       _strap_G2API_IKMove        30081570 f   cg_strap.obj
 0001:00080590       _strap_TrueMalloc          30081590 f   cg_strap.obj
 0001:000805b0       _strap_TrueFree            300815b0 f   cg_strap.obj
 0001:000805d0       _dllEntry                  300815d0 f   cg_syscalls.obj
 0001:000805e0       _PASSFLOAT                 300815e0 f   cg_syscalls.obj
 0001:00080600       _trap_Print                30081600 f   cg_syscalls.obj
 0001:00080620       _trap_Error                30081620 f   cg_syscalls.obj
 0001:00080640       _trap_Milliseconds         30081640 f   cg_syscalls.obj
 0001:00080650       _trap_PrecisionTimer_Start 30081650 f   cg_syscalls.obj
 0001:00080670       _trap_PrecisionTimer_End   30081670 f   cg_syscalls.obj
 0001:00080690       _trap_Cvar_Register        30081690 f   cg_syscalls.obj
 0001:000806b0       _trap_Cvar_Update          300816b0 f   cg_syscalls.obj
 0001:000806d0       _trap_Cvar_Set             300816d0 f   cg_syscalls.obj
 0001:000806f0       _trap_Cvar_VariableStringBuffer 300816f0 f   cg_syscalls.obj
 0001:00080710       _trap_Cvar_GetHiddenVarValue 30081710 f   cg_syscalls.obj
 0001:00080730       _trap_Argc                 30081730 f   cg_syscalls.obj
 0001:00080740       _trap_Argv                 30081740 f   cg_syscalls.obj
 0001:00080760       _trap_Args                 30081760 f   cg_syscalls.obj
 0001:00080780       _trap_FS_FOpenFile         30081780 f   cg_syscalls.obj
 0001:000807a0       _trap_FS_Read              300817a0 f   cg_syscalls.obj
 0001:000807c0       _trap_FS_Write             300817c0 f   cg_syscalls.obj
 0001:000807e0       _trap_FS_FCloseFile        300817e0 f   cg_syscalls.obj
 0001:00080800       _trap_FS_GetFileList       30081800 f   cg_syscalls.obj
 0001:00080820       _trap_SendConsoleCommand   30081820 f   cg_syscalls.obj
 0001:00080840       _trap_AddCommand           30081840 f   cg_syscalls.obj
 0001:00080860       _trap_RemoveCommand        30081860 f   cg_syscalls.obj
 0001:00080880       _trap_SendClientCommand    30081880 f   cg_syscalls.obj
 0001:000808a0       _trap_UpdateScreen         300818a0 f   cg_syscalls.obj
 0001:000808b0       _trap_CM_LoadMap           300818b0 f   cg_syscalls.obj
 0001:000808d0       _trap_CM_NumInlineModels   300818d0 f   cg_syscalls.obj
 0001:000808e0       _trap_CM_InlineModel       300818e0 f   cg_syscalls.obj
 0001:00080900       _trap_CM_TempBoxModel      30081900 f   cg_syscalls.obj
 0001:00080920       _trap_CM_TempCapsuleModel  30081920 f   cg_syscalls.obj
 0001:00080940       _trap_CM_PointContents     30081940 f   cg_syscalls.obj
 0001:00080960       _trap_CM_TransformedPointContents 30081960 f   cg_syscalls.obj
 0001:00080980       _trap_CM_BoxTrace          30081980 f   cg_syscalls.obj
 0001:000809b0       _trap_CM_CapsuleTrace      300819b0 f   cg_syscalls.obj
 0001:000809e0       _trap_CM_TransformedBoxTrace 300819e0 f   cg_syscalls.obj
 0001:00080a20       _trap_CM_TransformedCapsuleTrace 30081a20 f   cg_syscalls.obj
 0001:00080a60       _trap_CM_MarkFragments     30081a60 f   cg_syscalls.obj
 0001:00080a90       _trap_S_GetVoiceVolume     30081a90 f   cg_syscalls.obj
 0001:00080ab0       _trap_S_MuteSound          30081ab0 f   cg_syscalls.obj
 0001:00080ad0       _trap_S_StartSound         30081ad0 f   cg_syscalls.obj
 0001:00080af0       _trap_S_StartLocalSound    30081af0 f   cg_syscalls.obj
 0001:00080b10       _trap_S_ClearLoopingSounds 30081b10 f   cg_syscalls.obj
 0001:00080b20       _trap_S_AddLoopingSound    30081b20 f   cg_syscalls.obj
 0001:00080b40       _trap_S_UpdateEntityPosition 30081b40 f   cg_syscalls.obj
 0001:00080b60       _trap_S_AddRealLoopingSound 30081b60 f   cg_syscalls.obj
 0001:00080b80       _trap_S_StopLoopingSound   30081b80 f   cg_syscalls.obj
 0001:00080ba0       _trap_S_Respatialize       30081ba0 f   cg_syscalls.obj
 0001:00080bc0       _trap_S_ShutUp             30081bc0 f   cg_syscalls.obj
 0001:00080be0       _trap_S_RegisterSound      30081be0 f   cg_syscalls.obj
 0001:00080c00       _trap_S_StartBackgroundTrack 30081c00 f   cg_syscalls.obj
 0001:00080c20       _trap_S_UpdateAmbientSet   30081c20 f   cg_syscalls.obj
 0001:00080c40       _trap_AS_ParseSets         30081c40 f   cg_syscalls.obj
 0001:00080c50       _trap_AS_AddPrecacheEntry  30081c50 f   cg_syscalls.obj
 0001:00080c70       _trap_S_AddLocalSet        30081c70 f   cg_syscalls.obj
 0001:00080ca0       _trap_AS_GetBModelSound    30081ca0 f   cg_syscalls.obj
 0001:00080cc0       _trap_R_LoadWorldMap       30081cc0 f   cg_syscalls.obj
 0001:00080ce0       _trap_R_RegisterModel      30081ce0 f   cg_syscalls.obj
 0001:00080d00       _trap_R_RegisterSkin       30081d00 f   cg_syscalls.obj
 0001:00080d20       _trap_R_RegisterShader     30081d20 f   cg_syscalls.obj
 0001:00080d40       _trap_R_RegisterShaderNoMip 30081d40 f   cg_syscalls.obj
 0001:00080d60       _trap_R_RegisterFont       30081d60 f   cg_syscalls.obj
 0001:00080d80       _trap_R_Font_StrLenPixels  30081d80 f   cg_syscalls.obj
 0001:00080db0       _trap_R_Font_StrLenChars   30081db0 f   cg_syscalls.obj
 0001:00080dd0       _trap_R_Font_HeightPixels  30081dd0 f   cg_syscalls.obj
 0001:00080e00       _trap_R_Font_DrawString    30081e00 f   cg_syscalls.obj
 0001:00080e40       _trap_Language_IsAsian     30081e40 f   cg_syscalls.obj
 0001:00080e50       _trap_Language_UsesSpaces  30081e50 f   cg_syscalls.obj
 0001:00080e60       _trap_AnyLanguage_ReadCharFromString 30081e60 f   cg_syscalls.obj
 0001:00080e80       _trap_R_ClearScene         30081e80 f   cg_syscalls.obj
 0001:00080ea0       _trap_R_ClearDecals        30081ea0 f   cg_syscalls.obj
 0001:00080ec0       _trap_R_AddRefEntityToScene 30081ec0 f   cg_syscalls.obj
 0001:00080ee0       _trap_R_AddPolyToScene     30081ee0 f   cg_syscalls.obj
 0001:00080f00       _trap_R_AddPolysToScene    30081f00 f   cg_syscalls.obj
 0001:00080f30       _trap_R_AddDecalToScene    30081f30 f   cg_syscalls.obj
 0001:00080fb0       _trap_R_LightForPoint      30081fb0 f   cg_syscalls.obj
 0001:00080fe0       _trap_R_AddLightToScene    30081fe0 f   cg_syscalls.obj
 0001:00081030       _trap_R_AddAdditiveLightToScene 30082030 f   cg_syscalls.obj
 0001:00081080       _trap_R_RenderScene        30082080 f   cg_syscalls.obj
 0001:000810a0       _trap_R_SetColor           300820a0 f   cg_syscalls.obj
 0001:000810c0       _trap_R_DrawStretchPic     300820c0 f   cg_syscalls.obj
 0001:00081140       _trap_R_ModelBounds        30082140 f   cg_syscalls.obj
 0001:00081160       _trap_R_LerpTag            30082160 f   cg_syscalls.obj
 0001:000811a0       _trap_R_DrawRotatePic      300821a0 f   cg_syscalls.obj
 0001:00081230       _trap_R_DrawRotatePic2     30082230 f   cg_syscalls.obj
 0001:000812c0       _trap_R_SetRangeFog        300822c0 f   cg_syscalls.obj
 0001:000812e0       _trap_R_SetRefractProp     300822e0 f   cg_syscalls.obj
 0001:00081320       _trap_R_RemapShader        30082320 f   cg_syscalls.obj
 0001:00081340       _trap_R_GetLightStyle      30082340 f   cg_syscalls.obj
 0001:00081360       _trap_R_SetLightStyle      30082360 f   cg_syscalls.obj
 0001:00081380       _trap_R_GetBModelVerts     30082380 f   cg_syscalls.obj
 0001:000813a0       _trap_R_GetDistanceCull    300823a0 f   cg_syscalls.obj
 0001:000813c0       _trap_R_GetRealRes         300823c0 f   cg_syscalls.obj
 0001:000813e0       _trap_R_AutomapElevAdj     300823e0 f   cg_syscalls.obj
 0001:00081400       _trap_R_InitWireframeAutomap 30082400 f   cg_syscalls.obj
 0001:00081420       _trap_FX_AddLine           30082420 f   cg_syscalls.obj
 0001:000814b0       _trap_GetGlconfig          300824b0 f   cg_syscalls.obj
 0001:000814d0       _trap_GetGameState         300824d0 f   cg_syscalls.obj
 0001:000814f0       _trap_GetCurrentSnapshotNumber 300824f0 f   cg_syscalls.obj
 0001:00081510       _trap_GetSnapshot          30082510 f   cg_syscalls.obj
 0001:00081530       _trap_GetDefaultState      30082530 f   cg_syscalls.obj
 0001:00081550       _trap_GetServerCommand     30082550 f   cg_syscalls.obj
 0001:00081570       _trap_GetCurrentCmdNumber  30082570 f   cg_syscalls.obj
 0001:00081590       _trap_GetUserCmd           30082590 f   cg_syscalls.obj
 0001:000815b0       _trap_SetUserCmdValue      300825b0 f   cg_syscalls.obj
 0001:00081610       _trap_SetClientForceAngle  30082610 f   cg_syscalls.obj
 0001:00081630       _trap_SetClientTurnExtent  30082630 f   cg_syscalls.obj
 0001:00081670       _trap_OpenUIMenu           30082670 f   cg_syscalls.obj
 0001:00081690       _testPrintInt              30082690 f   cg_syscalls.obj
 0001:000816b0       _testPrintFloat            300826b0 f   cg_syscalls.obj
 0001:000816e0       _trap_MemoryRemaining      300826e0 f   cg_syscalls.obj
 0001:00081700       _trap_Key_IsDown           30082700 f   cg_syscalls.obj
 0001:00081720       _trap_Key_GetCatcher       30082720 f   cg_syscalls.obj
 0001:00081740       _trap_Key_SetCatcher       30082740 f   cg_syscalls.obj
 0001:00081760       _trap_Key_GetKey           30082760 f   cg_syscalls.obj
 0001:00081780       _trap_PC_AddGlobalDefine   30082780 f   cg_syscalls.obj
 0001:000817a0       _trap_PC_LoadSource        300827a0 f   cg_syscalls.obj
 0001:000817c0       _trap_PC_FreeSource        300827c0 f   cg_syscalls.obj
 0001:000817e0       _trap_PC_ReadToken         300827e0 f   cg_syscalls.obj
 0001:00081800       _trap_PC_SourceFileAndLine 30082800 f   cg_syscalls.obj
 0001:00081820       _trap_PC_LoadGlobalDefines 30082820 f   cg_syscalls.obj
 0001:00081840       _trap_PC_RemoveAllGlobalDefines 30082840 f   cg_syscalls.obj
 0001:00081860       _trap_S_StopBackgroundTrack 30082860 f   cg_syscalls.obj
 0001:00081880       _trap_RealTime             30082880 f   cg_syscalls.obj
 0001:000818a0       _trap_SnapVector           300828a0 f   cg_syscalls.obj
 0001:000818c0       _trap_CIN_PlayCinematic    300828c0 f   cg_syscalls.obj
 0001:000818f0       _trap_CIN_StopCinematic    300828f0 f   cg_syscalls.obj
 0001:00081910       _trap_CIN_RunCinematic     30082910 f   cg_syscalls.obj
 0001:00081930       _trap_CIN_DrawCinematic    30082930 f   cg_syscalls.obj
 0001:00081950       _trap_CIN_SetExtents       30082950 f   cg_syscalls.obj
 0001:00081980       _trap_GetEntityToken       30082980 f   cg_syscalls.obj
 0001:000819a0       _trap_R_inPVS              300829a0 f   cg_syscalls.obj
 0001:000819c0       _trap_FX_RegisterEffect    300829c0 f   cg_syscalls.obj
 0001:000819e0       _trap_FX_PlayEffect        300829e0 f   cg_syscalls.obj
 0001:00081a10       _trap_FX_PlayEntityEffect  30082a10 f   cg_syscalls.obj
 0001:00081a40       _trap_FX_PlayEffectID      30082a40 f   cg_syscalls.obj
 0001:00081a70       _trap_FX_PlayPortalEffectID 30082a70 f   cg_syscalls.obj
 0001:00081a90       _trap_FX_PlayEntityEffectID 30082a90 f   cg_syscalls.obj
 0001:00081ac0       _trap_FX_PlayBoltedEffectID 30082ac0 f   cg_syscalls.obj
 0001:00081b00       _trap_FX_AddScheduledEffects 30082b00 f   cg_syscalls.obj
 0001:00081b20       _trap_FX_Draw2DEffects     30082b20 f   cg_syscalls.obj
 0001:00081b50       _trap_FX_InitSystem        30082b50 f   cg_syscalls.obj
 0001:00081b70       _trap_FX_SetRefDef         30082b70 f   cg_syscalls.obj
 0001:00081b90       _trap_FX_FreeSystem        30082b90 f   cg_syscalls.obj
 0001:00081bb0       _trap_FX_Reset             30082bb0 f   cg_syscalls.obj
 0001:00081bd0       _trap_FX_AdjustTime        30082bd0 f   cg_syscalls.obj
 0001:00081bf0       _trap_FX_AddPoly           30082bf0 f   cg_syscalls.obj
 0001:00081c10       _trap_FX_AddBezier         30082c10 f   cg_syscalls.obj
 0001:00081c30       _trap_FX_AddPrimitive      30082c30 f   cg_syscalls.obj
 0001:00081c50       _trap_FX_AddSprite         30082c50 f   cg_syscalls.obj
 0001:00081c70       _trap_FX_AddElectricity    30082c70 f   cg_syscalls.obj
 0001:00081c90       _trap_SP_GetStringTextString 30082c90 f   cg_syscalls.obj
 0001:00081cb0       _trap_ROFF_Clean           30082cb0 f   cg_syscalls.obj
 0001:00081cd0       _trap_ROFF_UpdateEntities  30082cd0 f   cg_syscalls.obj
 0001:00081cf0       _trap_ROFF_Cache           30082cf0 f   cg_syscalls.obj
 0001:00081d10       _trap_ROFF_Play            30082d10 f   cg_syscalls.obj
 0001:00081d30       _trap_ROFF_Purge_Ent       30082d30 f   cg_syscalls.obj
 0001:00081d50       _trap_TrueMalloc           30082d50 f   cg_syscalls.obj
 0001:00081d70       _trap_TrueFree             30082d70 f   cg_syscalls.obj
 0001:00081d90       _trap_G2_ListModelSurfaces 30082d90 f   cg_syscalls.obj
 0001:00081db0       _trap_G2_ListModelBones    30082db0 f   cg_syscalls.obj
 0001:00081dd0       _trap_G2_SetGhoul2ModelIndexes 30082dd0 f   cg_syscalls.obj
 0001:00081df0       _trap_G2_HaveWeGhoul2Models 30082df0 f   cg_syscalls.obj
 0001:00081e10       _trap_G2API_GetBoltMatrix  30082e10 f   cg_syscalls.obj
 0001:00081e50       _trap_G2API_GetBoltMatrix_NoReconstruct 30082e50 f   cg_syscalls.obj
 0001:00081e90       _trap_G2API_GetBoltMatrix_NoRecNoRot 30082e90 f   cg_syscalls.obj
 0001:00081ed0       _trap_G2API_InitGhoul2Model 30082ed0 f   cg_syscalls.obj
 0001:00081f00       _trap_G2API_SetSkin        30082f00 f   cg_syscalls.obj
 0001:00081f30       _trap_G2API_CollisionDetect 30082f30 f   cg_syscalls.obj
 0001:00081f80       _trap_G2API_CollisionDetectCache 30082f80 f   cg_syscalls.obj
 0001:00081fd0       _trap_G2API_CleanGhoul2Models 30082fd0 f   cg_syscalls.obj
 0001:00081ff0       _trap_G2API_SetBoneAngles  30082ff0 f   cg_syscalls.obj
 0001:00082030       _trap_G2API_SetBoneAnim    30083030 f   cg_syscalls.obj
 0001:00082080       _trap_G2API_GetBoneAnim    30083080 f   cg_syscalls.obj
 0001:000820c0       _trap_G2API_GetBoneFrame   300830c0 f   cg_syscalls.obj
 0001:000820f0       _trap_G2API_GetGLAName     300830f0 f   cg_syscalls.obj
 0001:00082110       _trap_G2API_CopyGhoul2Instance 30083110 f   cg_syscalls.obj
 0001:00082130       _trap_G2API_CopySpecificGhoul2Model 30083130 f   cg_syscalls.obj
 0001:00082160       _trap_G2API_DuplicateGhoul2Instance 30083160 f   cg_syscalls.obj
 0001:00082180       _trap_G2API_HasGhoul2ModelOnIndex 30083180 f   cg_syscalls.obj
 0001:000821a0       _trap_G2API_RemoveGhoul2Model 300831a0 f   cg_syscalls.obj
 0001:000821c0       _trap_G2API_SkinlessModel  300831c0 f   cg_syscalls.obj
 0001:000821e0       _trap_G2API_GetNumGoreMarks 300831e0 f   cg_syscalls.obj
 0001:00082200       _trap_G2API_AddSkinGore    30083200 f   cg_syscalls.obj
 0001:00082220       _trap_G2API_ClearSkinGore  30083220 f   cg_syscalls.obj
 0001:00082240       _trap_G2API_Ghoul2Size     30083240 f   cg_syscalls.obj
 0001:00082260       _trap_G2API_AddBolt        30083260 f   cg_syscalls.obj
 0001:00082280       _trap_G2API_AttachEnt      30083280 f   cg_syscalls.obj
 0001:000822b0       _trap_G2API_SetBoltInfo    300832b0 f   cg_syscalls.obj
 0001:000822d0       _trap_G2API_SetRootSurface 300832d0 f   cg_syscalls.obj
 0001:000822f0       _trap_G2API_SetSurfaceOnOff 300832f0 f   cg_syscalls.obj
 0001:00082310       _trap_G2API_SetNewOrigin   30083310 f   cg_syscalls.obj
 0001:00082330       _trap_G2API_DoesBoneExist  30083330 f   cg_syscalls.obj
 0001:00082350       _trap_G2API_GetSurfaceRenderStatus 30083350 f   cg_syscalls.obj
 0001:00082370       _trap_G2API_GetTime        30083370 f   cg_syscalls.obj
 0001:00082390       _trap_G2API_SetTime        30083390 f   cg_syscalls.obj
 0001:000823b0       _trap_G2API_AbsurdSmoothing 300833b0 f   cg_syscalls.obj
 0001:000823d0       _trap_G2API_SetRagDoll     300833d0 f   cg_syscalls.obj
 0001:000823f0       _trap_G2API_AnimateG2Models 300833f0 f   cg_syscalls.obj
 0001:00082410       _trap_G2API_RagPCJConstraint 30083410 f   cg_syscalls.obj
 0001:00082440       _trap_G2API_RagPCJGradientSpeed 30083440 f   cg_syscalls.obj
 0001:00082470       _trap_G2API_RagEffectorGoal 30083470 f   cg_syscalls.obj
 0001:00082490       _trap_G2API_GetRagBonePos  30083490 f   cg_syscalls.obj
 0001:000824c0       _trap_G2API_RagEffectorKick 300834c0 f   cg_syscalls.obj
 0001:000824e0       _trap_G2API_RagForceSolve  300834e0 f   cg_syscalls.obj
 0001:00082500       _trap_G2API_SetBoneIKState 30083500 f   cg_syscalls.obj
 0001:00082530       _trap_G2API_IKMove         30083530 f   cg_syscalls.obj
 0001:00082550       _trap_G2API_RemoveBone     30083550 f   cg_syscalls.obj
 0001:00082570       _trap_G2API_AttachInstanceToEntNum 30083570 f   cg_syscalls.obj
 0001:00082590       _trap_G2API_ClearAttachedInstance 30083590 f   cg_syscalls.obj
 0001:000825b0       _trap_G2API_CleanEntAttachments 300835b0 f   cg_syscalls.obj
 0001:000825d0       _trap_G2API_OverrideServer 300835d0 f   cg_syscalls.obj
 0001:000825f0       _trap_G2API_GetSurfaceName 300835f0 f   cg_syscalls.obj
 0001:00082620       _trap_CG_RegisterSharedMemory 30083620 f   cg_syscalls.obj
 0001:00082640       _trap_CM_RegisterTerrain   30083640 f   cg_syscalls.obj
 0001:00082660       _trap_RMG_Init             30083660 f   cg_syscalls.obj
 0001:00082680       _trap_RE_InitRendererTerrain 30083680 f   cg_syscalls.obj
 0001:000826a0       _trap_R_WeatherContentsOverride 300836a0 f   cg_syscalls.obj
 0001:000826c0       _trap_R_WorldEffectCommand 300836c0 f   cg_syscalls.obj
 0001:000826e0       _trap_WE_AddWeatherZone    300836e0 f   cg_syscalls.obj
 0001:00082700       _CreepToPosition           30083700 f   cg_turret.obj
 0001:000829c0       _TurretClientRun           300839c0 f   cg_turret.obj
 0001:00082fc0       _CG_TestModel_f            30083fc0 f   cg_view.obj
 0001:000830f0       _CG_TestGun_f              300840f0 f   cg_view.obj
 0001:00083110       _CG_TestModelNextFrame_f   30084110 f   cg_view.obj
 0001:00083140       _CG_TestModelPrevFrame_f   30084140 f   cg_view.obj
 0001:00083180       _CG_TestModelNextSkin_f    30084180 f   cg_view.obj
 0001:000831b0       _CG_TestModelPrevSkin_f    300841b0 f   cg_view.obj
 0001:000831f0       _CG_GetVehicleCamPos       300841f0 f   cg_view.obj
 0001:00083220       _CG_ZoomDown_f             30084220 f   cg_view.obj
 0001:00083250       _CG_ZoomUp_f               30084250 f   cg_view.obj
 0001:00083280       _CG_CalcFOVFromX           30084280 f   cg_view.obj
 0001:00083300       _CG_CheckPassengerTurretView 30084300 f   cg_view.obj
 0001:000837f0       _CG_DrawSkyBoxPortal       300847f0 f   cg_view.obj
 0001:00083d90       _CG_AddBufferedSound       30084d90 f   cg_view.obj
 0001:00083de0       _CG_UpdateSoundTrackers    30084de0 f   cg_view.obj
 0001:00083ef0       _CG_SE_UpdateShake         30084ef0 f   cg_view.obj
 0001:00084080       _CG_SE_UpdateMusic         30085080 f   cg_view.obj
 0001:000841d0       _CG_CalcScreenEffects      300851d0 f   cg_view.obj
 0001:000841f0       _CGCam_Shake               300851f0 f   cg_view.obj
 0001:00084230       _CG_DoCameraShake          30085230 f   cg_view.obj
 0001:000842b0       _CGCam_SetMusicMult        300852b0 f   cg_view.obj
 0001:00084310       _CG_EmplacedView           30085310 f   cg_view.obj
 0001:000843d0       _CG_AddRadarAutomapEnts    300853d0 f   cg_view.obj
 0001:00084580       _CG_DrawAutoMap            30085580 f   cg_view.obj
 0001:00084b10       _CG_DrawActiveFrame        30085b10 f   cg_view.obj
 0001:00087b10       _CG_RegisterWeapon         30088b10 f   cg_weaponinit.obj
 0001:000891d0       _CG_SetGhoul2InfoRef       3008a1d0 f   cg_weapons.obj
 0001:00089260       _CG_RegisterItemVisuals    3008a260 f   cg_weapons.obj
 0001:00089480       _CG_AddPlayerWeapon        3008a480 f   cg_weapons.obj
 0001:0008a300       _CG_AddViewWeapon          3008b300 f   cg_weapons.obj
 0001:0008aad0       _CG_DrawIconBackground     3008bad0 f   cg_weapons.obj
 0001:0008acc0       _CG_WeaponCheck            3008bcc0 f   cg_weapons.obj
 0001:0008ad20       _CG_DrawWeaponSelect       3008bd20 f   cg_weapons.obj
 0001:0008b550       _CG_NextWeapon_f           3008c550 f   cg_weapons.obj
 0001:0008b670       _CG_PrevWeapon_f           3008c670 f   cg_weapons.obj
 0001:0008b790       _CG_Weapon_f               3008c790 f   cg_weapons.obj
 0001:0008b980       _CG_WeaponClean_f          3008c980 f   cg_weapons.obj
 0001:0008bb70       _CG_OutOfAmmoChange        3008cb70 f   cg_weapons.obj
 0001:0008bc00       _CG_GetClientWeaponMuzzleBoltPoint 3008cc00 f   cg_weapons.obj
 0001:0008bcc0       _CG_FireWeapon             3008ccc0 f   cg_weapons.obj
 0001:0008c010       _CG_VehicleWeaponImpact    3008d010 f   cg_weapons.obj
 0001:0008c0a0       _CG_MissileHitWall         3008d0a0 f   cg_weapons.obj
 0001:0008c2d0       _CG_MissileHitPlayer       3008d2d0 f   cg_weapons.obj
 0001:0008c520       _CG_CalcMuzzlePoint        3008d520 f   cg_weapons.obj
 0001:0008c8e0       _CG_InitG2Weapons          3008d8e0 f   cg_weapons.obj
 0001:0008c9e0       _CG_ShutDownG2Weapons      3008d9e0 f   cg_weapons.obj
 0001:0008ca20       _CG_G2WeaponInstance       3008da20 f   cg_weapons.obj
 0001:0008cad0       _CG_CopyG2WeaponInstance   3008dad0 f   cg_weapons.obj
 0001:0008ccb0       _CG_CheckPlayerG2Weapons   3008dcb0 f   cg_weapons.obj
 0001:0008d060       _BG_FighterUpdate          3008e060 f   FighterNPC.obj
 0001:0008d170       _FighterOverValidLandingSurface 3008e170 f   FighterNPC.obj
 0001:0008d1b0       _FighterIsLanded           3008e1b0 f   FighterNPC.obj
 0001:0008d1f0       _FighterIsLanding          3008e1f0 f   FighterNPC.obj
 0001:0008d240       _FighterIsLaunching        3008e240 f   FighterNPC.obj
 0001:0008d280       _FighterSuspended          3008e280 f   FighterNPC.obj
 0001:0008d290       _FighterYawAdjust          3008e290 f   FighterNPC.obj
 0001:0008d390       _FighterPitchAdjust        3008e390 f   FighterNPC.obj
 0001:0008d490       _FighterPitchClamp         3008e490 f   FighterNPC.obj
 0001:0008d560       _G_SetFighterVehicleFunctions 3008e560 f   FighterNPC.obj
 0001:0008f520       _G_CreateFighterNPC        30090520 f   FighterNPC.obj
 0001:0008f580       _FX_BlasterProjectileThink 30090580 f   fx_blaster.obj
 0001:0008f5e0       _FX_BlasterAltFireThink    300905e0 f   fx_blaster.obj
 0001:0008f640       _FX_BlasterWeaponHitWall   30090640 f   fx_blaster.obj
 0001:0008f660       _FX_BlasterWeaponHitPlayer 30090660 f   fx_blaster.obj
 0001:0008f6b0       _FX_BowcasterProjectileThink 300906b0 f   fx_bowcaster.obj
 0001:0008f710       _FX_BowcasterHitWall       30090710 f   fx_bowcaster.obj
 0001:0008f730       _FX_BowcasterHitPlayer     30090730 f   fx_bowcaster.obj
 0001:0008f750       _FX_BowcasterAltProjectileThink 30090750 f   fx_bowcaster.obj
 0001:0008f7b0       _FX_BryarProjectileThink   300907b0 f   fx_bryarpistol.obj
 0001:0008f810       _FX_BryarHitWall           30090810 f   fx_bryarpistol.obj
 0001:0008f830       _FX_BryarHitPlayer         30090830 f   fx_bryarpistol.obj
 0001:0008f880       _FX_BryarAltProjectileThink 30090880 f   fx_bryarpistol.obj
 0001:0008f920       _FX_BryarAltHitWall        30090920 f   fx_bryarpistol.obj
 0001:0008f9b0       _FX_BryarAltHitPlayer      300909b0 f   fx_bryarpistol.obj
 0001:0008fa00       _FX_TurretProjectileThink  30090a00 f   fx_bryarpistol.obj
 0001:0008fa60       _FX_TurretHitWall          30090a60 f   fx_bryarpistol.obj
 0001:0008fa80       _FX_TurretHitPlayer        30090a80 f   fx_bryarpistol.obj
 0001:0008fad0       _FX_ConcussionHitWall      30090ad0 f   fx_bryarpistol.obj
 0001:0008faf0       _FX_ConcussionHitPlayer    30090af0 f   fx_bryarpistol.obj
 0001:0008fb10       _FX_ConcussionProjectileThink 30090b10 f   fx_bryarpistol.obj
 0001:0008fb70       _FX_ConcAltShot            30090b70 f   fx_bryarpistol.obj
 0001:0008fc10       _FX_DEMP2_ProjectileThink  30090c10 f   fx_demp2.obj
 0001:0008fc70       _FX_DEMP2_HitWall          30090c70 f   fx_demp2.obj
 0001:0008fc90       _FX_DEMP2_HitPlayer        30090c90 f   fx_demp2.obj
 0001:0008fcb0       _FX_DEMP2_AltBeam          30090cb0 f   fx_demp2.obj
 0001:0008fcc0       _FX_DEMP2_AltDetonate      30090cc0 f   fx_demp2.obj
 0001:0008fda0       _FX_DisruptorMainShot      30090da0 f   fx_disruptor.obj
 0001:0008fdf0       _FX_DisruptorAltShot       30090df0 f   fx_disruptor.obj
 0001:0008feb0       _FX_DisruptorAltMiss       30090eb0 f   fx_disruptor.obj
 0001:000900c0       _FX_DisruptorAltHit        300910c0 f   fx_disruptor.obj
 0001:000900e0       _FX_DisruptorHitWall       300910e0 f   fx_disruptor.obj
 0001:00090100       _FX_DisruptorHitPlayer     30091100 f   fx_disruptor.obj
 0001:00090120       _FX_FlechetteProjectileThink 30091120 f   fx_flechette.obj
 0001:00090180       _FX_FlechetteWeaponHitWall 30091180 f   fx_flechette.obj
 0001:000901a0       _FX_FlechetteWeaponHitPlayer 300911a0 f   fx_flechette.obj
 0001:000901c0       _FX_FlechetteAltProjectileThink 300911c0 f   fx_flechette.obj
 0001:00090220       _FX_ForceDrained           30091220 f   fx_force.obj
 0001:00090280       _FX_RepeaterProjectileThink 30091280 f   fx_heavyrepeater.obj
 0001:000902e0       _FX_RepeaterHitWall        300912e0 f   fx_heavyrepeater.obj
 0001:00090300       _FX_RepeaterHitPlayer      30091300 f   fx_heavyrepeater.obj
 0001:00090320       _FX_RepeaterAltProjectileThink 30091320 f   fx_heavyrepeater.obj
 0001:00090620       _FX_RepeaterAltHitWall     30091620 f   fx_heavyrepeater.obj
 0001:00090640       _FX_RepeaterAltHitPlayer   30091640 f   fx_heavyrepeater.obj
 0001:00090660       _FX_RocketProjectileThink  30091660 f   fx_rocketlauncher.obj
 0001:000906c0       _FX_RocketHitWall          300916c0 f   fx_rocketlauncher.obj
 0001:000906e0       _FX_RocketHitPlayer        300916e0 f   fx_rocketlauncher.obj
[...]
 0001:00034a50       _CG_Draw2D                 30035a50 f   cg_draw.obj
 0001:000352b0       _CG_DrawZoomMask           300362b0 f   cg_draw.obj
 0001:00035a10       _CG_DrawStats              30036a10 f   cg_draw.obj
 0001:00035a80       _CG_DrawPickupItem         30036a80 f   cg_draw.obj
 0001:00035b10       _CG_DrawUpperRight         30036b10 f   cg_draw.obj
 0001:00035bf0       _CG_DrawMiniScoreboard     30036bf0 f   cg_draw.obj
 0001:00035d60       _CG_DrawEnemyInfo          30036d60 f   cg_draw.obj
 0001:00036280       _CG_DrawSnapshot           30037280 f   cg_draw.obj
 0001:00036310       _CG_DrawFPS                30037310 f   cg_draw.obj
 0001:00036440       _CG_DrawTimer              30037440 f   cg_draw.obj
 0001:00036510       _CG_DrawTeamOverlay        30037510 f   cg_draw.obj
 0001:00036aa0       _CG_DrawPowerupIcons       30037aa0 f   cg_draw.obj
 0001:00036c60       _CG_DrawLagometer          30037c60 f   cg_draw.obj
 0001:00036ff0       _CG_DrawDisconnect         30037ff0 f   cg_draw.obj
 0001:00037170       _CG_DrawCenterString       30038170 f   cg_draw.obj
 0001:00037320       _CG_DrawCrosshair          30038320 f   cg_draw.obj
 0001:00037e40       _CG_DrawHolocronIcons      30038e40 f   cg_draw.obj
 0001:00037f50       _CG_DrawActivePowers       30038f50 f   cg_draw.obj
 0001:000380c0       _CG_IsDurationPower        300390c0 f   cg_draw.obj
 0001:00038100       _CG_DrawRocketLocking      30039100 f   cg_draw.obj
 0001:00038760       _CG_DrawCrosshairNames     30039760 f   cg_draw.obj
 0001:00038a80       _CG_ScanForCrosshairEntity 30039a80 f   cg_draw.obj
 0001:000391b0       _CG_DrawSpectator          3003a1b0 f   cg_draw.obj
 0001:00039810       _CG_DrawVote               3003a810 f   cg_draw.obj
 0001:00039ca0       _CG_DrawTeamVote           3003aca0 f   cg_draw.obj
 0001:00039ee0       _CG_DrawScoreboard         3003aee0 f   cg_draw.obj
 0001:00039ef0       _CG_DrawIntermission       3003aef0 f   cg_draw.obj
 0001:00039f10       _CG_DrawFollow             3003af10 f   cg_draw.obj
 0001:0003a080       _CG_DrawAmmoWarning        3003b080 f   cg_draw.obj
 0001:0003a090       _CG_DrawWarmup             3003b090 f   cg_draw.obj
 0001:0003a580       _CG_DrawSiegeTimer         3003b580 f   cg_draw.obj
 0001:0003a730       _CG_DrawSiegeDeathTimer    3003b730 f   cg_draw.obj
 0001:0003a8f0       _CG_DrawSiegeHUDItem       3003b8f0 f   cg_draw.obj
 0001:0003aa30       _CG_ChatBox_DrawStrings    3003ba30 f   cg_draw.obj
 0001:0003abf0       _CG_Draw2DScreenTints      3003bbf0 f   cg_draw.obj
 0001:0003b760       _CG_DrawTourneyScoreboard  3003c760 f   cg_draw.obj
 0001:0003c070       _CG_TileClearBox           3003d070 f   cg_drawtools.obj
 0001:0003d610       _DistanceSquared           3003e610 f   cg_effects.obj
 0001:0003d660       _CG_DoGlassQuad            3003e660 f   cg_effects.obj
 0001:0003d990       _CG_CalcBiLerp             3003e990 f   cg_effects.obj
 0001:0003e000       _CG_CalcHeightWidth        3003f000 f   cg_effects.obj
 0001:0003e220       _CrossProduct              3003f220 f   cg_effects.obj
 0001:0003e600       _VectorLength              3003f600 f   cg_effects.obj
 0001:00041250       _BG_GiveMeVectorFromMatrix 30042250 f   cg_ents.obj
 0001:00041670       _VectorLength              30042670 f   cg_ents.obj
 0001:00041c30       _CG_InterpolateEntityPosition 30042c30 f   cg_ents.obj
 0001:00041d90       _CG_AddCEntity             30042d90 f   cg_ents.obj
 0001:00041fc0       _CG_EntityEffects          30042fc0 f   cg_ents.obj
 0001:000421c0       _CG_General                300431c0 f   cg_ents.obj
 0001:00044cb0       _DistanceSquared           30045cb0 f   cg_ents.obj
 0001:00044d00       _CG_RenderTimeEntBolt      30045d00 f   cg_ents.obj
 0001:00044e70       _CG_Speaker                30045e70 f   cg_ents.obj
 0001:00044f50       _CG_Item                   30045f50 f   cg_ents.obj
 0001:00045e50       _CG_Missile                30046e50 f   cg_ents.obj
 0001:000469b0       _CG_Mover                  300479b0 f   cg_ents.obj
 0001:00046da0       _CG_Portal                 30047da0 f   cg_ents.obj
 0001:00046f20       _CrossProduct              30047f20 f   cg_ents.obj
 0001:00046f80       _CG_TeamBase               30047f80 f   cg_ents.obj
 0001:00047090       _CG_FX                     30048090 f   cg_ents.obj
 0001:00048ec0       _BG_GiveMeVectorFromMatrix 30049ec0 f   cg_event.obj
 0001:0004e5f0       _VectorLength              3004f5f0 f   cg_event.obj
 0001:0004e630       _CG_Obituary               3004f630 f   cg_event.obj
 0001:0004ee20       _CG_UseItem                3004fe20 f   cg_event.obj
 0001:0004efa0       _CG_ItemPickup             3004ffa0 f   cg_event.obj
 0001:000511a0       _VectorLength              300521a0 f   cg_localents.obj
 0001:000511e0       _CrossProduct              300521e0 f   cg_localents.obj
 0001:00051540       _CG_AddFadeScaleModel      30052540 f   cg_localents.obj
 0001:00051700       _CG_AddMoveScaleFade       30052700 f   cg_localents.obj
 0001:00051850       _CG_AddPuff                30052850 f   cg_localents.obj
 0001:00051980       _CG_AddScaleFade           30052980 f   cg_localents.obj
 0001:00051a60       _CG_AddFallScaleFade       30052a60 f   cg_localents.obj
 0001:00051b60       _CG_AddExplosion           30052b60 f   cg_localents.obj
 0001:00051c30       _CG_AddSpriteExplosion     30052c30 f   cg_localents.obj
 0001:00052230       _C_PointContents           30053230 f   cg_main.obj
 0001:00052260       _C_GetLerpOrigin           30053260 f   cg_main.obj
 0001:000522c0       _C_GetLerpData             300532c0 f   cg_main.obj
 0001:00052460       _C_Trace                   30053460 f   cg_main.obj
 0001:000524b0       _C_G2Trace                 300534b0 f   cg_main.obj
 0001:00052500       _C_G2Mark                  30053500 f   cg_main.obj
 0001:00052610       _CG_RagCallback            30053610 f   cg_main.obj
 0001:00052770       _CG_DebugBoxLines          30053770 f   cg_main.obj
 0001:00052a20       _C_ImpactMark              30053a20 f   cg_main.obj
 0001:00052c30       _Distance                  30053c30 f   cg_main.obj
 0001:00052c80       _VectorLength              30053c80 f   cg_main.obj
 0001:00053200       _CG_ForceModelChange       30054200 f   cg_main.obj
 0001:000546c0       _CG_OwnerDrawHandleKey     300556c0 f   cg_main.obj
 0001:000546d0       _CG_FeederCount            300556d0 f   cg_main.obj
 0001:00054780       _CG_FeederItemText         30055780 f   cg_main.obj
 0001:00054a40       _CG_InfoFromScoreIndex     30055a40 f   cg_main.obj
 0001:00054ae0       _CG_FeederItemImage        30055ae0 f   cg_main.obj
 0001:00054af0       _CG_FeederSelection        30055af0 f   cg_main.obj
 0001:00054b90       _CG_Cvar_Get               30055b90 f   cg_main.obj
 0001:00054be0       _CG_OwnerDrawWidth         30055be0 f   cg_main.obj
 0001:00054cb0       _CG_PlayCinematic          30055cb0 f   cg_main.obj
 0001:00054cf0       _CG_StopCinematic          30055cf0 f   cg_main.obj
 0001:00054d10       _CG_DrawCinematic          30055d10 f   cg_main.obj
 0001:00054d60       _CG_RunCinematicFrame      30055d60 f   cg_main.obj
 0001:00055cf0       _CG_RegisterSounds         30056cf0 f   cg_main.obj
 0001:00056de0       _CG_RegisterItemSounds     30057de0 f   cg_main.obj
 0001:00056fb0       _CG_AS_Register            30057fb0 f   cg_main.obj
 0001:00057060       _CG_RegisterGraphics       30058060 f   cg_main.obj
 0001:000582d0       _CG_RegisterEffects        300592d0 f   cg_main.obj
 0001:000583c0       _CG_RegisterClients        300593c0 f   cg_main.obj
 0001:00058ec0       _CrossProduct              30059ec0 f   cg_marks.obj
 0001:0005b7c0       _Distance                  3005c7c0 f   cg_marks.obj
 0001:0005b810       _VectorLength              3005c810 f   cg_marks.obj
 0001:0005eba0       _CG_Text_Paint_Limit       3005fba0 f   cg_newDraw.obj
 0001:000608e0       _CG_RegisterClientModelname 300618e0 f   cg_players.obj
 0001:00062130       _CG_ColorFromString        30063130 f   cg_players.obj
 0001:000621d0       _CG_ColorFromInt           300631d0 f   cg_players.obj
 0001:00062260       _CG_InitG2SaberData        30063260 f   cg_players.obj
 0001:00062410       _CG_ScanForExistingClientInfo 30063410 f   cg_players.obj
 0001:00062780       _CG_CopyClientInfoModel    30063780 f   cg_players.obj
 0001:00062980       _CG_SetDeferredClientInfo  30063980 f   cg_players.obj
 0001:00063110       _BG_GiveMeVectorFromMatrix 30064110 f   cg_players.obj
 0001:00063270       _CG_PlayerFootsteps        30064270 f   cg_players.obj
 0001:00063460       __PlayerFootStep           30064460 f   cg_players.obj
 0001:000654c0       _VectorLength              300664c0 f   cg_players.obj
 0001:00065500       _CG_RagAnimForPositioning  30066500 f   cg_players.obj
 0001:00065ae0       _CG_G2SetHeadBlink         30066ae0 f   cg_players.obj
 0001:00065c10       _CG_G2SetHeadAnim          30066c10 f   cg_players.obj
 0001:000666b0       _CG_RGBForSaberColor       300676b0 f   cg_players.obj
 0001:00067200       _CrossProduct              30068200 f   cg_players.obj
 0001:000690d0       _CG_DoSaberLight           3006a0d0 f   cg_players.obj
 0001:00069700       _Distance                  3006a700 f   cg_players.obj
 0001:00069c10       _VectorInverse             3006ac10 f   cg_players.obj
 0001:0006aea0       _CG_RegisterVehicleAssets  3006bea0 f   cg_players.obj
 0001:0006b300       _CG_CreateSurfaceDebris    3006c300 f   cg_players.obj
 0001:00071e30       _DistanceSquared           30072e30 f   cg_players.obj
 0001:00071e80       _CG_PlayerAnimation        30072e80 f   cg_players.obj
 0001:00072050       _CG_RunLerpFrame           30073050 f   cg_players.obj
 0001:000722c0       _CG_SetLerpFrameAnimation  300732c0 f   cg_players.obj
 0001:00072940       _CG_FirstAnimFrame         30073940 f   cg_players.obj
 0001:00072980       _CG_G2PlayerAngles         30073980 f   cg_players.obj
 0001:00073000       _CG_PlayerPowerups         30074000 f   cg_players.obj
 0001:00073180       _CG_PlayerFlag             30074180 f   cg_players.obj
 0001:00073440       _CG_PlayerFloatSprite      30074440 f   cg_players.obj
 0001:00073530       _CG_PlayerSprites          30074530 f   cg_players.obj
 0001:00073600       _CG_PlayerShadow           30074600 f   cg_players.obj
 0001:00073880       _CG_PlayerSplash           30074880 f   cg_players.obj
 0001:00073b00       _CG_ForcePushBlur          30074b00 f   cg_players.obj
 0001:00074070       _CG_ForcePushBodyBlur      30075070 f   cg_players.obj
 0001:000741a0       _CG_ForceGripEffect        300751a0 f   cg_players.obj
 0001:000743e0       _CG_ForceElectrocution     300753e0 f   cg_players.obj
 0001:00074c70       _CG_VehicleEffects         30075c70 f   cg_players.obj
 0001:00075760       _CG_CreateSurfaceSmoke     30076760 f   cg_players.obj
 0001:00075e60       _CG_ClearLerpFrame         30076e60 f   cg_players.obj
 0001:000761d0       _VectorLength              300771d0 f   cg_playerstate.obj
 0001:00076cc0       _CG_ClipMoveToEntities     30077cc0 f   cg_predict.obj
 0001:00077210       _CG_VehicleClipCheck       30078210 f   cg_predict.obj
 0001:00078ab0       _CG_Piloting               30079ab0 f   cg_predict.obj
 0001:00078af0       _VectorCompare             30079af0 f   cg_predict.obj
 0001:00078b40       _VectorLength              30079b40 f   cg_predict.obj
 0001:00078b80       _CG_InterpolatePlayerState 30079b80 f   cg_predict.obj
 0001:00078d30       _CG_InterpolateVehiclePlayerState 30079d30 f   cg_predict.obj
 0001:00078f00       _CG_TouchTriggerPrediction 30079f00 f   cg_predict.obj
 0001:00079060       _CG_TouchItem              3007a060 f   cg_predict.obj
 0001:0007a110       _CG_SiegeObjectiveBuffer   3007b110 f   cg_saga.obj
 0001:0007bf50       _CG_DrawClientScore        3007cf50 f   cg_scoreboard.obj
 0001:0007c640       _CG_TeamScoreboard         3007d640 f   cg_scoreboard.obj
 0001:0007d180       _GetCustomSoundForType     3007e180 f   cg_servercmds.obj
 0001:0007d5c0       _CG_RegisterCustomSounds   3007e5c0 f   cg_servercmds.obj
 0001:0007df10       _CG_ServerCommand          3007ef10 f   cg_servercmds.obj
 0001:0007eae0       _CG_ParseScores            3007fae0 f   cg_servercmds.obj
 0001:0007ee50       _CG_ParseTeamInfo          3007fe50 f   cg_servercmds.obj
 0001:0007efa0       _CG_ConfigStringModified   3007ffa0 f   cg_servercmds.obj
 0001:0007f630       _CG_ParseWarmup            30080630 f   cg_servercmds.obj
 0001:0007f670       _CG_MapRestart             30080670 f   cg_servercmds.obj
 0001:0007f750       _CG_RemoveChatEscapeChar   30080750 f   cg_servercmds.obj
 0001:0007f7c0       _CG_BodyQueueCopy          300807c0 f   cg_servercmds.obj
 0001:0007fcf0       _CG_ResetEntity            30080cf0 f   cg_snapshot.obj
 0001:0007ff20       _CG_TransitionSnapshot     30080f20 f   cg_snapshot.obj
 0001:00080110       _CG_TransitionEntity       30081110 f   cg_snapshot.obj
 0001:00080170       _CG_SetNextSnap            30081170 f   cg_snapshot.obj
 0001:000802d0       _CG_ReadNextSnapshot       300812d0 f   cg_snapshot.obj
 0001:00082e60       _BG_GiveMeVectorFromMatrix 30083e60 f   cg_turret.obj
 0001:00083690       _BG_GiveMeVectorFromMatrix 30084690 f   cg_view.obj
 0001:00084430       _CG_AddRefentForAutoMap    30085430 f   cg_view.obj
 0001:00085250       _CG_AddTestModel           30086250 f   cg_view.obj
 0001:000853b0       _CG_DamageBlendBlob        300863b0 f   cg_view.obj
 0001:00085710       _CG_CalcViewValues         30086710 f   cg_view.obj
 0001:00085ae0       _CG_CalcVrect              30086ae0 f   cg_view.obj
 0001:00085bd0       _CG_OffsetThirdPersonView  30086bd0 f   cg_view.obj
 0001:000861d0       _CG_ResetThirdPersonViewDamp 300871d0 f   cg_view.obj
 0001:00086360       _CG_CalcIdealThirdPersonViewTarget 30087360 f   cg_view.obj
 0001:00086570       _CG_CalcIdealThirdPersonViewLocation 30087570 f   cg_view.obj
 0001:000866d0       _CG_UpdateThirdPersonTargetDamp 300876d0 f   cg_view.obj
 0001:00086890       _CG_UpdateThirdPersonCameraDamp 30087890 f   cg_view.obj
 0001:00086c10       _CG_OffsetFirstPersonView  30087c10 f   cg_view.obj
 0001:00087030       _CG_StepOffset             30088030 f   cg_view.obj
 0001:00087080       _CG_OffsetFighterView      30088080 f   cg_view.obj
 0001:00087370       _CG_CalcFov                30088370 f   cg_view.obj
 0001:000876f0       _CG_ThirdPersonActionCam   300886f0 f   cg_view.obj
 0001:000879f0       _VectorLength              300889f0 f   cg_view.obj
 0001:00087a30       _CG_PowerupTimerSounds     30088a30 f   cg_view.obj
 0001:00087a90       _CG_PlayBufferedSounds     30088a90 f   cg_view.obj
 0001:0008a0e0       _BG_GiveMeVectorFromMatrix 3008b0e0 f   cg_weapons.obj
 0001:0008a240       _CG_LightningBolt          3008b240 f   cg_weapons.obj
 0001:0008a290       _CG_AddWeaponWithPowerups  3008b290 f   cg_weapons.obj
 0001:0008a740       _CG_MapTorsoToWeaponFrame  3008b740 f   cg_weapons.obj
 0001:0008a920       _CG_CalculateWeaponPosition 3008b920 f   cg_weapons.obj
 0001:0008b4b0       _CG_WeaponSelectable       3008c4b0 f   cg_weapons.obj
 0001:0008d590       _ProcessMoveCommands       3008e590 f   FighterNPC.obj
 0001:0008e1d0       _PredictedAngularDecrement 3008f1d0 f   FighterNPC.obj
 0001:0008e2a0       _VectorLength              3008f2a0 f   FighterNPC.obj
 0001:0008e2e0       _ProcessOrientCommands     3008f2e0 f   FighterNPC.obj
 0001:0008ed90       _FighterWingMalfunctionCheck 3008fd90 f   FighterNPC.obj
 0001:0008ef30       _FighterNoseMalfunctionCheck 3008ff30 f   FighterNPC.obj
 0001:0008f010       _FighterDamageRoutine      30090010 f   FighterNPC.obj
 0001:00090390       _CG_DistortionOrb          30091390 f   fx_heavyrepeater.obj
 0001:000905e0       _VectorLength              300915e0 f   fx_heavyrepeater.obj
 0001:00090b40       _CrossProduct              30091b40 f   q_math.obj
 0001:000918a0       _VectorLength              300928a0 f   q_math.obj
 0001:00092730       _VectorLengthSquared       30093730 f   q_math.obj
 0001:00092970       _Distance                  30093970 f   q_math.obj
 0001:00094d60       _ProcessMoveCommands       30095d60 f   SpeederNPC.obj
 0001:000954a0       _hashForString             300964a0 f   ui_shared.obj
 0001:000976b0       _Menu_RunCloseScript       300986b0 f   ui_shared.obj
 0001:0009b8c0       _Scroll_TextScroll_AutoFunc 3009c8c0 f   ui_shared.obj
 0001:0009b960       _Scroll_TextScroll_ThumbFunc 3009c960 f   ui_shared.obj
 0001:0009baf0       _Scroll_ListBox_AutoFunc   3009caf0 f   ui_shared.obj
 0001:0009bb90       _Scroll_ListBox_ThumbFunc  3009cb90 f   ui_shared.obj
 0001:0009bea0       _Scroll_Slider_ThumbFunc   3009cea0 f   ui_shared.obj
 0001:0009c6f0       _Display_CloseCinematics   3009d6f0 f   ui_shared.obj
 0001:0009c730       _Menu_CloseCinematics      3009d730 f   ui_shared.obj
 0001:0009c7c0       _Window_CloseCinematic     3009d7c0 f   ui_shared.obj
 0001:0009e5f0       _Controls_GetKeyAssignment 3009f5f0 f   ui_shared.obj
 0001:000a4860       _Item_TextScroll_BuildLines 300a5860 f   ui_shared.obj
 0001:000a5c60       _Menu_CacheContents        300a6c60 f   ui_shared.obj
 0001:000a5cf0       _Window_CacheContents      300a6cf0 f   ui_shared.obj
 0001:000a5d40       _Item_CacheContents        300a6d40 f   ui_shared.obj
 0001:000a5d60       _Menu_OverActiveItem       300a6d60 f   ui_shared.obj
 0001:000a5fb0       _ProcessMoveCommands       300a6fb0 f   WalkerNPC.obj
 0001:000a62b0       _ProcessOrientCommands     300a72b0 f   WalkerNPC.obj
 0001:000a6440       _VectorLength              300a7440 f   WalkerNPC.obj
 0001:000a6dc0       _$$$00001                  300a7dc0 f   LIBC:strchr.obj
 0001:000a7654       _$$$00003                  300a8654 f   LIBC:87fmod.obj
 0001:000a7f5a       __shift                    300a8f5a f   LIBC:cvt.obj
 0001:000a8547       _has_osfxsr_set            300a9547 f   LIBC:cpu_disp.obj
 0001:000a88e3       _$$$00003                  300a98e3 f   LIBC:87disp.obj
 0001:000a8d94       __hextodec                 300a9d94 f   LIBC:input.obj
 0001:000a8dc6       __inc                      300a9dc6 f   LIBC:input.obj
 0001:000a9c50       _$$$00001                  300aac50 f   LIBC:87triga.obj
 0001:000aa910       _write_char                300ab910 f   LIBC:output.obj
 0001:000aa943       _write_multi_char          300ab943 f   LIBC:output.obj
 0001:000aa967       _write_string              300ab967 f   LIBC:output.obj
 0001:000ac381       _doexit                    300ad381 f   LIBC:crt0dat.obj
 0001:000ac6f7       _parse_cmdline             300ad6f7 f   LIBC:stdargv.obj
 0001:000ace9d       $$$00003                   300ade9d f   LIBC:exsup3.obj
 0001:000ad599       __abstract_cw              300ae599 f   LIBC:ieee87.obj
 0001:000ad62b       __hw_cw                    300ae62b f   LIBC:ieee87.obj
 0001:000ad704       _report_failure            300ae704 f   LIBC:secchk.obj
 0001:000ade8d       _CPtoLCID                  300aee8d f   LIBC:mbctype.obj
 0001:000adebc       _setSBCS                   300aeebc f   LIBC:mbctype.obj
 0001:000adee5       _setSBUpLow                300aeee5 f   LIBC:mbctype.obj
 0001:000af8e0       $$$00001                   300b08e0 f   LIBC:exsup.obj
 0001:000af900       $$$00003                   300b0900 f   LIBC:exsup.obj
 0001:000af900       __unwind_handler           300b0900 f   LIBC:exsup.obj
 0001:000af922       $$$00005                   300b0922 f   LIBC:exsup.obj
 0001:000af98a       $$$00007                   300b098a f   LIBC:exsup.obj
 0001:000af9ce       $$$00011                   300b09ce f   LIBC:exsup.obj
 0001:000b0ac4       _flsall                    300b1ac4 f   LIBC:fflush.obj
