 cgamex86

 Timestamp is 46b979bd (Wed Aug 08 04:07:25 2007)

 Preferred load address is 30000000

 Start         Length     Name                   Class
 0001:00000000 000db94cH .text                   CODE
 0001:000db950 00000103H .text$x                 CODE
 0002:00000000 0000017cH .idata$5                DATA
 0002:0000017c 00000004H .CRT$XCA                DATA
 0002:00000180 00000004H .CRT$XCZ                DATA
 0002:00000184 00000004H .CRT$XIA                DATA
 0002:00000188 00000014H .CRT$XIC                DATA
 0002:0000019c 00000004H .CRT$XIY                DATA
 0002:000001a0 00000004H .CRT$XIZ                DATA
 0002:000001a4 00000004H .CRT$XPA                DATA
 0002:000001a8 00000008H .CRT$XPX                DATA
 0002:000001b0 00000004H .CRT$XPXA               DATA
 0002:000001b4 00000004H .CRT$XPZ                DATA
 0002:000001b8 00000004H .CRT$XTA                DATA
 0002:000001bc 00000004H .CRT$XTB                DATA
 0002:000001c0 00000004H .CRT$XTZ                DATA
 0002:000001d0 00016480H .rdata                  DATA
 0002:00016650 00000053H .rdata$debug            DATA
 0002:000166a4 0000033cH .rdata$r                DATA
 0002:000169e0 0000002cH .rdata$sxdata           DATA
 0002:00016a0c 00000004H .rtc$IAA                DATA
 0002:00016a10 00000004H .rtc$IZZ                DATA
 0002:00016a14 00000004H .rtc$TAA                DATA
 0002:00016a18 00000004H .rtc$TZZ                DATA
 0002:00016a20 00000d5cH .xdata$x                DATA
 0002:0001777c 00000014H .idata$2                DATA
 0002:00017790 00000014H .idata$3                DATA
 0002:000177a4 0000017cH .idata$4                DATA
 0002:00017920 000006ccH .idata$6                DATA
 0002:00017ff0 00000059H .edata                  DATA
 0003:00000000 00029656H .data                   DATA
 0003:00029660 00aced70H .bss                    DATA
 0004:00000000 00000058H .rsrc$01                DATA
 0004:00000060 00000098H .rsrc$02                DATA

  Address         Publics by Value              Rva+Base       Lib:Object

 0000:00000000       __except_list              00000000     <absolute>
 0000:0000000b       ___safe_se_handler_count   0000000b     <absolute>
 0000:00000000       ___ImageBase               30000000     <linker-defined>
 0001:00000350       _AnimalProcessOri          30001350 f   AnimalNPC.obj
 0001:00000360       _G_SetAnimalVehicleFunctions 30001360 f   AnimalNPC.obj
 0001:00000390       _G_CreateAnimalNPC         30001390 f   AnimalNPC.obj
 0001:00000460       _PM_irand_timesync         30001460 f   bg_c_saber.obj
 0001:000004b0       _BG_ForcePowerDrain        300014b0 f   bg_c_saber.obj
 0001:000005a0       _BG_EnoughForcePowerForMove 300015a0 f   bg_c_saber.obj
 0001:000005d0       _PM_AttackMoveForQuad      300015d0 f   bg_c_saber.obj
 0001:00000630       _PM_SaberMoveQuadrantForMovement 30001630 f   bg_c_saber.obj
 0001:00000690       _PM_SaberInBounce          30001690 f   bg_c_saber.obj
 0001:000006c0       _PM_SaberAttackChainAngle  300016c0 f   bg_c_saber.obj
 0001:00000700       _PM_SaberKataDone          30001700 f   bg_c_saber.obj
 0001:00000850       _PM_SetAnimFrame           30001850 f   bg_c_saber.obj
 0001:00000860       _PM_SaberLockWinAnim       30001860 f   bg_c_saber.obj
 0001:000009d0       _PM_SaberLockLoseAnim      300019d0 f   bg_c_saber.obj
 0001:00000a90       _PM_SaberLockResultAnim    30001a90 f   bg_c_saber.obj
 0001:00000b70       _PM_SaberLockBreak         30001b70 f   bg_c_saber.obj
 0001:00000e60       _BG_CheckIncrementLockAnim 30001e60 f   bg_c_saber.obj
 0001:00000f10       _PM_SaberLocked            30001f10 f   bg_c_saber.obj
 0001:00001270       _PM_SaberInBrokenParry     30002270 f   bg_c_saber.obj
 0001:000012a0       _PM_BrokenParryForParry    300022a0 f   bg_c_saber.obj
 0001:000013a0       _PM_CanBackstab            300023a0 f   bg_c_saber.obj
 0001:000014f0       _PM_SaberDualJumpAttackMove 300024f0 f   bg_c_saber.obj
 0001:00001500       _PM_SomeoneInFront         30002500 f   bg_c_saber.obj
 0001:00001630       _PM_GroundDistance         30002630 f   bg_c_saber.obj
 0001:00001700       _PM_WalkableGroundDistance 30002700 f   bg_c_saber.obj
 0001:000019c0       _PM_CheckPullAttack        300029c0 f   bg_c_saber.obj
 0001:000019d0       _PM_InSecondaryStyle       300029d0 f   bg_c_saber.obj
 0001:000019e0       _PM_KickMoveForConditions  300029e0 f   bg_c_saber.obj
 0001:00001a40       _PM_SaberMoveOkayForKata   30002a40 f   bg_c_saber.obj
 0001:00001a70       _PM_SaberPowerCheck        30002a70 f   bg_c_saber.obj
 0001:00001ac0       _BG_MySaber                30002ac0 f   bg_c_saber.obj
 0001:00001b20       _PM_SaberAnimTransitionAnim 30002b20 f   bg_c_saber.obj
 0001:00001ca0       _PM_CheckStabDown          30002ca0 f   bg_c_saber.obj
 0001:00001e70       _PM_SaberFlipOverAttackMove 30002e70 f   bg_c_saber.obj
 0001:00001f90       _PM_SaberBackflipAttackMove 30002f90 f   bg_c_saber.obj
 0001:00002020       _PM_SaberLungeAttackMove   30003020 f   bg_c_saber.obj
 0001:00002140       _PM_SaberJumpAttackMove2   30003140 f   bg_c_saber.obj
 0001:000021d0       _PM_SaberJumpAttackMove    300031d0 f   bg_c_saber.obj
 0001:00002370       _PM_SaberAttackForMovement 30003370 f   bg_c_saber.obj
 0001:000030f0       _PM_CanDoKata              300040f0 f   bg_c_saber.obj
 0001:00003220       _PM_CheckAltKickAttack     30004220 f   bg_c_saber.obj
 0001:000032a0       _PM_CanDoRollStab          300042a0 f   bg_c_saber.obj
 0001:00003310       _PM_SetSaberMove           30004310 f   bg_c_saber.obj
 0001:00003a20       _PM_WeaponLightsaber       30004a20 f   bg_c_saber.obj
 0001:00004a70       _BG_AttachToRancor         30005a70 f   bg_g2_utils.obj
 0001:00004c90       _BG_GetRootSurfNameWithVariant 30005c90 f   bg_g2_utils.obj
 0001:00004d90       _BG_FileExists             30005d90 f   bg_misc.obj
 0001:00004dd0       _BG_ParseField             30005dd0 f   bg_misc.obj
 0001:00004f10       _BG_LegalizedForcePowers   30005f10 f   bg_misc.obj
 0001:000053f0       _vectoyaw                  300063f0 f   bg_misc.obj
 0001:00005480       _BG_HasYsalamiri           30006480 f   bg_misc.obj
 0001:000054c0       _BG_CanUseFPNow            300064c0 f   bg_misc.obj
 0001:00005580       _BG_FindItemForPowerup     30006580 f   bg_misc.obj
 0001:000055d0       _BG_FindItemForHoldable    300065d0 f   bg_misc.obj
 0001:00005610       _BG_FindItemForWeapon      30006610 f   bg_misc.obj
 0001:00005640       _BG_FindItemForAmmo        30006640 f   bg_misc.obj
 0001:00005670       _BG_FindItem               30006670 f   bg_misc.obj
 0001:000056b0       _BG_ProperForceIndex       300066b0 f   bg_misc.obj
 0001:000056d0       _BG_CycleForce             300066d0 f   bg_misc.obj
 0001:000057b0       _BG_GetItemIndexByTag      300067b0 f   bg_misc.obj
 0001:000057f0       _BG_IsItemSelectable       300067f0 f   bg_misc.obj
 0001:00005810       _BG_CycleInven             30006810 f   bg_misc.obj
 0001:000058d0       _BG_CanItemBeGrabbed       300068d0 f   bg_misc.obj
 0001:00005b40       _BG_EvaluateTrajectory     30006b40 f   bg_misc.obj
 0001:00005d30       _BG_EvaluateTrajectoryDelta 30006d30 f   bg_misc.obj
 0001:00005ef0       _BG_AddPredictableEventToPlayerstate 30006ef0 f   bg_misc.obj
 0001:00005f90       _BG_TouchJumpPad           30006f90 f   bg_misc.obj
 0001:00006010       _BG_EmplacedView           30007010 f   bg_misc.obj
 0001:00006100       _BG_IsValidCharacterModel  30007100 f   bg_misc.obj
 0001:00006170       _BG_ValidateSkinForTeam    30007170 f   bg_misc.obj
 0001:00006420       _BG_PlayerStateToEntityState 30007420 f   bg_misc.obj
 0001:000067f0       _BG_PlayerStateToEntityStateExtraPolate 300077f0 f   bg_misc.obj
 0001:00006bd0       _BG_ModelCache             30007bd0 f   bg_misc.obj
 0001:00006c00       _BG_Alloc                  30007c00 f   bg_misc.obj
 0001:00006c30       _BG_AllocUnaligned         30007c30 f   bg_misc.obj
 0001:00006c60       _BG_TempAlloc              30007c60 f   bg_misc.obj
 0001:00006c90       _BG_TempFree               30007c90 f   bg_misc.obj
 0001:00006cb0       _BG_StringAlloc            30007cb0 f   bg_misc.obj
 0001:00006d10       _BG_OutOfMemory            30007d10 f   bg_misc.obj
 0001:00006d20       _BG_PlayerTouchesItem      30007d20 f   bg_misc.obj
 0001:00006dd0       _BG_SaberStanceAnim        30007dd0 f   bg_panimate.obj
 0001:00006e50       _BG_CrouchAnim             30007e50 f   bg_panimate.obj
 0001:00006f70       _BG_InSaberStandAnim       30007f70 f   bg_panimate.obj
 0001:00006fa0       _BG_InReboundJump          30007fa0 f   bg_panimate.obj
 0001:00006fc0       _BG_InReboundHold          30007fc0 f   bg_panimate.obj
 0001:00006fe0       _BG_InReboundRelease       30007fe0 f   bg_panimate.obj
 0001:00007000       _BG_InBackFlip             30008000 f   bg_panimate.obj
 0001:00007020       _BG_DirectFlippingAnim     30008020 f   bg_panimate.obj
 0001:00007040       _BG_SaberInAttackPure      30008040 f   bg_panimate.obj
 0001:00007060       _BG_SaberInAttack          30008060 f   bg_panimate.obj
 0001:00007080       _BG_SaberInKata            30008080 f   bg_panimate.obj
 0001:000070a0       _BG_InKataAnim             300080a0 f   bg_panimate.obj
 0001:000070c0       _BG_SaberInSpecial         300080c0 f   bg_panimate.obj
 0001:000070f0       _BG_KickMove               300080f0 f   bg_panimate.obj
 0001:00007110       _BG_SaberInIdle            30008110 f   bg_panimate.obj
 0001:00007130       _BG_InExtraDefenseSaberMove 30008130 f   bg_panimate.obj
 0001:00007180       _BG_FlippingAnim           30008180 f   bg_panimate.obj
 0001:00007250       _BG_SpinningSaberAnim      30008250 f   bg_panimate.obj
 0001:000074b0       _BG_SaberInSpecialAttack   300084b0 f   bg_panimate.obj
 0001:00007610       _BG_KickingAnim            30008610 f   bg_panimate.obj
 0001:00007670       _BG_InGrappleMove          30008670 f   bg_panimate.obj
 0001:000076d0       _BG_BrokenParryForAttack   300086d0 f   bg_panimate.obj
 0001:00007740       _BG_BrokenParryForParry    30008740 f   bg_panimate.obj
 0001:00007850       _BG_KnockawayForParry      30008850 f   bg_panimate.obj
 0001:000078a0       _BG_InRoll                 300088a0 f   bg_panimate.obj
 0001:00007930       _BG_InSpecialDeathAnim     30008930 f   bg_panimate.obj
 0001:00007950       _BG_InDeathAnim            30008950 f   bg_panimate.obj
 0001:00007990       _BG_InKnockDownOnly        30008990 f   bg_panimate.obj
 0001:000079b0       _BG_InSaberLockOld         300089b0 f   bg_panimate.obj
 0001:000079f0       _BG_InSaberLock            300089f0 f   bg_panimate.obj
 0001:00007ab0       _PM_InCartwheel            30008ab0 f   bg_panimate.obj
 0001:00007ae0       _BG_StabDownAnim           30008ae0 f   bg_panimate.obj
 0001:00007b00       _PM_SaberBounceForAttack   30008b00 f   bg_panimate.obj
 0001:00007b70       _PM_SaberDeflectionForQuad 30008b70 f   bg_panimate.obj
 0001:00007be0       _PM_SaberInDeflect         30008be0 f   bg_panimate.obj
 0001:00007c00       _PM_SaberInParry           30008c00 f   bg_panimate.obj
 0001:00007c20       _PM_SaberInKnockaway       30008c20 f   bg_panimate.obj
 0001:00007c40       _PM_SaberInReflect         30008c40 f   bg_panimate.obj
 0001:00007c60       _PM_SaberInStart           30008c60 f   bg_panimate.obj
 0001:00007c80       _PM_SaberInReturn          30008c80 f   bg_panimate.obj
 0001:00007ca0       _BG_SaberInReturn          30008ca0 f   bg_panimate.obj
 0001:00007cc0       _PM_InSaberAnim            30008cc0 f   bg_panimate.obj
 0001:00007ce0       _PM_InRealKnockDown        30008ce0 f   bg_panimate.obj
 0001:00007d00       _PM_InKnockDown            30008d00 f   bg_panimate.obj
 0001:00007d60       _PM_PainAnim               30008d60 f   bg_panimate.obj
 0001:00007d80       _PM_JumpingAnim            30008d80 f   bg_panimate.obj
 0001:00007da0       _PM_LandingAnim            30008da0 f   bg_panimate.obj
 0001:00007df0       _PM_SpinningAnim           30008df0 f   bg_panimate.obj
 0001:00007e00       _PM_InOnGroundAnim         30008e00 f   bg_panimate.obj
 0001:00007e40       _PM_InRollComplete         30008e40 f   bg_panimate.obj
 0001:00007e70       _PM_CanRollFromSoulCal     30008e70 f   bg_panimate.obj
 0001:00007ea0       _BG_SuperBreakLoseAnim     30008ea0 f   bg_panimate.obj
 0001:00007f30       _BG_SuperBreakWinAnim      30008f30 f   bg_panimate.obj
 0001:00007fc0       _BG_SaberLockBreakAnim     30008fc0 f   bg_panimate.obj
 0001:00008080       _BG_FullBodyTauntAnim      30009080 f   bg_panimate.obj
 0001:000080c0       _BG_AnimLength             300090c0 f   bg_panimate.obj
 0001:00008110       _PM_AnimLength             30009110 f   bg_panimate.obj
 0001:00008180       _PM_DebugLegsAnim          30009180 f   bg_panimate.obj
 0001:000081e0       _PM_SaberInTransition      300091e0 f   bg_panimate.obj
 0001:00008200       _BG_SaberInTransitionAny   30009200 f   bg_panimate.obj
 0001:00008230       _BG_FlipPart               30009230 f   bg_panimate.obj
 0001:00008260       _BG_InitAnimsets           30009260 f   bg_panimate.obj
 0001:00008280       _BG_ClearAnimsets          30009280 f   bg_panimate.obj
 0001:00008290       _BG_AnimsetAlloc           30009290 f   bg_panimate.obj
 0001:000082e0       _BG_AnimsetFree            300092e0 f   bg_panimate.obj
 0001:000082f0       _CheckAnimFrameForEventType 300092f0 f   bg_panimate.obj
 0001:00008320       _ParseAnimationEvtBlock    30009320 f   bg_panimate.obj
 0001:00008950       _BG_ParseAnimationEvtFile  30009950 f   bg_panimate.obj
 0001:00008cd0       _BG_ParseAnimationFile     30009cd0 f   bg_panimate.obj
 0001:000090d0       _BG_StartLegsAnim          3000a0d0 f   bg_panimate.obj
 0001:00009110       _PM_ContinueLegsAnim       3000a110 f   bg_panimate.obj
 0001:00009140       _BG_StartTorsoAnim         3000a140 f   bg_panimate.obj
 0001:00009170       _PM_StartTorsoAnim         3000a170 f   bg_panimate.obj
 0001:000091a0       _BG_SetLegsAnimTimer       3000a1a0 f   bg_panimate.obj
 0001:000091c0       _PM_SetLegsAnimTimer       3000a1c0 f   bg_panimate.obj
 0001:000091e0       _BG_SetTorsoAnimTimer      3000a1e0 f   bg_panimate.obj
 0001:00009200       _PM_SetTorsoAnimTimer      3000a200 f   bg_panimate.obj
 0001:00009220       _BG_SaberStartTransAnim    3000a220 f   bg_panimate.obj
 0001:00009320       _BG_SetAnimFinal           3000a320 f   bg_panimate.obj
 0001:000095d0       _PM_SetAnimFinal           3000a5d0 f   bg_panimate.obj
 0001:00009600       _BG_HasAnimation           3000a600 f   bg_panimate.obj
 0001:00009650       _BG_PickAnim               3000a650 f   bg_panimate.obj
 0001:000096c0       _BG_SetAnim                3000a6c0 f   bg_panimate.obj
 0001:00009770       _PM_SetAnim                3000a770 f   bg_panimate.obj
 0001:000097a0       _BG_InSpecialJump          3000a7a0 f   bg_panimate.obj
 0001:000098a0       _BG_InKnockDownOnGround    3000a8a0 f   bg_panimate.obj
 0001:00009930       _PM_ForceLegsAnim          3000a930 f   bg_panimate.obj
 0001:00009ac0       _PM_BGEntForNum            3000aac0 f   bg_pmove.obj
 0001:00009b70       _BG_SabersOff              3000ab70 f   bg_pmove.obj
 0001:00009ba0       _BG_KnockDownable          3000aba0 f   bg_pmove.obj
 0001:00009bc0       _PM_GetSaberStance         3000abc0 f   bg_pmove.obj
 0001:00009cb0       _PM_DoSlowFall             3000acb0 f   bg_pmove.obj
 0001:00009ce0       _PM_pitch_roll_for_slope   3000ace0 f   bg_pmove.obj
 0001:0000a050       _PM_SetSpecialMoveValues   3000b050 f   bg_pmove.obj
 0001:0000a460       _BG_ExternThisSoICanRecompileInDebug 3000b460 f   bg_pmove.obj
 0001:0000a470       _BG_VehicleTurnRateForSpeed 3000b470 f   bg_pmove.obj
 0001:0000a530       _PM_AddEvent               3000b530 f   bg_pmove.obj
 0001:0000a550       _PM_AddEventWithParm       3000b550 f   bg_pmove.obj
 0001:0000a570       _PM_AddTouchEnt            3000b570 f   bg_pmove.obj
 0001:0000a5c0       _PM_ClipVelocity           3000b5c0 f   bg_pmove.obj
 0001:0000ac40       _PM_ForceJumpingUp         3000bc40 f   bg_pmove.obj
 0001:0000ad90       _PM_SetPMViewAngle         3000bd90 f   bg_pmove.obj
 0001:0000ae00       _PM_AdjustAngleForWallRun  3000be00 f   bg_pmove.obj
 0001:0000b270       _PM_AdjustAnglesForWallRunUpFlipAlt 3000c270 f   bg_pmove.obj
 0001:0000b2a0       _PM_AdjustAngleForWallRunUp 3000c2a0 f   bg_pmove.obj
 0001:0000b6e0       _PM_AdjustAngleForWallJump 3000c6e0 f   bg_pmove.obj
 0001:0000bbd0       _PM_SetForceJumpZStart     3000cbd0 f   bg_pmove.obj
 0001:0000bc10       _PM_GrabWallForJump        3000cc10 f   bg_pmove.obj
 0001:0000fc90       _PM_CheckDualForwardJumpDuck 30010c90 f   bg_pmove.obj
 0001:0000fd20       _PM_CheckFixMins           30010d20 f   bg_pmove.obj
 0001:00010330       _PM_Use                    30011330 f   bg_pmove.obj
 0001:00010390       _PM_WalkingAnim            30011390 f   bg_pmove.obj
 0001:000103f0       _PM_RunningAnim            300113f0 f   bg_pmove.obj
 0001:00010440       _PM_SwimmingAnim           30011440 f   bg_pmove.obj
 0001:00010460       _PM_RollingAnim            30011460 f   bg_pmove.obj
 0001:00010480       _PM_AnglesForSlope         30011480 f   bg_pmove.obj
 0001:00010580       _PM_FootSlopeTrace         30011580 f   bg_pmove.obj
 0001:000107c0       _BG_InSlopeAnim            300117c0 f   bg_pmove.obj
 0001:000107e0       _PM_AdjustStandAnimForSlope 300117e0 f   bg_pmove.obj
 0001:00010cc0       _PM_LegsSlopeBackTransition 30011cc0 f   bg_pmove.obj
 0001:00011650       _BG_ClearRocketLock        30012650 f   bg_pmove.obj
 0001:00011680       _PM_BeginWeaponChange      30012680 f   bg_pmove.obj
 0001:00011730       _PM_FinishWeaponChange     30012730 f   bg_pmove.obj
 0001:000117b0       _BG_VehTraceFromCamPos     300127b0 f   bg_pmove.obj
 0001:00011990       _PM_RocketLock             30012990 f   bg_pmove.obj
 0001:00012330       _PM_ItemUsable             30013330 f   bg_pmove.obj
 0001:000125a0       _PM_CanSetWeaponAnims      300135a0 f   bg_pmove.obj
 0001:000125c0       _PM_VehicleWeaponAnimate   300135c0 f   bg_pmove.obj
 0001:00013ea0       _BG_UnrestrainedPitchRoll  30014ea0 f   bg_pmove.obj
 0001:00013ee0       _PM_UpdateViewAngles       30014ee0 f   bg_pmove.obj
 0001:00013fc0       _PM_AdjustAttackStates     30014fc0 f   bg_pmove.obj
 0001:00014310       _BG_CmdForRoll             30015310 f   bg_pmove.obj
 0001:00014520       _BG_AdjustClientSpeed      30015520 f   bg_pmove.obj
 0001:00014890       _BG_InRollAnim             30015890 f   bg_pmove.obj
 0001:000148b0       _BG_InKnockDown            300158b0 f   bg_pmove.obj
 0001:00014900       _BG_InRollES               30015900 f   bg_pmove.obj
 0001:00014920       _BG_IK_MoveArm             30015920 f   bg_pmove.obj
 0001:00014e40       _BG_UpdateLookAngles       30015e40 f   bg_pmove.obj
 0001:000157e0       _BG_InRoll2                300167e0 f   bg_pmove.obj
 0001:00015870       _BG_G2PlayerAngles         30016870 f   bg_pmove.obj
 0001:00016460       _BG_G2ATSTAngles           30017460 f   bg_pmove.obj
 0001:000167d0       _PM_VehicleViewAngles      300177d0 f   bg_pmove.obj
 0001:00016a20       _PM_WeaponOkOnVehicle      30017a20 f   bg_pmove.obj
 0001:00016a40       _PM_GetOkWeaponForVehicle  30017a40 f   bg_pmove.obj
 0001:00016a80       _PM_VehForcedTurning       30017a80 f   bg_pmove.obj
 0001:00016bf0       _PM_VehFaceHyperspacePoint 30017bf0 f   bg_pmove.obj
 0001:00016eb0       _BG_VehicleAdjustBBoxForOrientation 30017eb0 f   bg_pmove.obj
 0001:00017410       _PM_MoveForKata            30018410 f   bg_pmove.obj
 0001:00017560       _PM_HoverTrace             30018560 f   bg_pmove.obj
 0001:00017a00       _PmoveSingle               30018a00 f   bg_pmove.obj
 0001:00019020       _Pmove                     3001a020 f   bg_pmove.obj
 0001:000190d0       _PM_IsRocketTrooper        3001a0d0 f i bg_pmove.obj
 0001:000190e0       _BG_SoundIndex             3001a0e0 f   bg_saberLoad.obj
 0001:000190f0       _BG_ParseLiteral           3001a0f0 f   bg_saberLoad.obj
 0001:00019150       _TranslateSaberColor       3001a150 f   bg_saberLoad.obj
 0001:00019210       _TranslateSaberStyle       3001a210 f   bg_saberLoad.obj
 0001:000192c0       _WP_SaberBladeUseSecondBladeStyle 3001a2c0 f   bg_saberLoad.obj
 0001:000192f0       _WP_SaberBladeDoTransitionDamage 3001a2f0 f   bg_saberLoad.obj
 0001:00019340       _WP_UseFirstValidSaberStyle 3001a340 f   bg_saberLoad.obj
 0001:00019470       _WP_SaberStyleValidForSaber 3001a470 f   bg_saberLoad.obj
 0001:00019590       _WP_SaberCanTurnOffSomeBlades 3001a590 f   bg_saberLoad.obj
 0001:000195d0       _WP_SaberSetDefaults       3001a5d0 f   bg_saberLoad.obj
 0001:00019910       _WP_SaberParseParms        3001a910 f   bg_saberLoad.obj
 0001:0001c430       _WP_SaberParseParm         3001d430 f   bg_saberLoad.obj
 0001:0001c570       _WP_SaberValidForPlayerInMP 3001d570 f   bg_saberLoad.obj
 0001:0001c5c0       _WP_SaberSetColor          3001d5c0 f   bg_saberLoad.obj
 0001:0001c600       _WP_SaberLoadParms         3001d600 f   bg_saberLoad.obj
 0001:0001c760       _BG_BLADE_ActivateTrail    3001d760 f   bg_saberLoad.obj
 0001:0001c780       _BG_BLADE_DeactivateTrail  3001d780 f   bg_saberLoad.obj
 0001:0001c7a0       _BG_SI_Activate            3001d7a0 f   bg_saberLoad.obj
 0001:0001c7e0       _BG_SI_Deactivate          3001d7e0 f   bg_saberLoad.obj
 0001:0001c820       _BG_SI_BladeActivate       3001d820 f   bg_saberLoad.obj
 0001:0001c850       _BG_SI_Active              3001d850 f   bg_saberLoad.obj
 0001:0001c890       _BG_SI_SetLength           3001d890 f   bg_saberLoad.obj
 0001:0001c8c0       _BG_SI_SetDesiredLength    3001d8c0 f   bg_saberLoad.obj
 0001:0001c910       _BG_SI_SetLengthGradual    3001d910 f   bg_saberLoad.obj
 0001:0001caa0       _BG_SI_Length              3001daa0 f   bg_saberLoad.obj
 0001:0001caf0       _BG_SI_LengthMax           3001daf0 f   bg_saberLoad.obj
 0001:0001cb40       _BG_SI_ActivateTrail       3001db40 f   bg_saberLoad.obj
 0001:0001cb80       _BG_SI_DeactivateTrail     3001db80 f   bg_saberLoad.obj
 0001:0001cbc0       _WP_RemoveSaber            3001dbc0 f   bg_saberLoad.obj
 0001:0001cc30       _WP_SetSaber               3001dc30 f   bg_saberLoad.obj
 0001:0001ccf0       _BG_SiegeStripTabs         3001dcf0 f   bg_saga.obj
 0001:0001cd30       _BG_SiegeGetValueGroup     3001dd30 f   bg_saga.obj
 0001:0001d070       _BG_SiegeGetPairedValue    3001e070 f   bg_saga.obj
 0001:0001d300       _BG_SiegeTranslateForcePowers 3001e300 f   bg_saga.obj
 0001:0001d510       _BG_SiegeTranslateGenericTable 3001e510 f   bg_saga.obj
 0001:0001d630       _BG_SiegeParseClassFile    3001e630 f   bg_saga.obj
 0001:0001df60       _BG_SiegeLoadClasses       3001ef60 f   bg_saga.obj
 0001:0001e090       _BG_SiegeFindClassByName   3001f090 f   bg_saga.obj
 0001:0001e0e0       _BG_SiegeParseTeamFile     3001f0e0 f   bg_saga.obj
 0001:0001e340       _BG_SiegeLoadTeams         3001f340 f   bg_saga.obj
 0001:0001e450       _BG_SiegeFindThemeForTeam  3001f450 f   bg_saga.obj
 0001:0001e480       _BG_PrecacheSabersForSiegeTeam 3001f480 f   bg_saga.obj
 0001:0001e580       _BG_SiegeCheckClassLegality 3001f580 f   bg_saga.obj
 0001:0001e610       _BG_SiegeFindTeamForTheme  3001f610 f   bg_saga.obj
 0001:0001e660       _BG_SiegeSetTeamTheme      3001f660 f   bg_saga.obj
 0001:0001e690       _BG_SiegeFindClassIndexByName 3001f690 f   bg_saga.obj
 0001:0001e6e0       _BG_SiegeCountBaseClass    3001f6e0 f   bg_saga.obj
 0001:0001e740       _BG_GetUIPortraitFile      3001f740 f   bg_saga.obj
 0001:0001e7c0       _BG_GetUIPortrait          3001f7c0 f   bg_saga.obj
 0001:0001e840       _BG_GetClassOnBaseClass    3001f840 f   bg_saga.obj
 0001:0001e960       _PM_VehicleImpact          3001f960 f   bg_slidemove.obj
 0001:0001efb0       _PM_GroundSlideOkay        3001ffb0 f   bg_slidemove.obj
 0001:0001f030       _PM_SlideMove              30020030 f   bg_slidemove.obj
 0001:0001f7f0       _PM_StepSlideMove          300207f0 f   bg_slidemove.obj
 0001:0001fea0       _BG_ClearVehicleParseParms 30020ea0 f   bg_vehicleLoad.obj
 0001:00020160       _VEH_LoadVehWeapon         30021160 f   bg_vehicleLoad.obj
 0001:00020380       _VEH_VehWeaponIndexForName 30021380 f   bg_vehicleLoad.obj
 0001:00020420       _BG_SetSharedVehicleFunctions 30021420 f   bg_vehicleLoad.obj
 0001:00020470       _BG_VehicleSetDefaults     30021470 f   bg_vehicleLoad.obj
 0001:00020490       _BG_VehicleClampData       30021490 f   bg_vehicleLoad.obj
 0001:00020820       _BG_VehWeaponLoadParms     30021820 f   bg_vehicleLoad.obj
 0001:00020a00       _BG_VehicleLoadParms       30021a00 f   bg_vehicleLoad.obj
 0001:00020c60       _AttachRidersGeneric       30021c60 f   bg_vehicleLoad.obj
 0001:00020d30       _VEH_LoadVehicle           30021d30 f   bg_vehicleLoad.obj
 0001:00021700       _VEH_VehicleIndexForName   30022700 f   bg_vehicleLoad.obj
 0001:000217a0       _BG_VehicleGetIndex        300227a0 f   bg_vehicleLoad.obj
 0001:000217b0       _BG_GetVehicleModelName    300227b0 f   bg_vehicleLoad.obj
 0001:00021820       _BG_GetVehicleSkinName     30022820 f   bg_vehicleLoad.obj
 0001:000218a0       _CG_TargetCommand_f        300228a0 f   cg_consolecmds.obj
 0001:00021de0       _CG_ConsoleCommand         30022de0 f   cg_consolecmds.obj
 0001:00021e30       _CG_InitConsoleCommands    30022e30 f   cg_consolecmds.obj
 0001:000221b0       _UI_ParseAnimationFile     300231b0 f   cg_draw.obj
 0001:000221c0       _MenuFontToHandle          300231c0 f   cg_draw.obj
 0001:00022200       _CG_Text_Width             30023200 f   cg_draw.obj
 0001:00022250       _CG_Text_Height            30023250 f   cg_draw.obj
 0001:000222c0       _CG_Text_Paint             300232c0 f   cg_draw.obj
 0001:00022bb0       _CG_Draw3DModel            30023bb0 f   cg_draw.obj
 0001:00022d30       _CG_DrawHead               30023d30 f   cg_draw.obj
 0001:00022dc0       _CG_DrawFlagModel          30023dc0 f   cg_draw.obj
 0001:00022f60       _DrawAmmo                  30023f60 f   cg_draw.obj
 0001:00022f70       _CG_DrawHealth             30023f70 f   cg_draw.obj
 0001:000230d0       _CG_DrawArmor              300240d0 f   cg_draw.obj
 0001:00023680       _CG_DrawForcePower         30024680 f   cg_draw.obj
 0001:000238c0       _CG_DrawHUD                300248c0 f   cg_draw.obj
 0001:00023d60       _ForcePower_Valid          30024d60 f   cg_draw.obj
 0001:00023da0       _CG_DrawForceSelect        30024da0 f   cg_draw.obj
 0001:00024130       _CG_DrawInvenSelect        30025130 f   cg_draw.obj
 0001:00024570       _CG_CheckTargetVehicle     30025570 f   cg_draw.obj
 0001:000246a0       _CG_DrawVehicleShields     300256a0 f   cg_draw.obj
 0001:00024850       _CG_DrawVehicleAmmo        30025850 f   cg_draw.obj
 0001:00024a40       _CG_DrawVehicleAmmoUpper   30025a40 f   cg_draw.obj
 0001:00024c30       _CG_DrawVehicleAmmoLower   30025c30 f   cg_draw.obj
 0001:00024e20       _CG_DrawVehicleTurboRecharge 30025e20 f   cg_draw.obj
 0001:00024f10       _CG_DrawVehicleWeaponsLinked 30025f10 f   cg_draw.obj
 0001:00024fd0       _CG_DrawVehicleSpeed       30025fd0 f   cg_draw.obj
 0001:000251f0       _CG_DrawVehicleArmor       300261f0 f   cg_draw.obj
 0001:00025390       _CG_DrawVehicleDamage      30026390 f   cg_draw.obj
 0001:000254f0       _CG_DrawVehicleDamageHUD   300264f0 f   cg_draw.obj
 0001:00025770       _CG_DrawVehicleHud         30026770 f   cg_draw.obj
 0001:00025a30       _CG_DrawTeamBackground     30026a30 f   cg_draw.obj
 0001:00025db0       _CG_DrawHealthBarRough     30026db0 f   cg_draw.obj
 0001:00025f20       _CG_DrawDuelistHealth      30026f20 f   cg_draw.obj
 0001:00025ff0       _CG_DrawRadar              30026ff0 f   cg_draw.obj
 0001:00027780       _CG_AddLagometerFrameInfo  30028780 f   cg_draw.obj
 0001:000277b0       _CG_AddLagometerSnapshotInfo 300287b0 f   cg_draw.obj
 0001:00027d10       _CG_DrawSiegeMessage       30028d10 f   cg_draw.obj
 0001:00027d50       _CG_CenterPrint            30028d50 f   cg_draw.obj
 0001:00027f30       _CG_DrawSiegeInfo          30028f30 f   cg_draw.obj
 0001:000282e0       _CG_DrawHealthBar          300292e0 f   cg_draw.obj
 0001:00028480       _CG_DrawHaqrBar            30029480 f   cg_draw.obj
 0001:00028650       _CG_DrawGenericTimerBar    30029650 f   cg_draw.obj
 0001:000287c0       _CG_LerpCrosshairPos       300297c0 f   cg_draw.obj
 0001:00028910       _CG_WorldCoordToScreenCoordFloat 30029910 f   cg_draw.obj
 0001:00028a50       _CG_WorldCoordToScreenCoord 30029a50 f   cg_draw.obj
 0001:00028aa0       _CG_SaberClashFlare        30029aa0 f   cg_draw.obj
 0001:00028c90       _CG_DottedLine             30029c90 f   cg_draw.obj
 0001:00028d90       _CG_BracketEntity          30029d90 f   cg_draw.obj
 0001:00029390       _CG_InFighter              3002a390 f   cg_draw.obj
 0001:000293d0       _CG_InATST                 3002a3d0 f   cg_draw.obj
 0001:00029410       _CG_DrawBracketedEntities  3002a410 f   cg_draw.obj
 0001:00029b60       _CG_CalcVehicleMuzzlePoint 3002ab60 f   cg_draw.obj
 0001:00029d70       _CG_CalcEWebMuzzlePoint    3002ad70 f   cg_draw.obj
 0001:00029e70       _CG_SanitizeString         3002ae70 f   cg_draw.obj
 0001:0002af60       _CG_DrawTimedMenus         3002bf60 f   cg_draw.obj
 0001:0002afa0       _CG_DrawFlagStatus         3002bfa0 f   cg_draw.obj
 0001:0002b0b0       _CG_DrawJetpackFuel        3002c0b0 f   cg_draw.obj
 0001:0002b200       _CG_DrawEWebHealth         3002c200 f   cg_draw.obj
 0001:0002b3a0       _CG_DrawCloakFuel          3002c3a0 f   cg_draw.obj
 0001:0002b8d0       _CG_ChatBox_StrInsert      3002c8d0 f   cg_draw.obj
 0001:0002b950       _CG_ChatBox_AddString      3002c950 f   cg_draw.obj
 0001:0002bae0       _CG_ChatBox_ArrayInsert    3002cae0 f   cg_draw.obj
 0001:0002cf70       _CG_DrawSiegeMessageNonMenu 3002df70 f   cg_draw.obj
 0001:0002e670       _CG_DrawActive             3002f670 f   cg_draw.obj
 0001:0002e7b0       _CG_GetColorForHealth      3002f7b0 f   cg_drawtools.obj
 0001:0002e860       _CG_DrawSides              3002f860 f   cg_drawtools.obj
 0001:0002e910       _CG_DrawTopBottom          3002f910 f   cg_drawtools.obj
 0001:0002e9c0       _CG_FillRect2              3002f9c0 f   cg_drawtools.obj
 0001:0002ea20       _CG_FillRect               3002fa20 f   cg_drawtools.obj
 0001:0002ea80       _CG_DrawPic                3002fa80 f   cg_drawtools.obj
 0001:0002ead0       _CG_DrawRotatePic          3002fad0 f   cg_drawtools.obj
 0001:0002eb20       _CG_DrawRotatePic2         3002fb20 f   cg_drawtools.obj
 0001:0002eb70       _CG_DrawChar               3002fb70 f   cg_drawtools.obj
 0001:0002ec20       _CG_DrawStringExt          3002fc20 f   cg_drawtools.obj
 0001:0002ede0       _CG_DrawBigString          3002fde0 f   cg_drawtools.obj
 0001:0002ee20       _CG_DrawBigStringColor     3002fe20 f   cg_drawtools.obj
 0001:0002ee50       _CG_DrawSmallString        3002fe50 f   cg_drawtools.obj
 0001:0002ee90       _CG_DrawSmallStringColor   3002fe90 f   cg_drawtools.obj
 0001:0002eec0       _CG_DrawStrlen             3002fec0 f   cg_drawtools.obj
 0001:0002efa0       _CG_TileClear              3002ffa0 f   cg_drawtools.obj
 0001:0002f050       _CG_FadeColor              30030050 f   cg_drawtools.obj
 0001:0002f0b0       _CG_ColorForGivenHealth    300300b0 f   cg_drawtools.obj
 0001:0002f120       _CG_ColorForHealth         30030120 f   cg_drawtools.obj
 0001:0002f190       _CG_DrawNumField           30030190 f   cg_drawtools.obj
 0001:0002f4a0       _UI_DrawProportionalString 300304a0 f   cg_drawtools.obj
 0001:0002f540       _UI_DrawScaledProportionalString 30030540 f   cg_drawtools.obj
 0001:0002f5e0       _CG_DrawRect               300305e0 f   cg_drawtools.obj
 0001:0002f700       _CG_BubbleTrail            30030700 f   cg_effects.obj
 0001:0002f9c0       _CG_SmokePuff              300309c0 f   cg_effects.obj
 0001:0002fb90       _CGDEBUG_SaberColor        30030b90 f   cg_effects.obj
 0001:0002fbe0       _CG_TestLine               30030be0 f   cg_effects.obj
 0001:0002fcf0       _CG_ThrowChunk             30030cf0 f   cg_effects.obj
 0001:00030670       _CG_InitGlass              30031670 f   cg_effects.obj
 0001:00030700       _Vector2Set                30031700 f   cg_effects.obj
 0001:00030720       _CG_DoGlass                30031720 f   cg_effects.obj
 0001:00030b80       _CG_GlassShatter           30031b80 f   cg_effects.obj
 0001:00030be0       _CG_GlassShatter_Old       30031be0 f   cg_effects.obj
 0001:00030ef0       _CG_CreateDebris           30031ef0 f   cg_effects.obj
 0001:00031390       _CG_ExplosionEffects       30032390 f   cg_effects.obj
 0001:00031420       _CG_MiscModelExplosion     30032420 f   cg_effects.obj
 0001:00031660       _CG_Chunks                 30032660 f   cg_effects.obj
 0001:00031d30       _CG_ScorePlum              30032d30 f   cg_effects.obj
 0001:00031e50       _CG_MakeExplosion          30032e50 f   cg_effects.obj
 0001:000320c0       _CG_SurfaceExplosion       300330c0 f   cg_effects.obj
 0001:000323c0       _CG_Bleed                  300333c0 f   cg_effects.obj
 0001:00032470       _CG_LaunchGib              30033470 f   cg_effects.obj
 0001:000326d0       _CG_PositionEntityOnTag    300336d0 f   cg_ents.obj
 0001:000327b0       _CG_PositionRotatedEntityOnTag 300337b0 f   cg_ents.obj
 0001:000328a0       _CG_SetEntitySoundPosition 300338a0 f   cg_ents.obj
 0001:00032920       _CG_S_AddLoopingSound      30033920 f   cg_ents.obj
 0001:000329e0       _CG_S_AddRealLoopingSound  300339e0 f   cg_ents.obj
 0001:000329f0       _CG_S_StopLoopingSound     300339f0 f   cg_ents.obj
 0001:00032a90       _CG_S_UpdateLoopingSounds  30033a90 f   cg_ents.obj
 0001:00032cd0       _FX_AddOrientedLine        30033cd0 f   cg_ents.obj
 0001:00032e00       _FX_DrawPortableShield     30033e00 f   cg_ents.obj
 0001:00032fc0       _CG_Special                30033fc0 f   cg_ents.obj
 0001:00032ff0       _CG_SetGhoul2Info          30033ff0 f   cg_ents.obj
 0001:00033060       _CG_CreateBBRefEnts        30034060 f   cg_ents.obj
 0001:00033070       _G2_BoltToGhoul2Model      30034070 f   cg_ents.obj
 0001:00033150       _ScaleModelAxis            30034150 f   cg_ents.obj
 0001:00033230       _CG_Disintegration         30034230 f   cg_ents.obj
 0001:000335e0       _CG_AddRadarEnt            300345e0 f   cg_ents.obj
 0001:00033620       _CG_AddBracketedEnt        30034620 f   cg_ents.obj
 0001:000356f0       _CG_GreyItem               300366f0 f   cg_ents.obj
 0001:000360c0       _CG_CreateDistortionTrailPart 300370c0 f   cg_ents.obj
 0001:00036b40       _CG_PlayDoorLoopSound      30037b40 f   cg_ents.obj
 0001:00036c00       _CG_PlayDoorSound          30037c00 f   cg_ents.obj
 0001:00036f80       _CG_Beam                   30037f80 f   cg_ents.obj
 0001:00037180       _CG_AdjustPositionForMover 30038180 f   cg_ents.obj
 0001:000373b0       _CG_CalcEntityLerpPositions 300383b0 f   cg_ents.obj
 0001:00037880       _CG_ManualEntityRender     30038880 f   cg_ents.obj
 0001:00037890       _CG_AddPacketEntities      30038890 f   cg_ents.obj
 0001:00037b80       _CG_ROFF_NotetrackCallback 30038b80 f   cg_ents.obj
 0001:00038000       _CG_Cube                   30039000 f   cg_ents.obj
 0001:000382b0       _CG_PlaceString            300392b0 f   cg_event.obj
 0001:00038bd0       _CG_ToggleBinoculars       30039bd0 f   cg_event.obj
 0001:00038c60       _CG_LocalTimingBar         30039c60 f   cg_event.obj
 0001:00038f30       _CG_PainEvent              30039f30 f   cg_event.obj
 0001:00038fa0       _CG_ReattachLimb           30039fa0 f   cg_event.obj
 0001:00039000       _CG_TeamName               3003a000 f   cg_event.obj
 0001:00039030       _CG_PrintCTFMessage        3003a030 f   cg_event.obj
 0001:00039200       _CG_GetCTFMessageEvent     3003a200 f   cg_event.obj
 0001:00039270       _DoFall                    3003a270 f   cg_event.obj
 0001:00039410       _CG_InClientBitflags       3003a410 f   cg_event.obj
 0001:000394b0       _CG_TryPlayCustomSound     3003a4b0 f   cg_event.obj
 0001:000394e0       _CG_G2MarkEvent            3003a4e0 f   cg_event.obj
 0001:00039740       _CG_CalcVehMuzzle          3003a740 f   cg_event.obj
 0001:00039860       _CG_VehMuzzleFireFX        3003a860 f   cg_event.obj
 0001:00039970       _CG_GetStringForVoiceSound 3003a970 f   cg_event.obj
 0001:000399f0       _CG_EntityEvent            3003a9f0 f   cg_event.obj
 0001:0003d770       _CG_CheckEvents            3003e770 f   cg_event.obj
 0001:0003d800       _CG_LoadingString          3003e800 f   cg_info.obj
 0001:0003d820       _CG_LoadingItem            3003e820 f   cg_info.obj
 0001:0003d8b0       _CG_LoadingClient          3003e8b0 f   cg_info.obj
 0001:0003d920       _CG_LoadBar                3003e920 f   cg_info.obj
 0001:0003da30       _CG_DrawInformation        3003ea30 f   cg_info.obj
 0001:0003e430       _CG_RunLightStyles         3003f430 f   cg_light.obj
 0001:0003e4d0       _CG_SetLightstyle          3003f4d0 f   cg_light.obj
 0001:0003e5a0       _CG_ClearLightStyles       3003f5a0 f   cg_light.obj
 0001:0003e640       _CG_InitLocalEntities      3003f640 f   cg_localents.obj
 0001:0003e690       _CG_FreeLocalEntity        3003f690 f   cg_localents.obj
 0001:0003e6d0       _CG_AllocLocalEntity       3003f6d0 f   cg_localents.obj
 0001:0003e750       _CG_BloodTrail             3003f750 f   cg_localents.obj
 0001:0003e820       _CG_FragmentBounceMark     3003f820 f   cg_localents.obj
 0001:0003e850       _CG_FragmentBounceSound    3003f850 f   cg_localents.obj
 0001:0003e8e0       _CG_ReflectVelocity        3003f8e0 f   cg_localents.obj
 0001:0003ea20       _CG_AddFragment            3003fa20 f   cg_localents.obj
 0001:0003ecc0       _CG_AddFadeRGB             3003fcc0 f   cg_localents.obj
 0001:0003f700       _CG_AddRefEntity           30040700 f   cg_localents.obj
 0001:0003f760       _CG_AddScorePlum           30040760 f   cg_localents.obj
 0001:0003fa60       _CG_AddOLine               30040a60 f   cg_localents.obj
 0001:0003fb90       _CG_AddLine                30040b90 f   cg_localents.obj
 0001:0003fbb0       _CG_AddLocalEntities       30040bb0 f   cg_localents.obj
 0001:0003fd80       _CG_NoUseableForce         30040d80 f   cg_main.obj
 0001:00040300       _CG_DrawMiscEnts           30041300 f   cg_main.obj
 0001:00040410       _CG_RegisterCvars          30041410 f   cg_main.obj
 0001:00040720       _CG_CrosshairPlayer        30041720 f   cg_main.obj
 0001:00040740       _CG_LastAttacker           30041740 f   cg_main.obj
 0001:00040760       _CG_Printf                 30041760 f   cg_main.obj
 0001:000407b0       _CG_Error                  300417b0 f   cg_main.obj
 0001:00040800       _Com_Error                 30041800 f   cg_main.obj
 0001:00040860       _Com_Printf                30041860 f   cg_main.obj
 0001:000408c0       _CG_Argv                   300418c0 f   cg_main.obj
 0001:000408e0       _BG_GetTime                300418e0 f   cg_main.obj
 0001:00040a80       _CG_ParseWeatherEffect     30041a80 f   cg_main.obj
 0001:00040a90       _CG_ParseSiegeState        30041a90 f   cg_main.obj
 0001:00040c40       _CG_GetStringEdString      30041c40 f   cg_main.obj
 0001:00040c90       _CG_SiegeCountCvars        30041c90 f   cg_main.obj
 0001:00040ed0       _CG_BuildSpectatorString   30041ed0 f   cg_main.obj
 0001:00040f50       _CG_ConfigString           30041f50 f   cg_main.obj
 0001:00040f80       _CG_StartMusic             30041f80 f   cg_main.obj
 0001:00041010       _CG_GetMenuBuffer          30042010 f   cg_main.obj
 0001:000410b0       _CG_Asset_Parse            300420b0 f   cg_main.obj
 0001:00041560       _CG_ParseMenu              30042560 f   cg_main.obj
 0001:00041630       _CG_Load_Menu              30042630 f   cg_main.obj
 0001:00041740       _CG_SetScoreSelection      30042740 f   cg_main.obj
 0001:00041b90       _CG_Text_PaintWithCursor   30042b90 f   cg_main.obj
 0001:00041d50       _CG_LoadMenus              30042d50 f   cg_main.obj
 0001:00041e80       _CG_LoadHudMenu            30042e80 f   cg_main.obj
 0001:000420b0       _CG_AssetCache             300430b0 f   cg_main.obj
 0001:000421c0       _CG_Init_CG                300431c0 f   cg_main.obj
 0001:000421e0       _CG_Init_CGents            300431e0 f   cg_main.obj
 0001:00042200       _CG_InitItems              30043200 f   cg_main.obj
 0001:00042220       _CG_TransitionPermanent    30043220 f   cg_main.obj
 0001:000422d0       _CG_StrPool_Alloc          300432d0 f   cg_main.obj
 0001:00042320       _CG_StrPool_Reset          30043320 f   cg_main.obj
 0001:00042330       _CG_NewString              30043330 f   cg_main.obj
 0001:000423d0       _CG_CreateSkyPortalFromSpawnEnt 300433d0 f   cg_main.obj
 0001:000423f0       _CG_CreateSkyOriFromSpawnEnt 300433f0 f   cg_main.obj
 0001:00042430       _CG_CreateBrushEntData     30043430 f   cg_main.obj
 0001:00042460       _CG_CreateWeatherZoneFromSpawnEnt 30043460 f   cg_main.obj
 0001:00042490       _CG_CreateModelFromSpawnEnt 30043490 f   cg_main.obj
 0001:00042660       _CG_AddSpawnVarToken       30043660 f   cg_main.obj
 0001:000426d0       _CG_ParseSpawnVars         300436d0 f   cg_main.obj
 0001:000428c0       _CG_SpawnCGameEntFromVars  300438c0 f   cg_main.obj
 0001:00042a70       _CG_SpawnCGameOnlyEnts     30043a70 f   cg_main.obj
 0001:00042ac0       _CG_GetLocationString      30043ac0 f   cg_main.obj
 0001:00042af0       _CG_DestroyAllGhoul2       30043af0 f   cg_main.obj
 0001:00042b60       _CG_Shutdown               30043b60 f   cg_main.obj
 0001:00042ba0       _CG_NextInventory_f        30043ba0 f   cg_main.obj
 0001:00042c30       _CG_PrevInventory_f        30043c30 f   cg_main.obj
 0001:00042dd0       _CG_MiscEnt                30043dd0 f   cg_main.obj
 0001:00042f70       _CG_UpdateCvars            30043f70 f   cg_main.obj
 0001:00044d10       _CG_Init                   30045d10 f   cg_main.obj
 0001:00045160       _CG_NextForcePower_f       30046160 f   cg_main.obj
 0001:00045210       _CG_PrevForcePower_f       30046210 f   cg_main.obj
 0001:000452c0       _vmMain                    300462c0 f   cg_main.obj
 0001:000456d0       _CG_InitMarkPolys          300466d0 f   cg_marks.obj
 0001:00045720       _CG_FreeMarkPoly           30046720 f   cg_marks.obj
 0001:00045760       _CG_AllocMark              30046760 f   cg_marks.obj
 0001:000457f0       _CG_ImpactMark             300467f0 f   cg_marks.obj
 0001:00045d00       _CG_AddMarks               30046d00 f   cg_marks.obj
 0001:00045f50       _CG_ClearParticles         30046f50 f   cg_marks.obj
 0001:00045fc0       _CG_AddParticleToScene     30046fc0 f   cg_marks.obj
 0001:00047ab0       _CG_AddParticles           30048ab0 f   cg_marks.obj
 0001:00047dc0       _CG_ParticleSnowFlurry     30048dc0 f   cg_marks.obj
 0001:00047f90       _CG_ParticleSnow           30048f90 f   cg_marks.obj
 0001:00048140       _CG_ParticleBubble         30049140 f   cg_marks.obj
 0001:00048350       _CG_ParticleSmoke          30049350 f   cg_marks.obj
 0001:00048480       _CG_ParticleBulletDebris   30049480 f   cg_marks.obj
 0001:00048550       _CG_ParticleExplosion      30049550 f   cg_marks.obj
 0001:000486c0       _CG_AddParticleShrapnel    300496c0 f   cg_marks.obj
 0001:000486d0       _CG_NewParticleArea        300496d0 f   cg_marks.obj
 0001:00048780       _CG_SnowLink               30049780 f   cg_marks.obj
 0001:000487d0       _CG_ParticleImpactSmokePuff 300497d0 f   cg_marks.obj
 0001:00048930       _CG_Particle_Bleed         30049930 f   cg_marks.obj
 0001:00048a50       _CG_Particle_OilParticle   30049a50 f   cg_marks.obj
 0001:00048b70       _CG_Particle_OilSlick      30049b70 f   cg_marks.obj
 0001:00048cf0       _CG_OilSlickRemove         30049cf0 f   cg_marks.obj
 0001:00048d40       _ValidBloodPool            30049d40 f   cg_marks.obj
 0001:00048f20       _CG_BloodPool              30049f20 f   cg_marks.obj
 0001:00049090       _CG_ParticleBloodCloud     3004a090 f   cg_marks.obj
 0001:00049250       _CG_ParticleSparks         3004a250 f   cg_marks.obj
 0001:00049450       _CG_ParticleDust           3004a450 f   cg_marks.obj
 0001:00049790       _CG_ParticleMisc           3004a790 f   cg_marks.obj
 0001:00049860       _CG_GetSelectedPlayer      3004a860 f   cg_newDraw.obj
 0001:00049880       _CG_StatusHandle           3004a880 f   cg_newDraw.obj
 0001:000498e0       _CG_GetValue               3004a8e0 f   cg_newDraw.obj
 0001:00049a10       _CG_OtherTeamHasFlag       3004aa10 f   cg_newDraw.obj
 0001:00049a50       _CG_YourTeamHasFlag        3004aa50 f   cg_newDraw.obj
 0001:00049a90       _CG_OwnerDrawVisible       3004aa90 f   cg_newDraw.obj
 0001:00049bd0       _CG_GetKillerText          3004abd0 f   cg_newDraw.obj
 0001:00049c10       _CG_GetGameStatusText      3004ac10 f   cg_newDraw.obj
 0001:00049db0       _CG_GameTypeString         3004adb0 f   cg_newDraw.obj
 0001:00049fd0       _CG_DrawNewTeamInfo        3004afd0 f   cg_newDraw.obj
 0001:0004a410       _CG_DrawTeamSpectators     3004b410 f   cg_newDraw.obj
 0001:0004a670       _CG_DrawMedal              3004b670 f   cg_newDraw.obj
 0001:0004a850       _CG_OwnerDraw              3004b850 f   cg_newDraw.obj
 0001:0004a860       _CG_MouseEvent             3004b860 f   cg_newDraw.obj
 0001:0004a950       _CG_HideTeamMenu           3004b950 f   cg_newDraw.obj
 0001:0004a970       _CG_ShowTeamMenu           3004b970 f   cg_newDraw.obj
 0001:0004a980       _CG_EventHandling          3004b980 f   cg_newDraw.obj
 0001:0004a9b0       _CG_KeyEvent               3004b9b0 f   cg_newDraw.obj
 0001:0004aa60       _CG_ClientNumFromName      3004ba60 f   cg_newDraw.obj
 0001:0004aab0       _CG_ShowResponseHead       3004bab0 f   cg_newDraw.obj
 0001:0004aae0       _CG_RunMenuScript          3004bae0 f   cg_newDraw.obj
 0001:0004aaf0       _CG_DeferMenuScript        3004baf0 f   cg_newDraw.obj
 0001:0004ab00       _CG_GetTeamColor           3004bb00 f   cg_newDraw.obj
 0001:0004ad50       _CG_CustomSound            3004bd50 f   cg_players.obj
 0001:0004b120       _CG_ParseSurfsFile         3004c120 f   cg_players.obj
 0001:0004ba40       _CG_G2SkelForModel         3004ca40 f   cg_players.obj
 0001:0004bae0       _CG_G2EvIndexForModel      3004cae0 f   cg_players.obj
 0001:0004bb80       _CG_LoadCISounds           3004cb80 f   cg_players.obj
 0001:0004c4a0       _CG_LoadDeferredPlayers    3004d4a0 f   cg_players.obj
 0001:0004c9c0       _CG_PlayerAnimEventDo      3004d9c0 f   cg_players.obj
 0001:0004cd90       _CG_PlayerAnimEvents       3004dd90 f   cg_players.obj
 0001:0004d0d0       _CG_TriggerAnimSounds      3004e0d0 f   cg_players.obj
 0001:0004d230       _CG_InRoll                 3004e230 f   cg_players.obj
 0001:0004d2d0       _CG_InRollAnim             3004e2d0 f   cg_players.obj
 0001:0004dc60       _CG_G2SetBoneAngles        3004ec60 f   cg_players.obj
 0001:0004dc70       _CG_Rag_Trace              3004ec70 f   cg_players.obj
 0001:0004dd80       _CG_RagDoll                3004ed80 f   cg_players.obj
 0001:0004ed30       _CG_G2ServerBoneAngles     3004fd30 f   cg_players.obj
 0001:0004f030       _CG_G2PlayerHeadAnims      30050030 f   cg_players.obj
 0001:00050530       _CG_PlayerShieldHit        30051530 f   cg_players.obj
 0001:000505c0       _CG_DrawPlayerShield       300515c0 f   cg_players.obj
 0001:00050750       _CG_PlayerHitFX            30051750 f   cg_players.obj
 0001:000507a0       _CG_LightVerts             300517a0 f   cg_players.obj
 0001:00050ec0       _CG_DoSaber                30051ec0 f   cg_players.obj
 0001:00051260       _CG_GetTagWorldPosition    30052260 f   cg_players.obj
 0001:00051340       _CG_CreateSaberMarks       30052340 f   cg_players.obj
 0001:00051b10       _CG_G2TraceCollide         30052b10 f   cg_players.obj
 0001:00051cf0       _CG_G2SaberEffects         30052cf0 f   cg_players.obj
 0001:00051e20       _CG_AddGhoul2Mark          30052e20 f   cg_players.obj
 0001:00051fe0       _CG_SaberCompWork          30052fe0 f   cg_players.obj
 0001:00052420       _CG_AddSaberBlade          30053420 f   cg_players.obj
 0001:00053230       _CG_IsMindTricked          30054230 f   cg_players.obj
 0001:000532d0       _CG_DrawPlayerSphere       300542d0 f   cg_players.obj
 0001:00053600       _CG_AddLightningBeam       30054600 f   cg_players.obj
 0001:00053920       _CG_AddRandomLightning     30054920 f   cg_players.obj
 0001:00053ae0       _CG_ThereIsAMaster         30054ae0 f   cg_players.obj
 0001:00053b10       _CG_HandleAppendedSkin     30054b10 f   cg_players.obj
 0001:00053c10       _CG_CacheG2AnimInfo        30054c10 f   cg_players.obj
 0001:00053e10       _CG_G2AnimEntModelLoad     30054e10 f   cg_players.obj
 0001:000547d0       _CG_VehicleShouldDrawShields 300557d0 f   cg_players.obj
 0001:00054810       _CG_VehicleAttachDroidUnit 30055810 f   cg_players.obj
 0001:00054940       _CG_CreateNPCClient        30055940 f   cg_players.obj
 0001:00054960       _CG_DestroyNPCClient       30055960 f   cg_players.obj
 0001:00055020       _CG_InitJetpackGhoul2      30056020 f   cg_players.obj
 0001:000550c0       _CG_CleanJetpackGhoul2     300560c0 f   cg_players.obj
 0001:000558d0       _CG_RadiusForCent          300568d0 f   cg_players.obj
 0001:00055920       _CG_CheckThirdPersonAlpha  30056920 f   cg_players.obj
 0001:00055be0       _CG_ResetPlayerEntity      30056be0 f   cg_players.obj
 0001:00056040       _CG_LoadClientInfo         30057040 f   cg_players.obj
 0001:00056510       _CG_NewClientInfo          30057510 f   cg_players.obj
 0001:00057070       _CG_ActualLoadDeferredPlayers 30058070 f   cg_players.obj
 0001:000574f0       _CG_AddRefEntityWithPowerups 300584f0 f   cg_players.obj
 0001:00057540       _CG_Player                 30058540 f   cg_players.obj
 0001:0005bcf0       _CG_G2Animated             3005ccf0 f   cg_players.obj
 0001:0005bf00       _CG_CheckAmmo              3005cf00 f   cg_playerstate.obj
 0001:0005bf10       _CG_DamageFeedback         3005cf10 f   cg_playerstate.obj
 0001:0005c210       _CG_Respawn                3005d210 f   cg_playerstate.obj
 0001:0005c240       _CG_CheckPlayerstateEvents 3005d240 f   cg_playerstate.obj
 0001:0005c340       _CG_CheckChangedPredictableEvents 3005d340 f   cg_playerstate.obj
 0001:0005c400       _CG_CheckLocalSounds       3005d400 f   cg_playerstate.obj
 0001:0005c640       _CG_TransitionPlayerState  3005d640 f   cg_playerstate.obj
 0001:0005c7f0       _CG_BuildSolidList         3005d7f0 f   cg_predict.obj
 0001:0005ceb0       _CG_Trace                  3005deb0 f   cg_predict.obj
 0001:0005cf50       _CG_G2Trace                3005df50 f   cg_predict.obj
 0001:0005cff0       _CG_PointContents          3005dff0 f   cg_predict.obj
 0001:0005d5b0       _CG_PmoveClientPointerUpdate 3005e5b0 f   cg_predict.obj
 0001:0005d650       _CG_UsingEWeb              3005e650 f   cg_predict.obj
 0001:0005d680       _CG_PredictPlayerState     3005e680 f   cg_predict.obj
 0001:0005ed50       _CG_PrecacheSiegeObjectiveAssetsForTeam 3005fd50 f   cg_saga.obj
 0001:0005ef60       _CG_PrecachePlayersForSiegeTeam 3005ff60 f   cg_saga.obj
 0001:0005f160       _CG_SiegeRoundOver         30060160 f   cg_saga.obj
 0001:0005f320       _CG_SiegeGetObjectiveDescription 30060320 f   cg_saga.obj
 0001:0005f3f0       _CG_SiegeGetObjectiveFinal 300603f0 f   cg_saga.obj
 0001:0005f4e0       _CG_SiegeBriefingDisplay   300604e0 f   cg_saga.obj
 0001:0005f9c0       _CG_SiegeObjectiveCompleted 300609c0 f   cg_saga.obj
 0001:0005fbe0       _CG_ParseSiegeExtendedDataEntry 30060be0 f   cg_saga.obj
 0001:0005fd70       _CG_ParseSiegeExtendedData 30060d70 f   cg_saga.obj
 0001:0005fdc0       _CG_SetSiegeTimerCvar      30060dc0 f   cg_saga.obj
 0001:0005fe30       _CG_InitSiegeMode          30060e30 f   cg_saga.obj
 0001:00060560       _CG_ParseSiegeObjectiveStatus 30061560 f   cg_saga.obj
 0001:00060e50       _CG_GetClassCount          30061e50 f   cg_scoreboard.obj
 0001:00060eb0       _CG_GetTeamNonScoreCount   30061eb0 f   cg_scoreboard.obj
 0001:00060ef0       _CG_GetTeamCount           30061ef0 f   cg_scoreboard.obj
 0001:00060f40       _CG_DrawOldScoreboard      30061f40 f   cg_scoreboard.obj
 0001:00061c40       _CG_ParseServerinfo        30062c40 f   cg_servercmds.obj
 0001:00062010       _CG_SetConfigValues        30063010 f   cg_servercmds.obj
 0001:00062160       _CG_ShaderStateChanged     30063160 f   cg_servercmds.obj
 0001:000622f0       _SetCustomSoundForType     300632f0 f   cg_servercmds.obj
 0001:00062540       _CG_PrecacheNPCSounds      30063540 f   cg_servercmds.obj
 0001:00062630       _CG_HandleNPCSounds        30063630 f   cg_servercmds.obj
 0001:00062b70       _SetDuelistHealthsFromConfigString 30063b70 f   cg_servercmds.obj
 0001:000631d0       _CG_KillCEntityG2          300641d0 f   cg_servercmds.obj
 0001:00063320       _CG_KillCEntityInstances   30064320 f   cg_servercmds.obj
 0001:000634a0       _CG_CheckSVStringEdRef     300644a0 f   cg_servercmds.obj
 0001:00064680       _CG_ExecuteNewServerCommands 30065680 f   cg_servercmds.obj
 0001:00064790       _CG_SetInitialSnapshot     30065790 f   cg_snapshot.obj
 0001:00064c70       _CG_ProcessSnapshots       30065c70 f   cg_snapshot.obj
 0001:00064d90       _strap_G2API_GetBoltMatrix 30065d90 f   cg_strap.obj
 0001:00064da0       _strap_G2API_GetBoltMatrix_NoReconstruct 30065da0 f   cg_strap.obj
 0001:00064db0       _strap_G2API_GetBoltMatrix_NoRecNoRot 30065db0 f   cg_strap.obj
 0001:00064dc0       _strap_G2API_SetBoneAngles 30065dc0 f   cg_strap.obj
 0001:00064dd0       _strap_G2API_SetBoneAnim   30065dd0 f   cg_strap.obj
 0001:00064e20       _strap_G2API_GetBoneAnim   30065e20 f   cg_strap.obj
 0001:00064e30       _strap_G2API_SetRagDoll    30065e30 f   cg_strap.obj
 0001:00064e40       _strap_G2API_AnimateG2Models 30065e40 f   cg_strap.obj
 0001:00064e50       _strap_G2API_SetBoneIKState 30065e50 f   cg_strap.obj
 0001:00064e60       _strap_G2API_IKMove        30065e60 f   cg_strap.obj
 0001:00064e70       _strap_TrueMalloc          30065e70 f   cg_strap.obj
 0001:00064e80       _strap_TrueFree            30065e80 f   cg_strap.obj
 0001:00064e90       _dllEntry                  30065e90 f   cg_syscalls.obj
 0001:00064ea0       _PASSFLOAT                 30065ea0 f   cg_syscalls.obj
 0001:00064eb0       _trap_Print                30065eb0 f   cg_syscalls.obj
 0001:00064ed0       _trap_Error                30065ed0 f   cg_syscalls.obj
 0001:00064ef0       _trap_Milliseconds         30065ef0 f   cg_syscalls.obj
 0001:00064f00       _trap_PrecisionTimer_Start 30065f00 f   cg_syscalls.obj
 0001:00064f20       _trap_PrecisionTimer_End   30065f20 f   cg_syscalls.obj
 0001:00064f40       _trap_Cvar_Register        30065f40 f   cg_syscalls.obj
 0001:00064f60       _trap_Cvar_Update          30065f60 f   cg_syscalls.obj
 0001:00064f80       _trap_Cvar_Set             30065f80 f   cg_syscalls.obj
 0001:00064fa0       _trap_Cvar_VariableStringBuffer 30065fa0 f   cg_syscalls.obj
 0001:00064fc0       _trap_Cvar_GetHiddenVarValue 30065fc0 f   cg_syscalls.obj
 0001:00064fe0       _trap_Argc                 30065fe0 f   cg_syscalls.obj
 0001:00064ff0       _trap_Argv                 30065ff0 f   cg_syscalls.obj
 0001:00065010       _trap_Args                 30066010 f   cg_syscalls.obj
 0001:00065030       _trap_FS_FOpenFile         30066030 f   cg_syscalls.obj
 0001:00065050       _trap_FS_Read              30066050 f   cg_syscalls.obj
 0001:00065070       _trap_FS_Write             30066070 f   cg_syscalls.obj
 0001:00065090       _trap_FS_FCloseFile        30066090 f   cg_syscalls.obj
 0001:000650b0       _trap_FS_GetFileList       300660b0 f   cg_syscalls.obj
 0001:000650d0       _trap_SendConsoleCommand   300660d0 f   cg_syscalls.obj
 0001:000650f0       _trap_AddCommand           300660f0 f   cg_syscalls.obj
 0001:00065110       _trap_RemoveCommand        30066110 f   cg_syscalls.obj
 0001:00065130       _trap_SendClientCommand    30066130 f   cg_syscalls.obj
 0001:00065150       _trap_UpdateScreen         30066150 f   cg_syscalls.obj
 0001:00065160       _trap_CM_LoadMap           30066160 f   cg_syscalls.obj
 0001:00065180       _trap_CM_NumInlineModels   30066180 f   cg_syscalls.obj
 0001:00065190       _trap_CM_InlineModel       30066190 f   cg_syscalls.obj
 0001:000651b0       _trap_CM_TempBoxModel      300661b0 f   cg_syscalls.obj
 0001:000651d0       _trap_CM_TempCapsuleModel  300661d0 f   cg_syscalls.obj
 0001:000651f0       _trap_CM_PointContents     300661f0 f   cg_syscalls.obj
 0001:00065210       _trap_CM_TransformedPointContents 30066210 f   cg_syscalls.obj
 0001:00065230       _trap_CM_BoxTrace          30066230 f   cg_syscalls.obj
 0001:00065260       _trap_CM_CapsuleTrace      30066260 f   cg_syscalls.obj
 0001:00065290       _trap_CM_TransformedBoxTrace 30066290 f   cg_syscalls.obj
 0001:000652d0       _trap_CM_TransformedCapsuleTrace 300662d0 f   cg_syscalls.obj
 0001:00065310       _trap_CM_MarkFragments     30066310 f   cg_syscalls.obj
 0001:00065340       _trap_S_GetVoiceVolume     30066340 f   cg_syscalls.obj
 0001:00065360       _trap_S_MuteSound          30066360 f   cg_syscalls.obj
 0001:00065380       _trap_S_StartSound         30066380 f   cg_syscalls.obj
 0001:000653a0       _trap_S_StartLocalSound    300663a0 f   cg_syscalls.obj
 0001:000653c0       _trap_S_ClearLoopingSounds 300663c0 f   cg_syscalls.obj
 0001:000653d0       _trap_S_AddLoopingSound    300663d0 f   cg_syscalls.obj
 0001:000653f0       _trap_S_UpdateEntityPosition 300663f0 f   cg_syscalls.obj
 0001:00065410       _trap_S_AddRealLoopingSound 30066410 f   cg_syscalls.obj
 0001:00065430       _trap_S_StopLoopingSound   30066430 f   cg_syscalls.obj
 0001:00065450       _trap_S_Respatialize       30066450 f   cg_syscalls.obj
 0001:00065470       _trap_S_ShutUp             30066470 f   cg_syscalls.obj
 0001:00065490       _trap_S_RegisterSound      30066490 f   cg_syscalls.obj
 0001:000654b0       _trap_S_StartBackgroundTrack 300664b0 f   cg_syscalls.obj
 0001:000654d0       _trap_S_UpdateAmbientSet   300664d0 f   cg_syscalls.obj
 0001:000654f0       _trap_AS_ParseSets         300664f0 f   cg_syscalls.obj
 0001:00065500       _trap_AS_AddPrecacheEntry  30066500 f   cg_syscalls.obj
 0001:00065520       _trap_S_AddLocalSet        30066520 f   cg_syscalls.obj
 0001:00065550       _trap_AS_GetBModelSound    30066550 f   cg_syscalls.obj
 0001:00065570       _trap_R_LoadWorldMap       30066570 f   cg_syscalls.obj
 0001:00065590       _trap_R_RegisterModel      30066590 f   cg_syscalls.obj
 0001:000655b0       _trap_R_RegisterSkin       300665b0 f   cg_syscalls.obj
 0001:000655d0       _trap_R_RegisterShader     300665d0 f   cg_syscalls.obj
 0001:000655f0       _trap_R_RegisterShaderNoMip 300665f0 f   cg_syscalls.obj
 0001:00065610       _trap_R_RegisterFont       30066610 f   cg_syscalls.obj
 0001:00065630       _trap_R_Font_StrLenPixels  30066630 f   cg_syscalls.obj
 0001:00065660       _trap_R_Font_StrLenChars   30066660 f   cg_syscalls.obj
 0001:00065680       _trap_R_Font_HeightPixels  30066680 f   cg_syscalls.obj
 0001:000656a0       _trap_R_Font_DrawString    300666a0 f   cg_syscalls.obj
 0001:000656e0       _trap_Language_IsAsian     300666e0 f   cg_syscalls.obj
 0001:000656f0       _trap_Language_UsesSpaces  300666f0 f   cg_syscalls.obj
 0001:00065700       _trap_AnyLanguage_ReadCharFromString 30066700 f   cg_syscalls.obj
 0001:00065720       _trap_R_ClearScene         30066720 f   cg_syscalls.obj
 0001:00065730       _trap_R_ClearDecals        30066730 f   cg_syscalls.obj
 0001:00065740       _trap_R_AddRefEntityToScene 30066740 f   cg_syscalls.obj
 0001:00065760       _trap_R_AddPolyToScene     30066760 f   cg_syscalls.obj
 0001:00065780       _trap_R_AddPolysToScene    30066780 f   cg_syscalls.obj
 0001:000657b0       _trap_R_AddDecalToScene    300667b0 f   cg_syscalls.obj
 0001:00065830       _trap_R_LightForPoint      30066830 f   cg_syscalls.obj
 0001:00065860       _trap_R_AddLightToScene    30066860 f   cg_syscalls.obj
 0001:000658b0       _trap_R_AddAdditiveLightToScene 300668b0 f   cg_syscalls.obj
 0001:00065900       _trap_R_RenderScene        30066900 f   cg_syscalls.obj
 0001:00065920       _trap_R_SetColor           30066920 f   cg_syscalls.obj
 0001:00065940       _trap_R_DrawStretchPic     30066940 f   cg_syscalls.obj
 0001:000659c0       _trap_R_ModelBounds        300669c0 f   cg_syscalls.obj
 0001:000659e0       _trap_R_LerpTag            300669e0 f   cg_syscalls.obj
 0001:00065a20       _trap_R_DrawRotatePic      30066a20 f   cg_syscalls.obj
 0001:00065ab0       _trap_R_DrawRotatePic2     30066ab0 f   cg_syscalls.obj
 0001:00065b40       _trap_R_SetRangeFog        30066b40 f   cg_syscalls.obj
 0001:00065b60       _trap_R_SetRefractProp     30066b60 f   cg_syscalls.obj
 0001:00065ba0       _trap_R_RemapShader        30066ba0 f   cg_syscalls.obj
 0001:00065bc0       _trap_R_GetLightStyle      30066bc0 f   cg_syscalls.obj
 0001:00065be0       _trap_R_SetLightStyle      30066be0 f   cg_syscalls.obj
 0001:00065c00       _trap_R_GetBModelVerts     30066c00 f   cg_syscalls.obj
 0001:00065c20       _trap_R_GetDistanceCull    30066c20 f   cg_syscalls.obj
 0001:00065c40       _trap_R_GetRealRes         30066c40 f   cg_syscalls.obj
 0001:00065c60       _trap_R_AutomapElevAdj     30066c60 f   cg_syscalls.obj
 0001:00065c80       _trap_R_InitWireframeAutomap 30066c80 f   cg_syscalls.obj
 0001:00065c90       _trap_FX_AddLine           30066c90 f   cg_syscalls.obj
 0001:00065d20       _trap_GetGlconfig          30066d20 f   cg_syscalls.obj
 0001:00065d40       _trap_GetGameState         30066d40 f   cg_syscalls.obj
 0001:00065d60       _trap_GetCurrentSnapshotNumber 30066d60 f   cg_syscalls.obj
 0001:00065d80       _trap_GetSnapshot          30066d80 f   cg_syscalls.obj
 0001:00065da0       _trap_GetDefaultState      30066da0 f   cg_syscalls.obj
 0001:00065dc0       _trap_GetServerCommand     30066dc0 f   cg_syscalls.obj
 0001:00065de0       _trap_GetCurrentCmdNumber  30066de0 f   cg_syscalls.obj
 0001:00065df0       _trap_GetUserCmd           30066df0 f   cg_syscalls.obj
 0001:00065e10       _trap_SetUserCmdValue      30066e10 f   cg_syscalls.obj
 0001:00065e70       _trap_SetClientForceAngle  30066e70 f   cg_syscalls.obj
 0001:00065e90       _trap_SetClientTurnExtent  30066e90 f   cg_syscalls.obj
 0001:00065ec0       _trap_OpenUIMenu           30066ec0 f   cg_syscalls.obj
 0001:00065ee0       _testPrintInt              30066ee0 f   cg_syscalls.obj
 0001:00065f00       _testPrintFloat            30066f00 f   cg_syscalls.obj
 0001:00065f30       _trap_MemoryRemaining      30066f30 f   cg_syscalls.obj
 0001:00065f40       _trap_Key_IsDown           30066f40 f   cg_syscalls.obj
 0001:00065f60       _trap_Key_GetCatcher       30066f60 f   cg_syscalls.obj
 0001:00065f70       _trap_Key_SetCatcher       30066f70 f   cg_syscalls.obj
 0001:00065f90       _trap_Key_GetKey           30066f90 f   cg_syscalls.obj
 0001:00065fb0       _trap_PC_AddGlobalDefine   30066fb0 f   cg_syscalls.obj
 0001:00065fd0       _trap_PC_LoadSource        30066fd0 f   cg_syscalls.obj
 0001:00065ff0       _trap_PC_FreeSource        30066ff0 f   cg_syscalls.obj
 0001:00066010       _trap_PC_ReadToken         30067010 f   cg_syscalls.obj
 0001:00066030       _trap_PC_SourceFileAndLine 30067030 f   cg_syscalls.obj
 0001:00066050       _trap_PC_LoadGlobalDefines 30067050 f   cg_syscalls.obj
 0001:00066070       _trap_PC_RemoveAllGlobalDefines 30067070 f   cg_syscalls.obj
 0001:00066080       _trap_S_StopBackgroundTrack 30067080 f   cg_syscalls.obj
 0001:00066090       _trap_RealTime             30067090 f   cg_syscalls.obj
 0001:000660b0       _trap_SnapVector           300670b0 f   cg_syscalls.obj
 0001:000660d0       _trap_CIN_PlayCinematic    300670d0 f   cg_syscalls.obj
 0001:00066100       _trap_CIN_StopCinematic    30067100 f   cg_syscalls.obj
 0001:00066120       _trap_CIN_RunCinematic     30067120 f   cg_syscalls.obj
 0001:00066140       _trap_CIN_DrawCinematic    30067140 f   cg_syscalls.obj
 0001:00066160       _trap_CIN_SetExtents       30067160 f   cg_syscalls.obj
 0001:00066190       _trap_GetEntityToken       30067190 f   cg_syscalls.obj
 0001:000661b0       _trap_R_inPVS              300671b0 f   cg_syscalls.obj
 0001:000661d0       _trap_FX_RegisterEffect    300671d0 f   cg_syscalls.obj
 0001:000661f0       _trap_FX_PlayEffect        300671f0 f   cg_syscalls.obj
 0001:00066220       _trap_FX_PlayEntityEffect  30067220 f   cg_syscalls.obj
 0001:00066260       _trap_FX_PlayEffectID      30067260 f   cg_syscalls.obj
 0001:00066290       _trap_FX_PlayPortalEffectID 30067290 f   cg_syscalls.obj
 0001:000662b0       _trap_FX_PlayEntityEffectID 300672b0 f   cg_syscalls.obj
 0001:000662f0       _trap_FX_PlayBoltedEffectID 300672f0 f   cg_syscalls.obj
 0001:00066330       _trap_FX_AddScheduledEffects 30067330 f   cg_syscalls.obj
 0001:00066350       _trap_FX_Draw2DEffects     30067350 f   cg_syscalls.obj
 0001:00066380       _trap_FX_InitSystem        30067380 f   cg_syscalls.obj
 0001:000663a0       _trap_FX_SetRefDef         300673a0 f   cg_syscalls.obj
 0001:000663c0       _trap_FX_FreeSystem        300673c0 f   cg_syscalls.obj
 0001:000663d0       _trap_FX_Reset             300673d0 f   cg_syscalls.obj
 0001:000663e0       _trap_FX_AdjustTime        300673e0 f   cg_syscalls.obj
 0001:00066400       _trap_FX_AddPoly           30067400 f   cg_syscalls.obj
 0001:00066420       _trap_FX_AddBezier         30067420 f   cg_syscalls.obj
 0001:00066440       _trap_FX_AddPrimitive      30067440 f   cg_syscalls.obj
 0001:00066460       _trap_FX_AddSprite         30067460 f   cg_syscalls.obj
 0001:00066480       _trap_FX_AddElectricity    30067480 f   cg_syscalls.obj
 0001:000664a0       _trap_SP_GetStringTextString 300674a0 f   cg_syscalls.obj
 0001:000664c0       _trap_ROFF_Clean           300674c0 f   cg_syscalls.obj
 0001:000664d0       _trap_ROFF_UpdateEntities  300674d0 f   cg_syscalls.obj
 0001:000664e0       _trap_ROFF_Cache           300674e0 f   cg_syscalls.obj
 0001:00066500       _trap_ROFF_Play            30067500 f   cg_syscalls.obj
 0001:00066520       _trap_ROFF_Purge_Ent       30067520 f   cg_syscalls.obj
 0001:00066540       _trap_TrueMalloc           30067540 f   cg_syscalls.obj
 0001:00066560       _trap_TrueFree             30067560 f   cg_syscalls.obj
 0001:00066580       _trap_G2_ListModelSurfaces 30067580 f   cg_syscalls.obj
 0001:000665a0       _trap_G2_ListModelBones    300675a0 f   cg_syscalls.obj
 0001:000665c0       _trap_G2_SetGhoul2ModelIndexes 300675c0 f   cg_syscalls.obj
 0001:000665e0       _trap_G2_HaveWeGhoul2Models 300675e0 f   cg_syscalls.obj
 0001:00066600       _trap_G2API_GetBoltMatrix  30067600 f   cg_syscalls.obj
 0001:00066640       _trap_G2API_GetBoltMatrix_NoReconstruct 30067640 f   cg_syscalls.obj
 0001:00066680       _trap_G2API_GetBoltMatrix_NoRecNoRot 30067680 f   cg_syscalls.obj
 0001:000666c0       _trap_G2API_InitGhoul2Model 300676c0 f   cg_syscalls.obj
 0001:00066700       _trap_G2API_SetSkin        30067700 f   cg_syscalls.obj
 0001:00066730       _trap_G2API_CollisionDetect 30067730 f   cg_syscalls.obj
 0001:00066790       _trap_G2API_CollisionDetectCache 30067790 f   cg_syscalls.obj
 0001:000667f0       _trap_G2API_CleanGhoul2Models 300677f0 f   cg_syscalls.obj
 0001:00066810       _trap_G2API_SetBoneAngles  30067810 f   cg_syscalls.obj
 0001:00066860       _trap_G2API_SetBoneAnim    30067860 f   cg_syscalls.obj
 0001:000668c0       _trap_G2API_GetBoneAnim    300678c0 f   cg_syscalls.obj
 0001:00066910       _trap_G2API_GetBoneFrame   30067910 f   cg_syscalls.obj
 0001:00066940       _trap_G2API_GetGLAName     30067940 f   cg_syscalls.obj
 0001:00066960       _trap_G2API_CopyGhoul2Instance 30067960 f   cg_syscalls.obj
 0001:00066980       _trap_G2API_CopySpecificGhoul2Model 30067980 f   cg_syscalls.obj
 0001:000669b0       _trap_G2API_DuplicateGhoul2Instance 300679b0 f   cg_syscalls.obj
 0001:000669d0       _trap_G2API_HasGhoul2ModelOnIndex 300679d0 f   cg_syscalls.obj
 0001:000669f0       _trap_G2API_RemoveGhoul2Model 300679f0 f   cg_syscalls.obj
 0001:00066a10       _trap_G2API_SkinlessModel  30067a10 f   cg_syscalls.obj
 0001:00066a30       _trap_G2API_GetNumGoreMarks 30067a30 f   cg_syscalls.obj
 0001:00066a50       _trap_G2API_AddSkinGore    30067a50 f   cg_syscalls.obj
 0001:00066a70       _trap_G2API_ClearSkinGore  30067a70 f   cg_syscalls.obj
 0001:00066a90       _trap_G2API_Ghoul2Size     30067a90 f   cg_syscalls.obj
 0001:00066ab0       _trap_G2API_AddBolt        30067ab0 f   cg_syscalls.obj
 0001:00066ad0       _trap_G2API_AttachEnt      30067ad0 f   cg_syscalls.obj
 0001:00066b00       _trap_G2API_SetBoltInfo    30067b00 f   cg_syscalls.obj
 0001:00066b20       _trap_G2API_SetRootSurface 30067b20 f   cg_syscalls.obj
 0001:00066b40       _trap_G2API_SetSurfaceOnOff 30067b40 f   cg_syscalls.obj
 0001:00066b60       _trap_G2API_SetNewOrigin   30067b60 f   cg_syscalls.obj
 0001:00066b80       _trap_G2API_DoesBoneExist  30067b80 f   cg_syscalls.obj
 0001:00066ba0       _trap_G2API_GetSurfaceRenderStatus 30067ba0 f   cg_syscalls.obj
 0001:00066bc0       _trap_G2API_GetTime        30067bc0 f   cg_syscalls.obj
 0001:00066bd0       _trap_G2API_SetTime        30067bd0 f   cg_syscalls.obj
 0001:00066bf0       _trap_G2API_AbsurdSmoothing 30067bf0 f   cg_syscalls.obj
 0001:00066c10       _trap_G2API_SetRagDoll     30067c10 f   cg_syscalls.obj
 0001:00066c30       _trap_G2API_AnimateG2Models 30067c30 f   cg_syscalls.obj
 0001:00066c50       _trap_G2API_RagPCJConstraint 30067c50 f   cg_syscalls.obj
 0001:00066c80       _trap_G2API_RagPCJGradientSpeed 30067c80 f   cg_syscalls.obj
 0001:00066cb0       _trap_G2API_RagEffectorGoal 30067cb0 f   cg_syscalls.obj
 0001:00066cd0       _trap_G2API_GetRagBonePos  30067cd0 f   cg_syscalls.obj
 0001:00066d00       _trap_G2API_RagEffectorKick 30067d00 f   cg_syscalls.obj
 0001:00066d20       _trap_G2API_RagForceSolve  30067d20 f   cg_syscalls.obj
 0001:00066d40       _trap_G2API_SetBoneIKState 30067d40 f   cg_syscalls.obj
 0001:00066d70       _trap_G2API_IKMove         30067d70 f   cg_syscalls.obj
 0001:00066d90       _trap_G2API_RemoveBone     30067d90 f   cg_syscalls.obj
 0001:00066db0       _trap_G2API_AttachInstanceToEntNum 30067db0 f   cg_syscalls.obj
 0001:00066dd0       _trap_G2API_ClearAttachedInstance 30067dd0 f   cg_syscalls.obj
 0001:00066df0       _trap_G2API_CleanEntAttachments 30067df0 f   cg_syscalls.obj
 0001:00066e00       _trap_G2API_OverrideServer 30067e00 f   cg_syscalls.obj
 0001:00066e20       _trap_G2API_GetSurfaceName 30067e20 f   cg_syscalls.obj
 0001:00066e50       _trap_CG_RegisterSharedMemory 30067e50 f   cg_syscalls.obj
 0001:00066e70       _trap_CM_RegisterTerrain   30067e70 f   cg_syscalls.obj
 0001:00066e90       _trap_RMG_Init             30067e90 f   cg_syscalls.obj
 0001:00066eb0       _trap_RE_InitRendererTerrain 30067eb0 f   cg_syscalls.obj
 0001:00066ed0       _trap_R_WeatherContentsOverride 30067ed0 f   cg_syscalls.obj
 0001:00066ef0       _trap_R_WorldEffectCommand 30067ef0 f   cg_syscalls.obj
 0001:00066f10       _trap_WE_AddWeatherZone    30067f10 f   cg_syscalls.obj
 0001:00066ff0       _CreepToPosition           30067ff0 f   cg_turret.obj
 0001:000671c0       _TurretClientRun           300681c0 f   cg_turret.obj
 0001:00067680       _CG_TestModel_f            30068680 f   cg_view.obj
 0001:000677a0       _CG_TestGun_f              300687a0 f   cg_view.obj
 0001:000677c0       _CG_TestModelNextFrame_f   300687c0 f   cg_view.obj
 0001:000677e0       _CG_TestModelPrevFrame_f   300687e0 f   cg_view.obj
 0001:00067810       _CG_TestModelNextSkin_f    30068810 f   cg_view.obj
 0001:00067830       _CG_TestModelPrevSkin_f    30068830 f   cg_view.obj
 0001:00068850       _CG_GetVehicleCamPos       30069850 f   cg_view.obj
 0001:00068f40       _CG_ZoomDown_f             30069f40 f   cg_view.obj
 0001:00068f60       _CG_ZoomUp_f               30069f60 f   cg_view.obj
 0001:00068f80       _CG_CalcFOVFromX           30069f80 f   cg_view.obj
 0001:00069960       _CG_CheckPassengerTurretView 3006a960 f   cg_view.obj
 0001:00069c10       _CG_DrawSkyBoxPortal       3006ac10 f   cg_view.obj
 0001:0006a080       _CG_AddBufferedSound       3006b080 f   cg_view.obj
 0001:0006a130       _CG_UpdateSoundTrackers    3006b130 f   cg_view.obj
 0001:0006a1e0       _CG_SE_UpdateShake         3006b1e0 f   cg_view.obj
 0001:0006a310       _CG_SE_UpdateMusic         3006b310 f   cg_view.obj
 0001:0006a4a0       _CG_CalcScreenEffects      3006b4a0 f   cg_view.obj
 0001:0006a4c0       _CGCam_Shake               3006b4c0 f   cg_view.obj
 0001:0006a500       _CG_DoCameraShake          3006b500 f   cg_view.obj
 0001:0006a5b0       _CGCam_SetMusicMult        3006b5b0 f   cg_view.obj
 0001:0006a610       _CG_EmplacedView           3006b610 f   cg_view.obj
 0001:0006a7f0       _CG_AddRadarAutomapEnts    3006b7f0 f   cg_view.obj
 0001:0006a850       _CG_DrawAutoMap            3006b850 f   cg_view.obj
 0001:0006b0f0       _CG_DrawActiveFrame        3006c0f0 f   cg_view.obj
 0001:0006b720       _CG_RegisterWeapon         3006c720 f   cg_weaponinit.obj
 0001:0006c890       _CG_SetGhoul2InfoRef       3006d890 f   cg_weapons.obj
 0001:0006c900       _CG_RegisterItemVisuals    3006d900 f   cg_weapons.obj
 0001:0006cd80       _CG_AddPlayerWeapon        3006dd80 f   cg_weapons.obj
 0001:0006d6b0       _CG_AddViewWeapon          3006e6b0 f   cg_weapons.obj
 0001:0006d990       _CG_DrawIconBackground     3006e990 f   cg_weapons.obj
 0001:0006db40       _CG_WeaponCheck            3006eb40 f   cg_weapons.obj
 0001:0006dbf0       _CG_DrawWeaponSelect       3006ebf0 f   cg_weapons.obj
 0001:0006e150       _CG_NextWeapon_f           3006f150 f   cg_weapons.obj
 0001:0006e210       _CG_PrevWeapon_f           3006f210 f   cg_weapons.obj
 0001:0006e2e0       _CG_Weapon_f               3006f2e0 f   cg_weapons.obj
 0001:0006e420       _CG_WeaponClean_f          3006f420 f   cg_weapons.obj
 0001:0006e550       _CG_OutOfAmmoChange        3006f550 f   cg_weapons.obj
 0001:0006e620       _CG_GetClientWeaponMuzzleBoltPoint 3006f620 f   cg_weapons.obj
 0001:0006e6c0       _CG_FireWeapon             3006f6c0 f   cg_weapons.obj
 0001:0006e8f0       _CG_VehicleWeaponImpact    3006f8f0 f   cg_weapons.obj
 0001:0006e970       _CG_MissileHitWall         3006f970 f   cg_weapons.obj
 0001:0006eba0       _CG_MissileHitPlayer       3006fba0 f   cg_weapons.obj
 0001:0006eda0       _CG_CalcMuzzlePoint        3006fda0 f   cg_weapons.obj
 0001:0006f0c0       _CG_InitG2Weapons          300700c0 f   cg_weapons.obj
 0001:0006f1b0       _CG_ShutDownG2Weapons      300701b0 f   cg_weapons.obj
 0001:0006f1d0       _CG_G2WeaponInstance       300701d0 f   cg_weapons.obj
 0001:0006f230       _CG_CopyG2WeaponInstance   30070230 f   cg_weapons.obj
 0001:0006f3b0       _CG_CheckPlayerG2Weapons   300703b0 f   cg_weapons.obj
 0001:0006f6a0       _BG_FighterUpdate          300706a0 f   FighterNPC.obj
 0001:0006f830       _FighterOverValidLandingSurface 30070830 f   FighterNPC.obj
 0001:0006f860       _FighterIsLanded           30070860 f   FighterNPC.obj
 0001:0006f8a0       _FighterIsLanding          300708a0 f   FighterNPC.obj
 0001:0006f900       _FighterIsLaunching        30070900 f   FighterNPC.obj
 0001:0006f950       _FighterSuspended          30070950 f   FighterNPC.obj
 0001:00070770       _FighterYawAdjust          30071770 f   FighterNPC.obj
 0001:00070870       _FighterPitchAdjust        30071870 f   FighterNPC.obj
 0001:00070960       _FighterPitchClamp         30071960 f   FighterNPC.obj
 0001:000711d0       _G_SetFighterVehicleFunctions 300721d0 f   FighterNPC.obj
 0001:00071200       _G_CreateFighterNPC        30072200 f   FighterNPC.obj
 0001:00071250       _FX_BlasterProjectileThink 30072250 f   fx_blaster.obj
 0001:000712a0       _FX_BlasterAltFireThink    300722a0 f   fx_blaster.obj
 0001:000712f0       _FX_BlasterWeaponHitWall   300722f0 f   fx_blaster.obj
 0001:00071310       _FX_BlasterWeaponHitPlayer 30072310 f   fx_blaster.obj
 0001:00071340       _FX_BowcasterProjectileThink 30072340 f   fx_bowcaster.obj
 0001:00071390       _FX_BowcasterHitWall       30072390 f   fx_bowcaster.obj
 0001:000713b0       _FX_BowcasterHitPlayer     300723b0 f   fx_bowcaster.obj
 0001:000713d0       _FX_BowcasterAltProjectileThink 300723d0 f   fx_bowcaster.obj
 0001:00071420       _FX_BryarProjectileThink   30072420 f   fx_bryarpistol.obj
 0001:00071470       _FX_BryarHitWall           30072470 f   fx_bryarpistol.obj
 0001:00071490       _FX_BryarHitPlayer         30072490 f   fx_bryarpistol.obj
 0001:000714c0       _FX_BryarAltProjectileThink 300724c0 f   fx_bryarpistol.obj
 0001:00071550       _FX_BryarAltHitWall        30072550 f   fx_bryarpistol.obj
 0001:000715b0       _FX_BryarAltHitPlayer      300725b0 f   fx_bryarpistol.obj
 0001:000715e0       _FX_TurretProjectileThink  300725e0 f   fx_bryarpistol.obj
 0001:00071630       _FX_TurretHitWall          30072630 f   fx_bryarpistol.obj
 0001:00071650       _FX_TurretHitPlayer        30072650 f   fx_bryarpistol.obj
 0001:00071680       _FX_ConcussionHitWall      30072680 f   fx_bryarpistol.obj
 0001:000716a0       _FX_ConcussionHitPlayer    300726a0 f   fx_bryarpistol.obj
 0001:000716c0       _FX_ConcussionProjectileThink 300726c0 f   fx_bryarpistol.obj
 0001:00071710       _FX_ConcAltShot            30072710 f   fx_bryarpistol.obj
 0001:000717e0       _FX_DEMP2_ProjectileThink  300727e0 f   fx_demp2.obj
 0001:00071830       _FX_DEMP2_HitWall          30072830 f   fx_demp2.obj
 0001:00071850       _FX_DEMP2_HitPlayer        30072850 f   fx_demp2.obj
 0001:00071870       _FX_DEMP2_AltBeam          30072870 f   fx_demp2.obj
 0001:00071880       _FX_DEMP2_AltDetonate      30072880 f   fx_demp2.obj
 0001:00071920       _FX_DisruptorMainShot      30072920 f   fx_disruptor.obj
 0001:00071990       _FX_DisruptorAltShot       30072990 f   fx_disruptor.obj
 0001:00071a80       _FX_DisruptorAltMiss       30072a80 f   fx_disruptor.obj
 0001:00071c60       _FX_DisruptorAltHit        30072c60 f   fx_disruptor.obj
 0001:00071c80       _FX_DisruptorHitWall       30072c80 f   fx_disruptor.obj
 0001:00071ca0       _FX_DisruptorHitPlayer     30072ca0 f   fx_disruptor.obj
 0001:00071cc0       _FX_FlechetteProjectileThink 30072cc0 f   fx_flechette.obj
 0001:00071d10       _FX_FlechetteWeaponHitWall 30072d10 f   fx_flechette.obj
 0001:00071d30       _FX_FlechetteWeaponHitPlayer 30072d30 f   fx_flechette.obj
 0001:00071d50       _FX_FlechetteAltProjectileThink 30072d50 f   fx_flechette.obj
 0001:00071da0       _FX_ForceDrained           30072da0 f   fx_force.obj
 0001:00071e10       _FX_RepeaterProjectileThink 30072e10 f   fx_heavyrepeater.obj
 0001:00071e60       _FX_RepeaterHitWall        30072e60 f   fx_heavyrepeater.obj
 0001:00071e80       _FX_RepeaterHitPlayer      30072e80 f   fx_heavyrepeater.obj
 0001:000720a0       _FX_RepeaterAltProjectileThink 300730a0 f   fx_heavyrepeater.obj
[...]
 0001:000607b0       _CG_DrawClientScore        300617b0 f   cg_scoreboard.obj
 0001:00060de0       _CG_TeamScoreboard         30061de0 f   cg_scoreboard.obj
 0001:000619a0       _CG_ParseScores            300629a0 f   cg_servercmds.obj
 0001:00061b70       _CG_ParseTeamInfo          30062b70 f   cg_servercmds.obj
 0001:00061ff0       _CG_ParseWarmup            30062ff0 f   cg_servercmds.obj
 0001:00062270       _GetCustomSoundForType     30063270 f   cg_servercmds.obj
 0001:000623b0       _CG_RegisterCustomSounds   300633b0 f   cg_servercmds.obj
 0001:00062c70       _CG_ConfigStringModified   30063c70 f   cg_servercmds.obj
 0001:000633b0       _CG_MapRestart             300643b0 f   cg_servercmds.obj
 0001:00063470       _CG_RemoveChatEscapeChar   30064470 f   cg_servercmds.obj
 0001:00063640       _CG_BodyQueueCopy          30064640 f   cg_servercmds.obj
 0001:000638a0       _CG_ServerCommand          300648a0 f   cg_servercmds.obj
 0001:000646c0       _CG_ResetEntity            300656c0 f   cg_snapshot.obj
 0001:00064750       _CG_TransitionEntity       30065750 f   cg_snapshot.obj
 0001:00064910       _CG_TransitionSnapshot     30065910 f   cg_snapshot.obj
 0001:00064ad0       _CG_SetNextSnap            30065ad0 f   cg_snapshot.obj
 0001:00064bd0       _CG_ReadNextSnapshot       30065bd0 f   cg_snapshot.obj
 0001:00066f30       _BG_GiveMeVectorFromMatrix 30067f30 f   cg_turret.obj
 0001:00067590       _VectorLength              30068590 f   cg_view.obj
 0001:000675c0       _BG_GiveMeVectorFromMatrix 300685c0 f   cg_view.obj
 0001:00067860       _CG_AddTestModel           30068860 f   cg_view.obj
 0001:000679d0       _CG_CalcVrect              300689d0 f   cg_view.obj
 0001:00067a90       _CG_StepOffset             30068a90 f   cg_view.obj
 0001:00067ad0       _CG_CalcIdealThirdPersonViewTarget 30068ad0 f   cg_view.obj
 0001:00067c90       _CG_CalcIdealThirdPersonViewLocation 30068c90 f   cg_view.obj
 0001:00067d90       _CG_ResetThirdPersonViewDamp 30068d90 f   cg_view.obj
 0001:00067f30       _CG_UpdateThirdPersonTargetDamp 30068f30 f   cg_view.obj
 0001:000680e0       _CG_UpdateThirdPersonCameraDamp 300690e0 f   cg_view.obj
 0001:00068420       _CG_OffsetThirdPersonView  30069420 f   cg_view.obj
 0001:00068870       _CG_OffsetFirstPersonView  30069870 f   cg_view.obj
 0001:00068c80       _CG_OffsetFighterView      30069c80 f   cg_view.obj
 0001:00068ff0       _CG_CalcFov                30069ff0 f   cg_view.obj
 0001:000693a0       _CG_DamageBlendBlob        3006a3a0 f   cg_view.obj
 0001:00069640       _CG_ThirdPersonActionCam   3006a640 f   cg_view.obj
 0001:00069c00       _CG_PowerupTimerSounds     3006ac00 f   cg_view.obj
 0001:0006a0c0       _CG_PlayBufferedSounds     3006b0c0 f   cg_view.obj
 0001:0006a6d0       _CG_AddRefentForAutoMap    3006b6d0 f   cg_view.obj
 0001:0006ada0       _CG_CalcViewValues         3006bda0 f   cg_view.obj
 0001:0006c7d0       _BG_GiveMeVectorFromMatrix 3006d7d0 f   cg_weapons.obj
 0001:0006cab0       _CG_MapTorsoToWeaponFrame  3006dab0 f   cg_weapons.obj
 0001:0006cbc0       _CG_CalculateWeaponPosition 3006dbc0 f   cg_weapons.obj
 0001:0006cd00       _CG_LightningBolt          3006dd00 f   cg_weapons.obj
 0001:0006cd20       _CG_AddWeaponWithPowerups  3006dd20 f   cg_weapons.obj
 0001:0006db80       _CG_WeaponSelectable       3006eb80 f   cg_weapons.obj
 0001:0006f670       _VectorLength              30070670 f   FighterNPC.obj
 0001:0006f760       _PredictedAngularDecrement 30070760 f   FighterNPC.obj
 0001:0006f960       _ProcessMoveCommands       30070960 f   FighterNPC.obj
 0001:000702d0       _FighterWingMalfunctionCheck 300712d0 f   FighterNPC.obj
 0001:000703f0       _FighterNoseMalfunctionCheck 300713f0 f   FighterNPC.obj
 0001:00070490       _FighterDamageRoutine      30071490 f   FighterNPC.obj
 0001:000709e0       _ProcessOrientCommands     300719e0 f   FighterNPC.obj
 0001:00071de0       _VectorLength              30072de0 f   fx_heavyrepeater.obj
 0001:00071ea0       _CG_DistortionOrb          30072ea0 f   fx_heavyrepeater.obj
 0001:00072220       _VectorLength              30073220 f   q_math.obj
 0001:00072250       _VectorLengthSquared       30073250 f   q_math.obj
 0001:00072280       _Distance                  30073280 f   q_math.obj
 0001:000722d0       _CrossProduct              300732d0 f   q_math.obj
 0001:000758c0       _ProcessMoveCommands       300768c0 f   SpeederNPC.obj
 0001:00075ef0       _hashForString             30076ef0 f   ui_shared.obj
 0001:00079e10       _Scroll_TextScroll_AutoFunc 3007ae10 f   ui_shared.obj
 0001:00079e80       _Scroll_TextScroll_ThumbFunc 3007ae80 f   ui_shared.obj
 0001:00079fb0       _Scroll_ListBox_AutoFunc   3007afb0 f   ui_shared.obj
 0001:0007a020       _Scroll_ListBox_ThumbFunc  3007b020 f   ui_shared.obj
 0001:0007a240       _Scroll_Slider_ThumbFunc   3007b240 f   ui_shared.obj
 0001:0007a790       _Window_CloseCinematic     3007b790 f   ui_shared.obj
 0001:0007a7c0       _Menu_CloseCinematics      3007b7c0 f   ui_shared.obj
 0001:0007a860       _Display_CloseCinematics   3007b860 f   ui_shared.obj
 0001:0007bb80       _Controls_GetKeyAssignment 3007cb80 f   ui_shared.obj
 0001:0007fda0       _Item_TextScroll_BuildLines 30080da0 f   ui_shared.obj
 0001:00080b00       _Window_CacheContents      30081b00 f   ui_shared.obj
 0001:00080b40       _Item_CacheContents        30081b40 f   ui_shared.obj
 0001:00080b80       _Menu_CacheContents        30081b80 f   ui_shared.obj
 0001:00080c80       _Menu_OverActiveItem       30081c80 f   ui_shared.obj
 0001:00081220       _Menu_RunCloseScript       30082220 f   ui_shared.obj
 0001:000841d0       _VectorLength              300851d0 f   WalkerNPC.obj
 0001:00084200       _ProcessMoveCommands       30085200 f   WalkerNPC.obj
 0001:00084500       _ProcessOrientCommands     30085500 f   WalkerNPC.obj
 0001:00084fb0       _vscan_fn                  30085fb0 f   LIBCMTD:sscanf.obj
 0001:000862e0       _swprintf                  300872e0 f   LIBCMTD:wassert.obj
 0001:00088120       ___DllMainCRTStartup       30089120 f   LIBCMTD:dllcrt0.obj
 0001:00088820       __cftoe2_l                 30089820 f   LIBCMTD:cvt.obj
 0001:000895b0       __cftof2_l                 3008a5b0 f   LIBCMTD:cvt.obj
 0001:00089b80       __shift                    3008ab80 f   LIBCMTD:cvt.obj
 0001:00089c80       _fastzero_I                3008ac80 f   LIBCMTD:p4_memset.obj
 0001:0008c720       ?getSystemCP@@YAHH@Z       3008d720 f   LIBCMTD:mbctype.obj
 0001:0008cb50       ?CPtoLCID@@YAHH@Z          3008db50 f   LIBCMTD:mbctype.obj
 0001:0008cbd0       ?setSBCS@@YAXPAUthreadmbcinfostruct@@@Z 3008dbd0 f   LIBCMTD:mbctype.obj
 0001:0008ccb0       ?setSBUpLow@@YAXPAUthreadmbcinfostruct@@@Z 3008dcb0 f   LIBCMTD:mbctype.obj
 0001:0008d6b0       __updatetlocinfoEx_nolock  3008e6b0 f   LIBCMTD:setlocal.obj
 0001:0008dbe0       __copytlocinfo_nolock      3008ebe0 f   LIBCMTD:setlocal.obj
 0001:0008dfc0       _sync_legacy_variables_lk  3008efc0 f   LIBCMTD:setlocal.obj
 0001:0008e040       __setlocale_nolock         3008f040 f   LIBCMTD:setlocal.obj
 0001:0008e430       __setlocale_set_cat        3008f430 f   LIBCMTD:setlocal.obj
 0001:0008e960       __setlocale_get_all        3008f960 f   LIBCMTD:setlocal.obj
 0001:00090c70       ?strtoxl@@YAKPAUlocaleinfo_struct@@PBDPAPBDHH@Z 30091c70 f   LIBCMTD:strtol.obj
 0001:00091230       ?strtoxq@@YA_KPAUlocaleinfo_struct@@PBDPAPBDHH@Z 30092230 f   LIBCMTD:strtoq.obj
 0001:00092f40       ___check_float_string      30093f40 f   LIBCMTD:input.obj
 0001:00093050       __hextodec                 30094050 f   LIBCMTD:input.obj
 0001:00093090       __inc                      30094090 f   LIBCMTD:input.obj
 0001:000930f0       __un_inc                   300940f0 f   LIBCMTD:input.obj
 0001:00093110       __whiteout                 30094110 f   LIBCMTD:input.obj
 0001:00094c60       ___check_float_string      30095c60 f   LIBCMTD:inputs.obj
 0001:00094d50       __hextodec                 30095d50 f   LIBCMTD:inputs.obj
 0001:00094d90       __inc                      30095d90 f   LIBCMTD:inputs.obj
 0001:00094df0       __un_inc                   30095df0 f   LIBCMTD:inputs.obj
 0001:00094e10       __whiteout                 30095e10 f   LIBCMTD:inputs.obj
 0001:000957b0       _doexit                    300967b0 f   LIBCMTD:crt0dat.obj
 0001:00095a10       __initterm                 30096a10 f   LIBCMTD:crt0dat.obj
 0001:000964f0       _ctrlevent_capture@4       300974f0 f   LIBCMTD:winsig.obj
 0001:000968f0       _siglookup                 300978f0 f   LIBCMTD:winsig.obj
 0001:00096c50       _xtow_s@20                 30097c50 f   LIBCMTD:xtows.obj
 0001:00097080       @x64tow_s@24               30098080 f   LIBCMTD:xtows.obj
 0001:000985b0       _flsall                    300995b0 f   LIBCMTD:fflush.obj
 0001:0009a800       ?wcsncnt@@YAIPB_WI@Z       3009b800 f   LIBCMTD:wcstombs.obj
 0001:0009cb30       _write_char                3009db30 f   LIBCMTD:output.obj
 0001:0009cbd0       _write_multi_char          3009dbd0 f   LIBCMTD:output.obj
 0001:0009cc10       _write_string              3009dc10 f   LIBCMTD:output.obj
 0001:000a1340       _write_char                300a2340 f   LIBCMTD:outputp.obj
 0001:000a13e0       _write_multi_char          300a23e0 f   LIBCMTD:outputp.obj
 0001:000a1420       _write_string              300a2420 f   LIBCMTD:outputp.obj
 0001:000a15c0       _fastcopy_I                300a25c0 f   LIBCMTD:p4_memcpy.obj
 0001:000a3bb0       ?__crtLCMapStringA_stat@@YAHPAUlocaleinfo_struct@@KKPBDHPADHHH@Z 300a4bb0 f   LIBCMTD:a_map.obj
 0001:000a4140       ?strncnt@@YAHPBDH@Z        300a5140 f   LIBCMTD:a_map.obj
 0001:000a4ce0       _realloc_help              300a5ce0 f   LIBCMTD:dbgheap.obj
 0001:000a5c50       _CheckBytes                300a6c50 f   LIBCMTD:dbgheap.obj
 0001:000a69a0       ?_CrtMemDumpAllObjectsSince_stat@@YAXPBU_CrtMemState@@PAUlocaleinfo_struct@@@Z 300a79a0 f   LIBCMTD:dbgheap.obj
 0001:000a6cb0       __printMemBlockData        300a7cb0 f   LIBCMTD:dbgheap.obj
 0001:000a7f70       _parse_cmdline             300a8f70 f   LIBCMTD:stdargv.obj
 0001:000a8a80       _xcptlookup                300a9a80 f   LIBCMTD:winxfltr.obj
 0001:000a8cb0       _ValidateLocalCookies      300a9cb0 f   LIBCMTD:chandler4.obj
 0001:000aa240       _has_osfxsr_set            300ab240 f   LIBCMTD:cpu_disp.obj
 0001:000ab140       __get_fname                300ac140 f   LIBCMTD:fpexcept.obj
 0001:000abef0       ?__crtGetStringTypeA_stat@@YAHPAUlocaleinfo_struct@@KPBDHPAGHHH@Z 300acef0 f   LIBCMTD:a_str.obj
 0001:000addb0       ?CatchGuardHandler@@YA?AW4_EXCEPTION_DISPOSITION@@PAUEHExceptionRecord@@PAUCatchGuardRN@@PAX2@Z 300aedb0 f   LIBCMTD:trnsctrl.obj
 0001:000adef0       ?TranslatorGuardHandler@@YA?AW4_EXCEPTION_DISPOSITION@@PAUEHExceptionRecord@@PAUTranslatorGuardRN@@PAX2@Z 300aeef0 f   LIBCMTD:trnsctrl.obj
 0001:000ae240       __get_lc_time              300af240 f   LIBCMTD:inittime.obj
 0001:000aee50       _fix_grouping              300afe50 f   LIBCMTD:initnum.obj
 0001:000af3c0       _fix_grouping              300b03c0 f   LIBCMTD:initmon.obj
 0001:000b0a50       ?_expandtime@@YAHPAUlocaleinfo_struct@@DPBUtm@@PAPADPAIPAU__lc_time_data@@I@Z 300b1a50 f   LIBCMTD:strftime.obj
 0001:000b19f0       ?_store_str@@YAXPADPAPADPAI@Z 300b29f0 f   LIBCMTD:strftime.obj
 0001:000b1a40       ?_store_num@@YAXHHPAPADPAII@Z 300b2a40 f   LIBCMTD:strftime.obj
 0001:000b1af0       ?_store_number@@YAXHPAPADPAI@Z 300b2af0 f   LIBCMTD:strftime.obj
 0001:000b1ba0       ?_store_winword@@YAHPAUlocaleinfo_struct@@HPBUtm@@PAPADPAIPAU__lc_time_data@@@Z 300b2ba0 f   LIBCMTD:strftime.obj
 0001:000b2e50       _cmpBYTE                   300b3e50 f   LIBCMTD:memcmp.obj
 0001:000b2e80       _cmpResult                 300b3e80 f   LIBCMTD:memcmp.obj
 0001:000b2ea0       _unaligned_memcmp          300b3ea0 f   LIBCMTD:memcmp.obj
 0001:000b35b0       _cmpWORD                   300b45b0 f   LIBCMTD:memcmp.obj
 0001:000b3630       _cmpDWORD                  300b4630 f   LIBCMTD:memcmp.obj
 0001:000b39b0       _TranslateName             300b49b0 f   LIBCMTD:getqloc.obj
 0001:000b3a40       _GetLcidFromLangCountry    300b4a40 f   LIBCMTD:getqloc.obj
 0001:000b3b00       _LangCountryEnumProc@4     300b4b00 f   LIBCMTD:getqloc.obj
 0001:000b3f40       _GetLcidFromLanguage       300b4f40 f   LIBCMTD:getqloc.obj
 0001:000b3fc0       _LanguageEnumProc@4        300b4fc0 f   LIBCMTD:getqloc.obj
 0001:000b4160       _GetLcidFromCountry        300b5160 f   LIBCMTD:getqloc.obj
 0001:000b41b0       _CountryEnumProc@4         300b51b0 f   LIBCMTD:getqloc.obj
 0001:000b42b0       _GetLcidFromDefault        300b52b0 f   LIBCMTD:getqloc.obj
 0001:000b42e0       _ProcessCodePage           300b52e0 f   LIBCMTD:getqloc.obj
 0001:000b4390       _TestDefaultCountry        300b5390 f   LIBCMTD:getqloc.obj
 0001:000b43e0       _TestDefaultLanguage       300b53e0 f   LIBCMTD:getqloc.obj
 0001:000b4480       _LcidFromHexString         300b5480 f   LIBCMTD:getqloc.obj
 0001:000b4500       _GetPrimaryLen             300b5500 f   LIBCMTD:getqloc.obj
 0001:000b5180       __onexit_nolock            300b6180 f   LIBCMTD:onexit.obj
 0001:000b6000       ___crtInitCritSecNoSpinCount@8 300b7000 f   LIBCMTD:initcrit.obj
 0001:000b8210       _write_char                300b9210 f   LIBCMTD:woutput.obj
 0001:000b8270       _write_multi_char          300b9270 f   LIBCMTD:woutput.obj
 0001:000b82b0       _write_string              300b92b0 f   LIBCMTD:woutput.obj
 0001:000b8a30       _xtoa_s@20                 300b9a30 f   LIBCMTD:xtoas.obj
 0001:000b8e40       @x64toa_s@24               300b9e40 f   LIBCMTD:xtoas.obj
 0001:000ba800       _write_char                300bb800 f   LIBCMTD:woutputs.obj
 0001:000ba860       _write_multi_char          300bb860 f   LIBCMTD:woutputs.obj
 0001:000ba8a0       _write_string              300bb8a0 f   LIBCMTD:woutputs.obj
 0001:000be1a0       _write_char                300bf1a0 f   LIBCMTD:woutputp.obj
 0001:000be200       _write_multi_char          300bf200 f   LIBCMTD:woutputp.obj
 0001:000be240       _write_string              300bf240 f   LIBCMTD:woutputp.obj
 0001:000c0260       _write_char                300c1260 f   LIBCMTD:outputs.obj
 0001:000c0300       _write_multi_char          300c1300 f   LIBCMTD:outputs.obj
 0001:000c0340       _write_string              300c1340 f   LIBCMTD:outputs.obj
 0001:000c4130       ?x_ismbbtype_l@@YAHPAUlocaleinfo_struct@@IHH@Z 300c5130 f   LIBCMTD:ismbbyte.obj
 0001:000c4280       __unwind_handler4          300c5280 f   LIBCMTD:exsup4.obj
 0001:000c4680       __abstract_cw              300c5680 f   LIBCMTD:ieee87.obj
 0001:000c47d0       __hw_cw                    300c57d0 f   LIBCMTD:ieee87.obj
 0001:000c4930       __abstract_sw              300c5930 f   LIBCMTD:ieee87.obj
 0001:000c49c0       ___statusfp_sse2           300c59c0 f   LIBCMTD:ieee87.obj
 0001:000c49e0       ___clearfp_sse2            300c59e0 f   LIBCMTD:ieee87.obj
 0001:000c4a00       ___control87_sse2          300c5a00 f   LIBCMTD:ieee87.obj
 0001:000c4a80       ___abstract_cw_sse2        300c5a80 f   LIBCMTD:ieee87.obj
 0001:000c4bd0       ___hw_cw_sse2              300c5bd0 f   LIBCMTD:ieee87.obj
 0001:000c4d20       ___abstract_sw_sse2        300c5d20 f   LIBCMTD:ieee87.obj
 0001:000c4db0       ___fpreset_sse2            300c5db0 f   LIBCMTD:ieee87.obj
 0001:000c5f60       ?FindHandler@@YAXPAUEHExceptionRecord@@PAUEHRegistrationNode@@PAU_CONTEXT@@PAXPBU_s_FuncInfo@@EH1@Z 300c6f60 f   LIBCMTD:frame.obj
 0001:000c64b0       ?FindHandlerForForeignException@@YAXPAUEHExceptionRecord@@PAUEHRegistrationNode@@PAU_CONTEXT@@PAXPBU_s_FuncInfo@@HH1@Z 300c74b0 f   LIBCMTD:frame.obj
 0001:000c68d0       ?CatchIt@@YAXPAUEHExceptionRecord@@PAUEHRegistrationNode@@PAU_CONTEXT@@PAXPBU_s_FuncInfo@@PBU_s_HandlerType@@PBU_s_CatchableType@@PBU_s_TryBlockMapEntry@@H1E@Z 300c78d0 f   LIBCMTD:frame.obj
 0001:000c6990       ?CallCatchBlock@@YAPAXPAUEHExceptionRecord@@PAUEHRegistrationNode@@PAU_CONTEXT@@PBU_s_FuncInfo@@PAXHK@Z 300c7990 f   LIBCMTD:frame.obj
 0001:000c6c20       ?ExFilterRethrow@@YAHPAU_EXCEPTION_POINTERS@@@Z 300c7c20 f   LIBCMTD:frame.obj
 0001:000c7860       ?IsInExceptionSpec@@YAEPAUEHExceptionRecord@@PBU_s_ESTypeList@@@Z 300c8860 f   LIBCMTD:frame.obj
 0001:000c7920       ?CallUnexpected@@YAXPBU_s_ESTypeList@@@Z 300c8920 f   LIBCMTD:frame.obj
 0001:000c796c       __catch$?CallUnexpected@@YAXPBU_s_ESTypeList@@@Z$0 300c896c f   LIBCMTD:frame.obj
 0001:000c79b0       ?Is_bad_exception_allowed@@YAEPBU_s_ESTypeList@@@Z 300c89b0 f   LIBCMTD:frame.obj
 0001:000c7fd0       __tzset_nolock             300c8fd0 f   LIBCMTD:tzset.obj
 0001:000c85b0       __isindst_nolock           300c95b0 f   LIBCMTD:tzset.obj
 0001:000c88c0       _cvtdate                   300c98c0 f   LIBCMTD:tzset.obj
 0001:000ca370       ?__crtGetLocaleInfoW_stat@@YAHPAUlocaleinfo_struct@@KKPA_WHH@Z 300cb370 f   LIBCMTD:w_loc.obj
 0001:000ca540       ?__crtGetLocaleInfoA_stat@@YAHPAUlocaleinfo_struct@@KKPADHH@Z 300cb540 f   LIBCMTD:a_loc.obj
 0001:000ccc60       ?wcstoxl@@YAKPAUlocaleinfo_struct@@PB_WPAPB_WHH@Z 300cdc60 f   LIBCMTD:wcstol.obj
 0001:000cd130       ?DebuggerProbe@@YAHK@Z     300ce130 f   LIBCMTD:error.obj
 0001:000cd210       ?failwithmessage@@YAXPAXHHPBD@Z 300ce210 f   LIBCMTD:error.obj
 0001:000cd450       ?DebuggerRuntime@@YAHKHPAXPB_W@Z 300ce450 f   LIBCMTD:error.obj
 0001:000cd750       ?_getMemBlockDataString@@YAXPAD00I@Z 300ce750 f   LIBCMTD:error.obj
 0001:000cddd0       ?__crtGetStringTypeW_stat@@YAHPAUlocaleinfo_struct@@KPB_WHPAGHH@Z 300cedd0 f   LIBCMTD:w_str.obj
 0001:000ce09c       __unwind_handler           300cf09c f   LIBCMTD:exsup.obj
 0001:000cedf0       __getenv_s_helper          300cfdf0 f   LIBCMTD:getenv.obj
 0001:000cf050       __dupenv_s_helper          300d0050 f   LIBCMTD:getenv.obj
 0001:000d0370       ?GetPdbDll@@YAPAUHINSTANCE__@@XZ 300d1370 f   LIBCMTD:pdblkup.obj
 0001:000da520       ?und_strlen@@YAIPBD@Z      300db520 f   LIBCMTD:undname.obj
 0001:000da560       ?und_strncpy@@YAPADPADPBDI@Z 300db560 f   LIBCMTD:undname.obj
 0001:000da5b0       ?und_strncmp@@YAIPBD0I@Z   300db5b0 f   LIBCMTD:undname.obj
 0001:000da670       ?__crtCompareStringA_stat@@YAHPAUlocaleinfo_struct@@KKPBDH1HH@Z 300db670 f   LIBCMTD:a_cmp.obj
 0001:000dab80       ?strncnt@@YAHPBDH@Z        300dbb80 f   LIBCMTD:a_cmp.obj
 0001:000db330       _findenv                   300dc330 f   LIBCMTD:setenv.obj
 0001:000db3b0       _copy_environ              300dc3b0 f   LIBCMTD:setenv.obj
 0001:000db950       __unwindfunclet$?getSystemCP@@YAHH@Z$0 300dc950 f   LIBCMTD:mbctype.obj
 0001:000db958       __ehhandler$?getSystemCP@@YAHH@Z 300dc958 f   LIBCMTD:mbctype.obj
 0001:000db980       __unwindfunclet$?strtoxl@@YAKPAUlocaleinfo_struct@@PBDPAPBDHH@Z$0 300dc980 f   LIBCMTD:strtol.obj
 0001:000db988       __ehhandler$?strtoxl@@YAKPAUlocaleinfo_struct@@PBDPAPBDHH@Z 300dc988 f   LIBCMTD:strtol.obj
 0001:000db9b0       __unwindfunclet$?strtoxq@@YA_KPAUlocaleinfo_struct@@PBDPAPBDHH@Z$0 300dc9b0 f   LIBCMTD:strtoq.obj
 0001:000db9b8       __ehhandler$?strtoxq@@YA_KPAUlocaleinfo_struct@@PBDPAPBDHH@Z 300dc9b8 f   LIBCMTD:strtoq.obj
 0001:000db9e0       __unwindfunclet$?x_ismbbtype_l@@YAHPAUlocaleinfo_struct@@IHH@Z$0 300dc9e0 f   LIBCMTD:ismbbyte.obj
 0001:000db9e8       __ehhandler$?x_ismbbtype_l@@YAHPAUlocaleinfo_struct@@IHH@Z 300dc9e8 f   LIBCMTD:ismbbyte.obj
 0001:000dba10       __ehhandler$?CallUnexpected@@YAXPBU_s_ESTypeList@@@Z 300dca10 f   LIBCMTD:frame.obj
 0001:000dba30       __unwindfunclet$?wcstoxl@@YAKPAUlocaleinfo_struct@@PB_WPAPB_WHH@Z$0 300dca30 f   LIBCMTD:wcstol.obj
 0001:000dba38       __ehhandler$?wcstoxl@@YAKPAUlocaleinfo_struct@@PB_WPAPB_WHH@Z 300dca38 f   LIBCMTD:wcstol.obj
