 uix86

 Timestamp is 4b2ef312 (Sun Dec 20 23:01:22 2009)

 Preferred load address is 40000000

 Start         Length     Name                   Class
 0001:00000000 0009546cH .text                   CODE
 0001:00095470 00000109H .text$x                 CODE
 0002:00000000 0000014cH .idata$5                DATA
 0002:0000014c 00000004H .CRT$XCA                DATA
 0002:00000150 00000004H .CRT$XCZ                DATA
 0002:00000154 00000004H .CRT$XIA                DATA
 0002:00000158 00000014H .CRT$XIC                DATA
 0002:0000016c 00000004H .CRT$XIZ                DATA
 0002:00000170 00000004H .CRT$XPA                DATA
 0002:00000174 00000008H .CRT$XPX                DATA
 0002:0000017c 00000004H .CRT$XPXA               DATA
 0002:00000180 00000004H .CRT$XPZ                DATA
 0002:00000184 00000004H .CRT$XTA                DATA
 0002:00000188 00000004H .CRT$XTZ                DATA
 0002:00000190 000219b8H .rdata                  DATA
 0002:00021b48 00000050H .rdata$debug            DATA
 0002:00021b98 000001c4H .rdata$r                DATA
 0002:00021d60 0000002cH .rdata$sxdata           DATA
 0002:00021d8c 00000004H .rtc$IAA                DATA
 0002:00021d90 00000030H .rtc$IMZ                DATA
 0002:00021dc0 00000004H .rtc$IZZ                DATA
 0002:00021dc4 00000004H .rtc$TAA                DATA
 0002:00021dc8 00000030H .rtc$TMZ                DATA
 0002:00021df8 00000004H .rtc$TZZ                DATA
 0002:00021e00 00000b68H .xdata$x                DATA
 0002:00022968 00000014H .idata$2                DATA
 0002:0002297c 00000014H .idata$3                DATA
 0002:00022990 0000014cH .idata$4                DATA
 0002:00022adc 000005f6H .idata$6                DATA
 0002:000230e0 00000056H .edata                  DATA
 0003:00000000 00009070H .data                   DATA
 0003:00009080 004d6204H .bss                    DATA
 0004:00000000 00000058H .rsrc$01                DATA
 0004:00000060 00000008H .rsrc$02                DATA

  Address         Publics by Value              Rva+Base       Lib:Object

 0000:00000000       __except_list              00000000     <absolute>
 0000:0000000b       ___safe_se_handler_count   0000000b     <absolute>
 0000:00000000       ___ImageBase               40000000     <linker-defined>
 0001:00000000       _BG_FileExists             40001000 f   bg_misc.obj
 0001:000000a0       _BG_LegalizedForcePowers   400010a0 f   bg_misc.obj
 0001:00000a30       _vectoyaw                  40001a30 f   bg_misc.obj
 0001:00000b20       _BG_HasYsalamiri           40001b20 f   bg_misc.obj
 0001:00000b80       _BG_CanUseFPNow            40001b80 f   bg_misc.obj
 0001:00000cd0       _BG_FindItemForPowerup     40001cd0 f   bg_misc.obj
 0001:00000d60       _BG_FindItemForHoldable    40001d60 f   bg_misc.obj
 0001:00000de0       _BG_FindItemForWeapon      40001de0 f   bg_misc.obj
 0001:00000e40       _BG_FindItemForAmmo        40001e40 f   bg_misc.obj
 0001:00000ea0       _BG_FindItem               40001ea0 f   bg_misc.obj
 0001:00000f10       _BG_PlayerTouchesItem      40001f10 f   bg_misc.obj
 0001:00001030       _BG_ProperForceIndex       40002030 f   bg_misc.obj
 0001:00001090       _BG_CycleForce             40002090 f   bg_misc.obj
 0001:00001210       _BG_GetItemIndexByTag      40002210 f   bg_misc.obj
 0001:00001280       _BG_IsItemSelectable       40002280 f   bg_misc.obj
 0001:000012c0       _BG_CycleInven             400022c0 f   bg_misc.obj
 0001:000013e0       _BG_CanItemBeGrabbed       400023e0 f   bg_misc.obj
 0001:000017f0       _BG_EvaluateTrajectory     400027f0 f   bg_misc.obj
 0001:00001ba0       _BG_EvaluateTrajectoryDelta 40002ba0 f   bg_misc.obj
 0001:00001e60       _BG_AddPredictableEventToPlayerstate 40002e60 f   bg_misc.obj
 0001:00001f40       _BG_TouchJumpPad           40002f40 f   bg_misc.obj
 0001:00002080       _BG_EmplacedView           40003080 f   bg_misc.obj
 0001:00002190       _BG_IsValidCharacterModel  40003190 f   bg_misc.obj
 0001:00002250       _BG_ValidateSkinForTeam    40003250 f   bg_misc.obj
 0001:000025a0       _BG_PlayerStateToEntityState 400035a0 f   bg_misc.obj
 0001:00002c40       _BG_PlayerStateToEntityStateExtraPolate 40003c40 f   bg_misc.obj
 0001:00003240       _BG_ModelCache             40004240 f   bg_misc.obj
 0001:000032a0       _BG_Alloc                  400042a0 f   bg_misc.obj
 0001:00003310       _BG_AllocUnaligned         40004310 f   bg_misc.obj
 0001:00003370       _BG_TempAlloc              40004370 f   bg_misc.obj
 0001:000033d0       _BG_TempFree               400043d0 f   bg_misc.obj
 0001:00003410       _BG_StringAlloc            40004410 f   bg_misc.obj
 0001:00003470       _BG_OutOfMemory            40004470 f   bg_misc.obj
 0001:000034b0       _BG_SiegeStripTabs         400044b0 f   bg_saga.obj
 0001:00003540       _BG_SiegeGetValueGroup     40004540 f   bg_saga.obj
 0001:00003c20       _BG_SiegeGetPairedValue    40004c20 f   bg_saga.obj
 0001:00004160       _BG_SiegeTranslateForcePowers 40005160 f   bg_saga.obj
 0001:00004580       _BG_SiegeTranslateGenericTable 40005580 f   bg_saga.obj
 0001:000047d0       _BG_SiegeParseClassFile    400057d0 f   bg_saga.obj
 0001:00005280       _BG_SiegeCountBaseClass    40006280 f   bg_saga.obj
 0001:00005320       _BG_GetUIPortraitFile      40006320 f   bg_saga.obj
 0001:000053e0       _BG_GetUIPortrait          400063e0 f   bg_saga.obj
 0001:000054a0       _BG_GetClassOnBaseClass    400064a0 f   bg_saga.obj
 0001:00005560       _BG_SiegeLoadClasses       40006560 f   bg_saga.obj
 0001:000056e0       _BG_SiegeFindClassByName   400066e0 f   bg_saga.obj
 0001:00005770       _BG_SiegeParseTeamFile     40006770 f   bg_saga.obj
 0001:00005a80       _BG_SiegeLoadTeams         40006a80 f   bg_saga.obj
 0001:00005bd0       _BG_SiegeFindThemeForTeam  40006bd0 f   bg_saga.obj
 0001:00005c20       _BG_SiegeCheckClassLegality 40006c20 f   bg_saga.obj
 0001:00005d00       _BG_SiegeFindTeamForTheme  40006d00 f   bg_saga.obj
 0001:00005da0       _BG_SiegeSetTeamTheme      40006da0 f   bg_saga.obj
 0001:00005e00       _BG_SiegeFindClassIndexByName 40006e00 f   bg_saga.obj
 0001:00005e80       _BG_ClearVehicleParseParms 40006e80 f   bg_vehicleLoad.obj
 0001:00005ec0       _VEH_LoadVehWeapon         40006ec0 f   bg_vehicleLoad.obj
 0001:00006610       _VEH_VehWeaponIndexForName 40007610 f   bg_vehicleLoad.obj
 0001:00006700       _BG_SetSharedVehicleFunctions 40007700 f   bg_vehicleLoad.obj
 0001:00006730       _BG_VehicleSetDefaults     40007730 f   bg_vehicleLoad.obj
 0001:00006780       _BG_VehicleClampData       40007780 f   bg_vehicleLoad.obj
 0001:00006840       _VEH_LoadVehicle           40007840 f   bg_vehicleLoad.obj
 0001:00007920       _VEH_VehicleIndexForName   40008920 f   bg_vehicleLoad.obj
 0001:00007a20       _BG_VehWeaponLoadParms     40008a20 f   bg_vehicleLoad.obj
 0001:00007c50       _BG_VehicleLoadParms       40008c50 f   bg_vehicleLoad.obj
 0001:00007eb0       _BG_VehicleGetIndex        40008eb0 f   bg_vehicleLoad.obj
 0001:00007ef0       _BG_GetVehicleModelName    40008ef0 f   bg_vehicleLoad.obj
 0001:00007fa0       _BG_GetVehicleSkinName     40008fa0 f   bg_vehicleLoad.obj
 0001:00008080       _Q_rand                    40009080 f   q_math.obj
 0001:000080c0       _Q_random                  400090c0 f   q_math.obj
 0001:00008130       _Q_crandom                 40009130 f   q_math.obj
 0001:00008190       _ClampChar                 40009190 f   q_math.obj
 0001:000081d0       _ClampShort                400091d0 f   q_math.obj
 0001:00008220       _DirToByte                 40009220 f   q_math.obj
 0001:000082e0       _ByteToDir                 400092e0 f   q_math.obj
 0001:00008370       _ColorBytes3               40009370 f   q_math.obj
 0001:00008450       _ColorBytes4               40009450 f   q_math.obj
 0001:00008570       _NormalizeColor            40009570 f   q_math.obj
 0001:00008630       _PlaneFromPoints           40009630 f   q_math.obj
 0001:000087f0       _RotatePointAroundVector   400097f0 f   q_math.obj
 0001:00008b00       _RotateAroundDirection     40009b00 f   q_math.obj
 0001:00008bf0       _vectoangles               40009bf0 f   q_math.obj
 0001:00008d90       _AnglesToAxis              40009d90 f   q_math.obj
 0001:00008e60       _AxisClear                 40009e60 f   q_math.obj
 0001:00008ed0       _AxisCopy                  40009ed0 f   q_math.obj
 0001:00008f60       _ProjectPointOnPlane       40009f60 f   q_math.obj
 0001:000090c0       _MakeNormalVectors         4000a0c0 f   q_math.obj
 0001:000091b0       _VectorRotate              4000a1b0 f   q_math.obj
 0001:00009260       _Q_rsqrt                   4000a260 f   q_math.obj
 0001:000092d0       _Q_fabs                    4000a2d0 f   q_math.obj
 0001:00009310       _LerpAngle                 4000a310 f   q_math.obj
 0001:00009390       _AngleSubtract             4000a390 f   q_math.obj
 0001:00009430       _AnglesSubtract            4000a430 f   q_math.obj
 0001:000094d0       _AngleMod                  4000a4d0 f   q_math.obj
 0001:00009530       _AngleNormalize360         4000a530 f   q_math.obj
 0001:000095a0       _AngleNormalize180         4000a5a0 f   q_math.obj
 0001:00009610       _AngleDelta                4000a610 f   q_math.obj
 0001:00009660       _SetPlaneSignbits          4000a660 f   q_math.obj
 0001:000096e0       _BoxOnPlaneSide            4000a6e0 f   q_math.obj
 0001:00009920       _RadiusFromBounds          4000a920 f   q_math.obj
 0001:00009aa0       _ClearBounds               4000aaa0 f   q_math.obj
 0001:00009b10       _DistanceHorizontal        4000ab10 f   q_math.obj
 0001:00009be0       _DistanceHorizontalSquared 4000abe0 f   q_math.obj
 0001:00009c90       _AddPointToBounds          4000ac90 f   q_math.obj
 0001:00009d80       _VectorNormalize           4000ad80 f   q_math.obj
 0001:00009e70       _VectorNormalize2          4000ae70 f   q_math.obj
 0001:00009f40       __VectorMA                 4000af40 f   q_math.obj
 0001:00009fb0       __DotProduct               4000afb0 f   q_math.obj
 0001:0000a010       __VectorSubtract           4000b010 f   q_math.obj
 0001:0000a070       __VectorAdd                4000b070 f   q_math.obj
 0001:0000a0d0       __VectorCopy               4000b0d0 f   q_math.obj
 0001:0000a120       __VectorScale              4000b120 f   q_math.obj
 0001:0000a170       _Vector4Scale              4000b170 f   q_math.obj
 0001:0000a1d0       _Q_log2                    4000b1d0 f   q_math.obj
 0001:0000a220       _MatrixMultiply            4000b220 f   q_math.obj
 0001:0000a3e0       _AngleVectors              4000b3e0 f   q_math.obj
 0001:0000a5f0       _PerpendicularVector       4000b5f0 f   q_math.obj
 0001:0000a710       _NormalToLatLong           4000b710 f   q_math.obj
 0001:0000a840       _Rand_Init                 4000b840 f   q_math.obj
 0001:0000a870       _flrand                    4000b870 f   q_math.obj
 0001:0000a8f0       _Q_flrand                  4000b8f0 f   q_math.obj
 0001:0000a940       _irand                     4000b940 f   q_math.obj
 0001:0000a9e0       _Q_irand                   4000b9e0 f   q_math.obj
 0001:0000aa30       _DotProductNormalize       4000ba30 f   q_math.obj
 0001:0000ab00       _G_FindClosestPointOnLineSegment 4000bb00 f   q_math.obj
 0001:0000af30       _G_PointDistFromLineSegment 4000bf30 f   q_math.obj
 0001:0000b310       _GetIDForString            4000c310 f   q_shared.obj
 0001:0000b3a0       _GetStringForID            4000c3a0 f   q_shared.obj
 0001:0000b410       _Com_Clampi                4000c410 f   q_shared.obj
 0001:0000b460       _Com_Clamp                 4000c460 f   q_shared.obj
 0001:0000b4b0       _COM_SkipPath              4000c4b0 f   q_shared.obj
 0001:0000b510       _COM_StripExtension        4000c510 f   q_shared.obj
 0001:0000b570       _COM_DefaultExtension      4000c570 f   q_shared.obj
 0001:0000b660       _ShortSwap                 4000c660 f   q_shared.obj
 0001:0000b6b0       _ShortNoSwap               4000c6b0 f   q_shared.obj
 0001:0000b6e0       _LongSwap                  4000c6e0 f   q_shared.obj
 0001:0000b760       _LongNoSwap                4000c760 f   q_shared.obj
 0001:0000b790       _Long64Swap                4000c790 f   q_shared.obj
 0001:0000b820       _Long64NoSwap              4000c820 f   q_shared.obj
 0001:0000b850       _FloatSwap                 4000c850 f   q_shared.obj
 0001:0000b8d0       _FloatNoSwap               4000c8d0 f   q_shared.obj
 0001:0000b900       _COM_BeginParseSession     4000c900 f   q_shared.obj
 0001:0000b960       _COM_GetCurrentParseLine   4000c960 f   q_shared.obj
 0001:0000b990       _COM_Parse                 4000c990 f   q_shared.obj
 0001:0000b9d0       _COM_ParseError            4000c9d0 f   q_shared.obj
 0001:0000ba50       _COM_ParseWarning          4000ca50 f   q_shared.obj
 0001:0000bad0       _SkipWhitespace            4000cad0 f   q_shared.obj
 0001:0000bb40       _COM_Compress              4000cb40 f   q_shared.obj
 0001:0000bd60       _COM_ParseExt              4000cd60 f   q_shared.obj
 0001:0000bff0       _COM_ParseString           4000cff0 f   q_shared.obj
 0001:0000c060       _COM_ParseInt              4000d060 f   q_shared.obj
 0001:0000c0e0       _COM_ParseFloat            4000d0e0 f   q_shared.obj
 0001:0000c160       _COM_ParseVec4             4000d160 f   q_shared.obj
 0001:0000c200       _COM_MatchToken            4000d200 f   q_shared.obj
 0001:0000c260       _SkipBracedSection         4000d260 f   q_shared.obj
 0001:0000c2f0       _SkipRestOfLine            4000d2f0 f   q_shared.obj
 0001:0000c380       _Parse1DMatrix             4000d380 f   q_shared.obj
 0001:0000c420       _Parse2DMatrix             4000d420 f   q_shared.obj
 0001:0000c4b0       _Parse3DMatrix             4000d4b0 f   q_shared.obj
 0001:0000c550       _Q_isprint                 4000d550 f   q_shared.obj
 0001:0000c590       _Q_islower                 4000d590 f   q_shared.obj
 0001:0000c5d0       _Q_isupper                 4000d5d0 f   q_shared.obj
 0001:0000c610       _Q_isalpha                 4000d610 f   q_shared.obj
 0001:0000c660       _Q_strrchr                 4000d660 f   q_shared.obj
 0001:0000c6e0       _Q_strncpyz                4000d6e0 f   q_shared.obj
 0001:0000c740       _Q_stricmpn                4000d740 f   q_shared.obj
 0001:0000c830       _Q_strncmp                 4000d830 f   q_shared.obj
 0001:0000c8c0       _Q_stricmp                 4000d8c0 f   q_shared.obj
 0001:0000c930       _Q_strlwr                  4000d930 f   q_shared.obj
 0001:0000c9a0       _Q_strupr                  4000d9a0 f   q_shared.obj
 0001:0000ca10       _Q_strcat                  4000da10 f   q_shared.obj
 0001:0000ca70       _Q_PrintStrlen             4000da70 f   q_shared.obj
 0001:0000cb20       _Q_CleanStr                4000db20 f   q_shared.obj
 0001:0000cbe0       _Com_sprintf               4000dbe0 f   q_shared.obj
 0001:0000ccc0       _va                        4000dcc0 f   q_shared.obj
 0001:0000cd40       _Info_ValueForKey          4000dd40 f   q_shared.obj
 0001:0000cf20       _Info_NextPair             4000df20 f   q_shared.obj
 0001:0000d010       _Info_RemoveKey            4000e010 f   q_shared.obj
 0001:0000d1e0       _Info_RemoveKey_Big        4000e1e0 f   q_shared.obj
 0001:0000d3c0       _Info_Validate             4000e3c0 f   q_shared.obj
 0001:0000d430       _Info_SetValueForKey       4000e430 f   q_shared.obj
 0001:0000d610       _Info_SetValueForKey_Big   4000e610 f   q_shared.obj
 0001:0000d7e0       _Com_Error                 4000e7e0 f   ui_atoms.obj
 0001:0000d8a0       _Com_Printf                4000e8a0 f   ui_atoms.obj
 0001:0000d960       _UI_ClampCvar              4000e960 f   ui_atoms.obj
 0001:0000d9b0       _UI_StartDemoLoop          4000e9b0 f   ui_atoms.obj
 0001:0000da00       _UI_Argv                   4000ea00 f   ui_atoms.obj
 0001:0000da50       _UI_Cvar_VariableString    4000ea50 f   ui_atoms.obj
 0001:0000daa0       _UI_SetBestScores          4000eaa0 f   ui_atoms.obj
 0001:0000df20       _UI_LoadBestScores         4000ef20 f   ui_atoms.obj
 0001:0000e0d0       _UI_ClearScores            4000f0d0 f   ui_atoms.obj
 0001:0000e2c0       _UI_ConsoleCommand         4000f2c0 f   ui_atoms.obj
 0001:0000eb10       _UI_Shutdown               4000fb10 f   ui_atoms.obj
 0001:0000eb40       _UI_DrawNamedPic           4000fb40 f   ui_atoms.obj
 0001:0000ebd0       _UI_DrawHandlePic          4000fbd0 f   ui_atoms.obj
 0001:0000ecb0       _UI_FillRect               4000fcb0 f   ui_atoms.obj
 0001:0000ed40       _UI_DrawSides              4000fd40 f   ui_atoms.obj
 0001:0000ee10       _UI_DrawTopBottom          4000fe10 f   ui_atoms.obj
 0001:0000eee0       _UI_DrawRect               4000fee0 f   ui_atoms.obj
 0001:0000ef70       _UI_SetColor               4000ff70 f   ui_atoms.obj
 0001:0000efb0       _UI_UpdateScreen           4000ffb0 f   ui_atoms.obj
 0001:0000eff0       _UI_DrawTextBox            4000fff0 f   ui_atoms.obj
 0001:0000f100       _UI_CursorInRect           40010100 f   ui_atoms.obj
 0001:0000f160       _UI_InitForceShaders       40010160 f   ui_force.obj
 0001:0000f350       _UI_DrawForceStars         40010350 f   ui_force.obj
 0001:0000f530       _UI_UpdateClientForcePowers 40010530 f   ui_force.obj
 0001:0000f660       _UI_TranslateFCFIndex      40010660 f   ui_force.obj
 0001:0000f6b0       _UI_SaveForceTemplate      400106b0 f   ui_force.obj
 0001:0000f9e0       _UpdateForceUsed           400109e0 f   ui_force.obj
 0001:0000fe80       _UI_ReadLegalForce         40010e80 f   ui_force.obj
 0001:000104e0       _UI_UpdateForcePowers      400114e0 f   ui_force.obj
 0001:000109a0       _UI_SkinColor_HandleKey    400119a0 f   ui_force.obj
 0001:00010a70       _UI_ForceSide_HandleKey    40011a70 f   ui_force.obj
 0001:00010c70       _UI_JediNonJedi_HandleKey  40011c70 f   ui_force.obj
 0001:00010e70       _UI_ForceMaxRank_HandleKey 40011e70 f   ui_force.obj
 0001:00010f50       _UI_ForcePowerRank_HandleKey 40011f50 f   ui_force.obj
 0001:000111b0       _UI_ForceConfigHandle      400121b0 f   ui_force.obj
 0001:00011860       _UI_ParseInfos             40012860 f   ui_gameinfo.obj
 0001:00011b30       _UI_LoadArenas             40012b30 f   ui_gameinfo.obj
 0001:00012180       _UI_LoadBots               40013180 f   ui_gameinfo.obj
 0001:00012510       _UI_GetBotInfoByNumber     40013510 f   ui_gameinfo.obj
 0001:00012580       _UI_GetBotInfoByName       40013580 f   ui_gameinfo.obj
 0001:00012610       _UI_GetNumBots             40013610 f   ui_gameinfo.obj
 0001:00012640       _UI_GetBotNameByNumber     40013640 f   ui_gameinfo.obj
 0001:000126a0       _vmMain                    400136a0 f   ui_main.obj
 0001:000127d0       _UI_AnimsetAlloc           400137d0 f   ui_main.obj
 0001:00012850       _UI_ParseAnimationFile     40013850 f   ui_main.obj
 0001:00012cd0       _UI_TeamName               40013cd0 f   ui_main.obj
 0001:00012d30       _AssetCache                40013d30 f   ui_main.obj
 0001:00012f40       __UI_DrawSides             40013f40 f   ui_main.obj
 0001:00013020       __UI_DrawTopBottom         40014020 f   ui_main.obj
 0001:00013100       __UI_DrawRect              40014100 f   ui_main.obj
 0001:000131a0       _MenuFontToHandle          400141a0 f   ui_main.obj
 0001:00013230       _Text_Width                40014230 f   ui_main.obj
 0001:00013290       _Text_Height               40014290 f   ui_main.obj
 0001:000132f0       _Text_Paint                400142f0 f   ui_main.obj
 0001:00013410       _Text_PaintWithCursor      40014410 f   ui_main.obj
 0001:00013630       _UI_ShowPostGame           40014630 f   ui_main.obj
 0001:000136b0       _UI_DrawCenteredPic        400146b0 f   ui_main.obj
 0001:00013730       _UI_GetStringEdString      40014730 f   ui_main.obj
 0001:00013790       __UI_Refresh               40014790 f   ui_main.obj
 0001:00013a60       __UI_Shutdown              40014a60 f   ui_main.obj
 0001:00013aa0       _GetMenuBuffer             40014aa0 f   ui_main.obj
 0001:00013bb0       _Asset_Parse               40014bb0 f   ui_main.obj
 0001:000144f0       _UI_Report                 400154f0 f   ui_main.obj
 0001:00014530       _UI_ParseMenu              40015530 f   ui_main.obj
 0001:00014670       _Load_Menu                 40015670 f   ui_main.obj
 0001:00014770       _UI_LoadMenus              40015770 f   ui_main.obj
 0001:00014900       _UI_Load                   40015900 f   ui_main.obj
 0001:00014a30       _UI_HasSetSaberOnly        40015a30 f   ui_main.obj
 0001:00014bb0       _UI_TrueJediEnabled        40015bb0 f   ui_main.obj
 0001:00014da0       _UpdateBotButtons          40015da0 f   ui_main.obj
 0001:00014e40       _UpdateForceStatus         40015e40 f   ui_main.obj
 0001:000153f0       _UI_ServersSort            400163f0 f   ui_main.obj
 0001:000154c0       _UI_UpdateVideoSetup       400164c0 f   ui_main.obj
 0001:000156b0       _UI_GetVideoSetup          400166b0 f   ui_main.obj
 0001:00015a40       _UI_SetSiegeObjectiveGraphicPos 40016a40 f   ui_main.obj
 0001:00015c10       _UI_FindCurrentSiegeTeamClass 40016c10 f   ui_main.obj
 0001:00015da0       _UI_UpdateSiegeObjectiveGraphics 40016da0 f   ui_main.obj
 0001:00015fb0       _UI_UpdateCharacterSkin    40016fb0 f   ui_main.obj
 0001:00016150       _UI_ClampMaxPlayers        40017150 f   ui_main.obj
 0001:00016280       _UI_UpdateSiegeStatusIcons 40017280 f   ui_main.obj
 0001:00016400       _UI_hasSkinForBase         40017400 f   ui_main.obj
 0001:00017390       _UI_SiegeClassNum          40018390 f   ui_main.obj
 0001:000173f0       _UI_SetSiegeTeams          400183f0 f   ui_main.obj
 0001:00017840       _UI_SiegeSetCvarsForClass  40018840 f   ui_main.obj
 0001:00017e20       _UI_UpdateCvarsForClass    40018e20 f   ui_main.obj
 0001:00017f80       _UI_FeederSelection        40018f80 f   ui_main.obj
 0001:00019370       _UI_LoadForceConfig_List   4001a370 f   ui_main.obj
 0001:000195d0       _UI_SiegeInit              4001a5d0 f   ui_main.obj
 0001:00019650       __UI_Init                  4001a650 f   ui_main.obj
 0001:0002a070       __UI_KeyEvent              4002b070 f   ui_main.obj
 0001:0002a120       __UI_MouseEvent            4002b120 f   ui_main.obj
 0001:0002a1e0       _UI_LoadNonIngame          4002b1e0 f   ui_main.obj
 0001:0002a260       __UI_SetActiveMenu         4002b260 f   ui_main.obj
 0001:0002a580       __UI_IsFullscreen          4002b580 f   ui_main.obj
 0001:0002a5c0       _Text_PaintCenter          4002b5c0 f   ui_main.obj
 0001:0002a660       _UI_DrawConnectScreen      4002b660 f   ui_main.obj
 0001:0002b760       _UI_RegisterCvars          4002c760 f   ui_main.obj
 0001:0002b7f0       _UI_UpdateCvars            4002c7f0 f   ui_main.obj
 0001:0002bce0       _UI_CacheSaberGlowGraphics 4002cce0 f   ui_saber.obj
 0001:0002bdf0       _UI_ParseLiteral           4002cdf0 f   ui_saber.obj
 0001:0002be80       _UI_ParseLiteralSilent     4002ce80 f   ui_saber.obj
 0001:0002bf00       _UI_SaberParseParm         4002cf00 f   ui_saber.obj
 0001:0002c0c0       _UI_SaberModelForSaber     4002d0c0 f   ui_saber.obj
 0001:0002c110       _UI_SaberSkinForSaber      4002d110 f   ui_saber.obj
 0001:0002c160       _UI_SaberTypeForSaber      4002d160 f   ui_saber.obj
 0001:0002c1b0       _UI_SaberNumBladesForSaber 4002d1b0 f   ui_saber.obj
 0001:0002c280       _UI_SaberShouldDrawBlade   4002d280 f   ui_saber.obj
 0001:0002c400       _UI_IsSaberTwoHanded       4002d400 f   ui_saber.obj
 0001:0002c4d0       _UI_SaberBladeLengthForSaber 4002d4d0 f   ui_saber.obj
 0001:0002c600       _UI_SaberBladeRadiusForSaber 4002d600 f   ui_saber.obj
 0001:0002c730       _UI_SaberProperNameForSaber 4002d730 f   ui_saber.obj
 0001:0002c820       _UI_SaberValidForPlayerInMP 4002d820 f   ui_saber.obj
 0001:0002c8f0       _UI_SaberLoadParms         4002d8f0 f   ui_saber.obj
 0001:0002cb60       _UI_DoSaber                4002db60 f   ui_saber.obj
 0001:0002cff0       _SaberColorToString        4002dff0 f   ui_saber.obj
 0001:0002d070       _TranslateSaberColor       4002e070 f   ui_saber.obj
 0001:0002d180       _TranslateSaberType        4002e180 f   ui_saber.obj
 0001:0002d320       _UI_SaberDrawBlade         4002e320 f   ui_saber.obj
 0001:0002e860       _UI_GetSaberForMenu        4002f860 f   ui_saber.obj
 0001:0002ea60       _UI_SaberDrawBlades        4002fa60 f   ui_saber.obj
 0001:0002ed20       _UI_SaberAttachToChar      4002fd20 f   ui_saber.obj
 0001:0002efa0       _UI_SaberGetHiltInfo       4002ffa0 f   ui_saber.obj
 0001:0002f130       _UI_Alloc                  40030130 f   ui_shared.obj
 0001:0002f1d0       _UI_InitMemory             400301d0 f   ui_shared.obj
 0001:0002f210       _UI_OutOfMemory            40030210 f   ui_shared.obj
 0001:0002f240       _String_Alloc              40030240 f   ui_shared.obj
 0001:0002f470       _String_Report             40030470 f   ui_shared.obj
 0001:0002f540       _String_Init               40030540 f   ui_shared.obj
 0001:0002f5f0       _PC_SourceWarning          400305f0 f   ui_shared.obj
 0001:0002f6f0       _PC_SourceError            400306f0 f   ui_shared.obj
 0001:0002f7f0       _LerpColor                 400307f0 f   ui_shared.obj
 0001:0002f8a0       _Float_Parse               400308a0 f   ui_shared.obj
 0001:0002f910       _PC_Float_Parse            40030910 f   ui_shared.obj
 0001:0002fa30       _Color_Parse               40030a30 f   ui_shared.obj
 0001:0002fad0       _PC_Color_Parse            40030ad0 f   ui_shared.obj
 0001:0002fb70       _Int_Parse                 40030b70 f   ui_shared.obj
 0001:0002fbe0       _PC_Int_Parse              40030be0 f   ui_shared.obj
 0001:0002fd00       _Rect_Parse                40030d00 f   ui_shared.obj
 0001:0002fda0       _PC_Rect_Parse             40030da0 f   ui_shared.obj
 0001:0002fe40       _String_Parse              40030e40 f   ui_shared.obj
 0001:0002fec0       _PC_String_Parse           40030ec0 f   ui_shared.obj
 0001:0002ff90       _PC_Script_Parse           40030f90 f   ui_shared.obj
 0001:00030130       _Init_Display              40031130 f   ui_shared.obj
 0001:00030160       _GradientBar_Paint         40031160 f   ui_shared.obj
 0001:00030210       _Window_Init               40031210 f   ui_shared.obj
 0001:00030290       _Fade                      40031290 f   ui_shared.obj
 0001:00030370       _Window_Paint              40031370 f   ui_shared.obj
 0001:00030b30       _Item_SetScreenCoords      40031b30 f   ui_shared.obj
 0001:00030c30       _Item_UpdatePosition       40031c30 f   ui_shared.obj
 0001:00030cd0       _Menu_UpdatePosition       40031cd0 f   ui_shared.obj
 0001:00030d90       _Menu_PostParse            40031d90 f   ui_shared.obj
 0001:00030e10       _Menu_ClearFocus           40031e10 f   ui_shared.obj
 0001:00030f10       _IsVisible                 40031f10 f   ui_shared.obj
 0001:00030f70       _Rect_ContainsPoint        40031f70 f   ui_shared.obj
 0001:00031000       _Menu_ItemsMatchingGroup   40032000 f   ui_shared.obj
 0001:00031100       _Menu_GetMatchingItemByNumber 40032100 f   ui_shared.obj
 0001:000311e0       _Script_SetColor           400321e0 f   ui_shared.obj
 0001:00031340       _Script_SetAsset           40032340 f   ui_shared.obj
 0001:000313c0       _Script_SetBackground      400323c0 f   ui_shared.obj
 0001:00031460       _Script_SetItemRectCvar    40032460 f   ui_shared.obj
 0001:00031740       _Script_SetItemBackground  40032740 f   ui_shared.obj
 0001:00031800       _Script_SetItemText        40032800 f   ui_shared.obj
 0001:000318c0       _Menu_FindItemByName       400328c0 f   ui_shared.obj
 0001:00031960       _Script_SetTeamColor       40032960 f   ui_shared.obj
 0001:00031a30       _Script_SetItemColor       40032a30 f   ui_shared.obj
 0001:00031c80       _Script_SetItemColorCvar   40032c80 f   ui_shared.obj
 0001:00032060       _Script_SetItemRect        40033060 f   ui_shared.obj
 0001:000321c0       _Menu_ShowGroup            400331c0 f   ui_shared.obj
 0001:00032270       _Menu_ShowItemByName       40033270 f   ui_shared.obj
 0001:00032350       _Menu_FadeItemByName       40033350 f   ui_shared.obj
 0001:00032420       _Menus_FindByName          40033420 f   ui_shared.obj
 0001:000324b0       _Menus_ShowByName          400334b0 f   ui_shared.obj
 0001:00032510       _Menus_OpenByName          40033510 f   ui_shared.obj
 0001:00032550       _Menus_CloseByName         40033550 f   ui_shared.obj
 0001:000326d0       _Menus_CloseAll            400336d0 f   ui_shared.obj
 0001:00032780       _Script_Show               40033780 f   ui_shared.obj
 0001:00032810       _Script_Hide               40033810 f   ui_shared.obj
 0001:000328a0       _Script_FadeIn             400338a0 f   ui_shared.obj
 0001:00032930       _Script_FadeOut            40033930 f   ui_shared.obj
 0001:000329c0       _Script_Open               400339c0 f   ui_shared.obj
 0001:00032a50       _Script_Close              40033a50 f   ui_shared.obj
 0001:00032af0       _Menu_TransitionItemByName 40033af0 f   ui_shared.obj
 0001:00032c90       _Menu_Transition3ItemByName 40033c90 f   ui_shared.obj
 0001:00032f20       _Script_Defer              40033f20 f   ui_shared.obj
 0001:00032fa0       _Script_RunDeferred        40033fa0 f   ui_shared.obj
 0001:00033010       _Script_Transition         40034010 f   ui_shared.obj
 0001:00033160       _Menu_OrbitItemByName      40034160 f   ui_shared.obj
 0001:00033230       _Menu_ItemDisable          40034230 f   ui_shared.obj
 0001:000332d0       _Script_Disable            400342d0 f   ui_shared.obj
 0001:000333f0       _Script_Scale              400343f0 f   ui_shared.obj
 0001:000335e0       _Script_Orbit              400345e0 f   ui_shared.obj
 0001:00033750       _Script_SetFocus           40034750 f   ui_shared.obj
 0001:00033890       _Script_SetPlayerModel     40034890 f   ui_shared.obj
 0001:00033930       _ParseRect                 40034930 f   ui_shared.obj
 0001:000339d0       _Script_Transition2        400349d0 f   ui_shared.obj
 0001:00033b10       _Script_Transition3        40034b10 f   ui_shared.obj
 0001:00033da0       _Script_SetCvar            40034da0 f   ui_shared.obj
 0001:00033e60       _Script_SetCvarToCvar      40034e60 f   ui_shared.obj
 0001:00033f70       _Script_Exec               40034f70 f   ui_shared.obj
 0001:00034020       _Script_Play               40035020 f   ui_shared.obj
 0001:000340d0       _Script_playLooped         400350d0 f   ui_shared.obj
 0001:00034180       _Menu_SetItemBackground    40035180 f   ui_shared.obj
 0001:00034230       _Menu_SetItemText          40035230 f   ui_shared.obj
 0001:00034380       _Item_RunScript            40035380 f   ui_shared.obj
 0001:00034570       _Item_EnableShowViaCvar    40035570 f   ui_shared.obj
 0001:00034790       _Item_SetFocus             40035790 f   ui_shared.obj
 0001:00034a50       _Item_TextScroll_MaxScroll 40035a50 f   ui_shared.obj
 0001:00034ac0       _Item_TextScroll_ThumbPosition 40035ac0 f   ui_shared.obj
 0001:00034b80       _Item_TextScroll_ThumbDrawPosition 40035b80 f   ui_shared.obj
 0001:00034c70       _Item_TextScroll_OverLB    40035c70 f   ui_shared.obj
 0001:00034e50       _Item_TextScroll_MouseEnter 40035e50 f   ui_shared.obj
 0001:00034ec0       _Item_TextScroll_HandleKey 40035ec0 f   ui_shared.obj
 0001:00035160       _Item_ListBox_MaxScroll    40036160 f   ui_shared.obj
 0001:00035230       _Item_ListBox_ThumbPosition 40036230 f   ui_shared.obj
 0001:00035360       _Item_ListBox_ThumbDrawPosition 40036360 f   ui_shared.obj
 0001:00035510       _Item_Slider_ThumbPosition 40036510 f   ui_shared.obj
 0001:00035630       _Item_Slider_OverSlider    40036630 f   ui_shared.obj
 0001:00035700       _Item_ListBox_OverLB       40036700 f   ui_shared.obj
 0001:00035b60       _Item_ListBox_MouseEnter   40036b60 f   ui_shared.obj
 0001:00035e20       _Item_MouseEnter           40036e20 f   ui_shared.obj
 0001:00036060       _Item_MouseLeave           40037060 f   ui_shared.obj
 0001:00036100       _Menu_HitTest              40037100 f   ui_shared.obj
 0001:00036190       _Item_SetMouseOver         40037190 f   ui_shared.obj
 0001:000361f0       _Item_OwnerDraw_HandleKey  400371f0 f   ui_shared.obj
 0001:000362f0       _Item_ListBox_HandleKey    400372f0 f   ui_shared.obj
 0001:00036be0       _Item_YesNo_HandleKey      40037be0 f   ui_shared.obj
 0001:00036d10       _Item_Multi_CountSettings  40037d10 f   ui_shared.obj
 0001:00036d60       _Item_Multi_FindCvarByValue 40037d60 f   ui_shared.obj
 0001:00036f00       _Item_Multi_Setting        40037f00 f   ui_shared.obj
 0001:000370d0       _Item_Multi_HandleKey      400380d0 f   ui_shared.obj
 0001:00037320       _Leaving_EditField         40038320 f   ui_shared.obj
 0001:00037380       _Item_TextField_HandleKey  40038380 f   ui_shared.obj
 0001:00037ac0       _Item_StartCapture         40038ac0 f   ui_shared.obj
 0001:00038620       _Item_StopCapture          40039620 f   ui_shared.obj
 0001:00038650       _Item_Slider_HandleKey     40039650 f   ui_shared.obj
 0001:00038890       _Item_HandleKey            40039890 f   ui_shared.obj
 0001:00038ad0       _Item_HandleAccept         40039ad0 f   ui_shared.obj
 0001:00038b30       _Item_Action               40039b30 f   ui_shared.obj
 0001:00038b80       _Menu_SetPrevCursorItem    40039b80 f   ui_shared.obj
 0001:00038d10       _Menu_SetNextCursorItem    40039d10 f   ui_shared.obj
 0001:00038ea0       _Menus_Activate            40039ea0 f   ui_shared.obj
 0001:00039160       _Display_VisibleMenuCount  4003a160 f   ui_shared.obj
 0001:000391d0       _Menus_HandleOOBClick      4003a1d0 f   ui_shared.obj
 0001:00039360       _Menu_HandleKey            4003a360 f   ui_shared.obj
 0001:00039a60       _ToWindowCoords            4003aa60 f   ui_shared.obj
 0001:00039ad0       _Rect_ToWindowCoords       4003aad0 f   ui_shared.obj
 0001:00039b20       _Item_SetTextExtents       4003ab20 f   ui_shared.obj
 0001:00039ec0       _Item_TextColor            4003aec0 f   ui_shared.obj
 0001:0003a1c0       _Item_Text_AutoWrapped_Paint 4003b1c0 f   ui_shared.obj
 0001:0003a660       _Item_Text_Wrapped_Paint   4003b660 f   ui_shared.obj
 0001:0003a9c0       _Item_Text_Paint           4003b9c0 f   ui_shared.obj
 0001:0003acf0       _Item_TextField_Paint      4003bcf0 f   ui_shared.obj
 0001:0003b0f0       _Item_YesNo_Paint          4003c0f0 f   ui_shared.obj
 0001:0003b450       _Item_Multi_Paint          4003c450 f   ui_shared.obj
 0001:0003b760       _Controls_GetConfig        4003c760 f   ui_shared.obj
 0001:0003b940       _Controls_SetConfig        4003c940 f   ui_shared.obj
 0001:0003ba20       _BindingIDFromName         4003ca20 f   ui_shared.obj
 0001:0003baa0       _BindingFromName           4003caa0 f   ui_shared.obj
 0001:0003bc30       _Item_Slider_Paint         4003cc30 f   ui_shared.obj
 0001:0003bf00       _Item_Bind_Paint           4003cf00 f   ui_shared.obj
 0001:0003c390       _Display_KeyBindPending    4003d390 f   ui_shared.obj
 0001:0003c3c0       _Item_Bind_HandleKey       4003d3c0 f   ui_shared.obj
 0001:0003c810       _UI_ScaleModelAxis         4003d810 f   ui_shared.obj
 0001:0003c9b0       _Item_Model_Paint          4003d9b0 f   ui_shared.obj
 0001:0003d440       _Item_Image_Paint          4003e440 f   ui_shared.obj
 0001:0003d510       _Item_TextScroll_Paint     4003e510 f   ui_shared.obj
 0001:0003d9a0       _Item_ListBox_Paint        4003e9a0 f   ui_shared.obj
 0001:0003eec0       _Item_OwnerDraw_Paint      4003fec0 f   ui_shared.obj
 0001:0003f4e0       _Item_Paint                400404e0 f   ui_shared.obj
 0001:00040770       _Menu_Init                 40041770 f   ui_shared.obj
 0001:00040810       _Menu_GetFocusedItem       40041810 f   ui_shared.obj
 0001:00040890       _Menu_GetFocused           40041890 f   ui_shared.obj
 0001:00040910       _Menu_ScrollFeeder         40041910 f   ui_shared.obj
 0001:000409c0       _Menu_SetFeederSelection   400419c0 f   ui_shared.obj
 0001:00040b00       _Menus_AnyFullScreenVisible 40041b00 f   ui_shared.obj
 0001:00040b80       _Menus_ActivateByName      40041b80 f   ui_shared.obj
 0001:00040cb0       _Item_Init                 40041cb0 f   ui_shared.obj
 0001:00040d10       _Menu_HandleMouseMove      40041d10 f   ui_shared.obj
 0001:00040f90       _Menu_Paint                40041f90 f   ui_shared.obj
 0001:00041240       _Item_ValidateTypeData     40042240 f   ui_shared.obj
 0001:000413f0       _KeywordHash_Key           400423f0 f   ui_shared.obj
 0001:000414b0       _KeywordHash_Add           400424b0 f   ui_shared.obj
 0001:00041510       _KeywordHash_Find          40042510 f   ui_shared.obj
 0001:00041590       _ItemParse_name            40042590 f   ui_shared.obj
 0001:000415f0       _ItemParse_focusSound      400425f0 f   ui_shared.obj
 0001:000416b0       _ItemParse_text            400426b0 f   ui_shared.obj
 0001:00041710       _ItemParse_descText        40042710 f   ui_shared.obj
 0001:00041770       _ItemParse_text2           40042770 f   ui_shared.obj
 0001:000417d0       _ItemParse_text2alignx     400427d0 f   ui_shared.obj
 0001:00041830       _ItemParse_text2aligny     40042830 f   ui_shared.obj
 0001:00041890       _ItemParse_group           40042890 f   ui_shared.obj
 0001:000418f0       _UI_InsertG2Pointer        400428f0 f   ui_shared.obj
 0001:000419a0       _UI_ClearG2Pointer         400429a0 f   ui_shared.obj
 0001:00041a00       _UI_CleanupGhoul2          40042a00 f   ui_shared.obj
 0001:00041a80       _ItemParse_asset_model_go  40042a80 f   ui_shared.obj
 0001:00041df0       _ItemParse_asset_model     40042df0 f   ui_shared.obj
 0001:00041f50       _ItemParse_asset_shader    40042f50 f   ui_shared.obj
 0001:00042010       _ItemParse_model_origin    40043010 f   ui_shared.obj
 0001:000420b0       _ItemParse_model_fovx      400430b0 f   ui_shared.obj
 0001:00042120       _ItemParse_model_fovy      40043120 f   ui_shared.obj
 0001:00042190       _ItemParse_model_rotation  40043190 f   ui_shared.obj
 0001:00042200       _ItemParse_model_angle     40043200 f   ui_shared.obj
 0001:00042270       _ItemParse_model_g2mins    40043270 f   ui_shared.obj
 0001:00042310       _ItemParse_model_g2maxs    40043310 f   ui_shared.obj
 0001:000423b0       _ItemParse_model_g2scale   400433b0 f   ui_shared.obj
 0001:00042450       _ItemParse_model_g2skin    40043450 f   ui_shared.obj
 0001:00042530       _ItemParse_model_g2anim    40043530 f   ui_shared.obj
 0001:00042660       _ItemParse_model_g2skin_go 40043660 f   ui_shared.obj
 0001:00042720       _ItemParse_model_g2anim_go 40043720 f   ui_shared.obj
 0001:000427f0       _ItemParse_rectcvar        400437f0 f   ui_shared.obj
 0001:000429c0       _ItemParse_rect            400439c0 f   ui_shared.obj
 0001:00042a20       _ItemParse_flag            40043a20 f   ui_shared.obj
 0001:00042b40       _ItemParse_style           40043b40 f   ui_shared.obj
 0001:00042ba0       _ItemParse_decoration      40043ba0 f   ui_shared.obj
 0001:00042be0       _ItemParse_notselectable   40043be0 f   ui_shared.obj
 0001:00042c50       _ItemParse_scrollhidden    40043c50 f   ui_shared.obj
 0001:00042cc0       _ItemParse_wrapped         40043cc0 f   ui_shared.obj
 0001:00042d00       _ItemParse_autowrapped     40043d00 f   ui_shared.obj
 0001:00042d40       _ItemParse_horizontalscroll 40043d40 f   ui_shared.obj
 0001:00042d80       _ItemParse_type            40043d80 f   ui_shared.obj
 0001:00042de0       _ItemParse_elementwidth    40043de0 f   ui_shared.obj
 0001:00042e50       _ItemParse_elementheight   40043e50 f   ui_shared.obj
 0001:00042ec0       _ItemParse_feeder          40043ec0 f   ui_shared.obj
 0001:00042f20       _ItemParse_elementtype     40043f20 f   ui_shared.obj
 0001:00042fa0       _ItemParse_columns         40043fa0 f   ui_shared.obj
 0001:00043130       _ItemParse_border          40044130 f   ui_shared.obj
 0001:00043190       _ItemParse_bordersize      40044190 f   ui_shared.obj
 0001:000431f0       _ItemParse_visible         400441f0 f   ui_shared.obj
 0001:00043280       _ItemParse_ownerdraw       40044280 f   ui_shared.obj
 0001:000432e0       _ItemParse_align           400442e0 f   ui_shared.obj
 0001:00043340       _ItemParse_isCharacter     40044340 f   ui_shared.obj
 0001:000433f0       _ItemParse_textalign       400443f0 f   ui_shared.obj
 0001:00043460       _ItemParse_textalignx      40044460 f   ui_shared.obj
 0001:000434c0       _ItemParse_textaligny      400444c0 f   ui_shared.obj
 0001:00043520       _ItemParse_textscale       40044520 f   ui_shared.obj
 0001:00043580       _ItemParse_textstyle       40044580 f   ui_shared.obj
 0001:000435e0       _ItemParse_invertyesno     400445e0 f   ui_shared.obj
 0001:00043640       _ItemParse_xoffset         40044640 f   ui_shared.obj
 0001:000436a0       _ItemParse_backcolor       400446a0 f   ui_shared.obj
 0001:00043750       _ItemParse_forecolor       40044750 f   ui_shared.obj
 0001:00043830       _ItemParse_bordercolor     40044830 f   ui_shared.obj
 0001:000438e0       _ItemParse_outlinecolor    400448e0 f   ui_shared.obj
 0001:00043940       _ItemParse_background      40044940 f   ui_shared.obj
 0001:00043a00       _ItemParse_cinematic       40044a00 f   ui_shared.obj
 0001:00043a60       _ItemParse_doubleClick     40044a60 f   ui_shared.obj
 0001:00043ae0       _ItemParse_onFocus         40044ae0 f   ui_shared.obj
 0001:00043b40       _ItemParse_leaveFocus      40044b40 f   ui_shared.obj
 0001:00043ba0       _ItemParse_mouseEnter      40044ba0 f   ui_shared.obj
 0001:00043c00       _ItemParse_mouseExit       40044c00 f   ui_shared.obj
 0001:00043c60       _ItemParse_mouseEnterText  40044c60 f   ui_shared.obj
 0001:00043cc0       _ItemParse_mouseExitText   40044cc0 f   ui_shared.obj
 0001:00043d20       _ItemParse_action          40044d20 f   ui_shared.obj
 0001:00043d80       _ItemParse_special         40044d80 f   ui_shared.obj
 0001:00043de0       _ItemParse_cvarTest        40044de0 f   ui_shared.obj
 0001:00043e40       _ItemParse_cvar            40044e40 f   ui_shared.obj
 0001:00043f20       _ItemParse_font            40044f20 f   ui_shared.obj
 0001:00043f80       _ItemParse_maxChars        40044f80 f   ui_shared.obj
 0001:00044040       _ItemParse_maxPaintChars   40045040 f   ui_shared.obj
 0001:00044100       _ItemParse_maxLineChars    40045100 f   ui_shared.obj
 0001:000441c0       _ItemParse_lineHeight      400451c0 f   ui_shared.obj
 0001:00044270       _ItemParse_cvarFloat       40045270 f   ui_shared.obj
 0001:00044330       _ItemParse_cvarStrList     40045330 f   ui_shared.obj
 0001:00044760       _ItemParse_cvarFloatList   40045760 f   ui_shared.obj
 0001:00044960       _ItemParse_addColorRange   40045960 f   ui_shared.obj
 0001:00044a60       _ItemParse_ownerdrawFlag   40045a60 f   ui_shared.obj
 0001:00044af0       _ItemParse_enableCvar      40045af0 f   ui_shared.obj
 0001:00044b60       _ItemParse_disableCvar     40045b60 f   ui_shared.obj
 0001:00044bd0       _ItemParse_showCvar        40045bd0 f   ui_shared.obj
 0001:00044c40       _ItemParse_hideCvar        40045c40 f   ui_shared.obj
 0001:00044cb0       _ItemParse_Appearance_slot 40045cb0 f   ui_shared.obj
 0001:00044d10       _ItemParse_isSaber         40045d10 f   ui_shared.obj
 0001:00044dd0       _ItemParse_isSaber2        40045dd0 f   ui_shared.obj
 0001:00044e90       _Item_SetupKeywordHash     40045e90 f   ui_shared.obj
 0001:00044f20       _Item_Parse                40045f20 f   ui_shared.obj
 0001:00045530       _Item_InitControls         40046530 f   ui_shared.obj
 0001:000455c0       _MenuParse_font            400465c0 f   ui_shared.obj
 0001:00045670       _MenuParse_name            40046670 f   ui_shared.obj
 0001:000456e0       _MenuParse_fullscreen      400466e0 f   ui_shared.obj
 0001:00045740       _MenuParse_rect            40046740 f   ui_shared.obj
 0001:000457a0       _MenuParse_style           400467a0 f   ui_shared.obj
 0001:00045810       _MenuParse_visible         40046810 f   ui_shared.obj
 0001:000458b0       _MenuParse_onOpen          400468b0 f   ui_shared.obj
 0001:00045910       _MenuParse_onClose         40046910 f   ui_shared.obj
 0001:00045970       _MenuParse_onAccept        40046970 f   ui_shared.obj
 0001:000459d0       _MenuParse_onESC           400469d0 f   ui_shared.obj
 0001:00045a30       _MenuParse_border          40046a30 f   ui_shared.obj
 0001:00045a90       _MenuParse_borderSize      40046a90 f   ui_shared.obj
 0001:00045af0       _MenuParse_backcolor       40046af0 f   ui_shared.obj
 0001:00045ba0       _MenuParse_descAlignment   40046ba0 f   ui_shared.obj
 0001:00045c10       _MenuParse_descX           40046c10 f   ui_shared.obj
 0001:00045c70       _MenuParse_descY           40046c70 f   ui_shared.obj
 0001:00045cd0       _MenuParse_descScale       40046cd0 f   ui_shared.obj
 0001:00045d30       _MenuParse_descColor       40046d30 f   ui_shared.obj
 0001:00045de0       _MenuParse_forecolor       40046de0 f   ui_shared.obj
 0001:00045ec0       _MenuParse_bordercolor     40046ec0 f   ui_shared.obj
 0001:00045f70       _MenuParse_focuscolor      40046f70 f   ui_shared.obj
 0001:00046020       _MenuParse_disablecolor    40047020 f   ui_shared.obj
 0001:000460d0       _MenuParse_outlinecolor    400470d0 f   ui_shared.obj
 0001:00046130       _MenuParse_background      40047130 f   ui_shared.obj
 0001:00046200       _MenuParse_cinematic       40047200 f   ui_shared.obj
 0001:00046260       _MenuParse_ownerdrawFlag   40047260 f   ui_shared.obj
 0001:000462f0       _MenuParse_ownerdraw       400472f0 f   ui_shared.obj
 0001:00046350       _MenuParse_popup           40047350 f   ui_shared.obj
 0001:000463a0       _MenuParse_outOfBounds     400473a0 f   ui_shared.obj
 0001:000463f0       _MenuParse_soundLoop       400473f0 f   ui_shared.obj
 0001:00046450       _MenuParse_fadeClamp       40047450 f   ui_shared.obj
 0001:000464b0       _MenuParse_fadeAmount      400474b0 f   ui_shared.obj
 0001:00046510       _MenuParse_fadeCycle       40047510 f   ui_shared.obj
 0001:00046570       _MenuParse_itemDef         40047570 f   ui_shared.obj
 0001:00046680       _MenuParse_appearanceIncrement 40047680 f   ui_shared.obj
 0001:000466e0       _Menu_SetupKeywordHash     400476e0 f   ui_shared.obj
 0001:00046770       _Menu_Parse                40047770 f   ui_shared.obj
 0001:000468f0       _Menu_New                  400478f0 f   ui_shared.obj
 0001:00046980       _Menu_Count                40047980 f   ui_shared.obj
 0001:000469b0       _Menu_PaintAll             400479b0 f   ui_shared.obj
 0001:00046b70       _Menu_Reset                40047b70 f   ui_shared.obj
 0001:00046ba0       _Display_GetContext        40047ba0 f   ui_shared.obj
 0001:00046bd0       _Display_CaptureItem       40047bd0 f   ui_shared.obj
 0001:00046c60       _Display_MouseMove         40047c60 f   ui_shared.obj
 0001:00046d60       _Display_CursorType        40047d60 f   ui_shared.obj
 0001:00046e60       _Display_HandleKey         40047e60 f   ui_shared.obj
 0001:00046ed0       _Display_CacheAll          40047ed0 f   ui_shared.obj
 0001:00047240       _dllEntry                  40048240 f   ui_syscalls.obj
 0001:00047270       _PASSFLOAT                 40048270 f   ui_syscalls.obj
 0001:000472a0       _trap_Print                400482a0 f   ui_syscalls.obj
 0001:000472f0       _trap_Error                400482f0 f   ui_syscalls.obj
 0001:00047340       _trap_Milliseconds         40048340 f   ui_syscalls.obj
 0001:00047390       _trap_Cvar_Register        40048390 f   ui_syscalls.obj
 0001:000473f0       _trap_Cvar_Update          400483f0 f   ui_syscalls.obj
 0001:00047440       _trap_Cvar_Set             40048440 f   ui_syscalls.obj
 0001:00047490       _trap_Cvar_VariableValue   40048490 f   ui_syscalls.obj
 0001:000474e0       _trap_Cvar_VariableStringBuffer 400484e0 f   ui_syscalls.obj
 0001:00047540       _trap_Cvar_SetValue        40048540 f   ui_syscalls.obj
 0001:000475a0       _trap_Cvar_Reset           400485a0 f   ui_syscalls.obj
 0001:000475f0       _trap_Cvar_Create          400485f0 f   ui_syscalls.obj
 0001:00047650       _trap_Cvar_InfoStringBuffer 40048650 f   ui_syscalls.obj
 0001:000476b0       _trap_Argc                 400486b0 f   ui_syscalls.obj
 0001:00047700       _trap_Argv                 40048700 f   ui_syscalls.obj
 0001:00047760       _trap_Cmd_ExecuteText      40048760 f   ui_syscalls.obj
 0001:000477b0       _trap_FS_FOpenFile         400487b0 f   ui_syscalls.obj
 0001:00047810       _trap_FS_Read              40048810 f   ui_syscalls.obj
 0001:00047870       _trap_FS_Write             40048870 f   ui_syscalls.obj
 0001:000478d0       _trap_FS_FCloseFile        400488d0 f   ui_syscalls.obj
 0001:00047920       _trap_FS_GetFileList       40048920 f   ui_syscalls.obj
 0001:00047980       _trap_R_RegisterModel      40048980 f   ui_syscalls.obj
 0001:000479d0       _trap_R_RegisterSkin       400489d0 f   ui_syscalls.obj
 0001:00047a20       _trap_R_RegisterFont       40048a20 f   ui_syscalls.obj
 0001:00047a70       _trap_R_Font_StrLenPixels  40048a70 f   ui_syscalls.obj
 0001:00047ad0       _trap_R_Font_StrLenChars   40048ad0 f   ui_syscalls.obj
 0001:00047b20       _trap_R_Font_HeightPixels  40048b20 f   ui_syscalls.obj
 0001:00047b80       _trap_R_Font_DrawString    40048b80 f   ui_syscalls.obj
 0001:00047bf0       _trap_Language_IsAsian     40048bf0 f   ui_syscalls.obj
 0001:00047c40       _trap_Language_UsesSpaces  40048c40 f   ui_syscalls.obj
 0001:00047c90       _trap_AnyLanguage_ReadCharFromString 40048c90 f   ui_syscalls.obj
 0001:00047cf0       _trap_R_RegisterShaderNoMip 40048cf0 f   ui_syscalls.obj
 0001:00047dd0       _trap_R_ShaderNameFromIndex 40048dd0 f   ui_syscalls.obj
 0001:00047e20       _trap_R_ClearScene         40048e20 f   ui_syscalls.obj
 0001:00047e70       _trap_R_AddRefEntityToScene 40048e70 f   ui_syscalls.obj
 0001:00047ec0       _trap_R_AddPolyToScene     40048ec0 f   ui_syscalls.obj
 0001:00047f20       _trap_R_AddLightToScene    40048f20 f   ui_syscalls.obj
 0001:00047fb0       _trap_R_RenderScene        40048fb0 f   ui_syscalls.obj
 0001:00048000       _trap_R_SetColor           40049000 f   ui_syscalls.obj
 0001:00048050       _trap_R_DrawStretchPic     40049050 f   ui_syscalls.obj
 0001:00048120       _trap_R_ModelBounds        40049120 f   ui_syscalls.obj
 0001:00048180       _trap_UpdateScreen         40049180 f   ui_syscalls.obj
 0001:000481d0       _trap_CM_LerpTag           400491d0 f   ui_syscalls.obj
 0001:00048240       _trap_S_StartLocalSound    40049240 f   ui_syscalls.obj
 0001:00048290       _trap_S_RegisterSound      40049290 f   ui_syscalls.obj
 0001:000482e0       _trap_Key_KeynumToStringBuf 400492e0 f   ui_syscalls.obj
 0001:00048340       _trap_Key_GetBindingBuf    40049340 f   ui_syscalls.obj
 0001:000483a0       _trap_Key_SetBinding       400493a0 f   ui_syscalls.obj
 0001:000483f0       _trap_Key_IsDown           400493f0 f   ui_syscalls.obj
 0001:00048440       _trap_Key_GetOverstrikeMode 40049440 f   ui_syscalls.obj
 0001:00048490       _trap_Key_SetOverstrikeMode 40049490 f   ui_syscalls.obj
 0001:000484e0       _trap_Key_ClearStates      400494e0 f   ui_syscalls.obj
 0001:00048530       _trap_Key_GetCatcher       40049530 f   ui_syscalls.obj
 0001:00048580       _trap_Key_SetCatcher       40049580 f   ui_syscalls.obj
 0001:000485d0       _trap_GetClipboardData     400495d0 f   ui_syscalls.obj
 0001:00048620       _trap_GetClientState       40049620 f   ui_syscalls.obj
 0001:00048670       _trap_GetGlconfig          40049670 f   ui_syscalls.obj
 0001:000486c0       _trap_GetConfigString      400496c0 f   ui_syscalls.obj
 0001:00048720       _trap_LAN_GetServerCount   40049720 f   ui_syscalls.obj
 0001:00048770       _trap_LAN_GetServerAddressString 40049770 f   ui_syscalls.obj
 0001:000487d0       _trap_LAN_GetServerInfo    400497d0 f   ui_syscalls.obj
 0001:00048830       _trap_LAN_GetServerPing    40049830 f   ui_syscalls.obj
 0001:00048880       _trap_LAN_GetPingQueueCount 40049880 f   ui_syscalls.obj
 0001:000488d0       _trap_LAN_ServerStatus     400498d0 f   ui_syscalls.obj
 0001:00048930       _trap_LAN_SaveCachedServers 40049930 f   ui_syscalls.obj
 0001:00048980       _trap_LAN_LoadCachedServers 40049980 f   ui_syscalls.obj
 0001:000489d0       _trap_LAN_ResetPings       400499d0 f   ui_syscalls.obj
 0001:00048a20       _trap_LAN_ClearPing        40049a20 f   ui_syscalls.obj
 0001:00048a70       _trap_LAN_GetPing          40049a70 f   ui_syscalls.obj
 0001:00048ad0       _trap_LAN_GetPingInfo      40049ad0 f   ui_syscalls.obj
 0001:00048b30       _trap_LAN_MarkServerVisible 40049b30 f   ui_syscalls.obj
 0001:00048b90       _trap_LAN_ServerIsVisible  40049b90 f   ui_syscalls.obj
 0001:00048be0       _trap_LAN_UpdateVisiblePings 40049be0 f   ui_syscalls.obj
 0001:00048c30       _trap_LAN_AddServer        40049c30 f   ui_syscalls.obj
 0001:00048c90       _trap_LAN_RemoveServer     40049c90 f   ui_syscalls.obj
 0001:00048ce0       _trap_LAN_CompareServers   40049ce0 f   ui_syscalls.obj
 0001:00048d40       _trap_MemoryRemaining      40049d40 f   ui_syscalls.obj
 0001:00048d90       _trap_PC_AddGlobalDefine   40049d90 f   ui_syscalls.obj
 0001:00048de0       _trap_PC_LoadSource        40049de0 f   ui_syscalls.obj
 0001:00048e30       _trap_PC_FreeSource        40049e30 f   ui_syscalls.obj
 0001:00048e80       _trap_PC_ReadToken         40049e80 f   ui_syscalls.obj
 0001:00048ed0       _trap_PC_SourceFileAndLine 40049ed0 f   ui_syscalls.obj
 0001:00048f30       _trap_PC_LoadGlobalDefines 40049f30 f   ui_syscalls.obj
 0001:00048f80       _trap_PC_RemoveAllGlobalDefines 40049f80 f   ui_syscalls.obj
 0001:00048fd0       _trap_S_StopBackgroundTrack 40049fd0 f   ui_syscalls.obj
 0001:00049020       _trap_S_StartBackgroundTrack 4004a020 f   ui_syscalls.obj
 0001:00049080       _trap_RealTime             4004a080 f   ui_syscalls.obj
 0001:000490d0       _trap_CIN_PlayCinematic    4004a0d0 f   ui_syscalls.obj
 0001:00049130       _trap_CIN_StopCinematic    4004a130 f   ui_syscalls.obj
 0001:00049180       _trap_CIN_RunCinematic     4004a180 f   ui_syscalls.obj
 0001:000491d0       _trap_CIN_DrawCinematic    4004a1d0 f   ui_syscalls.obj
 0001:00049220       _trap_CIN_SetExtents       4004a220 f   ui_syscalls.obj
 0001:00049280       _trap_R_RemapShader        4004a280 f   ui_syscalls.obj
 0001:000492e0       _trap_SP_GetNumLanguages   4004a2e0 f   ui_syscalls.obj
 0001:00049330       _trap_GetLanguageName      4004a330 f   ui_syscalls.obj
 0001:00049380       _trap_SP_GetStringTextString 4004a380 f   ui_syscalls.obj
 0001:000493e0       _trap_G2_ListModelSurfaces 4004a3e0 f   ui_syscalls.obj
 0001:00049430       _trap_G2_ListModelBones    4004a430 f   ui_syscalls.obj
 0001:00049490       _trap_G2_SetGhoul2ModelIndexes 4004a490 f   ui_syscalls.obj
 0001:000494f0       _trap_G2_HaveWeGhoul2Models 4004a4f0 f   ui_syscalls.obj
 0001:00049540       _trap_G2API_GetBoltMatrix  4004a540 f   ui_syscalls.obj
 0001:000495b0       _trap_G2API_GetBoltMatrix_NoReconstruct 4004a5b0 f   ui_syscalls.obj
 0001:00049620       _trap_G2API_GetBoltMatrix_NoRecNoRot 4004a620 f   ui_syscalls.obj
 0001:00049690       _trap_G2API_InitGhoul2Model 4004a690 f   ui_syscalls.obj
 0001:00049700       _trap_G2API_SetSkin        4004a700 f   ui_syscalls.obj
 0001:00049760       _trap_G2API_CollisionDetect 4004a760 f   ui_syscalls.obj
 0001:000497f0       _trap_G2API_CollisionDetectCache 4004a7f0 f   ui_syscalls.obj
 0001:00049880       _trap_G2API_CleanGhoul2Models 4004a880 f   ui_syscalls.obj
 0001:000498d0       _trap_G2API_SetBoneAngles  4004a8d0 f   ui_syscalls.obj
 0001:00049950       _trap_G2API_SetBoneAnim    4004a950 f   ui_syscalls.obj
 0001:000499e0       _trap_G2API_GetBoneAnim    4004a9e0 f   ui_syscalls.obj
 0001:00049a60       _trap_G2API_GetBoneFrame   4004aa60 f   ui_syscalls.obj
 0001:00049ad0       _trap_G2API_GetGLAName     4004aad0 f   ui_syscalls.obj
 0001:00049b30       _trap_G2API_CopyGhoul2Instance 4004ab30 f   ui_syscalls.obj
 0001:00049b90       _trap_G2API_CopySpecificGhoul2Model 4004ab90 f   ui_syscalls.obj
 0001:00049bf0       _trap_G2API_DuplicateGhoul2Instance 4004abf0 f   ui_syscalls.obj
 0001:00049c50       _trap_G2API_HasGhoul2ModelOnIndex 4004ac50 f   ui_syscalls.obj
 0001:00049cb0       _trap_G2API_RemoveGhoul2Model 4004acb0 f   ui_syscalls.obj
 0001:00049d10       _trap_G2API_AddBolt        4004ad10 f   ui_syscalls.obj
 0001:00049d70       _trap_G2API_SetBoltInfo    4004ad70 f   ui_syscalls.obj
 0001:00049dd0       _trap_G2API_SetRootSurface 4004add0 f   ui_syscalls.obj
 0001:00049e30       _trap_G2API_SetSurfaceOnOff 4004ae30 f   ui_syscalls.obj
 0001:00049e90       _trap_G2API_SetNewOrigin   4004ae90 f   ui_syscalls.obj
 0001:00049ef0       _trap_G2API_GetTime        4004aef0 f   ui_syscalls.obj
 0001:00049f40       _trap_G2API_SetTime        4004af40 f   ui_syscalls.obj
 0001:00049fa0       _trap_G2API_SetRagDoll     4004afa0 f   ui_syscalls.obj
 0001:0004a000       _trap_G2API_AnimateG2Models 4004b000 f   ui_syscalls.obj
 0001:0004a060       _trap_G2API_SetBoneIKState 4004b060 f   ui_syscalls.obj
 0001:0004a0c0       _trap_G2API_IKMove         4004b0c0 f   ui_syscalls.obj
 0001:0004a120       _trap_G2API_GetSurfaceName 4004b120 f   ui_syscalls.obj
 0001:0004a180       _trap_G2API_AttachG2Model  4004b180 f   ui_syscalls.obj
 0001:0004a1e0       __RTC_CheckEsp             4004b1e0 f   LIBCMTD:_stack_.obj
 0001:0004a210       @_RTC_CheckStackVars@8     4004b210 f   LIBCMTD:_stack_.obj
 0001:0004a280       @_RTC_AllocaHelper@12      4004b280 f   LIBCMTD:_stack_.obj
 0001:0004a2c0       @_RTC_CheckStackVars2@12   4004b2c0 f   LIBCMTD:_stack_.obj
 0001:0004a3a0       __RTC_InitBase             4004b3a0 f   LIBCMTD:_init_.obj
 0001:0004a3d0       __RTC_Shutdown             4004b3d0 f   LIBCMTD:_init_.obj
 0001:0004a3f0       _atol                      4004b3f0 f   LIBCMTD:atox.obj
 0001:0004a410       __atol_l                   4004b410 f   LIBCMTD:atox.obj
 0001:0004a430       _atoi                      4004b430 f   LIBCMTD:atox.obj
 0001:0004a450       __atoi_l                   4004b450 f   LIBCMTD:atox.obj
 0001:0004a470       __atoi64                   4004b470 f   LIBCMTD:atox.obj
 0001:0004a490       __atoi64_l                 4004b490 f   LIBCMTD:atox.obj
 0001:0004a4b0       _strcpy                    4004b4b0 f   LIBCMTD:strcat.obj
 0001:0004a4c0       _strcat                    4004b4c0 f   LIBCMTD:strcat.obj
 0001:0004a5b0       _strlen                    4004b5b0 f   LIBCMTD:strlen.obj
 0001:0004a640       @__security_check_cookie@4 4004b640 f   LIBCMTD:secchk.obj
 0001:0004a650       _atan2                     4004b650 f   LIBCMTD:_87ctriga_.obj
 0001:0004a65a       __CIatan2                  4004b65a f   LIBCMTD:_87ctriga_.obj
 0001:0004a670       __fpmath                   4004b670 f   LIBCMTD:_fpinit_.obj
 0001:0004a690       __cfltcvt_init             4004b690 f   LIBCMTD:_fpinit_.obj
 0001:0004a700       ___setfflag                4004b700 f   LIBCMTD:_fpinit_.obj
 0001:0004a720       _cos                       4004b720 f   LIBCMTD:_cos_.obj
 0001:0004a760       __CIcos                    4004b760 f   LIBCMTD:_cos_.obj
 0001:0004a79b       __CIcos_default            4004b79b f   LIBCMTD:_cos_.obj
 0001:0004a7af       __cos_default              4004b7af     LIBCMTD:_cos_.obj
 0001:0004a850       _sin                       4004b850 f   LIBCMTD:_sin_.obj
 0001:0004a890       __CIsin                    4004b890 f   LIBCMTD:_sin_.obj
 0001:0004a8cb       __CIsin_default            4004b8cb f   LIBCMTD:_sin_.obj
 0001:0004a8df       __sin_default              4004b8df     LIBCMTD:_sin_.obj
 0001:0004a980       _fabs                      4004b980 f   LIBCMTD:_fabs_.obj
 0001:0004aa90       _strchr                    4004ba90 f   LIBCMTD:strchr.obj
 0001:0004aa96       ___from_strstr_to_strchr   4004ba96     LIBCMTD:strchr.obj
 0001:0004ab50       __chkstk                   4004bb50 f   LIBCMTD:chkstk.obj
 0001:0004ab50       __alloca_probe             4004bb50     LIBCMTD:chkstk.obj
 0001:0004ab80       _strcmp                    4004bb80 f   LIBCMTD:strcmp.obj
 0001:0004ac10       _memcpy                    4004bc10 f   LIBCMTD:memcpy.obj
 0001:0004af80       __atof_l                   4004bf80 f   LIBCMTD:atof.obj
 0001:0004b0c0       ??0_LocaleUpdate@@QAE@PAUlocaleinfo_struct@@@Z 4004c0c0 f i LIBCMTD:atof.obj
 0001:0004b1a0       ??1_LocaleUpdate@@QAE@XZ   4004c1a0 f i LIBCMTD:atof.obj
 0001:0004b1d0       ?GetLocaleT@_LocaleUpdate@@QAEPAUlocaleinfo_struct@@XZ 4004c1d0 f i LIBCMTD:atof.obj
 0001:0004b1e0       _atof                      4004c1e0 f   LIBCMTD:atof.obj
 0001:0004b200       ___strgtold12              4004c200 f   LIBCMTD:atof.obj
 0001:0004b260       ___STRINGTOLD              4004c260 f   LIBCMTD:atof.obj
 0001:0004b2b0       __wassert                  4004c2b0 f   LIBCMTD:wassert.obj
 0001:0004be40       __invoke_watson_if_error   4004ce40 f i LIBCMTD:wassert.obj
 0001:0004beb0       _sscanf                    4004ceb0 f   LIBCMTD:sscanf.obj
 0001:0004c040       __sscanf_l                 4004d040 f   LIBCMTD:sscanf.obj
 0001:0004c070       _sscanf_s                  4004d070 f   LIBCMTD:sscanf.obj
 0001:0004c0a0       __sscanf_s_l               4004d0a0 f   LIBCMTD:sscanf.obj
 0001:0004c0d0       _memset                    4004d0d0 f   LIBCMTD:memset.obj
 0001:0004c150       __CIsqrt                   4004d150 f   LIBCMTD:_sqrt_.obj
 0001:0004c164       _sqrt                      4004d164     LIBCMTD:_sqrt_.obj
 0001:0004c210       _fmod                      4004d210 f   LIBCMTD:_87fmod_.obj
 0001:0004c21a       __CIfmod                   4004d21a f   LIBCMTD:_87fmod_.obj
 0001:0004c240       __ftol2_sse                4004d240 f   LIBCMTD:ftol2.obj
 0001:0004c249       __ftol2_pentium4           4004d249 f   LIBCMTD:ftol2.obj
 0001:0004c25c       __ftol2_sse_excpt          4004d25c f   LIBCMTD:ftol2.obj
 0001:0004c276       __ftol2                    4004d276 f   LIBCMTD:ftol2.obj
 0001:0004c2f0       _acos                      4004d2f0 f   LIBCMTD:_acos_.obj
 0001:0004c330       __CIacos                   4004d330 f   LIBCMTD:_acos_.obj
 0001:0004c36b       __CIacos_default           4004d36b f   LIBCMTD:_acos_.obj
 0001:0004c37f       __acos_default             4004d37f     LIBCMTD:_acos_.obj
 0001:0004c440       __vsprintf_l               4004d440 f   LIBCMTD:vsprintf.obj
 0001:0004c5e0       _vsprintf                  4004d5e0 f   LIBCMTD:vsprintf.obj
 0001:0004c600       __vscprintf_helper         4004d600 f   LIBCMTD:vsprintf.obj
 0001:0004c6e0       __vscprintf                4004d6e0 f   LIBCMTD:vsprintf.obj
 0001:0004c700       __vscprintf_l              4004d700 f   LIBCMTD:vsprintf.obj
 0001:0004c720       __vscprintf_p              4004d720 f   LIBCMTD:vsprintf.obj
 0001:0004c740       __vscprintf_p_l            4004d740 f   LIBCMTD:vsprintf.obj
 0001:0004c760       _strncpy                   4004d760 f   LIBCMTD:strncpy.obj
 0001:0004c890       __tolower                  4004d890 f   LIBCMTD:tolower.obj
 0001:0004c8a0       __tolower_l                4004d8a0 f   LIBCMTD:tolower.obj
 0001:0004ca80       _tolower                   4004da80 f   LIBCMTD:tolower.obj
 0001:0004cad0       __toupper                  4004dad0 f   LIBCMTD:toupper.obj
 0001:0004cae0       __toupper_l                4004dae0 f   LIBCMTD:toupper.obj
 0001:0004ccc0       _toupper                   4004dcc0 f   LIBCMTD:toupper.obj
 0001:0004cd10       _strstr                    4004dd10 f   LIBCMTD:strstr.obj
 0001:0004cda0       _ceil                      4004dda0 f   LIBCMTD:_ceil_pentium4_.obj
 0001:0004cde0       __ceil_pentium4            4004dde0 f   LIBCMTD:_ceil_pentium4_.obj
 0001:0004cec0       _floor                     4004dec0 f   LIBCMTD:_floor_pentium4_.obj
 0001:0004cf00       __floor_pentium4           4004df00 f   LIBCMTD:_floor_pentium4_.obj
 0001:0004cff0       _qsort                     4004dff0 f   LIBCMTD:qsort.obj
 0001:0004d5a0       _sprintf                   4004e5a0 f   LIBCMTD:sprintf.obj
 0001:0004d740       __sprintf_l                4004e740 f   LIBCMTD:sprintf.obj
 0001:0004d770       _sprintf_s                 4004e770 f   LIBCMTD:sprintf.obj
 0001:0004d7a0       __sprintf_s_l              4004e7a0 f   LIBCMTD:sprintf.obj
 0001:0004d7d0       __snprintf_s               4004e7d0 f   LIBCMTD:sprintf.obj
 0001:0004d800       __snprintf_s_l             4004e800 f   LIBCMTD:sprintf.obj
 0001:0004d830       __sprintf_p                4004e830 f   LIBCMTD:sprintf.obj
 0001:0004d860       __sprintf_p_l              4004e860 f   LIBCMTD:sprintf.obj
 0001:0004d890       __scprintf                 4004e890 f   LIBCMTD:sprintf.obj
 0001:0004d8b0       __scprintf_p               4004e8b0 f   LIBCMTD:sprintf.obj
 0001:0004d8d0       __scprintf_l               4004e8d0 f   LIBCMTD:sprintf.obj
 0001:0004d900       __scprintf_p_l             4004e900 f   LIBCMTD:sprintf.obj
 0001:0004d930       _strrchr                   4004e930 f   LIBCMTD:strrchr.obj
 0001:0004d960       _abs                       4004e960 f   LIBCMTD:abs.obj
 0001:0004d990       __abs64                    4004e990 f   LIBCMTD:abs.obj
 0001:0004d9e0       _srand                     4004e9e0 f   LIBCMTD:rand.obj
 0001:0004da00       _rand                      4004ea00 f   LIBCMTD:rand.obj
 0001:0004da40       ?_RTC_Failure@@YAXPAXH@Z   4004ea40 f   LIBCMTD:_error_.obj
 0001:0004ddf0       ?_RTC_StackFailure@@YAXPAXPBD@Z 4004edf0 f   LIBCMTD:_error_.obj
 0001:0004def0       ?_RTC_AllocaFailure@@YAXPAXPAU_RTC_ALLOCA_NODE@@H@Z 4004eef0 f   LIBCMTD:_error_.obj
 0001:0004e0a0       __RTC_UninitUse            4004f0a0 f   LIBCMTD:_error_.obj
 0001:0004e190       _memmove                   4004f190 f   LIBCMTD:memmove.obj
 0001:0004e500       _tan                       4004f500 f   LIBCMTD:_tan_.obj
 0001:0004e540       __CItan                    4004f540 f   LIBCMTD:_tan_.obj
 0001:0004e57b       __CItan_default            4004f57b f   LIBCMTD:_tan_.obj
 0001:0004e58f       __tan_default              4004f58f     LIBCMTD:_tan_.obj
 0001:0004e630       __CRT_INIT@12              4004f630 f   LIBCMTD:dllcrt0.obj
 0001:0004e850       __DllMainCRTStartup@12     4004f850 f   LIBCMTD:dllcrt0.obj
 0001:0004ea40       __RTC_NumErrors            4004fa40 f   LIBCMTD:_userapi_.obj
 0001:0004ea50       __RTC_GetErrDesc           4004fa50 f   LIBCMTD:_userapi_.obj
 0001:0004ea70       __RTC_SetErrorType         4004fa70 f   LIBCMTD:_userapi_.obj
 0001:0004eaa0       __RTC_SetErrorFunc         4004faa0 f   LIBCMTD:_userapi_.obj
 0001:0004eac0       __RTC_SetErrorFuncW        4004fac0 f   LIBCMTD:_userapi_.obj
 0001:0004eae0       ?_RTC_GetErrorFunc@@YAP6AHHPBDH00ZZPBX@Z 4004fae0 f   LIBCMTD:_userapi_.obj
 0001:0004eaf0       ?_RTC_GetErrorFuncW@@YAP6AHHPB_WH00ZZPBX@Z 4004faf0 f   LIBCMTD:_userapi_.obj
 0001:0004eb00       __chkesp                   4004fb00 f   LIBCMTD:chkesp.obj
 0001:0004eb40       __CRT_RTC_INIT             4004fb40 f   LIBCMTD:chkesp.obj
 0001:0004eb50       __CRT_RTC_INITW            4004fb50 f   LIBCMTD:chkesp.obj
 0001:0004eb60       _strtol                    4004fb60 f   LIBCMTD:strtol.obj
 0001:0004f090       __strtol_l                 40050090 f   LIBCMTD:strtol.obj
 0001:0004f0c0       _strtoul                   400500c0 f   LIBCMTD:strtol.obj
 0001:0004f110       __strtoul_l                40050110 f   LIBCMTD:strtol.obj
 0001:0004f140       __strtoi64                 40050140 f   LIBCMTD:strtoq.obj
 0001:0004f6b0       __strtoi64_l               400506b0 f   LIBCMTD:strtoq.obj
 0001:0004f6e0       __strtoui64                400506e0 f   LIBCMTD:strtoq.obj
 0001:0004f730       __strtoui64_l              40050730 f   LIBCMTD:strtoq.obj
 0001:0004f760       ___report_gsfailure        40050760 f   LIBCMTD:gs_report.obj
 0001:0004f88c       __fFATN2                   4005088c     LIBCMTD:_87triga_.obj
 0001:0004f8dc       __rtpiby2                  400508dc     LIBCMTD:_87triga_.obj
 0001:0004f920       __cintrindisp2             40050920 f   LIBCMTD:_87cdisp_.obj
 0001:0004f95e       __cintrindisp1             4005095e f   LIBCMTD:_87cdisp_.obj
 0001:0004f99b       __ctrandisp2               4005099b f   LIBCMTD:_87cdisp_.obj
 0001:0004fb2a       __ctrandisp1               40050b2a f   LIBCMTD:_87cdisp_.obj
 0001:0004fb5d       __fload                    40050b5d f   LIBCMTD:_87cdisp_.obj
 0001:0004fba0       __setdefaultprecision      40050ba0 f   LIBCMTD:fp8.obj
 0001:0004fbe0       __forcdecpt                40050be0 f   LIBCMTD:cvt.obj
 0001:0004fc00       __forcdecpt_l              40050c00 f   LIBCMTD:cvt.obj
 0001:0004fcc0       __cropzeros                40050cc0 f   LIBCMTD:cvt.obj
 0001:0004fce0       __cropzeros_l              40050ce0 f   LIBCMTD:cvt.obj
 0001:0004fdf0       __positive                 40050df0 f   LIBCMTD:cvt.obj
 0001:0004fe20       __fassign_l                40050e20 f   LIBCMTD:cvt.obj
 0001:0004fe80       __fassign                  40050e80 f   LIBCMTD:cvt.obj
 0001:0004fea0       __cftoe_l                  40050ea0 f   LIBCMTD:cvt.obj
 0001:000503f0       __cftoe                    400513f0 f   LIBCMTD:cvt.obj
 0001:00050420       __cftoa_l                  40051420 f   LIBCMTD:cvt.obj
 0001:00050c00       ?strrchr@@YAPADPADH@Z      40051c00 f i LIBCMTD:cvt.obj
 0001:00050c20       __cftoa                    40051c20 f   LIBCMTD:cvt.obj
 0001:00050c50       __cftof_l                  40051c50 f   LIBCMTD:cvt.obj
 0001:00051060       __cftof                    40052060 f   LIBCMTD:cvt.obj
 0001:00051090       __cftog_l                  40052090 f   LIBCMTD:cvt.obj
 0001:000512c0       __cftog                    400522c0 f   LIBCMTD:cvt.obj
 0001:000512f0       __cfltcvt_l                400522f0 f   LIBCMTD:cvt.obj
 0001:000513b0       __cfltcvt                  400523b0 f   LIBCMTD:cvt.obj
 0001:00051410       __initp_misc_cfltcvt_tab   40052410 f   LIBCMTD:cmiscdat.obj
 0001:00051450       __set_SSE2_enable          40052450 f   LIBCMTD:_mathfcns_.obj
 0001:00051470       __sse2_mathfcns_init       40052470 f   LIBCMTD:_mathfcns_.obj
 0001:00051490       __CIcos_pentium4           40052490 f   LIBCMTD:_cos_pentium4_.obj
 0001:000514a8       __cos_pentium4             400524a8     LIBCMTD:_cos_pentium4_.obj
 0001:00051640       __trandisp1                40052640 f   LIBCMTD:_87disp_.obj
 0001:000516a7       __trandisp2                400526a7 f   LIBCMTD:_87disp_.obj
 0001:00051733       __rttospopde               40052733     LIBCMTD:_87disp_.obj
 0001:00051738       __rttospop                 40052738     LIBCMTD:_87disp_.obj
 0001:0005173a       __rtnospop                 4005273a     LIBCMTD:_87disp_.obj
 0001:0005173c       __rttosnpop                4005273c     LIBCMTD:_87disp_.obj
 0001:0005173d       __rtnospopde               4005273d     LIBCMTD:_87disp_.obj
 0001:00051744       __rtzeropop                40052744     LIBCMTD:_87disp_.obj
 0001:00051746       __rtzeronpop               40052746     LIBCMTD:_87disp_.obj
 0001:0005174b       __rtonepop                 4005274b     LIBCMTD:_87disp_.obj
 0001:0005174d       __rtonenpop                4005274d     LIBCMTD:_87disp_.obj
 0001:00051752       __tosnan1                  40052752     LIBCMTD:_87disp_.obj
 0001:0005177d       __nosnan2                  4005277d     LIBCMTD:_87disp_.obj
 0001:0005177f       __tosnan2                  4005277f     LIBCMTD:_87disp_.obj
 0001:000517a7       __nan2                     400527a7     LIBCMTD:_87disp_.obj
 0001:000517e6       __rtindfpop                400527e6     LIBCMTD:_87disp_.obj
 0001:000517e8       __rtindfnpop               400527e8     LIBCMTD:_87disp_.obj
 0001:000517f9       __rttosnpopde              400527f9     LIBCMTD:_87disp_.obj
 0001:00051803       __rtchsifneg               40052803     LIBCMTD:_87disp_.obj
 0001:00051810       __twoToTOS                 40052810 f   LIBCMTD:_common_.obj
 0001:00051825       __load_CW                  40052825 f   LIBCMTD:_common_.obj
 0001:0005183c       __convertTOStoQNaN         4005283c f   LIBCMTD:_common_.obj
 0001:00051855       __fload_withFB             40052855 f   LIBCMTD:_common_.obj
 0001:00051898       __checkTOS_withFB          40052898 f   LIBCMTD:_common_.obj
 0001:000518ae       __fast_exit                400528ae f   LIBCMTD:_common_.obj
 0001:000518bb       __math_exit                400528bb f   LIBCMTD:_common_.obj
 0001:000518e5       __check_overflow_exit      400528e5 f   LIBCMTD:_common_.obj
 0001:000518f9       __check_range_exit         400528f9 f   LIBCMTD:_common_.obj
 0001:000519a0       __startTwoArgErrorHandling 400529a0 f   LIBCMTD:_genexcep_.obj
 0001:000519b7       __startOneArgErrorHandling 400529b7 f   LIBCMTD:_genexcep_.obj
 0001:00051a00       __CIsin_pentium4           40052a00 f   LIBCMTD:_sin_pentium4_.obj
 0001:00051a18       __sin_pentium4             40052a18     LIBCMTD:_sin_pentium4_.obj
 0001:00051bd0       __handle_qnan1             40052bd0 f   LIBCMTD:_fpexcept_.obj
 0001:00051c30       __handle_qnan2             40052c30 f   LIBCMTD:_fpexcept_.obj
 0001:00051ca0       __except1                  40052ca0 f   LIBCMTD:_fpexcept_.obj
 0001:00051da0       __except2                  40052da0 f   LIBCMTD:_fpexcept_.obj
 0001:00051eb0       __raise_exc_ex             40052eb0 f   LIBCMTD:_fpexcept_.obj
 0001:000523e0       __raise_exc                400533e0 f   LIBCMTD:_fpexcept_.obj
 0001:00052410       __raise_excf               40053410 f   LIBCMTD:_fpexcept_.obj
 0001:00052440       __handle_exc               40053440 f   LIBCMTD:_fpexcept_.obj
 0001:00052750       __umatherr                 40053750 f   LIBCMTD:_fpexcept_.obj
 0001:000527f0       __set_errno_from_matherr   400537f0 f   LIBCMTD:_fpexcept_.obj
 0001:00052880       __errcode                  40053880 f   LIBCMTD:_fpexcept_.obj
 0001:000528f0       __set_exp                  400538f0 f   LIBCMTD:_util_.obj
 0001:00052930       __get_exp                  40053930 f   LIBCMTD:_util_.obj
 0001:00052960       __add_exp                  40053960 f   LIBCMTD:_util_.obj
 0001:000529a0       __set_bexp                 400539a0 f   LIBCMTD:_util_.obj
 0001:000529d0       __sptype                   400539d0 f   LIBCMTD:_util_.obj
 0001:00052a50       __decomp                   40053a50 f   LIBCMTD:_util_.obj
 0001:00052b80       __statfp                   40053b80 f   LIBCMTD:_fpctrl_.obj
 0001:00052ba0       __clrfp                    40053ba0 f   LIBCMTD:_fpctrl_.obj
 0001:00052bc0       __ctrlfp                   40053bc0 f   LIBCMTD:_fpctrl_.obj
 0001:00052bf0       __set_statfp               40053bf0 f   LIBCMTD:_fpctrl_.obj
 0001:00052c60       ___get_fpsr_sse2           40053c60 f   LIBCMTD:_fpctrl_.obj
 0001:00052c90       ___set_fpsr_sse2           40053c90 f   LIBCMTD:_fpctrl_.obj
 0001:00052d70       ___fclrf_sse2              40053d70 f   LIBCMTD:_fpctrl_.obj
 0001:00052d90       ___statfp_sse2             40053d90 f   LIBCMTD:_fpctrl_.obj
 0001:00052dc0       ___clrfp_sse2              40053dc0 f   LIBCMTD:_fpctrl_.obj
 0001:00052e00       ___ctrlfp_sse2             40053e00 f   LIBCMTD:_fpctrl_.obj
 0001:00052e60       ___set_statfp_sse2         40053e60 f   LIBCMTD:_fpctrl_.obj
 0001:00052e90       __VEC_memcpy               40053e90 f   LIBCMTD:p4_memcpy.obj
 0001:00052fa0       ___sse2_available_init     40053fa0 f   LIBCMTD:cpu_disp.obj
 0001:00052fc0       __fltin2                   40053fc0 f   LIBCMTD:_cfin_.obj
 0001:000530a0       __chvalidator              400540a0 f   LIBCMTD:isctype.obj
 0001:000530f0       __chvalidator_l            400540f0 f   LIBCMTD:isctype.obj
 0001:000531a0       __isctype_l                400541a0 f   LIBCMTD:isctype.obj
 0001:000532c0       __isctype                  400542c0 f   LIBCMTD:isctype.obj
 0001:00053300       __initp_misc_invarg        40054300 f   LIBCMTD:invarg.obj
 0001:00053310       __invalid_parameter        40054310 f   LIBCMTD:invarg.obj
 0001:00053370       __invoke_watson            40054370 f   LIBCMTD:invarg.obj
 0001:000533a0       __call_reportfault         400543a0 f   LIBCMTD:invarg.obj
 0001:000534f0       __set_invalid_parameter_handler 400544f0 f   LIBCMTD:invarg.obj
 0001:00053530       __get_invalid_parameter_handler 40054530 f   LIBCMTD:invarg.obj
 0001:00053560       ?_invalid_parameter@@YAXPBG00II@Z 40054560 f   LIBCMTD:invarg.obj
 0001:00053590       ?_invoke_watson@@YAXPBG00II@Z 40054590 f   LIBCMTD:invarg.obj
 0001:000535b0       __dosmaperr                400545b0 f   LIBCMTD:dosmap.obj
 0001:000535e0       __get_errno_from_oserr     400545e0 f   LIBCMTD:dosmap.obj
 0001:00053660       __set_errno                40054660 f   LIBCMTD:dosmap.obj
 0001:00053690       __get_errno                40054690 f   LIBCMTD:dosmap.obj
 0001:00053710       __set_doserrno             40054710 f   LIBCMTD:dosmap.obj
 0001:00053740       __get_doserrno             40054740 f   LIBCMTD:dosmap.obj
 0001:000537c0       __errno                    400547c0 f   LIBCMTD:dosmap.obj
 0001:000537f0       ___doserrno                400547f0 f   LIBCMTD:dosmap.obj
 0001:00053820       __CrtSetReportHookW2       40054820 f   LIBCMTD:dbgrptw.obj
 0001:00053b50       __CrtDbgReportW            40054b50 f   LIBCMTD:dbgrptw.obj
 0001:00053b90       __CrtDbgReportWV           40054b90 f i LIBCMTD:dbgrptw.obj
 0001:00053bc0       ___crtMessageWindowW       40054bc0 f   LIBCMTD:dbgrptw.obj
 0001:00053fc0       __invoke_watson_if_oneof   40054fc0 f i LIBCMTD:dbgrptw.obj
 0001:00054000       ?_CrtDbgReportW@@YAHHPBGH00ZZ 40055000 f   LIBCMTD:dbgrptw.obj
 0001:00054040       ___updatetmbcinfo          40055040 f   LIBCMTD:mbctype.obj
 0001:00054150       __setmbcp                  40055150 f   LIBCMTD:mbctype.obj
 0001:00054500       __setmbcp_nolock           40055500 f   LIBCMTD:mbctype.obj
 0001:00054cf0       __getmbcp                  40055cf0 f   LIBCMTD:mbctype.obj
 0001:00054d60       ___initmbctable            40055d60 f   LIBCMTD:mbctype.obj
 0001:00054d90       ___addlocaleref            40055d90 f   LIBCMTD:localref.obj
 0001:00054eb0       ___removelocaleref         40055eb0 f   LIBCMTD:localref.obj
 0001:00054fe0       ___freetlocinfo            40055fe0 f   LIBCMTD:localref.obj
 0001:000552c0       __updatetlocinfoEx_nolock  400562c0 f   LIBCMTD:localref.obj
 0001:00055340       ___updatetlocinfo          40056340 f   LIBCMTD:localref.obj
 0001:00055410       __encoded_null             40056410 f   LIBCMTD:tidtable.obj
 0001:00055420       ___crtTlsAlloc@4           40056420 f   LIBCMTD:tidtable.obj
 0001:00055430       ___fls_getvalue@4          40056430 f   LIBCMTD:tidtable.obj
 0001:00055450       ___get_flsindex            40056450 f   LIBCMTD:tidtable.obj
 0001:00055460       ___set_flsgetvalue         40056460 f   LIBCMTD:tidtable.obj
 0001:000554b0       ___fls_setvalue@8          400564b0 f   LIBCMTD:tidtable.obj
[...]
 0001:0001f4b0       _UI_Handicap_HandleKey     400204b0 f   ui_main.obj
 0001:0001f5a0       _UI_Effects_HandleKey      400205a0 f   ui_main.obj
 0001:0001f690       _UI_Chat_Main_HandleKey    40020690 f   ui_main.obj
 0001:0001f7d0       _UI_Chat_Attack_HandleKey  400207d0 f   ui_main.obj
 0001:0001f8b0       _UI_Chat_Defend_HandleKey  400208b0 f   ui_main.obj
 0001:0001f9b0       _UI_Chat_Request_HandleKey 400209b0 f   ui_main.obj
 0001:0001faf0       _UI_Chat_Reply_HandleKey   40020af0 f   ui_main.obj
 0001:0001fc10       _UI_Chat_Spot_HandleKey    40020c10 f   ui_main.obj
 0001:0001fd10       _UI_Chat_Tactical_HandleKey 40020d10 f   ui_main.obj
 0001:0001fe50       _UI_GameType_HandleKey     40020e50 f   ui_main.obj
 0001:0001ffc0       _UI_SetCapFragLimits       40020fc0 f   ui_main.obj
 0001:00020090       _UI_NetGameType_HandleKey  40021090 f   ui_main.obj
 0001:00020200       _UI_InSoloMenu             40021200 f   ui_main.obj
 0001:00020270       _UI_AutoSwitch_HandleKey   40021270 f   ui_main.obj
 0001:00020340       _UI_JoinGameType_HandleKey 40021340 f   ui_main.obj
 0001:00020420       _UI_Skill_HandleKey        40021420 f   ui_main.obj
 0001:000204f0       _UI_TeamName_HandleKey     400214f0 f   ui_main.obj
 0001:00020600       _UI_TeamMember_HandleKey   40021600 f   ui_main.obj
 0001:00020750       _UI_NetSource_HandleKey    40021750 f   ui_main.obj
 0001:00020840       _UI_NetFilter_HandleKey    40021840 f   ui_main.obj
 0001:00020900       _UI_OpponentName_HandleKey 40021900 f   ui_main.obj
 0001:00020970       _UI_NextOpponent           40021970 f   ui_main.obj
 0001:00020a30       _UI_PriorOpponent          40021a30 f   ui_main.obj
 0001:00020af0       _UI_BotName_HandleKey      40021af0 f   ui_main.obj
 0001:00020ba0       _UI_BotSkill_HandleKey     40021ba0 f   ui_main.obj
 0001:00020c40       _UI_RedBlue_HandleKey      40021c40 f   ui_main.obj
 0001:00020ca0       _UI_Crosshair_HandleKey    40021ca0 f   ui_main.obj
 0001:00020d70       _UI_SelectedPlayer_HandleKey 40021d70 f   ui_main.obj
 0001:00020e90       _UI_GetValue               40021e90 f   ui_main.obj
 0001:00020ec0       _UI_DeferMenuScript        40021ec0 f   ui_main.obj
 0001:00021040       _UI_RunMenuScript          40022040 f   ui_main.obj
 0001:000241c0       _UI_LoadMods               400251c0 f   ui_main.obj
 0001:00024340       _UI_LoadMovies             40025340 f   ui_main.obj
 0001:000244d0       _UI_LoadDemos              400254d0 f   ui_main.obj
 0001:000246e0       _UI_StartSkirmish          400256e0 f   ui_main.obj
 0001:00024fd0       _UI_AIFromName             40025fd0 f   ui_main.obj
 0001:00025060       _UI_SetNextMap             40026060 f   ui_main.obj
 0001:000250f0       _UI_Update                 400260f0 f   ui_main.obj
 0001:00025820       _UI_SetBotButton           40026820 f   ui_main.obj
 0001:000258d0       _UI_UpdateCharacterCvars   400268d0 f   ui_main.obj
 0001:00025a90       _UI_GetCharacterCvars      40026a90 f   ui_main.obj
 0001:00025df0       _UI_UpdateSaberCvars       40026df0 f   ui_main.obj
 0001:00025f00       _UI_SetSaberBoxesandHilts  40026f00 f   ui_main.obj
 0001:00026110       _UI_UpdateSaberType        40027110 f   ui_main.obj
 0001:000261e0       _UI_UpdateSaberHilt        400271e0 f   ui_main.obj
 0001:000263a0       _UI_UpdateSaberColor       400273a0 f   ui_main.obj
 0001:000263d0       _UI_GetSaberCvars          400273d0 f   ui_main.obj
 0001:000264c0       _UI_ResetCharacterListBoxes 400274c0 f   ui_main.obj
 0001:00026610       _UI_UpdateCharacter        40027610 f   ui_main.obj
 0001:000267a0       _UI_GetTeamColor           400277a0 f   ui_main.obj
 0001:000267d0       _UI_SiegeClassCnt          400277d0 f   ui_main.obj
 0001:00026910       _UI_MapCountByGameType     40027910 f   ui_main.obj
 0001:00026a20       _UI_BuildServerDisplayList 40027a20 f   ui_main.obj
 0001:00026de0       _UI_RemoveServerFromDisplayList 40027de0 f   ui_main.obj
 0001:00026e80       _UI_BinaryServerInsertion  40027e80 f   ui_main.obj
 0001:00026f80       _UI_InsertServerIntoDisplayList 40027f80 f   ui_main.obj
 0001:00027010       _UI_CheckPassword          40028010 f   ui_main.obj
 0001:000270c0       _UI_JoinServer             400280c0 f   ui_main.obj
 0001:000271d0       _UI_CheckServerName        400281d0 f   ui_main.obj
 0001:000272f0       _UI_FeederCount            400282f0 f   ui_main.obj
 0001:00027840       _UI_HeadCountByColor       40028840 f   ui_main.obj
 0001:00027910       _UI_GetIndexFromSelection  40028910 f   ui_main.obj
 0001:00027990       _UI_FeederItemText         40028990 f   ui_main.obj
 0001:00028550       _UI_FeederItemImage        40029550 f   ui_main.obj
 0001:00028ee0       _UI_Pause                  40029ee0 f   ui_main.obj
 0001:00028f60       _UI_PlayCinematic          40029f60 f   ui_main.obj
 0001:00028fd0       _UI_StopCinematic          40029fd0 f   ui_main.obj
 0001:00029110       _UI_DrawCinematic          4002a110 f   ui_main.obj
 0001:00029180       _UI_RunCinematicFrame      4002a180 f   ui_main.obj
 0001:000291c0       _UI_BuildQ3Model_List      4002a1c0 f   ui_main.obj
 0001:00029630       _bIsImageFile              4002a630 f   ui_main.obj
 0001:00029760       _UI_BuildPlayerModel_List  4002a760 f   ui_main.obj
 0001:00029e60       _UI_ParseColorData         4002ae60 f   ui_main.obj
 0001:0002aba0       _UI_DisplayDownloadInfo    4002bba0 f   ui_main.obj
 0001:0002b510       _UI_ReadableSize           4002c510 f   ui_main.obj
 0001:0002b690       _UI_PrintTime              4002c690 f   ui_main.obj
 0001:0002b860       _UI_StopServerRefresh      4002c860 f   ui_main.obj
 0001:0002b910       _UI_DoServerRefresh        4002c910 f   ui_main.obj
 0001:0002ba00       _UI_StartServerRefresh     4002ca00 f   ui_main.obj
 0001:0002bc10       _GetMonthAbbrevString      4002cc10 f   ui_main.obj
 0001:0002bc80       _UI_UpdatePendingPings     4002cc80 f   ui_main.obj
 0001:0002e6e0       _BG_GiveMeVectorFromMatrix 4002f6e0 f   ui_saber.obj
 0001:0002f3e0       _hashForString             400303e0 f   ui_shared.obj
 0001:00032610       _Menu_RunCloseScript       40033610 f   ui_shared.obj
 0001:00037df0       _Scroll_TextScroll_AutoFunc 40038df0 f   ui_shared.obj
 0001:00037eb0       _Scroll_TextScroll_ThumbFunc 40038eb0 f   ui_shared.obj
 0001:000380b0       _Scroll_ListBox_AutoFunc   400390b0 f   ui_shared.obj
 0001:00038170       _Scroll_ListBox_ThumbFunc  40039170 f   ui_shared.obj
 0001:000384e0       _Scroll_Slider_ThumbFunc   400394e0 f   ui_shared.obj
 0001:00038fb0       _Display_CloseCinematics   40039fb0 f   ui_shared.obj
 0001:00039020       _Menu_CloseCinematics      4003a020 f   ui_shared.obj
 0001:000390f0       _Window_CloseCinematic     4003a0f0 f   ui_shared.obj
 0001:0003b820       _Controls_GetKeyAssignment 4003c820 f   ui_shared.obj
 0001:000450a0       _Item_TextScroll_BuildLines 400460a0 f   ui_shared.obj
 0001:00046f40       _Menu_CacheContents        40047f40 f   ui_shared.obj
 0001:00047000       _Window_CacheContents      40048000 f   ui_shared.obj
 0001:000470a0       _Item_CacheContents        400480a0 f   ui_shared.obj
 0001:000470f0       _Menu_OverActiveItem       400480f0 f   ui_shared.obj
 0001:0004be70       _swprintf                  4004ce70 f   LIBCMTD:wassert.obj
 0001:0004bee0       _vscan_fn                  4004cee0 f   LIBCMTD:sscanf.obj
 0001:0004d4e0       _shortsort                 4004e4e0 f   LIBCMTD:qsort.obj
 0001:0004d550       _swap                      4004e550 f   LIBCMTD:qsort.obj
 0001:0004daa0       ?failwithmessage@@YAXPAXHHPBD@Z 4004eaa0 f   LIBCMTD:_error_.obj
 0001:0004dcc0       ?DebuggerProbe@@YAHK@Z     4004ecc0 f   LIBCMTD:_error_.obj
 0001:0004dd50       ?DebuggerRuntime@@YAHKHPAXPB_W@Z 4004ed50 f   LIBCMTD:_error_.obj
 0001:0004e030       ?_getMemBlockDataString@@YAXPAD00I@Z 4004f030 f   LIBCMTD:_error_.obj
 0001:0004e880       ___DllMainCRTStartup       4004f880 f   LIBCMTD:dllcrt0.obj
 0001:0004ebb0       ?strtoxl@@YAKPAUlocaleinfo_struct@@PBDPAPBDHH@Z 4004fbb0 f   LIBCMTD:strtol.obj
 0001:0004f190       ?strtoxq@@YA_KPAUlocaleinfo_struct@@PBDPAPBDHH@Z 40050190 f   LIBCMTD:strtoq.obj
 0001:00050060       __cftoe2_l                 40051060 f   LIBCMTD:cvt.obj
 0001:00050e00       __cftof2_l                 40051e00 f   LIBCMTD:cvt.obj
 0001:000513e0       __shift                    400523e0 f   LIBCMTD:cvt.obj
 0001:00052830       __get_fname                40053830 f   LIBCMTD:_fpexcept_.obj
 0001:000543f0       ?getSystemCP@@YAHH@Z       400553f0 f   LIBCMTD:mbctype.obj
 0001:00054850       ?CPtoLCID@@YAHH@Z          40055850 f   LIBCMTD:mbctype.obj
 0001:000548d0       ?setSBCS@@YAXPAUthreadmbcinfostruct@@@Z 400558d0 f   LIBCMTD:mbctype.obj
 0001:000549b0       ?setSBUpLow@@YAXPAUthreadmbcinfostruct@@@Z 400559b0 f   LIBCMTD:mbctype.obj
 0001:00056fc0       _doexit                    40057fc0 f   LIBCMTD:crt0dat.obj
 0001:000572b0       __initterm                 400582b0 f   LIBCMTD:crt0dat.obj
 0001:000578e0       _ctrlevent_capture@4       400588e0 f   LIBCMTD:winsig.obj
 0001:00057ce0       _siglookup                 40058ce0 f   LIBCMTD:winsig.obj
 0001:00058000       _xtow_s@20                 40059000 f   LIBCMTD:xtows.obj
 0001:00058430       @x64tow_s@24               40059430 f   LIBCMTD:xtows.obj
 0001:00059990       _flsall                    4005a990 f   LIBCMTD:fflush.obj
 0001:0005c680       ___check_float_string      4005d680 f   LIBCMTD:input.obj
 0001:0005c7a0       __hextodec                 4005d7a0 f   LIBCMTD:input.obj
 0001:0005c7e0       __inc                      4005d7e0 f   LIBCMTD:input.obj
 0001:0005c840       __un_inc                   4005d840 f   LIBCMTD:input.obj
 0001:0005c860       __whiteout                 4005d860 f   LIBCMTD:input.obj
 0001:0005e3e0       ___check_float_string      4005f3e0 f   LIBCMTD:inputs.obj
 0001:0005e4e0       __hextodec                 4005f4e0 f   LIBCMTD:inputs.obj
 0001:0005e520       __inc                      4005f520 f   LIBCMTD:inputs.obj
 0001:0005e580       __un_inc                   4005f580 f   LIBCMTD:inputs.obj
 0001:0005e5a0       __whiteout                 4005f5a0 f   LIBCMTD:inputs.obj
 0001:00060190       _write_char                40061190 f   LIBCMTD:output.obj
 0001:00060240       _write_multi_char          40061240 f   LIBCMTD:output.obj
 0001:00060280       _write_string              40061280 f   LIBCMTD:output.obj
 0001:00064060       _write_char                40065060 f   LIBCMTD:outputp.obj
 0001:00064110       _write_multi_char          40065110 f   LIBCMTD:outputp.obj
 0001:00064150       _write_string              40065150 f   LIBCMTD:outputp.obj
 0001:00064290       ?__crtLCMapStringA_stat@@YAHPAUlocaleinfo_struct@@KKPBDHPADHHH@Z 40065290 f   LIBCMTD:a_map.obj
 0001:000645c0       ?strncnt@@YAHPBDH@Z        400655c0 f   LIBCMTD:a_map.obj
 0001:00064f70       __copytlocinfo_nolock      40065f70 f   LIBCMTD:setlocal.obj
 0001:00065370       _sync_legacy_variables_lk  40066370 f   LIBCMTD:setlocal.obj
 0001:000653b0       __setlocale_nolock         400663b0 f   LIBCMTD:setlocal.obj
 0001:000657a0       __setlocale_set_cat        400667a0 f   LIBCMTD:setlocal.obj
 0001:00065cd0       __setlocale_get_all        40066cd0 f   LIBCMTD:setlocal.obj
 0001:00067ff0       ?GetPdbDll@@YAPAUHINSTANCE__@@XZ 40068ff0 f   LIBCMTD:_pdblkup_.obj
 0001:000683a0       _ValidateLocalCookies      400693a0 f   LIBCMTD:chandler4.obj
 0001:00068710       __nh_malloc_dbg_impl       40069710 f   LIBCMTD:dbgheap.obj
 0001:000687b0       __heap_alloc_dbg_impl      400697b0 f   LIBCMTD:dbgheap.obj
 0001:00068d80       _realloc_help              40069d80 f   LIBCMTD:dbgheap.obj
 0001:00069e40       _CheckBytes                4006ae40 f   LIBCMTD:dbgheap.obj
 0001:0006ac00       ?_CrtMemDumpAllObjectsSince_stat@@YAXPBU_CrtMemState@@PAUlocaleinfo_struct@@@Z 4006bc00 f   LIBCMTD:dbgheap.obj
 0001:0006af10       __printMemBlockData        4006bf10 f   LIBCMTD:dbgheap.obj
 0001:0006c310       _parse_cmdline             4006d310 f   LIBCMTD:stdargv.obj
 0001:0006cb80       _xcptlookup                4006db80 f   LIBCMTD:winxfltr.obj
 0001:0006d5c0       ?CatchGuardHandler@@YA?AW4_EXCEPTION_DISPOSITION@@PAUEHExceptionRecord@@PAUCatchGuardRN@@PAX2@Z 4006e5c0 f   LIBCMTD:_trnsctrl_.obj
 0001:0006d700       ?TranslatorGuardHandler@@YA?AW4_EXCEPTION_DISPOSITION@@PAUEHExceptionRecord@@PAUTranslatorGuardRN@@PAX2@Z 4006e700 f   LIBCMTD:_trnsctrl_.obj
 0001:0006fb90       ?__crtGetStringTypeA_stat@@YAHPAUlocaleinfo_struct@@KPBDHPAGHHH@Z 40070b90 f   LIBCMTD:a_str.obj
 0001:00071a10       __get_lc_time              40072a10 f   LIBCMTD:inittime.obj
 0001:00072ff0       _fix_grouping              40073ff0 f   LIBCMTD:initnum.obj
 0001:00073690       _fix_grouping              40074690 f   LIBCMTD:initmon.obj
 0001:00073c00       __onexit_nolock            40074c00 f   LIBCMTD:onexit.obj
 0001:00076dc0       _write_char                40077dc0 f   LIBCMTD:woutput.obj
 0001:00076e20       _write_multi_char          40077e20 f   LIBCMTD:woutput.obj
 0001:00076e60       _write_string              40077e60 f   LIBCMTD:woutput.obj
 0001:00078570       _write_char                40079570 f   LIBCMTD:woutputs.obj
 0001:000785d0       _write_multi_char          400795d0 f   LIBCMTD:woutputs.obj
 0001:00078610       _write_string              40079610 f   LIBCMTD:woutputs.obj
 0001:0007bf60       _write_char                4007cf60 f   LIBCMTD:woutputp.obj
 0001:0007bfc0       _write_multi_char          4007cfc0 f   LIBCMTD:woutputp.obj
 0001:0007c000       _write_string              4007d000 f   LIBCMTD:woutputp.obj
 0001:0007e7e0       _write_char                4007f7e0 f   LIBCMTD:outputs.obj
 0001:0007e890       _write_multi_char          4007f890 f   LIBCMTD:outputs.obj
 0001:0007e8d0       _write_string              4007f8d0 f   LIBCMTD:outputs.obj
 0001:0007f970       _cmpBYTE                   40080970 f   LIBCMTD:memcmp.obj
 0001:0007f9a0       _cmpResult                 400809a0 f   LIBCMTD:memcmp.obj
 0001:0007f9c0       _unaligned_memcmp          400809c0 f   LIBCMTD:memcmp.obj
 0001:000800d0       _cmpWORD                   400810d0 f   LIBCMTD:memcmp.obj
 0001:00080150       _cmpDWORD                  40081150 f   LIBCMTD:memcmp.obj
 0001:000808b0       _TranslateName             400818b0 f   LIBCMTD:getqloc.obj
 0001:00080940       _GetLcidFromLangCountry    40081940 f   LIBCMTD:getqloc.obj
 0001:00080a00       _LangCountryEnumProc@4     40081a00 f   LIBCMTD:getqloc.obj
 0001:00080e40       _GetLcidFromLanguage       40081e40 f   LIBCMTD:getqloc.obj
 0001:00080ec0       _LanguageEnumProc@4        40081ec0 f   LIBCMTD:getqloc.obj
 0001:00081060       _GetLcidFromCountry        40082060 f   LIBCMTD:getqloc.obj
 0001:000810b0       _CountryEnumProc@4         400820b0 f   LIBCMTD:getqloc.obj
 0001:000811b0       _GetLcidFromDefault        400821b0 f   LIBCMTD:getqloc.obj
 0001:000811f0       _ProcessCodePage           400821f0 f   LIBCMTD:getqloc.obj
 0001:000812a0       _TestDefaultCountry        400822a0 f   LIBCMTD:getqloc.obj
 0001:000812f0       _TestDefaultLanguage       400822f0 f   LIBCMTD:getqloc.obj
 0001:00081370       _LcidFromHexString         40082370 f   LIBCMTD:getqloc.obj
 0001:000813f0       _GetPrimaryLen             400823f0 f   LIBCMTD:getqloc.obj
 0001:00081510       __unwind_handler4          40082510 f   LIBCMTD:exsup4.obj
 0001:000817e0       __is_LFH_enabled           400827e0 f   LIBCMTD:expand.obj
 0001:00081cd0       ?x_ismbbtype_l@@YAHPAUlocaleinfo_struct@@IHH@Z 40082cd0 f   LIBCMTD:ismbbyte.obj
 0001:00082120       ?FindHandler@@YAXPAUEHExceptionRecord@@PAUEHRegistrationNode@@PAU_CONTEXT@@PAXPBU_s_FuncInfo@@EH1@Z 40083120 f   LIBCMTD:frame.obj
 0001:00082670       ?FindHandlerForForeignException@@YAXPAUEHExceptionRecord@@PAUEHRegistrationNode@@PAU_CONTEXT@@PAXPBU_s_FuncInfo@@HH1@Z 40083670 f   LIBCMTD:frame.obj
 0001:00082ab0       ?CatchIt@@YAXPAUEHExceptionRecord@@PAUEHRegistrationNode@@PAU_CONTEXT@@PAXPBU_s_FuncInfo@@PBU_s_HandlerType@@PBU_s_CatchableType@@PBU_s_TryBlockMapEntry@@H1E@Z 40083ab0 f   LIBCMTD:frame.obj
 0001:00082b70       ?CallCatchBlock@@YAPAXPAUEHExceptionRecord@@PAUEHRegistrationNode@@PAU_CONTEXT@@PBU_s_FuncInfo@@PAXHK@Z 40083b70 f   LIBCMTD:frame.obj
 0001:00082e00       ?ExFilterRethrow@@YAHPAU_EXCEPTION_POINTERS@@@Z 40083e00 f   LIBCMTD:frame.obj
 0001:00083a70       ?IsInExceptionSpec@@YAEPAUEHExceptionRecord@@PBU_s_ESTypeList@@@Z 40084a70 f   LIBCMTD:frame.obj
 0001:00083b30       ?CallUnexpected@@YAXPBU_s_ESTypeList@@@Z 40084b30 f   LIBCMTD:frame.obj
 0001:00083b7e       __catch$?CallUnexpected@@YAXPBU_s_ESTypeList@@@Z$0 40084b7e f   LIBCMTD:frame.obj
 0001:00083bc0       ?Is_bad_exception_allowed@@YAEPBU_s_ESTypeList@@@Z 40084bc0 f   LIBCMTD:frame.obj
 0001:00084090       __abstract_cw              40085090 f   LIBCMTD:_ieee87_.obj
 0001:000841e0       __hw_cw                    400851e0 f   LIBCMTD:_ieee87_.obj
 0001:00084340       __abstract_sw              40085340 f   LIBCMTD:_ieee87_.obj
 0001:000843d0       ___statusfp_sse2           400853d0 f   LIBCMTD:_ieee87_.obj
 0001:000843f0       ___clearfp_sse2            400853f0 f   LIBCMTD:_ieee87_.obj
 0001:00084420       ___control87_sse2          40085420 f   LIBCMTD:_ieee87_.obj
 0001:000844a0       ___abstract_cw_sse2        400854a0 f   LIBCMTD:_ieee87_.obj
 0001:000845f0       ___hw_cw_sse2              400855f0 f   LIBCMTD:_ieee87_.obj
 0001:00084740       ___abstract_sw_sse2        40085740 f   LIBCMTD:_ieee87_.obj
 0001:000847d0       ___fpreset_sse2            400857d0 f   LIBCMTD:_ieee87_.obj
 0001:00085570       _xtoa_s@20                 40086570 f   LIBCMTD:xtoas.obj
 0001:00085990       @x64toa_s@24               40086990 f   LIBCMTD:xtoas.obj
 0001:00086240       ?wcsncnt@@YAIPB_WI@Z       40087240 f   LIBCMTD:wcstombs.obj
 0001:00086a20       ?__crtGetLocaleInfoA_stat@@YAHPAUlocaleinfo_struct@@KKPADH@Z 40087a20 f   LIBCMTD:a_loc.obj
 0001:00087b90       ?wcstoxl@@YAKPB_WPAPB_WHH@Z 40088b90 f   LIBCMTD:wcstol.obj
 0001:00089a90       __unwind_handler           4008aa90 f   LIBCMTD:exsup.obj
 0001:00094b40       ?und_strlen@@YAIPBD@Z      40095b40 f   LIBCMTD:undname.obj
 0001:00094b80       ?und_memcpy@@YAXPADPBDI@Z  40095b80 f   LIBCMTD:undname.obj
 0001:00094bc0       ?und_strncmp@@YAIPBD0I@Z   40095bc0 f   LIBCMTD:undname.obj
 0001:00094fe0       ?_strupr_s_l_stat@@YAHPADIPAUlocaleinfo_struct@@@Z 40095fe0 f   LIBCMTD:strupr.obj
 0001:00095470       __unwindfunclet$?strtoxl@@YAKPAUlocaleinfo_struct@@PBDPAPBDHH@Z$0 40096470 f   LIBCMTD:strtol.obj
 0001:00095478       __ehhandler$?strtoxl@@YAKPAUlocaleinfo_struct@@PBDPAPBDHH@Z 40096478 f   LIBCMTD:strtol.obj
 0001:000954a0       __unwindfunclet$?strtoxq@@YA_KPAUlocaleinfo_struct@@PBDPAPBDHH@Z$0 400964a0 f   LIBCMTD:strtoq.obj
 0001:000954a8       __ehhandler$?strtoxq@@YA_KPAUlocaleinfo_struct@@PBDPAPBDHH@Z 400964a8 f   LIBCMTD:strtoq.obj
 0001:000954d0       __unwindfunclet$?getSystemCP@@YAHH@Z$0 400964d0 f   LIBCMTD:mbctype.obj
 0001:000954d8       __ehhandler$?getSystemCP@@YAHH@Z 400964d8 f   LIBCMTD:mbctype.obj
 0001:00095500       __unwindfunclet$?x_ismbbtype_l@@YAHPAUlocaleinfo_struct@@IHH@Z$0 40096500 f   LIBCMTD:ismbbyte.obj
 0001:00095508       __ehhandler$?x_ismbbtype_l@@YAHPAUlocaleinfo_struct@@IHH@Z 40096508 f   LIBCMTD:ismbbyte.obj
 0001:00095530       __ehhandler$?CallUnexpected@@YAXPBU_s_ESTypeList@@@Z 40096530 f   LIBCMTD:frame.obj
 0001:00095550       __unwindfunclet$?make@DNameStatusNode@@SAPAV1@W4DNameStatus@@@Z$0 40096550 f   LIBCMTD:undname.obj
 0001:0009555e       __ehhandler$?make@DNameStatusNode@@SAPAV1@W4DNameStatus@@@Z 4009655e f   LIBCMTD:undname.obj
