 jampgamex86

 Timestamp is 442cd401 (Fri Mar 31 02:02:25 2006)

 Preferred load address is 20000000

 Start         Length     Name                   Class
 0001:00000000 0015822eH .text                   CODE
 0002:00000000 000000ecH .idata$5                DATA
 0002:000000f0 00005230H .rdata                  DATA
 0002:00005320 00000058H .rdata$debug            DATA
 0002:00005380 00000008H .rdata$sxdata           DATA
 0002:00005388 00000004H .rtc$IAA                DATA
 0002:0000538c 00000004H .rtc$IZZ                DATA
 0002:00005390 00000004H .rtc$TAA                DATA
 0002:00005394 00000004H .rtc$TZZ                DATA
 0002:00005398 00000028H .idata$2                DATA
 0002:000053c0 00000014H .idata$3                DATA
 0002:000053d4 000000ecH .idata$4                DATA
 0002:000054c0 00000416H .idata$6                DATA
 0002:000058e0 0000005cH .edata                  DATA
 0003:00000000 00000004H .CRT$XCA                DATA
 0003:00000004 00000004H .CRT$XCAA               DATA
 0003:00000008 00000004H .CRT$XCZ                DATA
 0003:0000000c 00000004H .CRT$XIA                DATA
 0003:00000010 00000010H .CRT$XIC                DATA
 0003:00000020 00000004H .CRT$XIZ                DATA
 0003:00000024 00000004H .CRT$XPA                DATA
 0003:00000028 00000004H .CRT$XPX                DATA
 0003:0000002c 00000004H .CRT$XPZ                DATA
 0003:00000030 00000004H .CRT$XTA                DATA
 0003:00000034 00000004H .CRT$XTZ                DATA
 0003:00000040 00038c44H .data                   DATA
 0003:00038ca0 008a9444H .bss                    DATA
 0004:00000000 00000058H .rsrc$01                DATA
 0004:00000060 00000328H .rsrc$02                DATA

  Address         Publics by Value              Rva+Base     Lib:Object

 0000:00000000       __except_list              00000000     <absolute>
 0000:00000002       ___safe_se_handler_count   00000002     <absolute>
 0001:00000000       _BotStraightTPOrderCheck   20001000 f   ai_main.obj
 0001:000000d0       _BotSelectWeapon           200010d0 f   ai_main.obj
 0001:000000f0       _BotReportStatus           200010f0 f   ai_main.obj
 0001:00000180       _BotOrder                  20001180 f   ai_main.obj
 0001:00000450       _BotMindTricked            20001450 f   ai_main.obj
 0001:00000530       _BotAI_Print               20001530 f   ai_main.obj
 0001:00000540       _IsTeamplay                20001540 f   ai_main.obj
 0001:00000560       _BotAI_GetClientState      20001560 f   ai_main.obj
 0001:000005c0       _BotAI_GetEntityState      200015c0 f   ai_main.obj
 0001:00000640       _BotAI_GetSnapshotEntity   20001640 f   ai_main.obj
 0001:00000690       _BotEntityInfo             20001690 f   ai_main.obj
 0001:000006b0       _NumBots                   200016b0 f   ai_main.obj
 0001:000006c0       _AngleDifference           200016c0 f   ai_main.obj
 0001:00000720       _BotChangeViewAngle        20001720 f   ai_main.obj
 0001:00000800       _BotChangeViewAngles       20001800 f   ai_main.obj
 0001:00000b60       _BotInputToUserCommand     20001b60 f   ai_main.obj
 0001:00000f10       _BotUpdateInput            20001f10 f   ai_main.obj
 0001:00001050       _BotAIRegularUpdate        20002050 f   ai_main.obj
 0001:00001080       _RemoveColorEscapeSequences 20002080 f   ai_main.obj
 0001:00001150       _BotAI                     20002150 f   ai_main.obj
 0001:00001450       _BotScheduleBotThink       20002450 f   ai_main.obj
 0001:000014c0       _PlayersInGame             200024c0 f   ai_main.obj
 0001:00001530       _BotAISetupClient          20002530 f   ai_main.obj
 0001:00001750       _IsABot                    20002750 f   ai_main.obj
 0001:00001780       _BotAIShutdownClient       20002780 f   ai_main.obj
 0001:00001810       _BotResetState             20002810 f   ai_main.obj
 0001:000019f0       _BotAILoadMap              200029f0 f   ai_main.obj
 0001:00001a60       _OrgVisible                20002a60 f   ai_main.obj
 0001:00001aa0       _WPOrgVisible              20002aa0 f   ai_main.obj
 0001:00001ba0       _OrgVisibleBox             20002ba0 f   ai_main.obj
 0001:00001c20       _CheckForFunc              20002c20 f   ai_main.obj
 0001:00001cc0       _BotPVSCheck               20002cc0 f   ai_main.obj
 0001:00001d80       _GetNearestVisibleWP       20002d80 f   ai_main.obj
 0001:00001ed0       _PassWayCheck              20002ed0 f   ai_main.obj
 0001:00001f80       _TotalTrailDistance        20002f80 f   ai_main.obj
 0001:00002060       _CheckForShorterRoutes     20003060 f   ai_main.obj
 0001:000022a0       _WPConstantRoutine         200032a0 f   ai_main.obj
 0001:00002330       _BotCTFGuardDuty           20003330 f   ai_main.obj
 0001:00002360       _WPTouchRoutine            20003360 f   ai_main.obj
 0001:000026a0       _MoveTowardIdealAngles     200036a0 f   ai_main.obj
 0001:000026e0       _BotTrace_Strafe           200036e0 f   ai_main.obj
 0001:00002a50       _BotTrace_Jump             20003a50 f   ai_main.obj
 0001:00002c80       _BotTrace_Duck             20003c80 f   ai_main.obj
 0001:00002e40       _PassStandardEnemyChecks   20003e40 f   ai_main.obj
 0001:000030f0       _BotDamageNotification     200040f0 f   ai_main.obj
 0001:000032c0       _BotCanHear                200042c0 f   ai_main.obj
 0001:00003490       _UpdateEventTracker        20004490 f   ai_main.obj
 0001:00003560       _InFieldOfVision           20004560 f   ai_main.obj
 0001:00003670       _PassLovedOneCheck         20004670 f   ai_main.obj
 0001:000037b0       _ScanForEnemies            200047b0 f   ai_main.obj
 0001:00003b80       _WaitingForNow             20004b80 f   ai_main.obj
 0001:00003d40       _BotGetWeaponRange         20004d40 f   ai_main.obj
 0001:00003e10       _BotIsAChickenWuss         20004e10 f   ai_main.obj
 0001:00004030       _GetNearestBadThing        20005030 f   ai_main.obj
 0001:000044f0       _BotDefendFlag             200054f0 f   ai_main.obj
 0001:000045c0       _BotGetEnemyFlag           200055c0 f   ai_main.obj
 0001:00004690       _BotGetFlagBack            20005690 f   ai_main.obj
 0001:00004870       _BotGuardFlagCarrier       20005870 f   ai_main.obj
 0001:00004a50       _BotGetFlagHome            20005a50 f   ai_main.obj
 0001:00004b20       _GetNewFlagPoint           20005b20 f   ai_main.obj
 0001:00004ce0       _CTFTakesPriority          20005ce0 f   ai_main.obj
 0001:00005210       _EntityVisibleBox          20006210 f   ai_main.obj
 0001:00005280       _Siege_TargetClosestObjective 20006280 f   ai_main.obj
 0001:00005660       _Siege_DefendFromAttackers 20006660 f   ai_main.obj
 0001:00005800       _Siege_CountDefenders      20006800 f   ai_main.obj
 0001:000058a0       _Siege_CountTeammates      200068a0 f   ai_main.obj
 0001:00005920       _SiegeTakesPriority        20006920 f   ai_main.obj
 0001:00005e90       _JMTakesPriority           20006e90 f   ai_main.obj
 0001:00006040       _BotHasAssociated          20007040 f   ai_main.obj
 0001:00006170       _GetBestIdleGoal           20007170 f   ai_main.obj
 0001:00006330       _GetIdealDestination       20007330 f   ai_main.obj
 0001:00006df0       _CommanderBotCTFAI         20007df0 f   ai_main.obj
 0001:000072c0       _CommanderBotSiegeAI       200082c0 f   ai_main.obj
 0001:000074d0       _BotDoTeamplayAI           200084d0 f   ai_main.obj
 0001:00007520       _CommanderBotTeamplayAI    20008520 f   ai_main.obj
 0001:00007850       _CommanderBotAI            20008850 f   ai_main.obj
 0001:000078b0       _MeleeCombatHandling       200088b0 f   ai_main.obj
 0001:00007be0       _SaberCombatHandling       20008be0 f   ai_main.obj
 0001:00008530       _BotWeaponCanLead          20009530 f   ai_main.obj
 0001:000085c0       _BotAimLeading             200095c0 f   ai_main.obj
 0001:00008870       _BotAimOffsetGoalAngles    20009870 f   ai_main.obj
 0001:00008920       _ShouldSecondaryFire       20009920 f   ai_main.obj
 0001:00008ba0       _CombatBotAI               20009ba0 f   ai_main.obj
 0001:00009000       _BotFallbackNavigation     2000a000 f   ai_main.obj
 0001:00009170       _BotTryAnotherWeapon       2000a170 f   ai_main.obj
 0001:00009230       _BotWeaponSelectable       2000a230 f   ai_main.obj
 0001:00009290       _BotSelectIdealWeapon      2000a290 f   ai_main.obj
 0001:00009570       _BotSelectChoiceWeapon     2000a570 f   ai_main.obj
 0001:00009640       _BotSelectMelee            2000a640 f   ai_main.obj
 0001:00009690       _GetLoveLevel              2000a690 f   ai_main.obj
 0001:00009760       _BotLovedOneDied           2000a760 f   ai_main.obj
 0001:00009980       _BotDeathNotify            2000a980 f   ai_main.obj
 0001:00009a70       _StrafeTracing             2000aa70 f   ai_main.obj
 0001:00009c20       _PrimFiring                2000ac20 f   ai_main.obj
 0001:00009c70       _KeepPrimFromFiring        2000ac70 f   ai_main.obj
 0001:00009cd0       _AltFiring                 2000acd0 f   ai_main.obj
 0001:00009d20       _KeepAltFromFiring         2000ad20 f   ai_main.obj
 0001:00009d80       _CheckForFriendInLOF       2000ad80 f   ai_main.obj
 0001:00009ef0       _BotScanForLeader          2000aef0 f   ai_main.obj
 0001:00009ff0       _BotReplyGreetings         2000aff0 f   ai_main.obj
 0001:0000a0b0       _CTFFlagMovement           2000b0b0 f   ai_main.obj
 0001:0000a480       _BotCheckDetPacks          2000b480 f   ai_main.obj
 0001:0000a660       _BotUseInventoryItem       2000b660 f   ai_main.obj
 0001:0000a7d0       _BotSurfaceNear            2000b7d0 f   ai_main.obj
 0001:0000a870       _BotWeaponBlockable        2000b870 f   ai_main.obj
 0001:0000a8f0       _Bot_SetForcedMovement     2000b8f0 f   ai_main.obj
 0001:0000a9a0       _StandardBotAI             2000b9a0 f   ai_main.obj
 0001:0000f690       _BotAIStartFrame           20010690 f   ai_main.obj
 0001:0000f8d0       _BotAISetup                200108d0 f   ai_main.obj
 0001:0000fa50       _BotAIShutdown             20010a50 f   ai_main.obj
 0001:0000fac0       _B_TempAlloc               20010ac0 f   ai_util.obj
 0001:0000fae0       _B_TempFree                20010ae0 f   ai_util.obj
 0001:0000fb00       _B_Alloc                   20010b00 f   ai_util.obj
 0001:0000fb20       _B_Free                    20010b20 f   ai_util.obj
 0001:0000fb30       _B_InitAlloc               20010b30 f   ai_util.obj
 0001:0000fb50       _B_CleanupAlloc            20010b50 f   ai_util.obj
 0001:0000fb60       _GetValueGroup             20010b60 f   ai_util.obj
 0001:0000fce0       _GetPairedValue            20010ce0 f   ai_util.obj
 0001:0000ff80       _BotDoChat                 20010f80 f   ai_util.obj
 0001:00010400       _ParseEmotionalAttachments 20011400 f   ai_util.obj
 0001:00010650       _ReadChatGroups            20011650 f   ai_util.obj
 0001:00010730       _BotUtilizePersonality     20011730 f   ai_util.obj
 0001:00010f20       _GetFlagStr                20011f20 f   ai_wpnav.obj
 0001:00011390       _G_TestLine                20012390 f   ai_wpnav.obj
 0001:00011420       _BotWaypointRender         20012420 f   ai_wpnav.obj
 0001:00011840       _TransferWPData            20012840 f   ai_wpnav.obj
 0001:00011980       _CreateNewWP               20012980 f   ai_wpnav.obj
 0001:00011ad0       _CreateNewWP_FromObject    20012ad0 f   ai_wpnav.obj
 0001:00011cf0       _RemoveWP                  20012cf0 f   ai_wpnav.obj
 0001:00011d90       _RemoveAllWP               20012d90 f   ai_wpnav.obj
 0001:00011db0       _RemoveWP_InTrail          20012db0 f   ai_wpnav.obj
 0001:00011f40       _CreateNewWP_InTrail       20012f40 f   ai_wpnav.obj
 0001:000121c0       _CreateNewWP_InsertUnder   200131c0 f   ai_wpnav.obj
 0001:00012450       _TeleportToWP              20013450 f   ai_wpnav.obj
 0001:00012570       _WPFlagsModify             20013570 f   ai_wpnav.obj
 0001:000125d0       _NodeHere                  200135d0 f   ai_wpnav.obj
 0001:00012710       _CanGetToVector            20013710 f   ai_wpnav.obj
 0001:00012750       _CanGetToVectorTravel      20013750 f   ai_wpnav.obj
 0001:00012b70       _ConnectTrail              20013b70 f   ai_wpnav.obj
 0001:00013c90       _OpposingEnds              20014c90 f   ai_wpnav.obj
 0001:00013d10       _DoorBlockingSection       20014d10 f   ai_wpnav.obj
 0001:00013e30       _RepairPaths               20014e30 f   ai_wpnav.obj
 0001:00014070       _OrgVisibleCurve           20015070 f   ai_wpnav.obj
 0001:00014130       _CanForceJumpTo            20015130 f   ai_wpnav.obj
 0001:000142f0       _CalculatePaths            200152f0 f   ai_wpnav.obj
 0001:000146f0       _GetObjectThatTargets      200156f0 f   ai_wpnav.obj
 0001:00014740       _CalculateSiegeGoals       20015740 f   ai_wpnav.obj
 0001:00014940       _GetNearestVisibleWPToItem 20015940 f   ai_wpnav.obj
 0001:00014ac0       _CalculateWeightGoals      20015ac0 f   ai_wpnav.obj
 0001:00014df0       _CalculateJumpRoutes       20015df0 f   ai_wpnav.obj
 0001:00014fe0       _LoadPathData              20015fe0 f   ai_wpnav.obj
 0001:00015740       _FlagObjects               20016740 f   ai_wpnav.obj
 0001:00015b00       _SavePathData              20016b00 f   ai_wpnav.obj
 0001:00016060       _G_NearestNodeToPoint      20017060 f   ai_wpnav.obj
 0001:00016130       _G_NodeClearForNext        20017130 f   ai_wpnav.obj
 0001:00016180       _G_NodeClearFlags          20017180 f   ai_wpnav.obj
 0001:000161c0       _G_NodeMatchingXY          200171c0 f   ai_wpnav.obj
 0001:00016230       _G_NodeMatchingXY_BA       20017230 f   ai_wpnav.obj
 0001:000162f0       _G_RecursiveConnection     200172f0 f   ai_wpnav.obj
 0001:00016530       _G_BackwardAttachment      20017530 f   ai_wpnav.obj
 0001:000167c0       _G_RMGPathing              200177c0 f   ai_wpnav.obj
 0001:00016c70       _BeginAutoPathRoutine      20017c70 f   ai_wpnav.obj
 0001:00016e80       _LoadPath_ThisLevel        20017e80 f   ai_wpnav.obj
 0001:00017030       _GetClosestSpawn           20018030 f   ai_wpnav.obj
 0001:00017150       _GetNextSpawnInIndex       20018150 f   ai_wpnav.obj
 0001:00017270       _AcceptBotCommand          20018270 f   ai_wpnav.obj
 0001:00017b70       _AnimalProcessOri          20018b70 f   AnimalNPC.obj
 0001:00017cf0       _G_SetAnimalVehicleFunctions 20018cf0 f   AnimalNPC.obj
 0001:00018890       _G_CreateAnimalNPC         20019890 f   AnimalNPC.obj
 0001:000188e0       _BG_AttachToRancor         200198e0 f   bg_g2_utils.obj
 0001:00018ac0       _BG_GetRootSurfNameWithVariant 20019ac0 f   bg_g2_utils.obj
 0001:00018cd0       _BG_FileExists             20019cd0 f   bg_misc.obj
 0001:00018d20       _BG_ParseField             20019d20 f   bg_misc.obj
 0001:00018ed0       _BG_LegalizedForcePowers   20019ed0 f   bg_misc.obj
 0001:00019670       _vectoyaw                  2001a670 f   bg_misc.obj
 0001:00019740       _BG_HasYsalamiri           2001a740 f   bg_misc.obj
 0001:00019780       _BG_CanUseFPNow            2001a780 f   bg_misc.obj
 0001:00019890       _BG_FindItemForPowerup     2001a890 f   bg_misc.obj
 0001:00019900       _BG_FindItemForHoldable    2001a900 f   bg_misc.obj
 0001:00019960       _BG_FindItemForWeapon      2001a960 f   bg_misc.obj
 0001:000199a0       _BG_FindItemForAmmo        2001a9a0 f   bg_misc.obj
 0001:000199e0       _BG_FindItem               2001a9e0 f   bg_misc.obj
 0001:00019a30       _BG_PlayerTouchesItem      2001aa30 f   bg_misc.obj
 0001:00019ae0       _BG_ProperForceIndex       2001aae0 f   bg_misc.obj
 0001:00019b20       _BG_CycleForce             2001ab20 f   bg_misc.obj
 0001:00019c80       _BG_GetItemIndexByTag      2001ac80 f   bg_misc.obj
 0001:00019cd0       _BG_IsItemSelectable       2001acd0 f   bg_misc.obj
 0001:00019cf0       _BG_CycleInven             2001acf0 f   bg_misc.obj
 0001:00019df0       _BG_CanItemBeGrabbed       2001adf0 f   bg_misc.obj
 0001:0001a1b0       _BG_EvaluateTrajectory     2001b1b0 f   bg_misc.obj
 0001:0001a4c0       _BG_EvaluateTrajectoryDelta 2001b4c0 f   bg_misc.obj
 0001:0001a720       _BG_AddPredictableEventToPlayerstate 2001b720 f   bg_misc.obj
 0001:0001a770       _BG_TouchJumpPad           2001b770 f   bg_misc.obj
 0001:0001a840       _BG_EmplacedView           2001b840 f   bg_misc.obj
 0001:0001a920       _BG_IsValidCharacterModel  2001b920 f   bg_misc.obj
 0001:0001a9b0       _BG_ValidateSkinForTeam    2001b9b0 f   bg_misc.obj
 0001:0001ace0       _BG_PlayerStateToEntityState 2001bce0 f   bg_misc.obj
 0001:0001b320       _BG_PlayerStateToEntityStateExtraPolate 2001c320 f   bg_misc.obj
 0001:0001b8f0       _BG_ModelCache             2001c8f0 f   bg_misc.obj
 0001:0001b950       _BG_Alloc                  2001c950 f   bg_misc.obj
 0001:0001b9a0       _BG_AllocUnaligned         2001c9a0 f   bg_misc.obj
 0001:0001b9e0       _BG_TempAlloc              2001c9e0 f   bg_misc.obj
 0001:0001ba20       _BG_TempFree               2001ca20 f   bg_misc.obj
 0001:0001ba40       _BG_StringAlloc            2001ca40 f   bg_misc.obj
 0001:0001ba80       _BG_OutOfMemory            2001ca80 f   bg_misc.obj
 0001:0001baa0       _BG_SaberStanceAnim        2001caa0 f   bg_panimate.obj
 0001:0001bb30       _BG_CrouchAnim             2001cb30 f   bg_panimate.obj
 0001:0001bc70       _BG_InSpecialJump          2001cc70 f   bg_panimate.obj
 0001:0001bdc0       _BG_InSaberStandAnim       2001cdc0 f   bg_panimate.obj
 0001:0001be00       _BG_InReboundJump          2001ce00 f   bg_panimate.obj
 0001:0001be30       _BG_InReboundHold          2001ce30 f   bg_panimate.obj
 0001:0001be60       _BG_InReboundRelease       2001ce60 f   bg_panimate.obj
 0001:0001be90       _BG_InBackFlip             2001ce90 f   bg_panimate.obj
 0001:0001bec0       _BG_DirectFlippingAnim     2001cec0 f   bg_panimate.obj
 0001:0001bef0       _BG_SaberInAttackPure      2001cef0 f   bg_panimate.obj
 0001:0001bf10       _BG_SaberInAttack          2001cf10 f   bg_panimate.obj
 0001:0001bf50       _BG_SaberInKata            2001cf50 f   bg_panimate.obj
 0001:0001bf80       _BG_InKataAnim             2001cf80 f   bg_panimate.obj
 0001:0001bfb0       _BG_SaberInSpecial         2001cfb0 f   bg_panimate.obj
 0001:0001c000       _BG_KickMove               2001d000 f   bg_panimate.obj
 0001:0001c030       _BG_SaberInIdle            2001d030 f   bg_panimate.obj
 0001:0001c060       _BG_InExtraDefenseSaberMove 2001d060 f   bg_panimate.obj
 0001:0001c0d0       _BG_FlippingAnim           2001d0d0 f   bg_panimate.obj
 0001:0001c1d0       _BG_SpinningSaberAnim      2001d1d0 f   bg_panimate.obj
 0001:0001c530       _BG_SaberInSpecialAttack   2001d530 f   bg_panimate.obj
 0001:0001c6b0       _BG_KickingAnim            2001d6b0 f   bg_panimate.obj
 0001:0001c730       _BG_InGrappleMove          2001d730 f   bg_panimate.obj
 0001:0001c7d0       _BG_BrokenParryForAttack   2001d7d0 f   bg_panimate.obj
 0001:0001c860       _BG_BrokenParryForParry    2001d860 f   bg_panimate.obj
 0001:0001c990       _BG_KnockawayForParry      2001d990 f   bg_panimate.obj
 0001:0001c9f0       _BG_InRoll                 2001d9f0 f   bg_panimate.obj
 0001:0001ca90       _BG_InSpecialDeathAnim     2001da90 f   bg_panimate.obj
 0001:0001cac0       _BG_InDeathAnim            2001dac0 f   bg_panimate.obj
 0001:0001cb10       _BG_InKnockDownOnly        2001db10 f   bg_panimate.obj
 0001:0001cb40       _BG_InSaberLockOld         2001db40 f   bg_panimate.obj
 0001:0001cb90       _BG_InSaberLock            2001db90 f   bg_panimate.obj
 0001:0001cc40       _PM_InCartwheel            2001dc40 f   bg_panimate.obj
 0001:0001cc80       _BG_InKnockDownOnGround    2001dc80 f   bg_panimate.obj
 0001:0001cd80       _BG_StabDownAnim           2001dd80 f   bg_panimate.obj
 0001:0001cdb0       _PM_SaberBounceForAttack   2001ddb0 f   bg_panimate.obj
 0001:0001ce30       _PM_SaberDeflectionForQuad 2001de30 f   bg_panimate.obj
 0001:0001ceb0       _PM_SaberInDeflect         2001deb0 f   bg_panimate.obj
 0001:0001ced0       _PM_SaberInParry           2001ded0 f   bg_panimate.obj
 0001:0001cef0       _PM_SaberInKnockaway       2001def0 f   bg_panimate.obj
 0001:0001cf10       _PM_SaberInReflect         2001df10 f   bg_panimate.obj
 0001:0001cf30       _PM_SaberInStart           2001df30 f   bg_panimate.obj
 0001:0001cf50       _PM_SaberInReturn          2001df50 f   bg_panimate.obj
 0001:0001cf70       _BG_SaberInReturn          2001df70 f   bg_panimate.obj
 0001:0001cf90       _PM_InSaberAnim            2001df90 f   bg_panimate.obj
 0001:0001cfb0       _PM_InRealKnockDown        2001dfb0 f   bg_panimate.obj
 0001:0001cfe0       _PM_InKnockDown            2001dfe0 f   bg_panimate.obj
 0001:0001d060       _PM_PainAnim               2001e060 f   bg_panimate.obj
 0001:0001d090       _PM_JumpingAnim            2001e090 f   bg_panimate.obj
 0001:0001d0c0       _PM_LandingAnim            2001e0c0 f   bg_panimate.obj
 0001:0001d120       _PM_SpinningAnim           2001e120 f   bg_panimate.obj
 0001:0001d140       _PM_InOnGroundAnim         2001e140 f   bg_panimate.obj
 0001:0001d1a0       _PM_InRollComplete         2001e1a0 f   bg_panimate.obj
 0001:0001d1e0       _PM_CanRollFromSoulCal     2001e1e0 f   bg_panimate.obj
 0001:0001d220       _BG_SuperBreakLoseAnim     2001e220 f   bg_panimate.obj
 0001:0001d2c0       _BG_SuperBreakWinAnim      2001e2c0 f   bg_panimate.obj
 0001:0001d360       _BG_SaberLockBreakAnim     2001e360 f   bg_panimate.obj
 0001:0001d450       _BG_FullBodyTauntAnim      2001e450 f   bg_panimate.obj
 0001:0001d4b0       _BG_AnimLength             2001e4b0 f   bg_panimate.obj
 0001:0001d520       _PM_AnimLength             2001e520 f   bg_panimate.obj
 0001:0001d5c0       _PM_DebugLegsAnim          2001e5c0 f   bg_panimate.obj
 0001:0001d640       _PM_SaberInTransition      2001e640 f   bg_panimate.obj
 0001:0001d660       _BG_SaberInTransitionAny   2001e660 f   bg_panimate.obj
 0001:0001d6b0       _BG_FlipPart               2001e6b0 f   bg_panimate.obj
 0001:0001d710       _BG_InitAnimsets           2001e710 f   bg_panimate.obj
 0001:0001d740       _BG_ClearAnimsets          2001e740 f   bg_panimate.obj
 0001:0001d750       _BG_AnimsetAlloc           2001e750 f   bg_panimate.obj
 0001:0001d780       _BG_AnimsetFree            2001e780 f   bg_panimate.obj
 0001:0001d790       _BG_ParseAnimationFile     2001e790 f   bg_panimate.obj
 0001:0001dbf0       _BG_StartLegsAnim          2001ebf0 f   bg_panimate.obj
 0001:0001dc70       _PM_ContinueLegsAnim       2001ec70 f   bg_panimate.obj
 0001:0001dcb0       _PM_ForceLegsAnim          2001ecb0 f   bg_panimate.obj
 0001:0001dd60       _BG_StartTorsoAnim         2001ed60 f   bg_panimate.obj
 0001:0001ddc0       _PM_StartTorsoAnim         2001edc0 f   bg_panimate.obj
 0001:0001dde0       _BG_SetLegsAnimTimer       2001ede0 f   bg_panimate.obj
 0001:0001de10       _PM_SetLegsAnimTimer       2001ee10 f   bg_panimate.obj
 0001:0001de30       _BG_SetTorsoAnimTimer      2001ee30 f   bg_panimate.obj
 0001:0001de60       _PM_SetTorsoAnimTimer      2001ee60 f   bg_panimate.obj
 0001:0001de80       _BG_SaberStartTransAnim    2001ee80 f   bg_panimate.obj
 0001:0001e010       _BG_SetAnimFinal           2001f010 f   bg_panimate.obj
 0001:0001e3c0       _PM_SetAnimFinal           2001f3c0 f   bg_panimate.obj
 0001:0001e400       _BG_HasAnimation           2001f400 f   bg_panimate.obj
 0001:0001e460       _BG_PickAnim               2001f460 f   bg_panimate.obj
 0001:0001e4c0       _BG_SetAnim                2001f4c0 f   bg_panimate.obj
 0001:0001e5c0       _PM_SetAnim                2001f5c0 f   bg_panimate.obj
 0001:0001e600       _PM_BGEntForNum            2001f600 f   bg_pmove.obj
 0001:0001e660       _BG_SabersOff              2001f660 f   bg_pmove.obj
 0001:0001e6b0       _BG_KnockDownable          2001f6b0 f   bg_pmove.obj
 0001:0001e6e0       _PM_GetSaberStance         2001f6e0 f   bg_pmove.obj
 0001:0001e840       _PM_DoSlowFall             2001f840 f   bg_pmove.obj
 0001:0001e880       _PM_pitch_roll_for_slope   2001f880 f   bg_pmove.obj
 0001:0001ec20       _PM_SetSpecialMoveValues   2001fc20 f   bg_pmove.obj
 0001:0001ece0       _BG_ExternThisSoICanRecompileInDebug 2001fce0 f   bg_pmove.obj
 0001:0001ecf0       _BG_VehicleTurnRateForSpeed 2001fcf0 f   bg_pmove.obj
 0001:0001ee00       _PM_HoverTrace             2001fe00 f   bg_pmove.obj
 0001:0001f920       _PM_AddEvent               20020920 f   bg_pmove.obj
 0001:0001f940       _PM_AddEventWithParm       20020940 f   bg_pmove.obj
 0001:0001f960       _PM_AddTouchEnt            20020960 f   bg_pmove.obj
 0001:0001f9e0       _PM_ClipVelocity           200209e0 f   bg_pmove.obj
 0001:0001fad0       _PM_ForceJumpingUp         20020ad0 f   bg_pmove.obj
 0001:0001fc20       _PM_SetPMViewAngle         20020c20 f   bg_pmove.obj
 0001:0001fcb0       _PM_AdjustAngleForWallRun  20020cb0 f   bg_pmove.obj
 0001:000201d0       _PM_AdjustAnglesForWallRunUpFlipAlt 200211d0 f   bg_pmove.obj
 0001:00020200       _PM_AdjustAngleForWallRunUp 20021200 f   bg_pmove.obj
 0001:000206d0       _PM_AdjustAngleForWallJump 200216d0 f   bg_pmove.obj
 0001:00020cc0       _PM_SetForceJumpZStart     20021cc0 f   bg_pmove.obj
 0001:00020d20       _PM_GrabWallForJump        20021d20 f   bg_pmove.obj
 0001:000210b0       _PM_CheckDualForwardJumpDuck 200220b0 f   bg_pmove.obj
 0001:00021170       _PM_CheckFixMins           20022170 f   bg_pmove.obj
 0001:00021450       _PM_Use                    20022450 f   bg_pmove.obj
 0001:000214e0       _PM_WalkingAnim            200224e0 f   bg_pmove.obj
 0001:00021550       _PM_RunningAnim            20022550 f   bg_pmove.obj
 0001:000215b0       _PM_SwimmingAnim           200225b0 f   bg_pmove.obj
 0001:000215e0       _PM_RollingAnim            200225e0 f   bg_pmove.obj
 0001:00021610       _PM_AnglesForSlope         20022610 f   bg_pmove.obj
 0001:00021710       _PM_FootSlopeTrace         20022710 f   bg_pmove.obj
 0001:00021a40       _BG_InSlopeAnim            20022a40 f   bg_pmove.obj
 0001:00021a70       _PM_AdjustStandAnimForSlope 20022a70 f   bg_pmove.obj
 0001:00022210       _PM_LegsSlopeBackTransition 20023210 f   bg_pmove.obj
 0001:00022300       _BG_ClearRocketLock        20023300 f   bg_pmove.obj
 0001:00022340       _PM_BeginWeaponChange      20023340 f   bg_pmove.obj
 0001:00022430       _PM_FinishWeaponChange     20023430 f   bg_pmove.obj
 0001:000224e0       _BG_VehTraceFromCamPos     200234e0 f   bg_pmove.obj
 0001:00022760       _PM_RocketLock             20023760 f   bg_pmove.obj
 0001:00022c60       _PM_ItemUsable             20023c60 f   bg_pmove.obj
 0001:00022f40       _PM_CanSetWeaponAnims      20023f40 f   bg_pmove.obj
 0001:00022f60       _PM_VehicleWeaponAnimate   20023f60 f   bg_pmove.obj
 0001:00023470       _BG_UnrestrainedPitchRoll  20024470 f   bg_pmove.obj
 0001:000234c0       _PM_UpdateViewAngles       200244c0 f   bg_pmove.obj
 0001:000235e0       _PM_AdjustAttackStates     200245e0 f   bg_pmove.obj
 0001:00023b40       _BG_CmdForRoll             20024b40 f   bg_pmove.obj
 0001:00023e10       _BG_AdjustClientSpeed      20024e10 f   bg_pmove.obj
 0001:00024350       _BG_InRollAnim             20025350 f   bg_pmove.obj
 0001:00024390       _BG_InKnockDown            20025390 f   bg_pmove.obj
 0001:00024400       _BG_InRollES               20025400 f   bg_pmove.obj
 0001:00024430       _BG_IK_MoveArm             20025430 f   bg_pmove.obj
 0001:000249f0       _BG_UpdateLookAngles       200259f0 f   bg_pmove.obj
 0001:00024c20       _BG_InRoll2                20025c20 f   bg_pmove.obj
 0001:00024cc0       _BG_G2PlayerAngles         20025cc0 f   bg_pmove.obj
 0001:000262b0       _BG_G2ATSTAngles           200272b0 f   bg_pmove.obj
 0001:000262e0       _PM_VehicleViewAngles      200272e0 f   bg_pmove.obj
 0001:00026570       _PM_WeaponOkOnVehicle      20027570 f   bg_pmove.obj
 0001:000265a0       _PM_GetOkWeaponForVehicle  200275a0 f   bg_pmove.obj
 0001:00026600       _PM_VehForcedTurning       20027600 f   bg_pmove.obj
 0001:000267c0       _PM_VehFaceHyperspacePoint 200277c0 f   bg_pmove.obj
 0001:00026b10       _BG_VehicleAdjustBBoxForOrientation 20027b10 f   bg_pmove.obj
 0001:00027250       _PM_MoveForKata            20028250 f   bg_pmove.obj
 0001:00027490       _PmoveSingle               20028490 f   bg_pmove.obj
 0001:00033ba0       _Pmove                     20034ba0 f   bg_pmove.obj
 0001:00033cb0       _AddPassenger              20034cb0 f i g_vehicles.obj
 0001:00033cb0       _PM_IsRocketTrooper        20034cb0 f i bg_pmove.obj
 0001:00033cc0       _PM_irand_timesync         20034cc0 f   bg_saber.obj
 0001:00033d30       _BG_ForcePowerDrain        20034d30 f   bg_saber.obj
 0001:00033eb0       _BG_EnoughForcePowerForMove 20034eb0 f   bg_saber.obj
 0001:00033ee0       _PM_AttackMoveForQuad      20034ee0 f   bg_saber.obj
 0001:00033f60       _PM_SaberAnimTransitionAnim 20034f60 f   bg_saber.obj
 0001:00034180       _PM_CheckStabDown          20035180 f   bg_saber.obj
 0001:000343b0       _PM_SaberMoveQuadrantForMovement 200353b0 f   bg_saber.obj
 0001:00034450       _PM_SaberInBounce          20035450 f   bg_saber.obj
 0001:00034480       _PM_SaberAttackChainAngle  20035480 f   bg_saber.obj
 0001:000344c0       _PM_SaberKataDone          200354c0 f   bg_saber.obj
 0001:00034710       _PM_SetAnimFrame           20035710 f   bg_saber.obj
 0001:00034730       _PM_SaberLockWinAnim       20035730 f   bg_saber.obj
 0001:00034900       _PM_SaberLockLoseAnim      20035900 f   bg_saber.obj
 0001:00034b20       _PM_SaberLockResultAnim    20035b20 f   bg_saber.obj
 0001:00034c90       _PM_SaberLockBreak         20035c90 f   bg_saber.obj
 0001:000350f0       _BG_CheckIncrementLockAnim 200360f0 f   bg_saber.obj
 0001:000351d0       _PM_SaberLocked            200361d0 f   bg_saber.obj
 0001:00035750       _PM_SaberInBrokenParry     20036750 f   bg_saber.obj
 0001:00035790       _PM_BrokenParryForParry    20036790 f   bg_saber.obj
 0001:000358b0       _PM_CanBackstab            200368b0 f   bg_saber.obj
 0001:00035a10       _PM_SaberFlipOverAttackMove 20036a10 f   bg_saber.obj
 0001:00035bc0       _PM_SaberBackflipAttackMove 20036bc0 f   bg_saber.obj
 0001:00035cb0       _PM_SaberDualJumpAttackMove 20036cb0 f   bg_saber.obj
 0001:00035cd0       _PM_SomeoneInFront         20036cd0 f   bg_saber.obj
 0001:00035e40       _PM_SaberLungeAttackMove   20036e40 f   bg_saber.obj
 0001:00036020       _PM_SaberJumpAttackMove2   20037020 f   bg_saber.obj
 0001:00036110       _PM_SaberJumpAttackMove    20037110 f   bg_saber.obj
 0001:000362c0       _PM_GroundDistance         200372c0 f   bg_saber.obj
 0001:000363d0       _PM_WalkableGroundDistance 200373d0 f   bg_saber.obj
 0001:000364c0       _PM_CheckPullAttack        200374c0 f   bg_saber.obj
 0001:000364d0       _PM_InSecondaryStyle       200374d0 f   bg_saber.obj
 0001:00036520       _PM_SaberAttackForMovement 20037520 f   bg_saber.obj
 0001:000374a0       _PM_KickMoveForConditions  200384a0 f   bg_saber.obj
 0001:00037520       _PM_SaberMoveOkayForKata   20038520 f   bg_saber.obj
 0001:00037560       _PM_CanDoKata              20038560 f   bg_saber.obj
 0001:00037720       _PM_CheckAltKickAttack     20038720 f   bg_saber.obj
 0001:000377d0       _PM_SaberPowerCheck        200387d0 f   bg_saber.obj
 0001:00037840       _PM_CanDoRollStab          20038840 f   bg_saber.obj
 0001:000378f0       _PM_WeaponLightsaber       200388f0 f   bg_saber.obj
 0001:00039300       _PM_SetSaberMove           2003a300 f   bg_saber.obj
 0001:00039c70       _BG_MySaber                2003ac70 f   bg_saber.obj
 0001:00039d00       _BG_SoundIndex             2003ad00 f   bg_saberLoad.obj
 0001:00039d20       _BG_ParseLiteral           2003ad20 f   bg_saberLoad.obj
 0001:00039d90       _TranslateSaberColor       2003ad90 f   bg_saberLoad.obj
 0001:00039e70       _TranslateSaberStyle       2003ae70 f   bg_saberLoad.obj
 0001:00039f50       _WP_SaberBladeUseSecondBladeStyle 2003af50 f   bg_saberLoad.obj
 0001:00039f80       _WP_SaberBladeDoTransitionDamage 2003af80 f   bg_saberLoad.obj
 0001:00039fe0       _WP_UseFirstValidSaberStyle 2003afe0 f   bg_saberLoad.obj
 0001:0003a1f0       _WP_SaberStyleValidForSaber 2003b1f0 f   bg_saberLoad.obj
 0001:0003a3e0       _WP_SaberCanTurnOffSomeBlades 2003b3e0 f   bg_saberLoad.obj
 0001:0003a450       _WP_SaberSetDefaults       2003b450 f   bg_saberLoad.obj
 0001:0003a950       _WP_SaberParseParms        2003b950 f   bg_saberLoad.obj
 0001:0003d7e0       _WP_SaberParseParm         2003e7e0 f   bg_saberLoad.obj
 0001:0003d940       _WP_SaberValidForPlayerInMP 2003e940 f   bg_saberLoad.obj
 0001:0003d990       _WP_RemoveSaber            2003e990 f   bg_saberLoad.obj
 0001:0003da10       _WP_SetSaber               2003ea10 f   bg_saberLoad.obj
 0001:0003db00       _WP_SaberSetColor          2003eb00 f   bg_saberLoad.obj
 0001:0003db40       _WP_SaberLoadParms         2003eb40 f   bg_saberLoad.obj
 0001:0003dd50       _BG_BLADE_ActivateTrail    2003ed50 f   bg_saberLoad.obj
 0001:0003dd70       _BG_BLADE_DeactivateTrail  2003ed70 f   bg_saberLoad.obj
 0001:0003dd90       _BG_SI_Activate            2003ed90 f   bg_saberLoad.obj
 0001:0003dde0       _BG_SI_Deactivate          2003ede0 f   bg_saberLoad.obj
 0001:0003de30       _BG_SI_BladeActivate       2003ee30 f   bg_saberLoad.obj
 0001:0003de70       _BG_SI_Active              2003ee70 f   bg_saberLoad.obj
 0001:0003dec0       _BG_SI_SetLength           2003eec0 f   bg_saberLoad.obj
 0001:0003df00       _BG_SI_SetDesiredLength    2003ef00 f   bg_saberLoad.obj
 0001:0003df80       _BG_SI_SetLengthGradual    2003ef80 f   bg_saberLoad.obj
 0001:0003e2c0       _BG_SI_Length              2003f2c0 f   bg_saberLoad.obj
 0001:0003e330       _BG_SI_LengthMax           2003f330 f   bg_saberLoad.obj
 0001:0003e3a0       _BG_SI_ActivateTrail       2003f3a0 f   bg_saberLoad.obj
 0001:0003e3f0       _BG_SI_DeactivateTrail     2003f3f0 f   bg_saberLoad.obj
 0001:0003e440       _BG_SiegeStripTabs         2003f440 f   bg_saga.obj
 0001:0003e4b0       _BG_SiegeGetValueGroup     2003f4b0 f   bg_saga.obj
 0001:0003eae0       _BG_SiegeGetPairedValue    2003fae0 f   bg_saga.obj
 0001:0003eff0       _BG_SiegeTranslateForcePowers 2003fff0 f   bg_saga.obj
 0001:0003f320       _BG_SiegeTranslateGenericTable 20040320 f   bg_saga.obj
 0001:0003f510       _BG_SiegeParseClassFile    20040510 f   bg_saga.obj
 0001:0003fea0       _BG_SiegeCountBaseClass    20040ea0 f   bg_saga.obj
 0001:0003ff20       _BG_GetUIPortraitFile      20040f20 f   bg_saga.obj
 0001:0003ffb0       _BG_GetUIPortrait          20040fb0 f   bg_saga.obj
 0001:00040050       _BG_GetClassOnBaseClass    20041050 f   bg_saga.obj
 0001:000400e0       _BG_SiegeLoadClasses       200410e0 f   bg_saga.obj
 0001:000401d0       _BG_SiegeFindClassByName   200411d0 f   bg_saga.obj
 0001:00040230       _BG_SiegeParseTeamFile     20041230 f   bg_saga.obj
 0001:000404b0       _BG_SiegeLoadTeams         200414b0 f   bg_saga.obj
 0001:00040570       _BG_SiegeFindThemeForTeam  20041570 f   bg_saga.obj
 0001:000405a0       _BG_PrecacheSabersForSiegeTeam 200415a0 f   bg_saga.obj
 0001:000406f0       _BG_SiegeCheckClassLegality 200416f0 f   bg_saga.obj
 0001:000407a0       _BG_SiegeFindTeamForTheme  200417a0 f   bg_saga.obj
 0001:00040810       _BG_SiegeSetTeamTheme      20041810 f   bg_saga.obj
 0001:00040850       _BG_SiegeFindClassIndexByName 20041850 f   bg_saga.obj
 0001:000408a0       _PM_VehicleImpact          200418a0 f   bg_slidemove.obj
 0001:00041bd0       _PM_GroundSlideOkay        20042bd0 f   bg_slidemove.obj
 0001:00041cb0       _PM_ClientImpact           20042cb0 f   bg_slidemove.obj
 0001:00043590       _PM_SlideMove              20044590 f   bg_slidemove.obj
 0001:00043f80       _PM_StepSlideMove          20044f80 f   bg_slidemove.obj
 0001:00044730       _BG_ClearVehicleParseParms 20045730 f   bg_vehicleLoad.obj
 0001:00044750       _VEH_LoadVehWeapon         20045750 f   bg_vehicleLoad.obj
 0001:00044d50       _VEH_VehWeaponIndexForName 20045d50 f   bg_vehicleLoad.obj
 0001:00044e20       _BG_SetSharedVehicleFunctions 20045e20 f   bg_vehicleLoad.obj
 0001:00044ea0       _BG_VehicleSetDefaults     20045ea0 f   bg_vehicleLoad.obj
 0001:00044ec0       _BG_VehicleClampData       20045ec0 f   bg_vehicleLoad.obj
 0001:00044f70       _VEH_LoadVehicle           20045f70 f   bg_vehicleLoad.obj
 0001:00045e50       _VEH_VehicleIndexForName   20046e50 f   bg_vehicleLoad.obj
 0001:00045f20       _BG_VehWeaponLoadParms     20046f20 f   bg_vehicleLoad.obj
 0001:00046140       _BG_VehicleLoadParms       20047140 f   bg_vehicleLoad.obj
 0001:000463a0       _BG_VehicleGetIndex        200473a0 f   bg_vehicleLoad.obj
 0001:000463c0       _BG_GetVehicleModelName    200473c0 f   bg_vehicleLoad.obj
 0001:00046420       _BG_GetVehicleSkinName     20047420 f   bg_vehicleLoad.obj
 0001:000464b0       _AttachRidersGeneric       200474b0 f   bg_vehicleLoad.obj
 0001:000466d0       _BG_FighterUpdate          200476d0 f   FighterNPC.obj
 0001:00046850       _FighterIsInSpace          20047850 f   FighterNPC.obj
 0001:000468a0       _FighterOverValidLandingSurface 200478a0 f   FighterNPC.obj
 0001:000468e0       _FighterIsLanded           200478e0 f   FighterNPC.obj
 0001:00046920       _FighterIsLanding          20047920 f   FighterNPC.obj
 0001:00046990       _FighterIsLaunching        20047990 f   FighterNPC.obj
 0001:000469f0       _FighterSuspended          200479f0 f   FighterNPC.obj
 0001:00046a50       _FighterYawAdjust          20047a50 f   FighterNPC.obj
 0001:00046b50       _FighterPitchAdjust        20047b50 f   FighterNPC.obj
 0001:00046c50       _FighterPitchClamp         20047c50 f   FighterNPC.obj
 0001:00046d20       _G_SetFighterVehicleFunctions 20047d20 f   FighterNPC.obj
 0001:00049440       _G_CreateFighterNPC        2004a440 f   FighterNPC.obj
 0001:00049490       _P_SetTwitchInfo           2004a490 f   g_active.obj
 0001:000494c0       _P_DamageFeedback          2004a4c0 f   g_active.obj
 0001:00049720       _P_WorldEffects            2004a720 f   g_active.obj
 0001:000499c0       _DoImpact                  2004a9c0 f   g_active.obj
 0001:00049f80       _Client_CheckImpactBBrush  2004af80 f   g_active.obj
 0001:0004a070       _G_SetClientSound          2004b070 f   g_active.obj
 0001:0004a1b0       _ClientImpacts             2004b1b0 f   g_active.obj
 0001:0004a2b0       _G_TouchTriggers           2004b2b0 f   g_active.obj
 0001:0004a5b0       _G_MoverTouchPushTriggers  2004b5b0 f   g_active.obj
 0001:0004a8b0       _SpectatorThink            2004b8b0 f   g_active.obj
 0001:0004aab0       _ClientInactivityTimer     2004bab0 f   g_active.obj
 0001:0004abf0       _ClientTimerActions        2004bbf0 f   g_active.obj
 0001:0004ac50       _ClientIntermissionThink   2004bc50 f   g_active.obj
 0001:0004ace0       _G_VehicleAttachDroidUnit  2004bce0 f   g_active.obj
 0001:0004aff0       _G_CheapWeaponFire         2004bff0 f   g_active.obj
 0001:0004b1c0       _ClientEvents              2004c1c0 f   g_active.obj
 0001:0004b580       _SendPendingPredictableEvents 2004c580 f   g_active.obj
 0001:0004b690       _G_UpdateClientBroadcasts  2004c690 f   g_active.obj
 0001:0004b9c0       _G_AddPushVecToUcmd        2004c9c0 f   g_active.obj
 0001:0004bc40       _G_StandingAnim            2004cc40 f   g_active.obj
 0001:0004bc90       _G_ActionButtonPressed     2004cc90 f   g_active.obj
 0001:0004bd30       _G_CheckClientIdle         2004cd30 f   g_active.obj
 0001:0004c480       _NPC_Accelerate            2004d480 f   g_active.obj
 0001:0004c7a0       _G_CheckMovingLoopingSounds 2004d7a0 f   g_active.obj
 0001:0004c9a0       _G_HeldByMonster           2004d9a0 f   g_active.obj
 0001:0004cb40       _G_SetTauntAnim            2004db40 f   g_active.obj
 0001:0004d530       _ClientThink_real          2004e530 f   g_active.obj
 0001:00051c30       _G_CheckClientTimeouts     20052c30 f   g_active.obj
 0001:00051c90       _ClientThink               20052c90 f   g_active.obj
 0001:00051d40       _G_RunClient               20052d40 f   g_active.obj
 0001:00051d80       _GetLevel                  20052d80 f   g_active.obj
 0001:00051e30       _SetRPGStats               20052e30 f   g_active.obj
 0001:00052240       _ShowRPGStats              20053240 f   g_active.obj
 0001:00053f20       _SpectatorClientEndFrame   20054f20 f   g_active.obj
 0001:00054110       _ClientEndFrame            20055110 f   g_active.obj
 0001:000542c0       _UpdateTournamentInfo      200552c0 f   g_arenas.obj
 0001:000546c0       _trap_Cvar_VariableValue   200556c0 f   g_bot.obj
 0001:00054700       _G_ParseInfos              20055700 f   g_bot.obj
 0001:000548d0       _G_GetMapTypeBits          200558d0 f   g_bot.obj
 0001:00054a10       _G_DoesMapSupportGametype  20055a10 f   g_bot.obj
 0001:00054b00       _G_RefreshNextMap          20055b00 f   g_bot.obj
 0001:00054d50       _G_GetArenaInfoByMap       20055d50 f   g_bot.obj
 0001:00054db0       _G_AddRandomBot            20055db0 f   g_bot.obj
 0001:00055090       _G_RemoveRandomBot         20056090 f   g_bot.obj
 0001:00055180       _G_CountHumanPlayers       20056180 f   g_bot.obj
 0001:00055210       _G_CountBotPlayers         20056210 f   g_bot.obj
 0001:00055310       _G_CheckMinimumPlayers     20056310 f   g_bot.obj
 0001:000553f0       _G_CheckBotSpawn           200563f0 f   g_bot.obj
 0001:00055460       _G_RemoveQueuedBotBegin    20056460 f   g_bot.obj
 0001:000554b0       _G_BotConnect              200564b0 f   g_bot.obj
 0001:00055580       _Svcmd_AddBot_f            20056580 f   g_bot.obj
 0001:00055f70       _Svcmd_BotList_f           20056f70 f   g_bot.obj
 0001:00056120       _G_GetBotInfoByNumber      20057120 f   g_bot.obj
 0001:00056160       _G_GetBotInfoByName        20057160 f   g_bot.obj
 0001:000561d0       _G_InitBots                200571d0 f   g_bot.obj
 0001:00056630       _SP_info_player_duel       20057630 f   g_client.obj
 0001:000566a0       _SP_info_player_duel1      200576a0 f   g_client.obj
 0001:00056710       _SP_info_player_duel2      20057710 f   g_client.obj
 0001:00056780       _SP_info_player_deathmatch 20057780 f   g_client.obj
 0001:000567f0       _SP_info_player_start      200577f0 f   g_client.obj
 0001:00056810       _SP_info_player_start_red  20057810 f   g_client.obj
 0001:00056830       _SP_info_player_start_blue 20057830 f   g_client.obj
 0001:00056850       _SiegePointUse             20057850 f   g_client.obj
 0001:00056880       _SP_info_player_siegeteam1 20057880 f   g_client.obj
 0001:00056900       _SP_info_player_siegeteam2 20057900 f   g_client.obj
 0001:00056980       _SP_info_player_intermission 20057980 f   g_client.obj
 0001:00056990       _SP_info_player_intermission_red 20057990 f   g_client.obj
 0001:000569a0       _SP_info_player_intermission_blue 200579a0 f   g_client.obj
 0001:000569b0       _ThrowSaberToAttacker      200579b0 f   g_client.obj
 0001:00056dc0       _JMSaberThink              20057dc0 f   g_client.obj
 0001:00057030       _JMSaberTouch              20058030 f   g_client.obj
 0001:000572f0       _SP_info_jedimaster_start  200582f0 f   g_client.obj
 0001:00057480       _SpotWouldTelefrag         20058480 f   g_client.obj
 0001:00057560       _SpotWouldTelefrag2        20058560 f   g_client.obj
 0001:00057660       _SelectNearestDeathmatchSpawnPoint 20058660 f   g_client.obj
 0001:00057740       _SelectRandomDeathmatchSpawnPoint 20058740 f   g_client.obj
 0001:00057800       _SelectRandomFurthestSpawnPoint 20058800 f   g_client.obj
 0001:00057dc0       _SelectDuelSpawnPoint      20058dc0 f   g_client.obj
 0001:00058220       _SelectSpawnPoint          20059220 f   g_client.obj
 0001:00058240       _SelectInitialSpawnPoint   20059240 f   g_client.obj
 0001:00058310       _SelectSpectatorSpawnPoint 20059310 f   g_client.obj
 0001:00058360       _InitBodyQue               20059360 f   g_client.obj
 0001:000583c0       _BodySink                  200593c0 f   g_client.obj
 0001:00058430       _SetClientViewAngle        20059430 f   g_client.obj
 0001:00058510       _MaintainBodyQueue         20059510 f   g_client.obj
 0001:00058b20       _respawn                   20059b20 f   g_client.obj
 0001:00058d60       _TeamCount                 20059d60 f   g_client.obj
 0001:00058e10       _TeamLeader                20059e10 f   g_client.obj
 0001:00058e90       _PickTeam                  20059e90 f   g_client.obj
 0001:00058f00       _G_SaberModelSetup         20059f00 f   g_client.obj
 0001:000591d0       _SetupGameGhoul2Model      2005a1d0 f   g_client.obj
 0001:00059e90       _ClientUserinfoChanged     2005ae90 f   g_client.obj
 0001:0005ada0       _ClientConnect             2005bda0 f   g_client.obj
 0001:0005b270       _ClientBegin               2005c270 f   g_client.obj
 0001:0005b910       _G_BreakArm                2005c910 f   g_client.obj
 0001:0005bb30       _G_UpdateClientAnims       2005cb30 f   g_client.obj
 0001:0005c7e0       _ClientSpawn               2005d7e0 f   g_client.obj
 0001:0005f090       _ReadKeys                  20060090 f   g_client.obj
 0001:0005f260       _WriteKeys                 20060260 f   g_client.obj
 0001:0005fe90       _ClientDisconnect          20060e90 f   g_client.obj
 0001:00060350       _DeathmatchScoreboardMessage 20061350 f   g_cmds.obj
 0001:000605d0       _WriteStats                200615d0 f   g_cmds.obj
 0001:00060660       _WriteBotTalk              20061660 f   g_cmds.obj
 0001:000606d0       _Cmd_Score_f               200616d0 f   g_cmds.obj
 0001:000606f0       _CheatsOk                  200616f0 f   g_cmds.obj
 0001:00060790       _ConcatArgs                20061790 f   g_cmds.obj
 0001:000608a0       _SanitizeString            200618a0 f   g_cmds.obj
 0001:00060920       _ClientNumberFromString    20061920 f   g_cmds.obj
 0001:00060ad0       _Cmd_Give_f                20061ad0 f   g_cmds.obj
 0001:000611c0       _Cmd_God_f                 200621c0 f   g_cmds.obj
 0001:00061240       _Cmd_Notarget_f            20062240 f   g_cmds.obj
 0001:000612c0       _Cmd_Noclip_f              200622c0 f   g_cmds.obj
 0001:00061350       _Cmd_LevelShot_f           20062350 f   g_cmds.obj
 0001:000613c0       _Cmd_TeamTask_f            200623c0 f   g_cmds.obj
 0001:00061490       _Cmd_Kill_f                20062490 f   g_cmds.obj
 0001:000615a0       _G_GetDuelWinner           200625a0 f   g_cmds.obj
 0001:00061620       _BroadcastTeamChange       20062620 f   g_cmds.obj
 0001:000617b0       _G_PowerDuelCheckFail      200627b0 f   g_cmds.obj
 0001:00061840       _SetTeam                   20062840 f   g_cmds.obj
 0001:00061db0       _StopFollowing             20062db0 f   g_cmds.obj
 0001:00061f20       _Cmd_Team_f                20062f20 f   g_cmds.obj
 0001:00062190       _Cmd_DuelTeam_f            20063190 f   g_cmds.obj
 0001:00062470       _G_TeamForSiegeClass       20063470 f   g_cmds.obj
 0001:00062540       _Cmd_SiegeClass_f          20063540 f   g_cmds.obj
 0001:00062800       _Cmd_ForceChanged_f        20063800 f   g_cmds.obj
 0001:000628f0       _G_SetSaber                200638f0 f   g_cmds.obj
 0001:00062bd0       _Cmd_Follow_f              20063bd0 f   g_cmds.obj
 0001:00062cd0       _Cmd_FollowCycle_f         20063cd0 f   g_cmds.obj
 0001:00062dd0       _G_SayTo                   20063dd0 f   g_cmds.obj
 0001:00062f60       _G_Say                     20063f60 f   g_cmds.obj
 0001:000635f0       _Cmd_GameCommand_f         200645f0 f   g_cmds.obj
 0001:000636c0       _Cmd_Where_f               200646c0 f   g_cmds.obj
 0001:00063700       _G_ClientNumberFromName    20064700 f   g_cmds.obj
 0001:000637a0       _SanitizeString2           200647a0 f   g_cmds.obj
 0001:00063860       _G_ClientNumberFromStrippedName 20064860 f   g_cmds.obj
 0001:00063900       _Cmd_CallVote_f            20064900 f   g_cmds.obj
 0001:00064ab0       _Cmd_Vote_f                20065ab0 f   g_cmds.obj
 0001:00064d00       _Cmd_CallTeamVote_f        20065d00 f   g_cmds.obj
 0001:00065410       _Cmd_TeamVote_f            20066410 f   g_cmds.obj
 0001:00065650       _Cmd_SetViewpos_f          20066650 f   g_cmds.obj
 0001:00065780       _Cmd_Stats_f               20066780 f   g_cmds.obj
 0001:00065790       _G_ItemUsable              20066790 f   g_cmds.obj
 0001:00065c10       _Cmd_ToggleSaber_f         20066c10 f   g_cmds.obj
 0001:00065e40       _Cmd_SaberAttackCycle_f    20066e40 f   g_cmds.obj
 0001:00066510       _G_OtherPlayersDueling     20067510 f   g_cmds.obj
 0001:00066580       _Cmd_EngageDuel_f          20067580 f   g_cmds.obj
 0001:00066a40       _Cmd_DebugSetSaberMove_f   20067a40 f   g_cmds.obj
 0001:00066ad0       _StandardSetBodyAnim       20067ad0 f   g_cmds.obj
 0001:00066af0       _TryGrapple                20067af0 f   g_cmds.obj
 0001:00066ca0       _ClientCommand             20067ca0 f   g_cmds.obj
 0001:00074f60       _ObjectDie                 20075f60 f   g_combat.obj
 0001:00074f90       _G_HeavyMelee              20075f90 f   g_combat.obj
 0001:00074ff0       _G_GetHitLocation          20075ff0 f   g_combat.obj
 0001:00075540       _ExplodeDeath              20076540 f   g_combat.obj
 0001:00075640       _ScorePlum                 20076640 f   g_combat.obj
 0001:000756a0       _AddScore                  200766a0 f   g_combat.obj
 0001:000757f0       _TossClientWeapon          200767f0 f   g_combat.obj
 0001:00075af0       _TossClientItems           20076af0 f   g_combat.obj
 0001:00075ce0       _LookAtKiller              20076ce0 f   g_combat.obj
 0001:00075dc0       _GibEntity                 20076dc0 f   g_combat.obj
 0001:00075e00       _BodyRid                   20076e00 f   g_combat.obj
 0001:00075e20       _body_die                  20076e20 f   g_combat.obj
 0001:00076030       _CheckAlmostCapture        20077030 f   g_combat.obj
 0001:00076040       _G_InKnockDown             20077040 f   g_combat.obj
 0001:000760b0       _G_PickDeathAnim           200770b0 f   g_combat.obj
 0001:00077350       _G_GetJediMaster           20078350 f   g_combat.obj
 0001:000773c0       _G_AlertTeam               200783c0 f   g_combat.obj
 0001:00077690       _G_DeathAlert              20078690 f   g_combat.obj
 0001:000776b0       _DeathFX                   200786b0 f   g_combat.obj
 0001:00077d10       _G_CheckVictoryScript      20078d10 f   g_combat.obj
 0001:00077ed0       _G_AddPowerDuelScore       20078ed0 f   g_combat.obj
 0001:00077fc0       _G_AddPowerDuelLoserScore  20078fc0 f   g_combat.obj
 0001:000780b0       _player_die                200790b0 f   g_combat.obj
 0001:0007a790       _CheckArmor                2007b790 f   g_combat.obj
 0001:0007a8b0       _G_ApplyKnockback          2007b8b0 f   g_combat.obj
 0001:0007ab10       _RaySphereIntersections    2007bb10 f   g_combat.obj
 0001:0007ad20       _G_GetDismemberLoc         2007bd20 f   g_combat.obj
 0001:0007b0b0       _G_GetDismemberBolt        2007c0b0 f   g_combat.obj
 0001:0007b4d0       _LimbTouch                 2007c4d0 f   g_combat.obj
 0001:0007b4e0       _LimbThink                 2007c4e0 f   g_combat.obj
 0001:0007b5c0       _G_Dismember               2007c5c0 f   g_combat.obj
 0001:0007c040       _DismembermentTest         2007d040 f   g_combat.obj
 0001:0007c0a0       _DismembermentByNum        2007d0a0 f   g_combat.obj
 0001:0007c160       _G_GetHitQuad              2007d160 f   g_combat.obj
 0001:0007c350       _G_GetHitLocFromSurfName   2007d350 f   g_combat.obj
 0001:0007d500       _G_CheckForDismemberment   2007e500 f   g_combat.obj
 0001:0007d8c0       _G_LocationBasedDamageModifier 2007e8c0 f   g_combat.obj
 0001:0007db20       _G_ThereIsAMaster          2007eb20 f   g_combat.obj
 0001:0007db80       _G_Knockdown               2007eb80 f   g_combat.obj
 0001:0007dc10       _G_Damage                  2007ec10 f   g_combat.obj
 0001:00081ab0       _CanDamage                 20082ab0 f   g_combat.obj
 0001:00081d40       _G_RadiusDamage            20082d40 f   g_combat.obj
 0001:00082200       _G_RunExPhys               20083200 f   g_exphysics.obj
 0001:00082be0       _Q3_TaskIDClear            20083be0 f   g_ICARUScb.obj
 0001:00082bf0       _G_DebugPrint              20083bf0 f   g_ICARUScb.obj
 0001:00082d30       _Q3_PlaySound              20083d30 f   g_ICARUScb.obj
 0001:00082f50       _Q3_Play                   20083f50 f   g_ICARUScb.obj
 0001:00083060       _anglerCallback            20084060 f   g_ICARUScb.obj
 0001:00083180       _moverCallback             20084180 f   g_ICARUScb.obj
 0001:00083220       _Blocked_Mover             20084220 f   g_ICARUScb.obj
 0001:000832c0       _moveAndRotateCallback     200842c0 f   g_ICARUScb.obj
 0001:000832e0       _Q3_Lerp2Start             200842e0 f   g_ICARUScb.obj
 0001:00083400       _Q3_Lerp2End               20084400 f   g_ICARUScb.obj
 0001:00083520       _Q3_Lerp2Pos               20084520 f   g_ICARUScb.obj
 0001:00083830       _Q3_Lerp2Angles            20084830 f   g_ICARUScb.obj
 0001:000839d0       _Q3_GetTag                 200849d0 f   g_ICARUScb.obj
 0001:00083a50       _Q3_Use                    20084a50 f   g_ICARUScb.obj
 0001:00083ac0       _Q3_Kill                   20084ac0 f   g_ICARUScb.obj
 0001:00083bc0       _Q3_RemoveEnt              20084bc0 f   g_ICARUScb.obj
 0001:00083c80       _Q3_Remove                 20084c80 f   g_ICARUScb.obj
 0001:00083da0       _Q3_GetFloat               20084da0 f   g_ICARUScb.obj
 0001:00084540       _Q3_GetVector              20085540 f   g_ICARUScb.obj
 0001:000846d0       _Q3_GetString              200856d0 f   g_ICARUScb.obj
 0001:00084d40       _MoveOwner                 20085d40 f   g_ICARUScb.obj
 0001:00084de0       _Q3_Lerp2Origin            20085de0 f   g_ICARUScb.obj
 0001:00085000       _Q3_SetLoopSound           20086000 f   g_ICARUScb.obj
 0001:000850b0       _Q3_SetICARUSFreeze        200860b0 f   g_ICARUScb.obj
 0001:00085140       _Q3_SetViewEntity          20086140 f   g_ICARUScb.obj
 0001:00085160       _Q3_SetParm                20086160 f   g_ICARUScb.obj
 0001:00085350       _SolidifyOwner             20086350 f   g_ICARUScb.obj
 0001:00085400       _Q3_Set                    20086400 f   g_ICARUScb.obj
 0001:00089b20       _adjustRespawnTime         2008ab20 f   g_items.obj
 0001:00089bf0       _ShieldRemove              2008abf0 f   g_items.obj
 0001:00089c50       _ShieldThink               2008ac50 f   g_items.obj
 0001:00089cd0       _ShieldDie                 2008acd0 f   g_items.obj
 0001:00089d00       _ShieldPain                2008ad00 f   g_items.obj
 0001:00089d50       _ShieldGoSolid             2008ad50 f   g_items.obj
 0001:00089e90       _ShieldGoNotSolid          2008ae90 f   g_items.obj
 0001:00089f20       _ShieldTouch               2008af20 f   g_items.obj
 0001:00089fb0       _CreateShield              2008afb0 f   g_items.obj
 0001:0008a4e0       _PlaceShield               2008b4e0 f   g_items.obj
 0001:0008a850       _ItemUse_Binoculars        2008b850 f   g_items.obj
 0001:0008a910       _ItemUse_Shield            2008b910 f   g_items.obj
 0001:0008a930       _SentryTouch               2008b930 f   g_items.obj
 0001:0008a940       _pas_fire                  2008b940 f   g_items.obj
 0001:0008aa60       _pas_adjust_enemy          2008ba60 f   g_items.obj
 0001:0008ac50       _sentryExpire              2008bc50 f   g_items.obj
 0001:0008ac70       _pas_think                 2008bc70 f   g_items.obj
 0001:0008b800       _turret_die                2008c800 f   g_items.obj
 0001:0008b940       _SP_PAS                    2008c940 f   g_items.obj
 0001:0008ba60       _ItemUse_Sentry            2008ca60 f   g_items.obj
 0001:0008bdb0       _ItemUse_Seeker            2008cdb0 f   g_items.obj
 0001:0008bf00       _ItemUse_MedPack_Big       2008cf00 f   g_items.obj
 0001:0008bfe0       _ItemUse_MedPack           2008cfe0 f   g_items.obj
 0001:0008c000       _Jetpack_Off               2008d000 f   g_items.obj
 0001:0008c030       _Jetpack_On                2008d030 f   g_items.obj
 0001:0008c0b0       _ItemUse_Jetpack           2008d0b0 f   g_items.obj
 0001:0008c190       _ItemUse_UseCloak          2008d190 f   g_items.obj
 0001:0008c270       _SpecialItemThink          2008d270 f   g_items.obj
 0001:0008c320       _G_SpecialSpawnItem        2008d320 f   g_items.obj
 0001:0008c470       _G_PrecacheDispensers      2008d470 f   g_items.obj
 0001:0008c4c0       _ItemUse_UseDisp           2008d4c0 f   g_items.obj
 0001:0008c6b0       _EWebDisattach             2008d6b0 f   g_items.obj
 0001:0008c730       _EWebPrecache              2008d730 f   g_items.obj
 0001:0008c770       _EWebDie                   2008d770 f   g_items.obj
 0001:0008c8e0       _EWebPain                  2008d8e0 f   g_items.obj
 0001:0008c940       _EWeb_SetBoneAngles        2008d940 f   g_items.obj
 0001:0008cb20       _EWeb_SetBoneAnim          2008db20 f   g_items.obj
 0001:0008cbc0       _EWebFire                  2008dbc0 f   g_items.obj
 0001:0008ce90       _EWebPositionUser          2008de90 f   g_items.obj
 0001:0008d220       _EWebUpdateBoneAngles      2008e220 f   g_items.obj
 0001:0008d360       _EWebThink                 2008e360 f   g_items.obj
 0001:0008d5e0       _EWeb_Create               2008e5e0 f   g_items.obj
 0001:0008dae0       _ItemUse_UseEWeb           2008eae0 f   g_items.obj
 0001:0008dbf0       _Pickup_Powerup            2008ebf0 f   g_items.obj
 0001:0008de90       _Pickup_Holdable           2008ee90 f   g_items.obj
 0001:0008df30       _Add_Ammo                  2008ef30 f   g_items.obj
 0001:0008dfc0       _Pickup_Ammo               2008efc0 f   g_items.obj
 0001:0008e150       _Pickup_Weapon             2008f150 f   g_items.obj
 0001:0008e2f0       _Pickup_Health             2008f2f0 f   g_items.obj
 0001:0008e3f0       _Pickup_Armor              2008f3f0 f   g_items.obj
 0001:0008e4a0       _RespawnItem               2008f4a0 f   g_items.obj
 0001:0008e620       _CheckItemCanBePickedUpByNPC 2008f620 f   g_items.obj
 0001:0008e6d0       _Touch_Item                2008f6d0 f   g_items.obj
 0001:0008eff0       _LaunchItem                2008fff0 f   g_items.obj
 0001:0008f2a0       _Drop_Item                 200902a0 f   g_items.obj
 0001:0008f360       _Use_Item                  20090360 f   g_items.obj
 0001:0008f380       _FinishSpawningItem        20090380 f   g_items.obj
 0001:0008f7f0       _G_CheckTeamItems          200907f0 f   g_items.obj
 0001:0008f890       _ClearRegisteredItems      20090890 f   g_items.obj
 0001:0008f920       _RegisterItem              20090920 f   g_items.obj
 0001:0008f960       _SaveRegisteredItems       20090960 f   g_items.obj
 0001:0008f9e0       _G_ItemDisabled            200909e0 f   g_items.obj
 0001:0008fa20       _G_SpawnItem               20090a20 f   g_items.obj
 0001:0008fb50       _G_BounceItem              20090b50 f   g_items.obj
 0001:0008fe70       _G_RunItem                 20090e70 f   g_items.obj
 0001:00090000       _G_LogWeaponInit           20091000 f   g_log.obj
 0001:00090010       _G_LogWeaponPickup         20091010 f   g_log.obj
 0001:00090020       _G_LogWeaponFire           20091020 f   g_log.obj
 0001:00090030       _G_LogWeaponDamage         20091030 f   g_log.obj
 0001:00090040       _G_LogWeaponKill           20091040 f   g_log.obj
 0001:00090050       _G_LogWeaponFrag           20091050 f   g_log.obj
 0001:00090060       _G_LogWeaponDeath          20091060 f   g_log.obj
 0001:00090070       _G_LogWeaponPowerup        20091070 f   g_log.obj
 0001:00090080       _G_LogWeaponItem           20091080 f   g_log.obj
 0001:00090090       _G_LogWeaponOutput         20091090 f   g_log.obj
 0001:000900a0       _CalculateEfficiency       200910a0 f   g_log.obj
 0001:000900b0       _CalculateSharpshooter     200910b0 f   g_log.obj
 0001:000900c0       _CalculateUntouchable      200910c0 f   g_log.obj
 0001:000900d0       _CalculateLogistics        200910d0 f   g_log.obj
 0001:000900e0       _CalculateTactician        200910e0 f   g_log.obj
 0001:000900f0       _CalculateDemolitionist    200910f0 f   g_log.obj
 0001:00090100       _CalculateStreak           20091100 f   g_log.obj
 0001:00090110       _CalculateTeamMVP          20091110 f   g_log.obj
 0001:000901f0       _CalculateTeamMVPByRank    200911f0 f   g_log.obj
 0001:000902f0       _CalculateTeamDefender     200912f0 f   g_log.obj
 0001:000903d0       _CalculateTeamWarrior      200913d0 f   g_log.obj
 0001:000904b0       _CalculateTeamCarrier      200914b0 f   g_log.obj
 0001:00090590       _CalculateTeamInterceptor  20091590 f   g_log.obj
 0001:00090690       _CalculateTeamRedShirt     20091690 f   g_log.obj
 0001:00090790       _CalculateTeamAward        20091790 f   g_log.obj
 0001:00090850       _CalculateSection31Award   20091850 f   g_log.obj
 0001:00090900       _CalculateAwards           20091900 f   g_log.obj
 0001:00090910       _GetMaxDeathsForClient     20091910 f   g_log.obj
 0001:00090960       _GetMaxKillsForClient      20091960 f   g_log.obj
 0001:000909b0       _GetFavoriteTargetForClient 200919b0 f   g_log.obj
 0001:00090a00       _GetWorstEnemyForClient    20091a00 f   g_log.obj
 0001:00090a50       _GetFavoriteWeaponForClient 20091a50 f   g_log.obj
 0001:00090ae0       _G_ClearClientLog          20091ae0 f   g_log.obj
 0001:00090af0       _vmMain                    20091af0 f   g_main.obj
 0001:00091100       _G_Printf                  20092100 f   g_main.obj
 0001:00091150       _G_Error                   20092150 f   g_main.obj
 0001:000911b0       _G_FindTeams               200921b0 f   g_main.obj
 0001:00091370       _G_RemapTeamShaders        20092370 f   g_main.obj
 0001:00091380       _G_RegisterCvars           20092380 f   g_main.obj
 0001:000914e0       _G_UpdateCvars             200924e0 f   g_main.obj
 0001:000915b0       _G_InitGame                200925b0 f   g_main.obj
 0001:00091a10       _G_ShutdownGame            20092a10 f   g_main.obj
 0001:00091be0       _Com_Error                 20092be0 f   g_main.obj
 0001:00091c30       _Com_Printf                20092c30 f   g_main.obj
 0001:00091c80       _AddTournamentPlayer       20092c80 f   g_main.obj
 0001:00091d90       _RemoveTournamentLoser     20092d90 f   g_main.obj
 0001:00091df0       _G_PowerDuelCount          20092df0 f   g_main.obj
 0001:00091e90       _AddPowerDuelPlayers       20092e90 f   g_main.obj
 0001:00092040       _RemovePowerDuelLosers     20093040 f   g_main.obj
 0001:00092160       _RemoveDuelDrawLoser       20093160 f   g_main.obj
 0001:00092260       _RemoveTournamentWinner    20093260 f   g_main.obj
 0001:000922c0       _AdjustTournamentScores    200932c0 f   g_main.obj
 0001:000924c0       _SortRanks                 200934c0 f   g_main.obj
 0001:00092630       _G_CanResetDuelists        20093630 f   g_main.obj
 0001:000926c0       _G_ResetDuelists           200936c0 f   g_main.obj
 0001:00092790       _CalculateRanks            20093790 f   g_main.obj
 0001:00092d60       _SendScoreboardMessageToAllClients 20093d60 f   g_main.obj
 0001:00092dc0       _MoveClientToIntermission  20093dc0 f   g_main.obj
 0001:00092f10       _FindIntermissionPoint     20093f10 f   g_main.obj
 0001:000930f0       _LoseKarma                 200940f0 f   g_main.obj
 0001:000932d0       _RoundXP                   200942d0 f   g_main.obj
 0001:00094310       _BeginIntermission         20095310 f   g_main.obj
 0001:00094680       _DuelLimitHit              20095680 f   g_main.obj
 0001:000946f0       _ReadLog                   200956f0 f   g_main.obj
 0001:00094820       _DuelResetWinsLosses       20095820 f   g_main.obj
 0001:00094890       _ExitLevel                 20095890 f   g_main.obj
 0001:00094a20       _G_LogPrintf               20095a20 f   g_main.obj
 0001:00094b10       _LogExit                   20095b10 f   g_main.obj
 0001:00094c50       _CheckIntermissionExit     20095c50 f   g_main.obj
 0001:00095430       _ScoreIsTied               20096430 f   g_main.obj
 0001:000954b0       _CheckExitRules            200964b0 f   g_main.obj
 0001:00095a70       _G_RemoveDuelist           20096a70 f   g_main.obj
 0001:00095b00       _CheckTournament           20096b00 f   g_main.obj
 0001:000961b0       _G_KickAllBots             200971b0 f   g_main.obj
 0001:00096260       _CheckVote                 20097260 f   g_main.obj
 0001:00096bd0       _PrintTeam                 20097bd0 f   g_main.obj
 0001:00096c30       _SetLeader                 20097c30 f   g_main.obj
 0001:00096dc0       _CheckTeamLeader           20097dc0 f   g_main.obj
 0001:00096ef0       _CheckTeamVote             20097ef0 f   g_main.obj
 0001:00097070       _CheckCvars                20098070 f   g_main.obj
 0001:00097150       _G_RunThink                20098150 f   g_main.obj
 0001:000971d0       _NAV_CheckCalcPaths        200981d0 f   g_main.obj
 0001:000972b0       _BG_GetTime                200982b0 f   g_main.obj
 0001:000972c0       _G_RunFrame                200982c0 f   g_main.obj
 0001:00097e60       _G_GetStringEdString       20098e60 f   g_main.obj
 0001:00097e90       _G_Alloc                   20098e90 f   g_mem.obj
 0001:00097f20       _G_InitMemory              20098f20 f   g_mem.obj
 0001:00097f30       _Svcmd_GameMem_f           20098f30 f   g_mem.obj
 0001:00097f50       _SP_info_camp              20098f50 f   g_misc.obj
 0001:00097f70       _SP_info_null              20098f70 f   g_misc.obj
 0001:00097f90       _SP_info_notnull           20098f90 f   g_misc.obj
 0001:00097fb0       _misc_dlight_use           20098fb0 f   g_misc.obj
 0001:00098220       _SP_light                  20099220 f   g_misc.obj
 0001:00098320       _TeleportPlayer            20099320 f   g_misc.obj
 0001:00098580       _SP_misc_teleporter_dest   20099580 f   g_misc.obj
 0001:00098590       _SP_misc_model             20099590 f   g_misc.obj
 0001:000985b0       _SP_misc_model_static      200995b0 f   g_misc.obj
 0001:000985d0       _SP_misc_G2model           200995d0 f   g_misc.obj
 0001:000985f0       _locateCamera              200995f0 f   g_misc.obj
 0001:00098760       _SP_misc_portal_surface    20099760 f   g_misc.obj
 0001:00098830       _SP_misc_portal_camera     20099830 f   g_misc.obj
 0001:000988d0       _SP_misc_bsp               200998d0 f   g_misc.obj
 0001:00098b40       _SP_terrain                20099b40 f   g_misc.obj
 0001:00099060       _G_PortalifyEntities       2009a060 f   g_misc.obj
 0001:00099190       _SP_misc_skyportal_orient  2009a190 f   g_misc.obj
 0001:000991b0       _SP_misc_skyportal         2009a1b0 f   g_misc.obj
 0001:000992d0       _HolocronRespawn           2009a2d0 f   g_misc.obj
 0001:000992f0       _HolocronPopOut            2009a2f0 f   g_misc.obj
 0001:000993c0       _HolocronTouch             2009a3c0 f   g_misc.obj
 0001:00099680       _HolocronThink             2009a680 f   g_misc.obj
 0001:00099cd0       _SP_misc_holocron          2009acd0 f   g_misc.obj
 0001:00099fe0       _Use_Shooter               2009afe0 f   g_misc.obj
 0001:0009a1e0       _InitShooter               2009b1e0 f   g_misc.obj
 0001:0009a300       _SP_shooter_blaster        2009b300 f   g_misc.obj
 0001:0009a320       _check_recharge            2009b320 f   g_misc.obj
 0001:0009a450       _EnergyShieldStationSettings 2009b450 f   g_misc.obj
 0001:0009a4b0       _shield_power_converter_use 2009b4b0 f   g_misc.obj
 0001:0009a790       _ammo_generic_power_converter_use 2009b790 f   g_misc.obj
 0001:0009ab30       _SP_misc_ammo_floor_unit   2009bb30 f   g_misc.obj
 0001:0009ae70       _SP_misc_shield_floor_unit 2009be70 f   g_misc.obj
 0001:0009b1e0       _SP_misc_model_shield_power_converter 2009c1e0 f   g_misc.obj
 0001:0009b3a0       _EnergyAmmoStationSettings 2009c3a0 f   g_misc.obj
 0001:0009b3c0       _ammo_power_converter_use  2009c3c0 f   g_misc.obj
 0001:0009b580       _SP_misc_model_ammo_power_converter 2009c580 f   g_misc.obj
 0001:0009b750       _EnergyHealthStationSettings 2009c750 f   g_misc.obj
 0001:0009b770       _health_power_converter_use 2009c770 f   g_misc.obj
 0001:0009b890       _SP_misc_model_health_power_converter 2009c890 f   g_misc.obj
 0001:0009ba70       _fx_runner_think           2009ca70 f   g_misc.obj
 0001:0009bc60       _fx_runner_use             2009cc60 f   g_misc.obj
 0001:0009be80       _fx_runner_link            2009ce80 f   g_misc.obj
 0001:0009c090       _SP_fx_runner              2009d090 f   g_misc.obj
 0001:0009c2d0       _SP_CreateSpaceDust        2009d2d0 f   g_misc.obj
 0001:0009c300       _SP_CreateSnow             2009d300 f   g_misc.obj
 0001:0009c330       _SP_CreateRain             2009d330 f   g_misc.obj
 0001:0009c360       _Use_Target_Screenshake    2009d360 f   g_misc.obj
 0001:0009c3b0       _SP_target_screenshake     2009d3b0 f   g_misc.obj
 0001:0009c420       _Use_Target_Escapetrig     2009d420 f   g_misc.obj
 0001:0009c570       _SP_target_escapetrig      2009d570 f   g_misc.obj
 0001:0009c5e0       _maglock_die               2009d5e0 f   g_misc.obj
 0001:0009c660       _SP_misc_maglock           2009d660 f   g_misc.obj
 0001:0009c6d0       _maglock_link              2009d6d0 f   g_misc.obj
 0001:0009c9b0       _faller_touch              2009d9b0 f   g_misc.obj
 0001:0009cab0       _faller_think              2009dab0 f   g_misc.obj
 0001:0009cbd0       _misc_faller_create        2009dbd0 f   g_misc.obj
 0001:0009cdb0       _misc_faller_think         2009ddb0 f   g_misc.obj
 0001:0009ce00       _SP_misc_faller            2009de00 f   g_misc.obj
 0001:0009cf00       _FirstFreeTagOwner         2009df00 f   g_misc.obj
 0001:0009cf60       _FirstFreeRefTag           2009df60 f   g_misc.obj
 0001:0009cfc0       _TAG_Init                  2009dfc0 f   g_misc.obj
 0001:0009d040       _TAG_FindOwner             2009e040 f   g_misc.obj
 0001:0009d0b0       _TAG_Find                  2009e0b0 f   g_misc.obj
 0001:0009d1f0       _TAG_Add                   2009e1f0 f   g_misc.obj
 0001:0009d390       _TAG_GetOrigin             2009e390 f   g_misc.obj
 0001:0009d400       _TAG_GetOrigin2            2009e400 f   g_misc.obj
 0001:0009d450       _TAG_GetAngles             2009e450 f   g_misc.obj
 0001:0009d4a0       _TAG_GetRadius             2009e4a0 f   g_misc.obj
 0001:0009d4d0       _TAG_GetFlags              2009e4d0 f   g_misc.obj
 0001:0009d500       _ref_link                  2009e500 f   g_misc.obj
 0001:0009d5f0       _SP_reference_tag          2009e5f0 f   g_misc.obj
 0001:0009d630       _G_ClientForShooter        2009e630 f   g_misc.obj
 0001:0009d6b0       _G_FreeClientForShooter    2009e6b0 f   g_misc.obj
 0001:0009d700       _misc_weapon_shooter_fire  2009e700 f   g_misc.obj
 0001:0009d760       _misc_weapon_shooter_use   2009e760 f   g_misc.obj
 0001:0009d790       _misc_weapon_shooter_aim   2009e790 f   g_misc.obj
 0001:0009d8c0       _SP_misc_weapon_shooter    2009e8c0 f   g_misc.obj
 0001:0009da70       _SP_misc_weather_zone      2009ea70 f   g_misc.obj
 0001:0009da90       _G_ReflectMissile          2009ea90 f   g_missile.obj
 0001:0009de60       _G_DeflectMissile          2009ee60 f   g_missile.obj
 0001:0009e070       _G_BounceMissile           2009f070 f   g_missile.obj
 0001:0009e3c0       _G_ExplodeMissile          2009f3c0 f   g_missile.obj
 0001:0009e5e0       _G_RunStuckMissile         2009f5e0 f   g_missile.obj
 0001:0009e6f0       _G_BounceProjectile        2009f6f0 f   g_missile.obj
 0001:0009e7d0       _CreateMissile             2009f7d0 f   g_missile.obj
 0001:0009e910       _G_MissileBounceEffect     2009f910 f   g_missile.obj
 0001:0009ea10       _G_MissileImpact           2009fa10 f   g_missile.obj
 0001:0009fba0       _G_RunMissile              200a0ba0 f   g_missile.obj
 0001:000a01f0       _G_PlayDoorLoopSound       200a11f0 f   g_mover.obj
 0001:000a0250       _G_PlayDoorSound           200a1250 f   g_mover.obj
 0001:000a02a0       _G_TestEntityPosition      200a12a0 f   g_mover.obj
 0001:000a03b0       _G_CreateRotationMatrix    200a13b0 f   g_mover.obj
 0001:000a03f0       _G_TransposeMatrix         200a13f0 f   g_mover.obj
 0001:000a0450       _G_RotatePoint             200a1450 f   g_mover.obj
 0001:000a04f0       _G_TryPushingEntity        200a14f0 f   g_mover.obj
 0001:000a0ad0       _G_MoverPush               200a1ad0 f   g_mover.obj
 0001:000a1140       _G_MoverTeam               200a2140 f   g_mover.obj
 0001:000a13d0       _G_RunMover                200a23d0 f   g_mover.obj
 0001:000a1420       _CalcTeamDoorCenter        200a2420 f   g_mover.obj
 0001:000a1590       _SetMoverState             200a2590 f   g_mover.obj
 0001:000a1820       _MatchTeam                 200a2820 f   g_mover.obj
 0001:000a1860       _ReturnToPos1              200a2860 f   g_mover.obj
 0001:000a18c0       _Reached_BinaryMover       200a28c0 f   g_mover.obj
 0001:000a1a80       _Use_BinaryMover_Go        200a2a80 f   g_mover.obj
 0001:000a1f20       _UnLockDoors               200a2f20 f   g_mover.obj
 0001:000a1f80       _LockDoors                 200a2f80 f   g_mover.obj
 0001:000a1fd0       _Use_BinaryMover           200a2fd0 f   g_mover.obj
 0001:000a20b0       _InitMoverTrData           200a30b0 f   g_mover.obj
 0001:000a21d0       _InitMover                 200a31d0 f   g_mover.obj
 0001:000a23f0       _Blocked_Door              200a33f0 f   g_mover.obj
 0001:000a2450       _Touch_DoorTrigger         200a3450 f   g_mover.obj
 0001:000a2810       _Think_SpawnNewDoorTrigger 200a3810 f   g_mover.obj
 0001:000a2a20       _Think_MatchTeam           200a3a20 f   g_mover.obj
 0001:000a2a50       _G_EntIsDoor               200a3a50 f   g_mover.obj
 0001:000a2ab0       _G_FindDoorTrigger         200a3ab0 f   g_mover.obj
 0001:000a2be0       _G_EntIsUnlockedDoor       200a3be0 f   g_mover.obj
 0001:000a2dc0       _SP_func_door              200a3dc0 f   g_mover.obj
 0001:000a31b0       _Touch_Plat                200a41b0 f   g_mover.obj
 0001:000a3200       _Touch_PlatCenterTrigger   200a4200 f   g_mover.obj
 0001:000a3240       _SpawnPlatTrigger          200a4240 f   g_mover.obj
 0001:000a33e0       _SP_func_plat              200a43e0 f   g_mover.obj
 0001:000a3590       _Touch_Button              200a4590 f   g_mover.obj
 0001:000a35d0       _SP_func_button            200a45d0 f   g_mover.obj
 0001:000a37f0       _Think_BeginMoving         200a47f0 f   g_mover.obj
 0001:000a3830       _Reached_Train             200a4830 f   g_mover.obj
 0001:000a3a40       _Think_SetupTrainTargets   200a4a40 f   g_mover.obj
 0001:000a3b80       _SP_path_corner            200a4b80 f   g_mover.obj
 0001:000a3bc0       _SP_func_train             200a4bc0 f   g_mover.obj
 0001:000a3cd0       _SP_func_static            200a4cd0 f   g_mover.obj
 0001:000a3ec0       _func_static_use           200a4ec0 f   g_mover.obj
 0001:000a3f10       _func_rotating_use         200a4f10 f   g_mover.obj
 0001:000a4010       _SP_func_rotating          200a5010 f   g_mover.obj
 0001:000a42f0       _SP_func_bobbing           200a52f0 f   g_mover.obj
 0001:000a4450       _SP_func_pendulum          200a5450 f   g_mover.obj
 0001:000a45e0       _G_MiscModelExplosion      200a55e0 f   g_mover.obj
 0001:000a46b0       _G_Chunks                  200a56b0 f   g_mover.obj
 0001:000a47b0       _funcBBrushDieGo           200a57b0 f   g_mover.obj
 0001:000a4c10       _funcBBrushDie             200a5c10 f   g_mover.obj
 0001:000a4ca0       _funcBBrushUse             200a5ca0 f   g_mover.obj
 0001:000a4d10       _funcBBrushPain            200a5d10 f   g_mover.obj
 0001:000a5030       _funcBBrushTouch           200a6030 f   g_mover.obj
 0001:000a5040       _SP_func_breakable         200a6040 f   g_mover.obj
 0001:000a55e0       _G_EntIsBreakable          200a65e0 f   g_mover.obj
 0001:000a5690       _GlassDie                  200a6690 f   g_mover.obj
 0001:000a57d0       _GlassDie_Old              200a67d0 f   g_mover.obj
 0001:000a58d0       _GlassPain                 200a68d0 f   g_mover.obj
 0001:000a58e0       _GlassUse                  200a68e0 f   g_mover.obj
 0001:000a5a80       _SP_func_glass             200a6a80 f   g_mover.obj
 0001:000a5bc0       _func_wait_return_solid    200a6bc0 f   g_mover.obj
 0001:000a5d10       _func_usable_think         200a6d10 f   g_mover.obj
 0001:000a5d60       _G_EntIsRemovableUsable    200a6d60 f   g_mover.obj
 0001:000a5dd0       _func_usable_use           200a6dd0 f   g_mover.obj
 0001:000a5fd0       _func_usable_pain          200a6fd0 f   g_mover.obj
 0001:000a5ff0       _func_usable_die           200a6ff0 f   g_mover.obj
 0001:000a6020       _SP_func_usable            200a7020 f   g_mover.obj
 0001:000a6240       _use_wall                  200a7240 f   g_mover.obj
 0001:000a6310       _SP_func_wall              200a7310 f   g_mover.obj
 0001:000a6440       _G_Line                    200a7440 f   g_nav.obj
 0001:000a6450       _G_Cube                    200a7450 f   g_nav.obj
 0001:000a6460       _G_CubeOutline             200a7460 f   g_nav.obj
 0001:000a6470       _G_DrawEdge                200a7470 f   g_nav.obj
 0001:000a6480       _G_DrawNode                200a7480 f   g_nav.obj
 0001:000a6490       _G_DrawCombatPoint         200a7490 f   g_nav.obj
 0001:000a64a0       _TAG_ShowTags              200a74a0 f   g_nav.obj
 0001:000a64b0       _FlyingCreature            200a74b0 f   g_nav.obj
 0001:000a64e0       _NPC_Blocked               200a74e0 f   g_nav.obj
 0001:000a65d0       _NPC_SetMoveGoal           200a75d0 f   g_nav.obj
 0001:000a6880       _NAV_HitNavGoal            200a7880 f   g_nav.obj
 0001:000a6af0       _NAV_ClearPathToPoint      200a7af0 f   g_nav.obj
 0001:000a70d0       _NAV_FindClosestWaypointForEnt 200a80d0 f   g_nav.obj
 0001:000a7100       _NAV_FindClosestWaypointForPoint 200a8100 f   g_nav.obj
 0001:000a71f0       _NAV_FindClosestWaypointForPoint2 200a81f0 f   g_nav.obj
 0001:000a72c0       _NAV_ClearBlockedInfo      200a82c0 f   g_nav.obj
 0001:000a7300       _NAV_SetBlockedInfo        200a8300 f   g_nav.obj
 0001:000a7340       _NAV_Steer                 200a8340 f   g_nav.obj
 0001:000a74f0       _NAV_CheckAhead            200a84f0 f   g_nav.obj
 0001:000a77a0       _NAV_Bypass                200a87a0 f   g_nav.obj
 0001:000a7c20       _NAV_MoveBlocker           200a8c20 f   g_nav.obj
 0001:000a7cc0       _NAV_ResolveBlock          200a8cc0 f   g_nav.obj
 0001:000a7d10       _NAV_TrueCollision         200a8d10 f   g_nav.obj
 0001:000a7ee0       _NAV_StackedCanyon         200a8ee0 f   g_nav.obj
 0001:000a8300       _NAV_ResolveEntityCollision 200a9300 f   g_nav.obj
 0001:000a8430       _NAV_TestForBlocked        200a9430 f   g_nav.obj
 0001:000a84d0       _NAV_AvoidCollision        200a94d0 f   g_nav.obj
 0001:000a86a0       _NAV_TestBestNode          200a96a0 f   g_nav.obj
 0001:000a8a00       _NAV_GetNearestNode        200a9a00 f   g_nav.obj
 0001:000a8a20       _NAV_MicroError            200a9a20 f   g_nav.obj
 0001:000a8a70       _NAV_MoveToGoal            200a9a70 f   g_nav.obj
 0001:000a8e10       _waypoint_testDirection    200a9e10 f   g_nav.obj
 0001:000a8f10       _waypoint_getRadius        200a9f10 f   g_nav.obj
[...]
 0001:000b9090       _VectorCompare             200ba090 f   g_trigger.obj
 0001:000ba870       _VectorLengthSquared       200bb870 f   g_trigger.obj
 0001:000bbee0       _Distance                  200bcee0 f   g_trigger.obj
 0001:000bbf30       _VectorLength              200bcf30 f   g_trigger.obj
 0001:000bcce0       _turret_fire               200bdce0 f   g_turret.obj
 0001:000bcf80       _SnapVector                200bdf80 f   g_turret.obj
 0001:000bd350       _VectorLengthSquared       200be350 f   g_turret.obj
 0001:000bd380       _turret_aim                200be380 f   g_turret.obj
 0001:000bd870       _turret_turnoff            200be870 f   g_turret.obj
 0001:000bd910       _turret_sleep              200be910 f   g_turret.obj
 0001:000bd950       _turret_find_enemies       200be950 f   g_turret.obj
 0001:000bee00       _BG_GiveMeVectorFromMatrix 200bfe00 f   g_turret_G2.obj
 0001:000bef60       _turretG2_fire             200bff60 f   g_turret_G2.obj
 0001:000bf300       _SnapVector                200c0300 f   g_turret_G2.obj
 0001:000bf790       _VectorLengthSquared       200c0790 f   g_turret_G2.obj
 0001:000bf7c0       _turretG2_aim              200c07c0 f   g_turret_G2.obj
 0001:000bfe00       _turretG2_turnoff          200c0e00 f   g_turret_G2.obj
 0001:000bfe80       _turretG2_find_enemies     200c0e80 f   g_turret_G2.obj
 0001:000c0e10       _G_FindConfigstringIndex   200c1e10 f   g_utils.obj
 0001:000c12c0       _VectorLength              200c22c0 f   g_utils.obj
 0001:000c1b10       _VectorCompare             200c2b10 f   g_utils.obj
 0001:000c2180       _SnapVector                200c3180 f   g_utils.obj
 0001:000c3f70       _CrossProduct              200c4f70 f   g_utils.obj
 0001:000c4950       _Distance                  200c5950 f   g_utils.obj
 0001:000c5400       _BG_GiveMeVectorFromMatrix 200c6400 f   g_vehicles.obj
 0001:000c7860       _StartDeathDelay           200c8860 f   g_vehicles.obj
 0001:000c78f0       _DeathUpdate               200c88f0 f   g_vehicles.obj
 0001:000c7ca0       _Update                    200c8ca0 f   g_vehicles.obj
 0001:000c8c20       _VectorLength              200c9c20 f   g_vehicles.obj
 0001:000c8c60       _UpdateRider               200c9c60 f   g_vehicles.obj
 0001:000c9330       _AttachRiders              200ca330 f   g_vehicles.obj
 0001:000c96e0       _Ghost                     200ca6e0 f   g_vehicles.obj
 0001:000c9760       _UnGhost                   200ca760 f   g_vehicles.obj
 0001:000ca410       _VectorLengthSquared       200cb410 f   g_vehicleTurret.obj
 0001:000ca440       _VEH_TurretFindEnemies     200cb440 f   g_vehicleTurret.obj
 0001:000cc560       _VectorLength              200cd560 f   g_weapon.obj
 0001:000cce90       _SnapVector                200cde90 f   g_weapon.obj
 0001:000ccf10       _Distance                  200cdf10 f   g_weapon.obj
 0001:000ccf60       _CrossProduct              200cdf60 f   g_weapon.obj
 0001:000cdab0       _DistanceSquared           200ceab0 f   g_weapon.obj
 0001:000d0740       _BG_GiveMeVectorFromMatrix 200d1740 f   g_weapon.obj
 0001:000d0f80       _WP_TraceSetStart          200d1f80 f   g_weapon.obj
 0001:000d2ad0       _WP_FireBryarPistol        200d3ad0 f   g_weapon.obj
 0001:000d2c70       _WP_FireBlaster            200d3c70 f   g_weapon.obj
 0001:000d2d20       _WP_FireDisruptor          200d3d20 f   g_weapon.obj
 0001:000d2da0       _WP_DisruptorMainFire      200d3da0 f   g_weapon.obj
 0001:000d32e0       _WP_FireBowcaster          200d42e0 f   g_weapon.obj
 0001:000d3310       _WP_BowcasterAltFire       200d4310 f   g_weapon.obj
 0001:000d3430       _WP_FireRepeater           200d4430 f   g_weapon.obj
 0001:000d34e0       _WP_RepeaterMainFire       200d44e0 f   g_weapon.obj
 0001:000d3570       _WP_FireDEMP2              200d4570 f   g_weapon.obj
 0001:000d35a0       _WP_DEMP2_MainFire         200d45a0 f   g_weapon.obj
 0001:000d36a0       _WP_DEMP2_AltFire          200d46a0 f   g_weapon.obj
 0001:000d38a0       _WP_FireFlechette          200d48a0 f   g_weapon.obj
 0001:000d38d0       _WP_FlechetteMainFire      200d48d0 f   g_weapon.obj
 0001:000d3a90       _WP_FlechetteAltFire       200d4a90 f   g_weapon.obj
 0001:000d3b90       _WP_CreateFlechetteBouncyThing 200d4b90 f   g_weapon.obj
 0001:000d3d80       _WP_FireRocket             200d4d80 f   g_weapon.obj
 0001:000d40b0       _WP_FireConcussionAlt      200d50b0 f   g_weapon.obj
 0001:000d4840       _WP_FireConcussion         200d5840 f   g_weapon.obj
 0001:000d4fe0       _WP_FireEmplaced           200d5fe0 f   g_weapon.obj
 0001:000d6610       _VectorCompare             200d7610 f   NPC.obj
 0001:000d6c50       _VectorLengthSquared       200d7c50 f   NPC.obj
 0001:000d8480       _DeadThink                 200d9480 f   NPC.obj
 0001:000d89a0       _NPC_RemoveBodyEffect      200d99a0 f   NPC.obj
 0001:000d9540       _VectorLength              200da540 f   NPC_AI_Default.obj
 0001:000dbb50       _GM_CreateExplosion        200dcb50 f   NPC_AI_GalakMech.obj
 0001:000dbc10       _BG_GiveMeVectorFromMatrix 200dcc10 f   NPC_AI_GalakMech.obj
 0001:000ddd90       _VectorCompare             200ded90 f   NPC_AI_GalakMech.obj
 0001:000ddde0       _DistanceSquared           200dede0 f   NPC_AI_GalakMech.obj
 0001:000dde30       _GM_Move                   200dee30 f   NPC_AI_GalakMech.obj
 0001:000ddeb0       _GM_HoldPosition           200deeb0 f   NPC_AI_GalakMech.obj
 0001:000ddef0       _GM_CheckMoveState         200deef0 f   NPC_AI_GalakMech.obj
 0001:000ddff0       _GM_CheckFireState         200deff0 f   NPC_AI_GalakMech.obj
 0001:000df2e0       _Grenadier_Move            200e02e0 f   NPC_AI_Grenadier.obj
 0001:000df4b0       _Grenadier_HoldPosition    200e04b0 f   NPC_AI_Grenadier.obj
 0001:000df4e0       _DistanceSquared           200e04e0 f   NPC_AI_Grenadier.obj
 0001:000df530       _Grenadier_CheckMoveState  200e0530 f   NPC_AI_Grenadier.obj
 0001:000df820       _Grenadier_CheckFireState  200e0820 f   NPC_AI_Grenadier.obj
 0001:000df880       _VectorCompare             200e0880 f   NPC_AI_Grenadier.obj
 0001:000dfba0       _VectorLengthSquared       200e0ba0 f   NPC_AI_Howler.obj
 0001:000e0870       _BG_GiveMeVectorFromMatrix 200e1870 f   NPC_AI_ImperialProbe.obj
 0001:000e2770       _VectorLengthSquared       200e3770 f   NPC_AI_Jedi.obj
 0001:000e2d90       _BG_GiveMeVectorFromMatrix 200e3d90 f   NPC_AI_Jedi.obj
 0001:000e3b30       _VectorCompare             200e4b30 f   NPC_AI_Jedi.obj
 0001:000e3b80       _DistanceSquared           200e4b80 f   NPC_AI_Jedi.obj
 0001:000e3ec0       _Jedi_Aggression           200e4ec0 f   NPC_AI_Jedi.obj
 0001:000e72c0       _Jedi_AdjustSaberAnimLevel 200e82c0 f   NPC_AI_Jedi.obj
 0001:000e7c30       _Jedi_AggressionErosion    200e8c30 f   NPC_AI_Jedi.obj
 0001:000e7cd0       _Jedi_TryJump              200e8cd0 f   NPC_AI_Jedi.obj
 0001:000e8240       _Jedi_Jump                 200e9240 f   NPC_AI_Jedi.obj
 0001:000e8c40       _Jedi_Jumping              200e9c40 f   NPC_AI_Jedi.obj
 0001:000e8ef0       _Jedi_Patrol               200e9ef0 f   NPC_AI_Jedi.obj
 0001:000e94c0       _Jedi_Attack               200ea4c0 f   NPC_AI_Jedi.obj
 0001:000ea220       _Jedi_Move                 200eb220 f   NPC_AI_Jedi.obj
 0001:000ea320       _Jedi_HoldPosition         200eb320 f   NPC_AI_Jedi.obj
 0001:000ea340       _Jedi_CheckDecreaseSaberAnimLevel 200eb340 f   NPC_AI_Jedi.obj
 0001:000ea400       _Jedi_EvasionSaber         200eb400 f   NPC_AI_Jedi.obj
 0001:000eaf40       _Jedi_Strafe               200ebf40 f   NPC_AI_Jedi.obj
 0001:000eb130       _Jedi_SaberBlock           200ec130 f   NPC_AI_Jedi.obj
 0001:000ebc70       _VectorLength              200ecc70 f   NPC_AI_Jedi.obj
 0001:000ebcb0       _Jedi_SetEnemyInfo         200eccb0 f   NPC_AI_Jedi.obj
 0001:000ebf50       _Jedi_FaceEnemy            200ecf50 f   NPC_AI_Jedi.obj
 0001:000ec2d0       _Distance                  200ed2d0 f   NPC_AI_Jedi.obj
 0001:000ec320       _Jedi_Combat               200ed320 f   NPC_AI_Jedi.obj
 0001:000ec890       _Jedi_ClearPathToSpot      200ed890 f   NPC_AI_Jedi.obj
 0001:000ecad0       _Jedi_Hunt                 200edad0 f   NPC_AI_Jedi.obj
 0001:000ecb70       _Jedi_CombatDistance       200edb70 f   NPC_AI_Jedi.obj
 0001:000edfd0       _Jedi_Rage                 200eefd0 f   NPC_AI_Jedi.obj
 0001:000ee0d0       _Jedi_Retreat              200ef0d0 f   NPC_AI_Jedi.obj
 0001:000ee110       _Jedi_Advance              200ef110 f   NPC_AI_Jedi.obj
 0001:000ee150       _Jedi_TimersApply          200ef150 f   NPC_AI_Jedi.obj
 0001:000ee340       _Jedi_DebounceDirectionChanges 200ef340 f   NPC_AI_Jedi.obj
 0001:000ee9d0       _Jedi_CombatTimersUpdate   200ef9d0 f   NPC_AI_Jedi.obj
 0001:000ef150       _Jedi_CombatIdle           200f0150 f   NPC_AI_Jedi.obj
 0001:000ef390       _Jedi_BattleTaunt          200f0390 f   NPC_AI_Jedi.obj
 0001:000ef530       _Jedi_AttackDecide         200f0530 f   NPC_AI_Jedi.obj
 0001:000efa20       _Jedi_CheckEnemyMovement   200f0a20 f   NPC_AI_Jedi.obj
 0001:000f0230       _Jedi_CheckJumps           200f1230 f   NPC_AI_Jedi.obj
 0001:000f0d90       _BG_GiveMeVectorFromMatrix 200f1d90 f   NPC_AI_Mark1.obj
 0001:000f2480       _BG_GiveMeVectorFromMatrix 200f3480 f   NPC_AI_Mark2.obj
 0001:000f2d20       _VectorLengthSquared       200f3d20 f   NPC_AI_MineMonster.obj
 0001:000f3b20       _DistanceSquared           200f4b20 f   NPC_AI_Rancor.obj
 0001:000f4ce0       _Distance                  200f5ce0 f   NPC_AI_Rancor.obj
 0001:000f4d30       _VectorLength              200f5d30 f   NPC_AI_Rancor.obj
 0001:000f8350       _BG_GiveMeVectorFromMatrix 200f9350 f   NPC_AI_Sentry.obj
 0001:000fa140       _Sniper_Move               200fb140 f   NPC_AI_Sniper.obj
 0001:000fa2f0       _Sniper_HoldPosition       200fb2f0 f   NPC_AI_Sniper.obj
 0001:000fa320       _DistanceSquared           200fb320 f   NPC_AI_Sniper.obj
 0001:000fa370       _Sniper_CheckMoveState     200fb370 f   NPC_AI_Sniper.obj
 0001:000fa670       _Sniper_ResolveBlockedShot 200fb670 f   NPC_AI_Sniper.obj
 0001:000fa830       _Sniper_CheckFireState     200fb830 f   NPC_AI_Sniper.obj
 0001:000fa9b0       _VectorCompare             200fb9b0 f   NPC_AI_Sniper.obj
 0001:000fac80       _ST_Speech                 200fbc80 f   NPC_AI_Stormtrooper.obj
 0001:000fb320       _NPC_ST_SleepShuffle       200fc320 f   NPC_AI_Stormtrooper.obj
 0001:000fbb70       _VectorLength              200fcb70 f   NPC_AI_Stormtrooper.obj
 0001:000fbbb0       _Distance                  200fcbb0 f   NPC_AI_Stormtrooper.obj
 0001:000fbc00       _DistanceSquared           200fcc00 f   NPC_AI_Stormtrooper.obj
 0001:000fbf80       _NPC_ST_InvestigateEvent   200fcf80 f   NPC_AI_Stormtrooper.obj
 0001:000fc640       _ST_LookAround             200fd640 f   NPC_AI_Stormtrooper.obj
 0001:000fc710       _ST_OffsetLook             200fd710 f   NPC_AI_Stormtrooper.obj
 0001:000ff160       _ST_Move                   20100160 f   NPC_AI_Stormtrooper.obj
 0001:000ff2b0       _ST_HoldPosition           201002b0 f   NPC_AI_Stormtrooper.obj
 0001:000ff360       _ST_CheckMoveState         20100360 f   NPC_AI_Stormtrooper.obj
 0001:000ff7a0       _ST_CheckFireState         201007a0 f   NPC_AI_Stormtrooper.obj
 0001:000ffb80       _VectorCompare             20100b80 f   NPC_AI_Stormtrooper.obj
 0001:000fff40       _DistanceSquared           20100f40 f   NPC_AI_Utils.obj
 0001:00102580       _DistanceSquared           20103580 f   NPC_AI_Wampa.obj
 0001:00102c80       _Distance                  20103c80 f   NPC_AI_Wampa.obj
 0001:00102cd0       _VectorLength              20103cd0 f   NPC_AI_Wampa.obj
 0001:00103bb0       _VectorLength              20104bb0 f   NPC_behavior.obj
 0001:00104ab0       _VectorCompare             20105ab0 f   NPC_behavior.obj
 0001:00105890       _VectorLengthSquared       20106890 f   NPC_behavior.obj
 0001:00106200       _DistanceSquared           20107200 f   NPC_behavior.obj
 0001:00108580       _VectorLength              20109580 f   NPC_combat.obj
 0001:00108ae0       _VectorLengthSquared       20109ae0 f   NPC_combat.obj
 0001:001096c0       _DistanceSquared           2010a6c0 f   NPC_combat.obj
 0001:0010adf0       _NPC_CollectCombatPoints   2010bdf0 f   NPC_combat.obj
 0001:0010bc00       _Distance                  2010cc00 f   NPC_move.obj
 0001:0010bc50       _VectorLength              2010cc50 f   NPC_move.obj
 0001:0010bec0       _NPC_LadderMove            2010cec0 f   NPC_move.obj
 0001:0010d180       _NPC_CheckAttacker         2010e180 f   NPC_reactions.obj
 0001:0010e550       _VectorCompare             2010f550 f   NPC_senses.obj
 0001:0010e630       _VectorLengthSquared       2010f630 f   NPC_senses.obj
 0001:0010e940       _G_CheckSoundEvents        2010f940 f   NPC_senses.obj
 0001:0010ead0       _DistanceSquared           2010fad0 f   NPC_senses.obj
 0001:0010eb20       _G_CheckSightEvents        2010fb20 f   NPC_senses.obj
 0001:00112b30       _DistanceSquared           20113b30 f   NPC_spawn.obj
 0001:0011cba0       _TranslateRankName         2011dba0 f   NPC_stats.obj
 0001:0011d410       _VectorCompare             2011e410 f   NPC_utils.obj
 0001:0011d460       _VectorLengthSquared       2011e460 f   NPC_utils.obj
 0001:0011e600       _DistanceSquared           2011f600 f   NPC_utils.obj
 0001:0011e9f0       _NPC_CheckPlayerDistance   2011f9f0 f   NPC_utils.obj
 0001:0011f130       _BG_GiveMeVectorFromMatrix 20120130 f   NPC_utils.obj
 0001:0011f2e0       _Distance                  201202e0 f   NPC_utils.obj
 0001:0011f330       _VectorLength              20120330 f   NPC_utils.obj
 0001:0011f810       _CrossProduct              20120810 f   q_math.obj
 0001:00120570       _VectorLength              20121570 f   q_math.obj
 0001:00121430       _VectorLengthSquared       20122430 f   q_math.obj
 0001:00121670       _Distance                  20122670 f   q_math.obj
 0001:00123a80       _ProcessMoveCommands       20124a80 f   SpeederNPC.obj
 0001:00124060       _BG_GiveMeVectorFromMatrix 20125060 f   SpeederNPC.obj
 0001:001282f0       _VectorLength              201292f0 f   w_force.obj
 0001:0012dcf0       _VectorCompare             2012ecf0 f   w_force.obj
 0001:0012dd40       _Distance                  2012ed40 f   w_force.obj
 0001:00131640       _WP_ForcePowerRun          20132640 f   w_force.obj
 0001:00131e00       _WP_UpdateMindtrickEnts    20132e00 f   w_force.obj
 0001:00132010       _RemoveTrickedEnt          20133010 f   w_force.obj
 0001:00132d10       _SetSaberBoxSize           20133d10 f   w_saber.obj
 0001:00134b20       _DistanceSquared           20135b20 f   w_saber.obj
 0001:00134b70       _WP_SabersCheckLock2       20135b70 f   w_saber.obj
 0001:00136a10       _VectorCompare             20137a10 f   w_saber.obj
 0001:00138020       _CheckSaberDamage          20139020 f   w_saber.obj
 0001:0013bbb0       _G_SaberAttackPower        2013cbb0 f   w_saber.obj
 0001:0013bdd0       _VectorLength              2013cdd0 f   w_saber.obj
 0001:0013be10       _Distance                  2013ce10 f   w_saber.obj
 0001:0013be60       _SaberAttacking            2013ce60 f   w_saber.obj
 0001:0013bf80       _G_GetParryForBlock        2013cf80 f   w_saber.obj
 0001:0013c020       _WP_GetSaberDeflectionAngle 2013d020 f   w_saber.obj
 0001:0013c8b0       _G_GetAttackDamage         2013d8b0 f   w_saber.obj
 0001:0013ca60       _G_GetAnimPoint            2013da60 f   w_saber.obj
 0001:0013cb80       _G_ClientIdleInWorld       2013db80 f   w_saber.obj
 0001:0013cc80       _G_G2TraceCollide          2013dc80 f   w_saber.obj
 0001:0013d000       _G_SaberInBackAttack       2013e000 f   w_saber.obj
 0001:0013d030       _G_SaberCollide            2013e030 f   w_saber.obj
 0001:0013d290       _G_BuildSaberFaces         2013e290 f   w_saber.obj
 0001:0013e300       _VectorInverse             2013f300 f   w_saber.obj
 0001:0013e330       _G_SaberFaceCollisionCheck 2013f330 f   w_saber.obj
 0001:0013e820       _G_SabCol_CalcPlaneEq      2013f820 f   w_saber.obj
 0001:0013e950       _G_SabCol_PointRelativeToPlane 2013f950 f   w_saber.obj
 0001:0013e9c0       _G_PowerLevelForSaberAnim  2013f9c0 f   w_saber.obj
 0001:00140aa0       _saberMoveBack             20141aa0 f   w_saber.obj
 0001:00140d10       _CheckThrownSaberDamaged   20141d10 f   w_saber.obj
 0001:00143210       _saberCheckRadiusDamage    20144210 f   w_saber.obj
 0001:001455e0       _G_KickTrace               201465e0 f   w_saber.obj
 0001:001459e0       _G_TossTheMofo             201469e0 f   w_saber.obj
 0001:00145b20       _G_KickDownable            20146b20 f   w_saber.obj
 0001:001461d0       _BG_GiveMeVectorFromMatrix 201471d0 f   w_saber.obj
 0001:00146330       _G_PrettyCloseIGuess       20147330 f   w_saber.obj
 0001:0014a0d0       _G_G2PlayerAngles          2014b0d0 f   w_saber.obj
 0001:0014a8a0       _G_G2NPCAngles             2014b8a0 f   w_saber.obj
 0001:0014ac60       _G_CheckLookTarget         2014bc60 f   w_saber.obj
 0001:0014bc30       _RegisterAssets            2014cc30 f   WalkerNPC.obj
 0001:0014bc60       _Board                     2014cc60 f   WalkerNPC.obj
 0001:0014bca0       _ProcessMoveCommands       2014cca0 f   WalkerNPC.obj
 0001:0014bfa0       _ProcessOrientCommands     2014cfa0 f   WalkerNPC.obj
 0001:0014c130       _VectorLength              2014d130 f   WalkerNPC.obj
 0001:0014c170       _AnimateVehicle            2014d170 f   WalkerNPC.obj
 0001:0014c770       _$$$00001                  2014d770 f   LIBC:strchr.obj
 0001:0014d43f       _$$$00002                  2014e43f f   LIBC:pow.obj
 0001:0014d720       _shortsort                 2014e720 f   LIBC:qsort.obj
 0001:0014db04       _$$$00003                  2014eb04 f   LIBC:87fmod.obj
 0001:0014e321       __shift                    2014f321 f   LIBC:cvt.obj
 0001:0014e783       _$$$00003                  2014f783 f   LIBC:87disp.obj
 0001:0014f859       __hextodec                 20150859 f   LIBC:input.obj
 0001:0014f88b       __inc                      2015088b f   LIBC:input.obj
 0001:00150710       _$$$00001                  20151710 f   LIBC:87triga.obj
 0001:00151546       _has_osfxsr_set            20152546 f   LIBC:cpu_disp.obj
 0001:00152700       _$$$00001                  20153700 f   LIBC:87tran.obj
 0001:00152c5e       _write_char                20153c5e f   LIBC:output.obj
 0001:00152c91       _write_multi_char          20153c91 f   LIBC:output.obj
 0001:00152cb5       _write_string              20153cb5 f   LIBC:output.obj
 0001:00154315       _doexit                    20155315 f   LIBC:crt0dat.obj
 0001:0015468b       _parse_cmdline             2015568b f   LIBC:stdargv.obj
 0001:00154d45       $$$00003                   20155d45 f   LIBC:exsup3.obj
 0001:00155441       __abstract_cw              20156441 f   LIBC:ieee87.obj
 0001:001554d3       __hw_cw                    201564d3 f   LIBC:ieee87.obj
 0001:0015585b       _CPtoLCID                  2015685b f   LIBC:mbctype.obj
 0001:0015588a       _setSBCS                   2015688a f   LIBC:mbctype.obj
 0001:001558b3       _setSBUpLow                201568b3 f   LIBC:mbctype.obj
 0001:001560ca       _report_failure            201570ca f   LIBC:secchk.obj
 0001:00156cc4       $$$00001                   20157cc4 f   LIBC:exsup.obj
 0001:00156ce4       $$$00003                   20157ce4 f   LIBC:exsup.obj
 0001:00156ce4       __unwind_handler           20157ce4 f   LIBC:exsup.obj
 0001:00156d06       $$$00005                   20157d06 f   LIBC:exsup.obj
 0001:00156d6e       $$$00007                   20157d6e f   LIBC:exsup.obj
 0001:00156db2       $$$00011                   20157db2 f   LIBC:exsup.obj
 0001:00157e8d       _flsall                    20158e8d f   LIBC:fflush.obj
