 cgamex86

 Timestamp is 4b2ef39e (Sun Dec 20 23:03:42 2009)

 Preferred load address is 30000000

 Start         Length     Name                   Class
 0001:00000000 000af291H .textbss                DATA
 0002:00000000 001649f6H .text                   CODE
 0002:00164a00 0000112fH .text$x                 CODE
 0003:00000000 00000104H .CRT$XCA                DATA
 0003:00000104 00000104H .CRT$XCZ                DATA
 0003:00000208 00000104H .CRT$XIA                DATA
 0003:0000030c 00000118H .CRT$XIC                DATA
 0003:00000424 00000104H .CRT$XIZ                DATA
 0003:00000528 00000104H .CRT$XPA                DATA
 0003:0000062c 00000109H .CRT$XPX                DATA
 0003:00000738 00000104H .CRT$XPXA               DATA
 0003:0000083c 00000104H .CRT$XPZ                DATA
 0003:00000940 00000104H .CRT$XTA                DATA
 0003:00000a44 00000104H .CRT$XTZ                DATA
 0003:00000b50 000365f2H .rdata                  DATA
 0003:00037144 00000163H .rdata$debug            DATA
 0003:000372a8 0000032fH .rdata$r                DATA
 0003:000375d8 00000104H .rtc$IAA                DATA
 0003:000376dc 000001f0H .rtc$IMZ                DATA
 0003:000378cc 00000104H .rtc$IZZ                DATA
 0003:000379d0 00000104H .rtc$TAA                DATA
 0003:00037ad4 000001f0H .rtc$TMZ                DATA
 0003:00037cc4 00000104H .rtc$TZZ                DATA
 0003:00037dc8 00000e62H .xdata$x                DATA
 0003:00038c30 0000016aH .edata                  DATA
 0004:00000000 0000e870H .data                   DATA
 0004:0000e880 00cf8414H .bss                    DATA
 0005:00000000 00000014H .idata$2                DATA
 0005:00000014 00000014H .idata$3                DATA
 0005:00000028 000001b4H .idata$4                DATA
 0005:000001dc 000001b4H .idata$5                DATA
 0005:00000390 0000078eH .idata$6                DATA
 0006:00000000 00000169H .rsrc$01                DATA
 0006:00000170 000002e9H .rsrc$02                DATA

  Address         Publics by Value              Rva+Base       Lib:Object

 0000:00000000       ___safe_se_handler_table   00000000     <absolute>
 0000:00000000       __except_list              00000000     <absolute>
 0000:00000000       ___safe_se_handler_count   00000000     <absolute>
 0000:00000000       ___ImageBase               30000000     <linker-defined>
 0001:00000000       __enc$textbss$begin        30001000     <linker-defined>
 0001:000af291       __enc$textbss$end          300b0291     <linker-defined>
 0002:00006360       _AnimalProcessOri          300b7360 f   AnimalNPC.obj
 0002:000065b0       _G_SetAnimalVehicleFunctions 300b75b0 f   AnimalNPC.obj
 0002:00006a70       _G_CreateAnimalNPC         300b7a70 f   AnimalNPC.obj
 0002:00006b20       _PM_irand_timesync         300b7b20 f   bg_c_saber.obj
 0002:00006bf0       _BG_ForcePowerDrain        300b7bf0 f   bg_c_saber.obj
 0002:00006df0       _BG_EnoughForcePowerForMove 300b7df0 f   bg_c_saber.obj
 0002:00006e60       _PM_AttackMoveForQuad      300b7e60 f   bg_c_saber.obj
 0002:00006f30       _PM_SaberAnimTransitionAnim 300b7f30 f   bg_c_saber.obj
 0002:00007250       _PM_CheckStabDown          300b8250 f   bg_c_saber.obj
 0002:00007640       _PM_SaberMoveQuadrantForMovement 300b8640 f   bg_c_saber.obj
 0002:00007740       _PM_SaberInBounce          300b8740 f   bg_c_saber.obj
 0002:000077b0       _PM_SaberAttackChainAngle  300b87b0 f   bg_c_saber.obj
 0002:00007820       _PM_SaberKataDone          300b8820 f   bg_c_saber.obj
 0002:00007b30       _PM_SetAnimFrame           300b8b30 f   bg_c_saber.obj
 0002:00007b70       _PM_SaberLockWinAnim       300b8b70 f   bg_c_saber.obj
 0002:00007df0       _PM_SaberLockLoseAnim      300b8df0 f   bg_c_saber.obj
 0002:00008080       _PM_SaberLockResultAnim    300b9080 f   bg_c_saber.obj
 0002:00008260       _PM_SaberLockBreak         300b9260 f   bg_c_saber.obj
 0002:00008890       _BG_CheckIncrementLockAnim 300b9890 f   bg_c_saber.obj
 0002:000089e0       _PM_SaberLocked            300b99e0 f   bg_c_saber.obj
 0002:00009170       _PM_SaberInBrokenParry     300ba170 f   bg_c_saber.obj
 0002:000091e0       _PM_BrokenParryForParry    300ba1e0 f   bg_c_saber.obj
 0002:00009380       _PM_CanBackstab            300ba380 f   bg_c_saber.obj
 0002:00009660       _PM_SaberFlipOverAttackMove 300ba660 f   bg_c_saber.obj
 0002:00009930       _PM_SaberBackflipAttackMove 300ba930 f   bg_c_saber.obj
 0002:00009a80       _PM_SaberDualJumpAttackMove 300baa80 f   bg_c_saber.obj
 0002:00009ac0       _PM_SomeoneInFront         300baac0 f   bg_c_saber.obj
 0002:00009d70       _PM_SaberLungeAttackMove   300bad70 f   bg_c_saber.obj
 0002:0000a050       _PM_SaberJumpAttackMove2   300bb050 f   bg_c_saber.obj
 0002:0000a1b0       _PM_SaberJumpAttackMove    300bb1b0 f   bg_c_saber.obj
 0002:0000a480       _PM_GroundDistance         300bb480 f   bg_c_saber.obj
 0002:0000a6b0       _PM_WalkableGroundDistance 300bb6b0 f   bg_c_saber.obj
 0002:0000a870       _PM_CheckPullAttack        300bb870 f   bg_c_saber.obj
 0002:0000a8a0       _PM_InSecondaryStyle       300bb8a0 f   bg_c_saber.obj
 0002:0000a930       _PM_SaberAttackForMovement 300bb930 f   bg_c_saber.obj
 0002:0000beb0       _PM_KickMoveForConditions  300bceb0 f   bg_c_saber.obj
 0002:0000c070       _PM_SaberMoveOkayForKata   300bd070 f   bg_c_saber.obj
 0002:0000c0f0       _PM_CanDoKata              300bd0f0 f   bg_c_saber.obj
 0002:0000c340       _PM_CheckAltKickAttack     300bd340 f   bg_c_saber.obj
 0002:0000c470       _PM_SaberPowerCheck        300bd470 f   bg_c_saber.obj
 0002:0000c530       _PM_CanDoRollStab          300bd530 f   bg_c_saber.obj
 0002:0000c630       _PM_WeaponLightsaber       300bd630 f   bg_c_saber.obj
 0002:0000e750       _PM_SetSaberMove           300bf750 f   bg_c_saber.obj
 0002:0000f320       _BG_MySaber                300c0320 f   bg_c_saber.obj
 0002:0000f420       _BG_AttachToRancor         300c0420 f   bg_g2_utils.obj
 0002:0000f940       _BG_GetRootSurfNameWithVariant 300c0940 f   bg_g2_utils.obj
 0002:0000fa50       _BG_FileExists             300c0a50 f   bg_misc.obj
 0002:0000fb20       _BG_ParseField             300c0b20 f   bg_misc.obj
 0002:0000fd60       _BG_LegalizedForcePowers   300c0d60 f   bg_misc.obj
 0002:00010950       _vectoyaw                  300c1950 f   bg_misc.obj
 0002:00010a70       _BG_HasYsalamiri           300c1a70 f   bg_misc.obj
 0002:00010af0       _BG_CanUseFPNow            300c1af0 f   bg_misc.obj
 0002:00010c90       _BG_FindItemForPowerup     300c1c90 f   bg_misc.obj
 0002:00010d40       _BG_FindItemForHoldable    300c1d40 f   bg_misc.obj
 0002:00010dd0       _BG_FindItemForWeapon      300c1dd0 f   bg_misc.obj
 0002:00010e50       _BG_FindItemForAmmo        300c1e50 f   bg_misc.obj
 0002:00010ed0       _BG_FindItem               300c1ed0 f   bg_misc.obj
 0002:00010f60       _BG_PlayerTouchesItem      300c1f60 f   bg_misc.obj
 0002:000110c0       _BG_ProperForceIndex       300c20c0 f   bg_misc.obj
 0002:00011130       _BG_CycleForce             300c2130 f   bg_misc.obj
 0002:00011310       _BG_GetItemIndexByTag      300c2310 f   bg_misc.obj
 0002:000113a0       _BG_IsItemSelectable       300c23a0 f   bg_misc.obj
 0002:000113f0       _BG_CycleInven             300c23f0 f   bg_misc.obj
 0002:00011560       _BG_CanItemBeGrabbed       300c2560 f   bg_misc.obj
 0002:00011a70       _BG_EvaluateTrajectory     300c2a70 f   bg_misc.obj
 0002:00011f00       _BG_EvaluateTrajectoryDelta 300c2f00 f   bg_misc.obj
 0002:00012270       _BG_AddPredictableEventToPlayerstate 300c3270 f   bg_misc.obj
 0002:00012390       _BG_TouchJumpPad           300c3390 f   bg_misc.obj
 0002:00012520       _BG_EmplacedView           300c3520 f   bg_misc.obj
 0002:00012680       _BG_IsValidCharacterModel  300c3680 f   bg_misc.obj
 0002:00012770       _BG_ValidateSkinForTeam    300c3770 f   bg_misc.obj
 0002:00012b90       _BG_PlayerStateToEntityState 300c3b90 f   bg_misc.obj
 0002:000133d0       _BG_PlayerStateToEntityStateExtraPolate 300c43d0 f   bg_misc.obj
 0002:00013b50       _BG_ModelCache             300c4b50 f   bg_misc.obj
 0002:00013bc0       _BG_Alloc                  300c4bc0 f   bg_misc.obj
 0002:00013c40       _BG_AllocUnaligned         300c4c40 f   bg_misc.obj
 0002:00013cb0       _BG_TempAlloc              300c4cb0 f   bg_misc.obj
 0002:00013d30       _BG_TempFree               300c4d30 f   bg_misc.obj
 0002:00013d80       _BG_StringAlloc            300c4d80 f   bg_misc.obj
 0002:00013e00       _BG_OutOfMemory            300c4e00 f   bg_misc.obj
 0002:00013e50       _BG_SaberStanceAnim        300c4e50 f   bg_panimate.obj
 0002:00013f40       _BG_CrouchAnim             300c4f40 f   bg_panimate.obj
 0002:00014100       _BG_InSpecialJump          300c5100 f   bg_panimate.obj
 0002:00014300       _BG_InSaberStandAnim       300c5300 f   bg_panimate.obj
 0002:00014380       _BG_InReboundJump          300c5380 f   bg_panimate.obj
 0002:000143f0       _BG_InReboundHold          300c53f0 f   bg_panimate.obj
 0002:00014460       _BG_InReboundRelease       300c5460 f   bg_panimate.obj
 0002:000144d0       _BG_InBackFlip             300c54d0 f   bg_panimate.obj
 0002:00014540       _BG_DirectFlippingAnim     300c5540 f   bg_panimate.obj
 0002:000145b0       _BG_SaberInAttackPure      300c55b0 f   bg_panimate.obj
 0002:00014600       _BG_SaberInAttack          300c5600 f   bg_panimate.obj
 0002:00014680       _BG_SaberInKata            300c5680 f   bg_panimate.obj
 0002:000146e0       _BG_InKataAnim             300c56e0 f   bg_panimate.obj
 0002:00014750       _BG_SaberInSpecial         300c5750 f   bg_panimate.obj
 0002:000147f0       _BG_KickMove               300c57f0 f   bg_panimate.obj
 0002:00014860       _BG_SaberInIdle            300c5860 f   bg_panimate.obj
 0002:000148c0       _BG_InExtraDefenseSaberMove 300c58c0 f   bg_panimate.obj
 0002:00014980       _BG_FlippingAnim           300c5980 f   bg_panimate.obj
 0002:00014b00       _BG_SpinningSaberAnim      300c5b00 f   bg_panimate.obj
 0002:00014ec0       _BG_SaberInSpecialAttack   300c5ec0 f   bg_panimate.obj
 0002:000150f0       _BG_KickingAnim            300c60f0 f   bg_panimate.obj
 0002:000151e0       _BG_InGrappleMove          300c61e0 f   bg_panimate.obj
 0002:000152c0       _BG_BrokenParryForAttack   300c62c0 f   bg_panimate.obj
 0002:000153b0       _BG_BrokenParryForParry    300c63b0 f   bg_panimate.obj
 0002:00015590       _BG_KnockawayForParry      300c6590 f   bg_panimate.obj
 0002:00015640       _BG_InRoll                 300c6640 f   bg_panimate.obj
 0002:00015740       _BG_InSpecialDeathAnim     300c6740 f   bg_panimate.obj
 0002:000157a0       _BG_InDeathAnim            300c67a0 f   bg_panimate.obj
 0002:00015860       _BG_InKnockDownOnly        300c6860 f   bg_panimate.obj
 0002:000158d0       _BG_InSaberLockOld         300c68d0 f   bg_panimate.obj
 0002:00015970       _BG_InSaberLock            300c6970 f   bg_panimate.obj
 0002:00015a90       _PM_InCartwheel            300c6a90 f   bg_panimate.obj
 0002:00015b10       _BG_InKnockDownOnGround    300c6b10 f   bg_panimate.obj
 0002:00015cb0       _BG_StabDownAnim           300c6cb0 f   bg_panimate.obj
 0002:00015d20       _PM_SaberBounceForAttack   300c6d20 f   bg_panimate.obj
 0002:00015e00       _PM_SaberDeflectionForQuad 300c6e00 f   bg_panimate.obj
 0002:00015ee0       _PM_SaberInDeflect         300c6ee0 f   bg_panimate.obj
 0002:00015f30       _PM_SaberInParry           300c6f30 f   bg_panimate.obj
 0002:00015f80       _PM_SaberInKnockaway       300c6f80 f   bg_panimate.obj
 0002:00015fd0       _PM_SaberInReflect         300c6fd0 f   bg_panimate.obj
 0002:00016020       _PM_SaberInStart           300c7020 f   bg_panimate.obj
 0002:00016070       _PM_SaberInReturn          300c7070 f   bg_panimate.obj
 0002:000160c0       _BG_SaberInReturn          300c70c0 f   bg_panimate.obj
 0002:00016110       _PM_InSaberAnim            300c7110 f   bg_panimate.obj
 0002:00016160       _PM_InRealKnockDown        300c7160 f   bg_panimate.obj
 0002:000161d0       _PM_InKnockDown            300c71d0 f   bg_panimate.obj
 0002:000162a0       _PM_PainAnim               300c72a0 f   bg_panimate.obj
 0002:00016300       _PM_JumpingAnim            300c7300 f   bg_panimate.obj
 0002:00016370       _PM_LandingAnim            300c7370 f   bg_panimate.obj
 0002:00016420       _PM_SpinningAnim           300c7420 f   bg_panimate.obj
 0002:00016470       _PM_InOnGroundAnim         300c7470 f   bg_panimate.obj
 0002:00016520       _PM_InRollComplete         300c7520 f   bg_panimate.obj
 0002:00016590       _PM_CanRollFromSoulCal     300c7590 f   bg_panimate.obj
 0002:00016600       _BG_SuperBreakLoseAnim     300c7600 f   bg_panimate.obj
 0002:00016700       _BG_SuperBreakWinAnim      300c7700 f   bg_panimate.obj
 0002:00016800       _BG_SaberLockBreakAnim     300c7800 f   bg_panimate.obj
 0002:00016970       _BG_FullBodyTauntAnim      300c7970 f   bg_panimate.obj
 0002:00016a30       _BG_AnimLength             300c7a30 f   bg_panimate.obj
 0002:00016b00       _PM_AnimLength             300c7b00 f   bg_panimate.obj
 0002:00016c00       _PM_DebugLegsAnim          300c7c00 f   bg_panimate.obj
 0002:00016cd0       _PM_SaberInTransition      300c7cd0 f   bg_panimate.obj
 0002:00016d20       _BG_SaberInTransitionAny   300c7d20 f   bg_panimate.obj
 0002:00016dc0       _BG_FlipPart               300c7dc0 f   bg_panimate.obj
 0002:00016e50       _BG_InitAnimsets           300c7e50 f   bg_panimate.obj
 0002:00016ec0       _BG_ClearAnimsets          300c7ec0 f   bg_panimate.obj
 0002:00016ef0       _BG_AnimsetAlloc           300c7ef0 f   bg_panimate.obj
 0002:00016f90       _BG_AnimsetFree            300c7f90 f   bg_panimate.obj
 0002:00016fc0       _CheckAnimFrameForEventType 300c7fc0 f   bg_panimate.obj
 0002:00017050       _ParseAnimationEvtBlock    300c8050 f   bg_panimate.obj
 0002:00017d00       _BG_ParseAnimationEvtFile  300c8d00 f   bg_panimate.obj
 0002:00018420       _BG_ParseAnimationFile     300c9420 f   bg_panimate.obj
 0002:00018ab0       _BG_StartLegsAnim          300c9ab0 f   bg_panimate.obj
 0002:00018b50       _PM_ContinueLegsAnim       300c9b50 f   bg_panimate.obj
 0002:00018bd0       _PM_ForceLegsAnim          300c9bd0 f   bg_panimate.obj
 0002:00018ce0       _BG_StartTorsoAnim         300c9ce0 f   bg_panimate.obj
 0002:00018d60       _PM_StartTorsoAnim         300c9d60 f   bg_panimate.obj
 0002:00018dc0       _BG_SetLegsAnimTimer       300c9dc0 f   bg_panimate.obj
 0002:00018e20       _PM_SetLegsAnimTimer       300c9e20 f   bg_panimate.obj
 0002:00018e80       _BG_SetTorsoAnimTimer      300c9e80 f   bg_panimate.obj
 0002:00018ee0       _PM_SetTorsoAnimTimer      300c9ee0 f   bg_panimate.obj
 0002:00018f40       _BG_SaberStartTransAnim    300c9f40 f   bg_panimate.obj
 0002:00019160       _BG_SetAnimFinal           300ca160 f   bg_panimate.obj
 0002:00019740       _PM_SetAnimFinal           300ca740 f   bg_panimate.obj
 0002:000197c0       _BG_HasAnimation           300ca7c0 f   bg_panimate.obj
 0002:00019860       _BG_PickAnim               300ca860 f   bg_panimate.obj
 0002:00019910       _BG_SetAnim                300ca910 f   bg_panimate.obj
 0002:00019a80       _PM_SetAnim                300caa80 f   bg_panimate.obj
 0002:00019b00       _PM_BGEntForNum            300cab00 f   bg_pmove.obj
 0002:00019c70       _BG_SabersOff              300cac70 f   bg_pmove.obj
 0002:00019cf0       _BG_KnockDownable          300cacf0 f   bg_pmove.obj
 0002:00019d50       _PM_GetSaberStance         300cad50 f   bg_pmove.obj
 0002:00019f40       _PM_DoSlowFall             300caf40 f   bg_pmove.obj
 0002:00019fc0       _PM_pitch_roll_for_slope   300cafc0 f   bg_pmove.obj
 0002:0001a630       _PM_SetSpecialMoveValues   300cb630 f   bg_pmove.obj
 0002:0001a740       _BG_ExternThisSoICanRecompileInDebug 300cb740 f   bg_pmove.obj
 0002:0001a770       _BG_VehicleTurnRateForSpeed 300cb770 f   bg_pmove.obj
 0002:0001a8e0       _PM_HoverTrace             300cb8e0 f   bg_pmove.obj
 0002:0001b880       _PM_AddEvent               300cc880 f   bg_pmove.obj
 0002:0001b8e0       _PM_AddEventWithParm       300cc8e0 f   bg_pmove.obj
 0002:0001b940       _PM_AddTouchEnt            300cc940 f   bg_pmove.obj
 0002:0001ba10       _PM_ClipVelocity           300cca10 f   bg_pmove.obj
 0002:0001bb60       _PM_ForceJumpingUp         300ccb60 f   bg_pmove.obj
 0002:0001bd30       _PM_SetPMViewAngle         300ccd30 f   bg_pmove.obj
 0002:0001be10       _PM_AdjustAngleForWallRun  300cce10 f   bg_pmove.obj
 0002:0001c680       _PM_AdjustAnglesForWallRunUpFlipAlt 300cd680 f   bg_pmove.obj
 0002:0001c6f0       _PM_AdjustAngleForWallRunUp 300cd6f0 f   bg_pmove.obj
 0002:0001cf10       _PM_AdjustAngleForWallJump 300cdf10 f   bg_pmove.obj
 0002:0001d850       _PM_SetForceJumpZStart     300ce850 f   bg_pmove.obj
 0002:0001d8e0       _PM_GrabWallForJump        300ce8e0 f   bg_pmove.obj
 0002:0001de20       _PM_CheckDualForwardJumpDuck 300cee20 f   bg_pmove.obj
 0002:0001df40       _PM_CheckFixMins           300cef40 f   bg_pmove.obj
 0002:0001e3c0       _PM_Use                    300cf3c0 f   bg_pmove.obj
 0002:0001e490       _PM_WalkingAnim            300cf490 f   bg_pmove.obj
 0002:0001e550       _PM_RunningAnim            300cf550 f   bg_pmove.obj
 0002:0001e600       _PM_SwimmingAnim           300cf600 f   bg_pmove.obj
 0002:0001e670       _PM_RollingAnim            300cf670 f   bg_pmove.obj
 0002:0001e6e0       _PM_AnglesForSlope         300cf6e0 f   bg_pmove.obj
 0002:0001e8e0       _PM_FootSlopeTrace         300cf8e0 f   bg_pmove.obj
 0002:0001eeb0       _BG_InSlopeAnim            300cfeb0 f   bg_pmove.obj
 0002:0001ef20       _PM_AdjustStandAnimForSlope 300cff20 f   bg_pmove.obj
 0002:0001f970       _PM_LegsSlopeBackTransition 300d0970 f   bg_pmove.obj
 0002:0001fad0       _BG_ClearRocketLock        300d0ad0 f   bg_pmove.obj
 0002:0001fb50       _PM_BeginWeaponChange      300d0b50 f   bg_pmove.obj
 0002:0001fca0       _PM_FinishWeaponChange     300d0ca0 f   bg_pmove.obj
 0002:0001fdb0       _BG_VehTraceFromCamPos     300d0db0 f   bg_pmove.obj
 0002:00020260       _PM_RocketLock             300d1260 f   bg_pmove.obj
 0002:00020a40       _PM_ItemUsable             300d1a40 f   bg_pmove.obj
 0002:00021120       _PM_CanSetWeaponAnims      300d2120 f   bg_pmove.obj
 0002:00021170       _PM_VehicleWeaponAnimate   300d2170 f   bg_pmove.obj
 0002:00021820       _BG_UnrestrainedPitchRoll  300d2820 f   bg_pmove.obj
 0002:000218b0       _PM_UpdateViewAngles       300d28b0 f   bg_pmove.obj
 0002:00021a50       _PM_AdjustAttackStates     300d2a50 f   bg_pmove.obj
 0002:00022140       _BG_CmdForRoll             300d3140 f   bg_pmove.obj
 0002:00022510       _BG_AdjustClientSpeed      300d3510 f   bg_pmove.obj
 0002:00022bf0       _BG_InRollAnim             300d3bf0 f   bg_pmove.obj
 0002:00022c60       _BG_InKnockDown            300d3c60 f   bg_pmove.obj
 0002:00022d20       _BG_InRollES               300d3d20 f   bg_pmove.obj
 0002:00022d90       _BG_IK_MoveArm             300d3d90 f   bg_pmove.obj
 0002:000236d0       _BG_UpdateLookAngles       300d46d0 f   bg_pmove.obj
 0002:00023a30       _BG_InRoll2                300d4a30 f   bg_pmove.obj
 0002:00023b30       _BG_G2PlayerAngles         300d4b30 f   bg_pmove.obj
 0002:00025a40       _BG_G2ATSTAngles           300d6a40 f   bg_pmove.obj
 0002:00025ab0       _PM_VehicleViewAngles      300d6ab0 f   bg_pmove.obj
 0002:00025e70       _PM_WeaponOkOnVehicle      300d6e70 f   bg_pmove.obj
 0002:00025ee0       _PM_GetOkWeaponForVehicle  300d6ee0 f   bg_pmove.obj
 0002:00025f80       _PM_VehForcedTurning       300d6f80 f   bg_pmove.obj
 0002:00026250       _PM_VehFaceHyperspacePoint 300d7250 f   bg_pmove.obj
 0002:00026700       _BG_VehicleAdjustBBoxForOrientation 300d7700 f   bg_pmove.obj
 0002:00027170       _PM_MoveForKata            300d8170 f   bg_pmove.obj
 0002:00027460       _PmoveSingle               300d8460 f   bg_pmove.obj
 0002:00029e00       _PM_IsRocketTrooper        300dae00 f i bg_pmove.obj
 0002:00038050       _Pmove                     300e9050 f   bg_pmove.obj
 0002:000381e0       _BG_SoundIndex             300e91e0 f   bg_saberLoad.obj
 0002:00038230       _BG_ParseLiteral           300e9230 f   bg_saberLoad.obj
 0002:000382f0       _TranslateSaberColor       300e92f0 f   bg_saberLoad.obj
 0002:00038440       _TranslateSaberStyle       300e9440 f   bg_saberLoad.obj
 0002:00038580       _WP_SaberBladeUseSecondBladeStyle 300e9580 f   bg_saberLoad.obj
 0002:000385f0       _WP_SaberBladeDoTransitionDamage 300e95f0 f   bg_saberLoad.obj
 0002:000386b0       _WP_UseFirstValidSaberStyle 300e96b0 f   bg_saberLoad.obj
 0002:00038960       _WP_SaberStyleValidForSaber 300e9960 f   bg_saberLoad.obj
 0002:00038bf0       _WP_SaberCanTurnOffSomeBlades 300e9bf0 f   bg_saberLoad.obj
 0002:00038ca0       _WP_SaberSetDefaults       300e9ca0 f   bg_saberLoad.obj
 0002:00039300       _WP_SaberParseParms        300ea300 f   bg_saberLoad.obj
 0002:0003d1b0       _WP_SaberParseParm         300ee1b0 f   bg_saberLoad.obj
 0002:0003d3e0       _WP_SaberValidForPlayerInMP 300ee3e0 f   bg_saberLoad.obj
 0002:0003d4d0       _WP_RemoveSaber            300ee4d0 f   bg_saberLoad.obj
 0002:0003d5b0       _WP_SetSaber               300ee5b0 f   bg_saberLoad.obj
 0002:0003d710       _WP_SaberSetColor          300ee710 f   bg_saberLoad.obj
 0002:0003d790       _WP_SaberLoadParms         300ee790 f   bg_saberLoad.obj
 0002:0003da30       _BG_BLADE_ActivateTrail    300eea30 f   bg_saberLoad.obj
 0002:0003da90       _BG_BLADE_DeactivateTrail  300eea90 f   bg_saberLoad.obj
 0002:0003daf0       _BG_SI_Activate            300eeaf0 f   bg_saberLoad.obj
 0002:0003db70       _BG_SI_Deactivate          300eeb70 f   bg_saberLoad.obj
 0002:0003dbf0       _BG_SI_BladeActivate       300eebf0 f   bg_saberLoad.obj
 0002:0003dc60       _BG_SI_Active              300eec60 f   bg_saberLoad.obj
 0002:0003dce0       _BG_SI_SetLength           300eece0 f   bg_saberLoad.obj
 0002:0003dd60       _BG_SI_SetDesiredLength    300eed60 f   bg_saberLoad.obj
 0002:0003de10       _BG_SI_SetLengthGradual    300eee10 f   bg_saberLoad.obj
 0002:0003e250       _BG_SI_Length              300ef250 f   bg_saberLoad.obj
 0002:0003e310       _BG_SI_LengthMax           300ef310 f   bg_saberLoad.obj
 0002:0003e3d0       _BG_SI_ActivateTrail       300ef3d0 f   bg_saberLoad.obj
 0002:0003e470       _BG_SI_DeactivateTrail     300ef470 f   bg_saberLoad.obj
 0002:0003e510       _BG_SiegeStripTabs         300ef510 f   bg_saga.obj
 0002:0003e5c0       _BG_SiegeGetValueGroup     300ef5c0 f   bg_saga.obj
 0002:0003ee50       _BG_SiegeGetPairedValue    300efe50 f   bg_saga.obj
 0002:0003f4e0       _BG_SiegeTranslateForcePowers 300f04e0 f   bg_saga.obj
 0002:0003fa00       _BG_SiegeTranslateGenericTable 300f0a00 f   bg_saga.obj
 0002:0003fce0       _BG_SiegeParseClassFile    300f0ce0 f   bg_saga.obj
 0002:00040a20       _BG_SiegeCountBaseClass    300f1a20 f   bg_saga.obj
 0002:00040af0       _BG_GetUIPortraitFile      300f1af0 f   bg_saga.obj
 0002:00040be0       _BG_GetUIPortrait          300f1be0 f   bg_saga.obj
 0002:00040cd0       _BG_GetClassOnBaseClass    300f1cd0 f   bg_saga.obj
 0002:00040db0       _BG_SiegeLoadClasses       300f1db0 f   bg_saga.obj
 0002:00040f90       _BG_SiegeFindClassByName   300f1f90 f   bg_saga.obj
 0002:00041040       _BG_SiegeParseTeamFile     300f2040 f   bg_saga.obj
 0002:00041440       _BG_SiegeLoadTeams         300f2440 f   bg_saga.obj
 0002:000415e0       _BG_SiegeFindThemeForTeam  300f25e0 f   bg_saga.obj
 0002:00041640       _BG_PrecacheSabersForSiegeTeam 300f2640 f   bg_saga.obj
 0002:00041860       _BG_SiegeCheckClassLegality 300f2860 f   bg_saga.obj
 0002:00041970       _BG_SiegeFindTeamForTheme  300f2970 f   bg_saga.obj
 0002:00041a30       _BG_SiegeSetTeamTheme      300f2a30 f   bg_saga.obj
 0002:00041ab0       _BG_SiegeFindClassIndexByName 300f2ab0 f   bg_saga.obj
 0002:00041b50       _PM_VehicleImpact          300f2b50 f   bg_slidemove.obj
 0002:00042860       _PM_GroundSlideOkay        300f3860 f   bg_slidemove.obj
 0002:000429b0       _PM_SlideMove              300f39b0 f   bg_slidemove.obj
 0002:00043890       _PM_StepSlideMove          300f4890 f   bg_slidemove.obj
 0002:00044430       _BG_ClearVehicleParseParms 300f5430 f   bg_vehicleLoad.obj
 0002:00044470       _VEH_LoadVehWeapon         300f5470 f   bg_vehicleLoad.obj
 0002:00044e00       _VEH_VehWeaponIndexForName 300f5e00 f   bg_vehicleLoad.obj
 0002:00044f30       _BG_SetSharedVehicleFunctions 300f5f30 f   bg_vehicleLoad.obj
 0002:00045010       _BG_VehicleSetDefaults     300f6010 f   bg_vehicleLoad.obj
 0002:00045070       _BG_VehicleClampData       300f6070 f   bg_vehicleLoad.obj
 0002:00045160       _VEH_LoadVehicle           300f6160 f   bg_vehicleLoad.obj
 0002:000467f0       _VEH_VehicleIndexForName   300f77f0 f   bg_vehicleLoad.obj
 0002:00046920       _BG_VehWeaponLoadParms     300f7920 f   bg_vehicleLoad.obj
 0002:00046be0       _BG_VehicleLoadParms       300f7be0 f   bg_vehicleLoad.obj
 0002:00046ee0       _BG_VehicleGetIndex        300f7ee0 f   bg_vehicleLoad.obj
 0002:00046f30       _BG_GetVehicleModelName    300f7f30 f   bg_vehicleLoad.obj
 0002:00047000       _BG_GetVehicleSkinName     300f8000 f   bg_vehicleLoad.obj
 0002:00047110       _AttachRidersGeneric       300f8110 f   bg_vehicleLoad.obj
 0002:000474c0       _CG_TargetCommand_f        300f84c0 f   cg_consolecmds.obj
 0002:00048060       _CG_ConsoleCommand         300f9060 f   cg_consolecmds.obj
 0002:00048120       _CG_InitConsoleCommands    300f9120 f   cg_consolecmds.obj
 0002:00048490       _UI_ParseAnimationFile     300f9490 f   cg_draw.obj
 0002:000484f0       _MenuFontToHandle          300f94f0 f   cg_draw.obj
 0002:000485a0       _CG_Text_Width             300f95a0 f   cg_draw.obj
 0002:00048610       _CG_Text_Height            300f9610 f   cg_draw.obj
 0002:00048680       _CG_Text_Paint             300f9680 f   cg_draw.obj
 0002:000487e0       _CG_Draw3DModel            300f97e0 f   cg_draw.obj
 0002:00048a20       _CG_DrawHead               300f9a20 f   cg_draw.obj
 0002:00048b00       _CG_DrawFlagModel          300f9b00 f   cg_draw.obj
 0002:00048de0       _DrawAmmo                  300f9de0 f   cg_draw.obj
 0002:00048e20       _CG_DrawHealth             300f9e20 f   cg_draw.obj
 0002:000490b0       _CG_DrawArmor              300fa0b0 f   cg_draw.obj
 0002:00049480       _CG_DrawForcePower         300fa480 f   cg_draw.obj
 0002:000497f0       _CG_DrawHUD                300fa7f0 f   cg_draw.obj
 0002:0004a780       _ForcePower_Valid          300fb780 f   cg_draw.obj
 0002:0004a800       _CG_DrawForceSelect        300fb800 f   cg_draw.obj
 0002:0004adc0       _CG_DrawInvenSelect        300fbdc0 f   cg_draw.obj
 0002:0004b5b0       _CG_CheckTargetVehicle     300fc5b0 f   cg_draw.obj
 0002:0004b810       _CG_DrawVehicleShields     300fc810 f   cg_draw.obj
 0002:0004bb10       _CG_DrawVehicleAmmo        300fcb10 f   cg_draw.obj
 0002:0004be60       _CG_DrawVehicleAmmoUpper   300fce60 f   cg_draw.obj
 0002:0004c1b0       _CG_DrawVehicleAmmoLower   300fd1b0 f   cg_draw.obj
 0002:0004c500       _CG_DrawVehicleTurboRecharge 300fd500 f   cg_draw.obj
 0002:0004c670       _CG_DrawVehicleWeaponsLinked 300fd670 f   cg_draw.obj
 0002:0004c800       _CG_DrawVehicleSpeed       300fd800 f   cg_draw.obj
 0002:0004cb90       _CG_DrawVehicleArmor       300fdb90 f   cg_draw.obj
 0002:0004ce80       _CG_DrawVehicleDamage      300fde80 f   cg_draw.obj
 0002:0004d130       _CG_DrawVehicleDamageHUD   300fe130 f   cg_draw.obj
 0002:0004d570       _CG_DrawVehicleHud         300fe570 f   cg_draw.obj
 0002:0004d950       _CG_DrawTeamBackground     300fe950 f   cg_draw.obj
 0002:0004da80       _CG_DrawHealthBarRough     300fea80 f   cg_draw.obj
 0002:0004dd10       _CG_DrawDuelistHealth      300fed10 f   cg_draw.obj
 0002:0004dea0       _CG_DrawRadar              300feea0 f   cg_draw.obj
 0002:0004ff80       _CG_AddLagometerFrameInfo  30100f80 f   cg_draw.obj
 0002:0004fff0       _CG_AddLagometerSnapshotInfo 30100ff0 f   cg_draw.obj
 0002:000500a0       _CG_DrawSiegeMessage       301010a0 f   cg_draw.obj
 0002:00050130       _CG_DrawSiegeMessageNonMenu 30101130 f   cg_draw.obj
 0002:00050220       _CG_CenterPrint            30101220 f   cg_draw.obj
 0002:000502f0       _CG_DrawSiegeInfo          301012f0 f   cg_draw.obj
 0002:000509f0       _CG_DrawHealthBar          301019f0 f   cg_draw.obj
 0002:00050d30       _CG_DrawHaqrBar            30101d30 f   cg_draw.obj
 0002:00051060       _CG_DrawGenericTimerBar    30102060 f   cg_draw.obj
 0002:00051370       _CG_LerpCrosshairPos       30102370 f   cg_draw.obj
 0002:00051570       _CG_WorldCoordToScreenCoordFloat 30102570 f   cg_draw.obj
 0002:000517c0       _CG_WorldCoordToScreenCoord 301027c0 f   cg_draw.obj
 0002:00051890       _CG_SaberClashFlare        30102890 f   cg_draw.obj
 0002:00051bc0       _CG_DottedLine             30102bc0 f   cg_draw.obj
 0002:00051d60       _CG_BracketEntity          30102d60 f   cg_draw.obj
 0002:00052920       _CG_InFighter              30103920 f   cg_draw.obj
 0002:000529c0       _CG_InATST                 301039c0 f   cg_draw.obj
 0002:00052a60       _CG_DrawBracketedEntities  30103a60 f   cg_draw.obj
 0002:00052b10       _CG_CalcVehicleMuzzlePoint 30103b10 f   cg_draw.obj
 0002:00053070       _CG_CalcEWebMuzzlePoint    30104070 f   cg_draw.obj
 0002:00053460       _CG_SanitizeString         30104460 f   cg_draw.obj
 0002:00053580       _CG_DrawTimedMenus         30104580 f   cg_draw.obj
 0002:00053620       _CG_DrawFlagStatus         30104620 f   cg_draw.obj
 0002:00053850       _CG_DrawJetpackFuel        30104850 f   cg_draw.obj
 0002:00053b40       _CG_DrawEWebHealth         30104b40 f   cg_draw.obj
 0002:00053e90       _CG_DrawCloakFuel          30104e90 f   cg_draw.obj
 0002:000541a0       _CG_ChatBox_StrInsert      301051a0 f   cg_draw.obj
 0002:000542a0       _CG_ChatBox_AddString      301052a0 f   cg_draw.obj
 0002:00054570       _CG_ChatBox_ArrayInsert    30105570 f   cg_draw.obj
 0002:00054620       _CG_DrawActive             30105620 f   cg_draw.obj
 0002:0005ea70       _CG_DrawRect               3010fa70 f   cg_drawtools.obj
 0002:0005eb40       _CG_GetColorForHealth      3010fb40 f   cg_drawtools.obj
 0002:0005ecb0       _CG_DrawSides              3010fcb0 f   cg_drawtools.obj
 0002:0005edc0       _CG_DrawTopBottom          3010fdc0 f   cg_drawtools.obj
 0002:0005eed0       _CG_FillRect2              3010fed0 f   cg_drawtools.obj
 0002:0005ef80       _CG_FillRect               3010ff80 f   cg_drawtools.obj
 0002:0005f030       _CG_DrawPic                30110030 f   cg_drawtools.obj
 0002:0005f0c0       _CG_DrawRotatePic          301100c0 f   cg_drawtools.obj
 0002:0005f160       _CG_DrawRotatePic2         30110160 f   cg_drawtools.obj
 0002:0005f200       _CG_DrawChar               30110200 f   cg_drawtools.obj
 0002:0005f340       _CG_DrawStringExt          30110340 f   cg_drawtools.obj
 0002:0005f6a0       _CG_DrawBigString          301106a0 f   cg_drawtools.obj
 0002:0005f780       _CG_DrawBigStringColor     30110780 f   cg_drawtools.obj
 0002:0005f7f0       _CG_DrawSmallString        301107f0 f   cg_drawtools.obj
 0002:0005f8d0       _CG_DrawSmallStringColor   301108d0 f   cg_drawtools.obj
 0002:0005f940       _CG_DrawStrlen             30110940 f   cg_drawtools.obj
 0002:0005fa10       _CG_TileClear              30110a10 f   cg_drawtools.obj
 0002:0005fc80       _CG_FadeColor              30110c80 f   cg_drawtools.obj
 0002:0005fd50       _CG_ColorForGivenHealth    30110d50 f   cg_drawtools.obj
 0002:0005fe30       _CG_ColorForHealth         30110e30 f   cg_drawtools.obj
 0002:0005ff20       _CG_DrawNumField           30110f20 f   cg_drawtools.obj
 0002:000604c0       _UI_DrawProportionalString 301114c0 f   cg_drawtools.obj
 0002:00060610       _UI_DrawScaledProportionalString 30111610 f   cg_drawtools.obj
 0002:00060750       _CG_BubbleTrail            30111750 f   cg_effects.obj
 0002:00060b80       _CG_SmokePuff              30111b80 f   cg_effects.obj
 0002:00060ed0       _CGDEBUG_SaberColor        30111ed0 f   cg_effects.obj
 0002:00060f90       _CG_TestLine               30111f90 f   cg_effects.obj
 0002:00061190       _CG_ThrowChunk             30112190 f   cg_effects.obj
 0002:000613e0       _CG_InitGlass              301123e0 f   cg_effects.obj
 0002:00061510       _Vector2Set                30112510 f   cg_effects.obj
 0002:00061560       _CG_DoGlass                30112560 f   cg_effects.obj
 0002:00063060       _CG_GlassShatter           30114060 f   cg_effects.obj
 0002:00063190       _CG_GlassShatter_Old       30114190 f   cg_effects.obj
 0002:000636e0       _CG_CreateDebris           301146e0 f   cg_effects.obj
 0002:00063e30       _CG_ExplosionEffects       30114e30 f   cg_effects.obj
 0002:00063f50       _CG_MiscModelExplosion     30114f50 f   cg_effects.obj
 0002:00064380       _CG_Chunks                 30115380 f   cg_effects.obj
 0002:00064ec0       _CG_ScorePlum              30115ec0 f   cg_effects.obj
 0002:00065130       _CG_MakeExplosion          30116130 f   cg_effects.obj
 0002:000655e0       _CG_SurfaceExplosion       301165e0 f   cg_effects.obj
 0002:00065e60       _CG_Bleed                  30116e60 f   cg_effects.obj
 0002:00065fb0       _CG_LaunchGib              30116fb0 f   cg_effects.obj
 0002:00066180       _CG_PositionEntityOnTag    30117180 f   cg_ents.obj
 0002:00066370       _CG_PositionRotatedEntityOnTag 30117370 f   cg_ents.obj
 0002:00066580       _CG_SetEntitySoundPosition 30117580 f   cg_ents.obj
 0002:000666c0       _CG_S_AddLoopingSound      301176c0 f   cg_ents.obj
 0002:00066890       _CG_S_AddRealLoopingSound  30117890 f   cg_ents.obj
 0002:000668f0       _CG_S_StopLoopingSound     301178f0 f   cg_ents.obj
 0002:00066a40       _CG_S_UpdateLoopingSounds  30117a40 f   cg_ents.obj
 0002:00066c00       _FX_AddOrientedLine        30117c00 f   cg_ents.obj
 0002:00066e70       _FX_DrawPortableShield     30117e70 f   cg_ents.obj
 0002:000671e0       _CG_Special                301181e0 f   cg_ents.obj
 0002:00067260       _CG_SetGhoul2Info          30118260 f   cg_ents.obj
 0002:00067340       _CG_CreateBBRefEnts        30118340 f   cg_ents.obj
 0002:00067370       _G2_BoltToGhoul2Model      30118370 f   cg_ents.obj
 0002:00067580       _ScaleModelAxis            30118580 f   cg_ents.obj
 0002:00067790       _CG_Disintegration         30118790 f   cg_ents.obj
 0002:00067e30       _CG_AddRadarEnt            30118e30 f   cg_ents.obj
 0002:00067ed0       _CG_AddBracketedEnt        30118ed0 f   cg_ents.obj
 0002:00067f70       _CG_GreyItem               30118f70 f   cg_ents.obj
 0002:00067ff0       _CG_CreateDistortionTrailPart 30118ff0 f   cg_ents.obj
 0002:00068380       _CG_PlayDoorLoopSound      30119380 f   cg_ents.obj
 0002:00068540       _CG_PlayDoorSound          30119540 f   cg_ents.obj
 0002:00068610       _CG_Beam                   30119610 f   cg_ents.obj
 0002:00068790       _CG_AdjustPositionForMover 30119790 f   cg_ents.obj
 0002:00068a40       _CG_CalcEntityLerpPositions 30119a40 f   cg_ents.obj
 0002:00068f10       _CG_ManualEntityRender     30119f10 f   cg_ents.obj
 0002:00070680       _CG_AddPacketEntities      30121680 f   cg_ents.obj
 0002:00070b90       _CG_ROFF_NotetrackCallback 30121b90 f   cg_ents.obj
 0002:000714d0       _CG_Cube                   301224d0 f   cg_ents.obj
 0002:000718a0       _CG_PlaceString            301228a0 f   cg_event.obj
 0002:00071c20       _CG_ToggleBinoculars       30122c20 f   cg_event.obj
 0002:00071d50       _CG_LocalTimingBar         30122d50 f   cg_event.obj
 0002:00071dc0       _CG_PainEvent              30122dc0 f   cg_event.obj
 0002:00071ec0       _CG_ReattachLimb           30122ec0 f   cg_event.obj
 0002:00071fb0       _CG_TeamName               30122fb0 f   cg_event.obj
 0002:00072020       _CG_PrintCTFMessage        30123020 f   cg_event.obj
 0002:00072400       _CG_GetCTFMessageEvent     30123400 f   cg_event.obj
 0002:000724d0       _DoFall                    301234d0 f   cg_event.obj
 0002:00072770       _CG_InClientBitflags       30123770 f   cg_event.obj
 0002:00072840       _CG_TryPlayCustomSound     30123840 f   cg_event.obj
 0002:000728c0       _CG_G2MarkEvent            301238c0 f   cg_event.obj
 0002:00072d50       _CG_CalcVehMuzzle          30123d50 f   cg_event.obj
 0002:00073170       _CG_VehMuzzleFireFX        30124170 f   cg_event.obj
 0002:00073390       _CG_GetStringForVoiceSound 30124390 f   cg_event.obj
 0002:00073480       _CG_EntityEvent            30124480 f   cg_event.obj
 0002:0007b4f0       _CG_CheckEvents            3012c4f0 f   cg_event.obj
 0002:0007b640       _CG_LoadingString          3012c640 f   cg_info.obj
 0002:0007b6a0       _CG_LoadingItem            3012c6a0 f   cg_info.obj
 0002:0007b7b0       _CG_LoadingClient          3012c7b0 f   cg_info.obj
 0002:0007b8b0       _CG_DrawInformation        3012c8b0 f   cg_info.obj
 0002:0007cb40       _CG_LoadBar                3012db40 f   cg_info.obj
 0002:0007cd70       _CG_ClearLightStyles       3012dd70 f   cg_light.obj
 0002:0007ce10       _CG_RunLightStyles         3012de10 f   cg_light.obj
 0002:0007cfa0       _CG_SetLightstyle          3012dfa0 f   cg_light.obj
 0002:0007d120       _CG_InitLocalEntities      3012e120 f   cg_localents.obj
 0002:0007d1f0       _CG_FreeLocalEntity        3012e1f0 f   cg_localents.obj
 0002:0007d290       _CG_AllocLocalEntity       3012e290 f   cg_localents.obj
 0002:0007d360       _CG_BloodTrail             3012e360 f   cg_localents.obj
 0002:0007d4f0       _CG_FragmentBounceMark     3012e4f0 f   cg_localents.obj
 0002:0007d590       _CG_FragmentBounceSound    3012e590 f   cg_localents.obj
 0002:0007d6b0       _CG_ReflectVelocity        3012e6b0 f   cg_localents.obj
 0002:0007d940       _CG_AddFragment            3012e940 f   cg_localents.obj
 0002:0007ddd0       _CG_AddFadeRGB             3012edd0 f   cg_localents.obj
 0002:0007dfb0       _CG_AddRefEntity           3012efb0 f   cg_localents.obj
 0002:0007e030       _CG_AddScorePlum           3012f030 f   cg_localents.obj
 0002:0007e7f0       _CG_AddOLine               3012f7f0 f   cg_localents.obj
 0002:0007eaa0       _CG_AddLine                3012faa0 f   cg_localents.obj
 0002:0007eb10       _CG_AddLocalEntities       3012fb10 f   cg_localents.obj
 0002:0007fdb0       _CG_NoUseableForce         30130db0 f   cg_main.obj
 0002:0007fe40       _vmMain                    30130e40 f   cg_main.obj
 0002:00081010       _CG_MiscEnt                30132010 f   cg_main.obj
 0002:00081420       _CG_DrawMiscEnts           30132420 f   cg_main.obj
 0002:00081640       _CG_RegisterCvars          30132640 f   cg_main.obj
 0002:00081ae0       _CG_UpdateCvars            30132ae0 f   cg_main.obj
 0002:00081cb0       _CG_CrosshairPlayer        30132cb0 f   cg_main.obj
 0002:00081d20       _CG_LastAttacker           30132d20 f   cg_main.obj
 0002:00081d70       _CG_Printf                 30132d70 f   cg_main.obj
 0002:00081e40       _CG_Error                  30132e40 f   cg_main.obj
 0002:00081f10       _Com_Error                 30132f10 f   cg_main.obj
 0002:00081ff0       _Com_Printf                30132ff0 f   cg_main.obj
 0002:000820d0       _CG_Argv                   301330d0 f   cg_main.obj
 0002:00082130       _BG_GetTime                30133130 f   cg_main.obj
 0002:00082170       _CG_ParseWeatherEffect     30133170 f   cg_main.obj
 0002:000821d0       _CG_ParseSiegeState        301331d0 f   cg_main.obj
 0002:000823b0       _CG_GetStringEdString      301333b0 f   cg_main.obj
 0002:00082450       _CG_SiegeCountCvars        30133450 f   cg_main.obj
 0002:00082870       _CG_BuildSpectatorString   30133870 f   cg_main.obj
 0002:00082980       _CG_ConfigString           30133980 f   cg_main.obj
 0002:00082a00       _CG_StartMusic             30133a00 f   cg_main.obj
 0002:00082b40       _CG_GetMenuBuffer          30133b40 f   cg_main.obj
 0002:00082c80       _CG_Asset_Parse            30133c80 f   cg_main.obj
 0002:00083470       _CG_ParseMenu              30134470 f   cg_main.obj
 0002:00083620       _CG_Load_Menu              30134620 f   cg_main.obj
 0002:00083700       _CG_SetScoreSelection      30134700 f   cg_main.obj
 0002:00083880       _CG_Text_PaintWithCursor   30134880 f   cg_main.obj
 0002:00083910       _CG_LoadMenus              30134910 f   cg_main.obj
 0002:00083b40       _CG_LoadHudMenu            30134b40 f   cg_main.obj
 0002:000849d0       _CG_AssetCache             301359d0 f   cg_main.obj
 0002:00084b90       _CG_Init_CG                30135b90 f   cg_main.obj
 0002:00084bf0       _CG_Init_CGents            30135bf0 f   cg_main.obj
 0002:00084c50       _CG_InitItems              30135c50 f   cg_main.obj
 0002:00084cb0       _CG_TransitionPermanent    30135cb0 f   cg_main.obj
 0002:00084e20       _CG_StrPool_Alloc          30135e20 f   cg_main.obj
 0002:00084ec0       _CG_StrPool_Reset          30135ec0 f   cg_main.obj
 0002:00084f00       _CG_NewString              30135f00 f   cg_main.obj
 0002:00085020       _CG_CreateSkyPortalFromSpawnEnt 30136020 f   cg_main.obj
 0002:00085070       _CG_CreateSkyOriFromSpawnEnt 30136070 f   cg_main.obj
 0002:000850f0       _CG_CreateBrushEntData     301360f0 f   cg_main.obj
 0002:00085160       _CG_CreateWeatherZoneFromSpawnEnt 30136160 f   cg_main.obj
 0002:000851d0       _CG_CreateModelFromSpawnEnt 301361d0 f   cg_main.obj
 0002:00085580       _CG_AddSpawnVarToken       30136580 f   cg_main.obj
 0002:00085650       _CG_ParseSpawnVars         30136650 f   cg_main.obj
 0002:00085880       _CG_SpawnCGameEntFromVars  30136880 f   cg_main.obj
 0002:00085ab0       _CG_SpawnCGameOnlyEnts     30136ab0 f   cg_main.obj
 0002:00085b40       _CG_Init                   30136b40 f   cg_main.obj
 0002:00089810       _CG_GetLocationString      3013a810 f   cg_main.obj
 0002:00089890       _CG_DestroyAllGhoul2       3013a890 f   cg_main.obj
 0002:000899d0       _CG_Shutdown               3013a9d0 f   cg_main.obj
 0002:00089a60       _CG_NextForcePower_f       3013aa60 f   cg_main.obj
 0002:00089bf0       _CG_PrevForcePower_f       3013abf0 f   cg_main.obj
 0002:00089d80       _CG_NextInventory_f        3013ad80 f   cg_main.obj
 0002:00089e80       _CG_PrevInventory_f        3013ae80 f   cg_main.obj
 0002:00089f80       _CG_InitMarkPolys          3013af80 f   cg_marks.obj
 0002:0008a050       _CG_FreeMarkPoly           3013b050 f   cg_marks.obj
 0002:0008a0f0       _CG_AllocMark              3013b0f0 f   cg_marks.obj
 0002:0008a1e0       _CG_ImpactMark             3013b1e0 f   cg_marks.obj
 0002:0008ab30       _CG_AddMarks               3013bb30 f   cg_marks.obj
 0002:0008b0c0       _CG_ClearParticles         3013c0c0 f   cg_marks.obj
 0002:0008b1d0       _CG_AddParticleToScene     3013c1d0 f   cg_marks.obj
 0002:0008e930       _CG_AddParticles           3013f930 f   cg_marks.obj
 0002:0008eeb0       _CG_ParticleSnowFlurry     3013feb0 f   cg_marks.obj
 0002:0008f290       _CG_ParticleSnow           30140290 f   cg_marks.obj
 0002:0008f5f0       _CG_ParticleBubble         301405f0 f   cg_marks.obj
 0002:0008f9c0       _CG_ParticleSmoke          301409c0 f   cg_marks.obj
 0002:0008fc40       _CG_ParticleBulletDebris   30140c40 f   cg_marks.obj
 0002:0008fe20       _CG_ParticleExplosion      30140e20 f   cg_marks.obj
 0002:000900c0       _CG_AddParticleShrapnel    301410c0 f   cg_marks.obj
 0002:000900f0       _CG_NewParticleArea        301410f0 f   cg_marks.obj
 0002:000903c0       _CG_SnowLink               301413c0 f   cg_marks.obj
 0002:00090470       _CG_ParticleImpactSmokePuff 30141470 f   cg_marks.obj
 0002:00090700       _CG_Particle_Bleed         30141700 f   cg_marks.obj
 0002:00090940       _CG_Particle_OilParticle   30141940 f   cg_marks.obj
 0002:00090b90       _CG_Particle_OilSlick      30141b90 f   cg_marks.obj
 0002:00090e90       _CG_OilSlickRemove         30141e90 f   cg_marks.obj
 0002:00090f70       _ValidBloodPool            30141f70 f   cg_marks.obj
 0002:00091370       _CG_BloodPool              30142370 f   cg_marks.obj
 0002:00091640       _CG_ParticleBloodCloud     30142640 f   cg_marks.obj
 0002:00091a00       _CG_ParticleSparks         30142a00 f   cg_marks.obj
 0002:00091dc0       _CG_ParticleDust           30142dc0 f   cg_marks.obj
 0002:000923b0       _CG_ParticleMisc           301433b0 f   cg_marks.obj
 0002:00092550       _CG_GetSelectedPlayer      30143550 f   cg_newDraw.obj
 0002:000925b0       _CG_StatusHandle           301435b0 f   cg_newDraw.obj
 0002:000926b0       _CG_GetValue               301436b0 f   cg_newDraw.obj
 0002:000928f0       _CG_OtherTeamHasFlag       301438f0 f   cg_newDraw.obj
 0002:00092990       _CG_YourTeamHasFlag        30143990 f   cg_newDraw.obj
 0002:00092a30       _CG_OwnerDrawVisible       30143a30 f   cg_newDraw.obj
 0002:00092cc0       _CG_GetKillerText          30143cc0 f   cg_newDraw.obj
 0002:00092d50       _CG_GetGameStatusText      30143d50 f   cg_newDraw.obj
 0002:00092f70       _CG_GameTypeString         30143f70 f   cg_newDraw.obj
 0002:00093040       _CG_DrawNewTeamInfo        30144040 f   cg_newDraw.obj
 0002:00093a60       _CG_DrawTeamSpectators     30144a60 f   cg_newDraw.obj
 0002:00093e30       _CG_DrawMedal              30144e30 f   cg_newDraw.obj
 0002:00094170       _CG_OwnerDraw              30145170 f   cg_newDraw.obj
 0002:000941a0       _CG_MouseEvent             301451a0 f   cg_newDraw.obj
 0002:00094340       _CG_HideTeamMenu           30145340 f   cg_newDraw.obj
 0002:000943a0       _CG_ShowTeamMenu           301453a0 f   cg_newDraw.obj
 0002:000943f0       _CG_EventHandling          301453f0 f   cg_newDraw.obj
 0002:00094450       _CG_KeyEvent               30145450 f   cg_newDraw.obj
 0002:00094570       _CG_ClientNumFromName      30145570 f   cg_newDraw.obj
 0002:00094620       _CG_ShowResponseHead       30145620 f   cg_newDraw.obj
 0002:000946a0       _CG_RunMenuScript          301456a0 f   cg_newDraw.obj
 0002:000946d0       _CG_DeferMenuScript        301456d0 f   cg_newDraw.obj
 0002:00094700       _CG_GetTeamColor           30145700 f   cg_newDraw.obj
 0002:000947e0       _CG_CustomSound            301457e0 f   cg_players.obj
 0002:00094d30       _CG_ParseSurfsFile         30145d30 f   cg_players.obj
 0002:00095110       _CG_G2SkelForModel         30146110 f   cg_players.obj
 0002:00095220       _CG_G2EvIndexForModel      30146220 f   cg_players.obj
 0002:00095370       _CG_LoadCISounds           30146370 f   cg_players.obj
 0002:00095c50       _CG_LoadClientInfo         30146c50 f   cg_players.obj
 0002:00096e00       _CG_NewClientInfo          30147e00 f   cg_players.obj
 0002:00099300       _CG_ActualLoadDeferredPlayers 3014a300 f   cg_players.obj
 0002:000993b0       _CG_LoadDeferredPlayers    3014a3b0 f   cg_players.obj
 0002:000993f0       _CG_PlayerAnimEventDo      3014a3f0 f   cg_players.obj
 0002:0009a6d0       _CG_PlayerAnimEvents       3014b6d0 f   cg_players.obj
 0002:0009ae20       _CG_TriggerAnimSounds      3014be20 f   cg_players.obj
 0002:0009b0e0       _CG_InRoll                 3014c0e0 f   cg_players.obj
 0002:0009b1f0       _CG_InRollAnim             3014c1f0 f   cg_players.obj
 0002:0009b260       _CG_G2SetBoneAngles        3014c260 f   cg_players.obj
 0002:0009b2e0       _CG_Rag_Trace              3014c2e0 f   cg_players.obj
 0002:0009b390       _CG_RagDoll                3014c390 f   cg_players.obj
 0002:0009d220       _CG_G2ServerBoneAngles     3014e220 f   cg_players.obj
 0002:0009d4d0       _CG_G2PlayerHeadAnims      3014e4d0 f   cg_players.obj
 0002:0009ddd0       _CG_AddRefEntityWithPowerups 3014edd0 f   cg_players.obj
 0002:0009de70       _CG_PlayerShieldHit        3014ee70 f   cg_players.obj
 0002:0009dfb0       _CG_DrawPlayerShield       3014efb0 f   cg_players.obj
 0002:0009e2b0       _CG_PlayerHitFX            3014f2b0 f   cg_players.obj
 0002:0009e350       _CG_LightVerts             3014f350 f   cg_players.obj
 0002:0009e690       _CG_DoSaber                3014f690 f   cg_players.obj
 0002:0009ee50       _CG_GetTagWorldPosition    3014fe50 f   cg_players.obj
 0002:0009f040       _CG_CreateSaberMarks       30150040 f   cg_players.obj
 0002:0009fe10       _CG_G2TraceCollide         30150e10 f   cg_players.obj
 0002:000a01e0       _CG_G2SaberEffects         301511e0 f   cg_players.obj
 0002:000a0440       _CG_AddGhoul2Mark          30151440 f   cg_players.obj
 0002:000a06f0       _CG_SaberCompWork          301516f0 f   cg_players.obj
 0002:000a1090       _CG_AddSaberBlade          30152090 f   cg_players.obj
 0002:000a34d0       _CG_IsMindTricked          301544d0 f   cg_players.obj
 0002:000a35a0       _CG_DrawPlayerSphere       301545a0 f   cg_players.obj
 0002:000a3c30       _CG_AddLightningBeam       30154c30 f   cg_players.obj
 0002:000a4260       _CG_AddRandomLightning     30155260 f   cg_players.obj
 0002:000a4550       _CG_ThereIsAMaster         30155550 f   cg_players.obj
 0002:000a45d0       _CG_HandleAppendedSkin     301555d0 f   cg_players.obj
 0002:000a47e0       _CG_CacheG2AnimInfo        301557e0 f   cg_players.obj
 0002:000a4b00       _CG_G2AnimEntModelLoad     30155b00 f   cg_players.obj
 0002:000a58f0       _CG_VehicleShouldDrawShields 301568f0 f   cg_players.obj
 0002:000a5980       _CG_VehicleAttachDroidUnit 30156980 f   cg_players.obj
 0002:000a5bf0       _CG_G2Animated             30156bf0 f   cg_players.obj
 0002:000a6490       _CG_CreateNPCClient        30157490 f   cg_players.obj
 0002:000a64f0       _CG_DestroyNPCClient       301574f0 f   cg_players.obj
 0002:000a6550       _CG_InitJetpackGhoul2      30157550 f   cg_players.obj
 0002:000a6670       _CG_CleanJetpackGhoul2     30157670 f   cg_players.obj
 0002:000a66e0       _CG_RadiusForCent          301576e0 f   cg_players.obj
 0002:000a67c0       _CG_CheckThirdPersonAlpha  301577c0 f   cg_players.obj
 0002:000a6cb0       _CG_Player                 30157cb0 f   cg_players.obj
 0002:000b4b50       _CG_ResetPlayerEntity      30165b50 f   cg_players.obj
 0002:000b5440       _CG_CheckAmmo              30166440 f   cg_playerstate.obj
 0002:000b5470       _CG_DamageFeedback         30166470 f   cg_playerstate.obj
 0002:000b5930       _CG_Respawn                30166930 f   cg_playerstate.obj
 0002:000b5990       _CG_CheckPlayerstateEvents 30166990 f   cg_playerstate.obj
 0002:000b5ba0       _CG_CheckChangedPredictableEvents 30166ba0 f   cg_playerstate.obj
 0002:000b5d20       _CG_CheckLocalSounds       30166d20 f   cg_playerstate.obj
 0002:000b63b0       _CG_TransitionPlayerState  301673b0 f   cg_playerstate.obj
 0002:000b6560       _CG_BuildSolidList         30167560 f   cg_predict.obj
 0002:000b6a30       _CG_Trace                  30167a30 f   cg_predict.obj
 0002:000b7500       _CG_G2Trace                30168500 f   cg_predict.obj
 0002:000b7630       _CG_PointContents          30168630 f   cg_predict.obj
 0002:000b7740       _CG_PmoveClientPointerUpdate 30168740 f   cg_predict.obj
 0002:000b7820       _CG_UsingEWeb              30168820 f   cg_predict.obj
 0002:000b7890       _CG_PredictPlayerState     30168890 f   cg_predict.obj
 0002:000ba110       _CG_PrecacheSiegeObjectiveAssetsForTeam 3016b110 f   cg_saga.obj
 0002:000ba460       _CG_PrecachePlayersForSiegeTeam 3016b460 f   cg_saga.obj
 0002:000ba670       _CG_InitSiegeMode          3016b670 f   cg_saga.obj
 0002:000bb210       _CG_ParseSiegeObjectiveStatus 3016c210 f   cg_saga.obj
 0002:000bb7f0       _CG_SiegeRoundOver         3016c7f0 f   cg_saga.obj
 0002:000bbb20       _CG_SiegeGetObjectiveDescription 3016cb20 f   cg_saga.obj
 0002:000bbca0       _CG_SiegeGetObjectiveFinal 3016cca0 f   cg_saga.obj
 0002:000bbe50       _CG_SiegeBriefingDisplay   3016ce50 f   cg_saga.obj
 0002:000bc740       _CG_SiegeObjectiveCompleted 3016d740 f   cg_saga.obj
 0002:000bcb00       _CG_ParseSiegeExtendedDataEntry 3016db00 f   cg_saga.obj
 0002:000bcee0       _CG_ParseSiegeExtendedData 3016dee0 f   cg_saga.obj
 0002:000bcfa0       _CG_SetSiegeTimerCvar      3016dfa0 f   cg_saga.obj
 0002:000bd070       _CG_GetClassCount          3016e070 f   cg_scoreboard.obj
 0002:000bd150       _CG_GetTeamNonScoreCount   3016e150 f   cg_scoreboard.obj
 0002:000bd210       _CG_GetTeamCount           3016e210 f   cg_scoreboard.obj
 0002:000bd2d0       _CG_DrawOldScoreboard      3016e2d0 f   cg_scoreboard.obj
 0002:000bf180       _CG_ParseServerinfo        30170180 f   cg_servercmds.obj
 0002:000bf7c0       _CG_SetConfigValues        301707c0 f   cg_servercmds.obj
 0002:000bfa70       _CG_ShaderStateChanged     30170a70 f   cg_servercmds.obj
 0002:000bfd60       _SetCustomSoundForType     30170d60 f   cg_servercmds.obj
 0002:000bfeb0       _CG_PrecacheNPCSounds      30170eb0 f   cg_servercmds.obj
 0002:000c0260       _CG_HandleNPCSounds        30171260 f   cg_servercmds.obj
 0002:000c0ab0       _SetDuelistHealthsFromConfigString 30171ab0 f   cg_servercmds.obj
 0002:000c0ce0       _CG_KillCEntityG2          30171ce0 f   cg_servercmds.obj
 0002:000c0fe0       _CG_KillCEntityInstances   30171fe0 f   cg_servercmds.obj
 0002:000c11f0       _CG_CheckSVStringEdRef     301721f0 f   cg_servercmds.obj
 0002:000c1540       _CG_ExecuteNewServerCommands 30172540 f   cg_servercmds.obj
 0002:000c3cc0       _CG_SetInitialSnapshot     30174cc0 f   cg_snapshot.obj
 0002:000c40a0       _CG_ProcessSnapshots       301750a0 f   cg_snapshot.obj
 0002:000c48f0       _strap_G2API_GetBoltMatrix 301758f0 f   cg_strap.obj
 0002:000c4970       _strap_G2API_GetBoltMatrix_NoReconstruct 30175970 f   cg_strap.obj
 0002:000c49f0       _strap_G2API_GetBoltMatrix_NoRecNoRot 301759f0 f   cg_strap.obj
 0002:000c4a70       _strap_G2API_SetBoneAngles 30175a70 f   cg_strap.obj
 0002:000c4af0       _strap_G2API_SetBoneAnim   30175af0 f   cg_strap.obj
 0002:000c4b80       _strap_G2API_GetBoneAnim   30175b80 f   cg_strap.obj
 0002:000c4c00       _strap_G2API_SetRagDoll    30175c00 f   cg_strap.obj
 0002:000c4c60       _strap_G2API_AnimateG2Models 30175c60 f   cg_strap.obj
 0002:000c4cc0       _strap_G2API_SetBoneIKState 30175cc0 f   cg_strap.obj
 0002:000c4d30       _strap_G2API_IKMove        30175d30 f   cg_strap.obj
 0002:000c4d90       _strap_TrueMalloc          30175d90 f   cg_strap.obj
 0002:000c4df0       _strap_TrueFree            30175df0 f   cg_strap.obj
 0002:000c4e40       _dllEntry                  30175e40 f   cg_syscalls.obj
 0002:000c4e80       _PASSFLOAT                 30175e80 f   cg_syscalls.obj
 0002:000c4ec0       _trap_Print                30175ec0 f   cg_syscalls.obj
 0002:000c4f20       _trap_Error                30175f20 f   cg_syscalls.obj
 0002:000c4f80       _trap_Milliseconds         30175f80 f   cg_syscalls.obj
 0002:000c4fe0       _trap_PrecisionTimer_Start 30175fe0 f   cg_syscalls.obj
 0002:000c5040       _trap_PrecisionTimer_End   30176040 f   cg_syscalls.obj
 0002:000c50a0       _trap_Cvar_Register        301760a0 f   cg_syscalls.obj
 0002:000c5110       _trap_Cvar_Update          30176110 f   cg_syscalls.obj
 0002:000c5170       _trap_Cvar_Set             30176170 f   cg_syscalls.obj
 0002:000c51e0       _trap_Cvar_VariableStringBuffer 301761e0 f   cg_syscalls.obj
 0002:000c5250       _trap_Cvar_GetHiddenVarValue 30176250 f   cg_syscalls.obj
 0002:000c52b0       _trap_Argc                 301762b0 f   cg_syscalls.obj
 0002:000c5310       _trap_Argv                 30176310 f   cg_syscalls.obj
 0002:000c5380       _trap_Args                 30176380 f   cg_syscalls.obj
 0002:000c53f0       _trap_FS_FOpenFile         301763f0 f   cg_syscalls.obj
 0002:000c5460       _trap_FS_Read              30176460 f   cg_syscalls.obj
 0002:000c54d0       _trap_FS_Write             301764d0 f   cg_syscalls.obj
 0002:000c5540       _trap_FS_FCloseFile        30176540 f   cg_syscalls.obj
 0002:000c55a0       _trap_FS_GetFileList       301765a0 f   cg_syscalls.obj
 0002:000c5610       _trap_SendConsoleCommand   30176610 f   cg_syscalls.obj
 0002:000c5670       _trap_AddCommand           30176670 f   cg_syscalls.obj
 0002:000c56d0       _trap_RemoveCommand        301766d0 f   cg_syscalls.obj
 0002:000c5730       _trap_SendClientCommand    30176730 f   cg_syscalls.obj
 0002:000c5790       _trap_UpdateScreen         30176790 f   cg_syscalls.obj
 0002:000c57f0       _trap_CM_LoadMap           301767f0 f   cg_syscalls.obj
 0002:000c5860       _trap_CM_NumInlineModels   30176860 f   cg_syscalls.obj
 0002:000c58c0       _trap_CM_InlineModel       301768c0 f   cg_syscalls.obj
 0002:000c5920       _trap_CM_TempBoxModel      30176920 f   cg_syscalls.obj
 0002:000c5990       _trap_CM_TempCapsuleModel  30176990 f   cg_syscalls.obj
 0002:000c5a00       _trap_CM_PointContents     30176a00 f   cg_syscalls.obj
 0002:000c5a70       _trap_CM_TransformedPointContents 30176a70 f   cg_syscalls.obj
 0002:000c5ae0       _trap_CM_BoxTrace          30176ae0 f   cg_syscalls.obj
 0002:000c5b60       _trap_CM_CapsuleTrace      30176b60 f   cg_syscalls.obj
 0002:000c5be0       _trap_CM_TransformedBoxTrace 30176be0 f   cg_syscalls.obj
 0002:000c5c70       _trap_CM_TransformedCapsuleTrace 30176c70 f   cg_syscalls.obj
 0002:000c5d00       _trap_CM_MarkFragments     30176d00 f   cg_syscalls.obj
 0002:000c5d80       _trap_S_GetVoiceVolume     30176d80 f   cg_syscalls.obj
 0002:000c5de0       _trap_S_MuteSound          30176de0 f   cg_syscalls.obj
 0002:000c5e50       _trap_S_StartSound         30176e50 f   cg_syscalls.obj
 0002:000c5ec0       _trap_S_StartLocalSound    30176ec0 f   cg_syscalls.obj
 0002:000c5f30       _trap_S_ClearLoopingSounds 30176f30 f   cg_syscalls.obj
 0002:000c5f90       _trap_S_AddLoopingSound    30176f90 f   cg_syscalls.obj
 0002:000c6000       _trap_S_UpdateEntityPosition 30177000 f   cg_syscalls.obj
 0002:000c6070       _trap_S_AddRealLoopingSound 30177070 f   cg_syscalls.obj
 0002:000c60e0       _trap_S_StopLoopingSound   301770e0 f   cg_syscalls.obj
 0002:000c6140       _trap_S_Respatialize       30177140 f   cg_syscalls.obj
 0002:000c61b0       _trap_S_ShutUp             301771b0 f   cg_syscalls.obj
 0002:000c6210       _trap_S_RegisterSound      30177210 f   cg_syscalls.obj
 0002:000c6270       _trap_S_StartBackgroundTrack 30177270 f   cg_syscalls.obj
 0002:000c62e0       _trap_S_UpdateAmbientSet   301772e0 f   cg_syscalls.obj
 0002:000c6350       _trap_AS_ParseSets         30177350 f   cg_syscalls.obj
 0002:000c63b0       _trap_AS_AddPrecacheEntry  301773b0 f   cg_syscalls.obj
 0002:000c6410       _trap_S_AddLocalSet        30177410 f   cg_syscalls.obj
 0002:000c6480       _trap_AS_GetBModelSound    30177480 f   cg_syscalls.obj
 0002:000c64f0       _trap_R_LoadWorldMap       301774f0 f   cg_syscalls.obj
 0002:000c6550       _trap_R_RegisterModel      30177550 f   cg_syscalls.obj
 0002:000c65b0       _trap_R_RegisterSkin       301775b0 f   cg_syscalls.obj
 0002:000c6610       _trap_R_RegisterShader     30177610 f   cg_syscalls.obj
 0002:000c6670       _trap_R_RegisterShaderNoMip 30177670 f   cg_syscalls.obj
 0002:000c66d0       _trap_R_RegisterFont       301776d0 f   cg_syscalls.obj
 0002:000c6730       _trap_R_Font_StrLenPixels  30177730 f   cg_syscalls.obj
 0002:000c67b0       _trap_R_Font_StrLenChars   301777b0 f   cg_syscalls.obj
 0002:000c6810       _trap_R_Font_HeightPixels  30177810 f   cg_syscalls.obj
 0002:000c6880       _trap_R_Font_DrawString    30177880 f   cg_syscalls.obj
 0002:000c6910       _trap_Language_IsAsian     30177910 f   cg_syscalls.obj
 0002:000c6970       _trap_Language_UsesSpaces  30177970 f   cg_syscalls.obj
 0002:000c69d0       _trap_AnyLanguage_ReadCharFromString 301779d0 f   cg_syscalls.obj
 0002:000c6a40       _trap_R_ClearScene         30177a40 f   cg_syscalls.obj
 0002:000c6aa0       _trap_R_ClearDecals        30177aa0 f   cg_syscalls.obj
 0002:000c6b00       _trap_R_AddRefEntityToScene 30177b00 f   cg_syscalls.obj
 0002:000c6b60       _trap_R_AddPolyToScene     30177b60 f   cg_syscalls.obj
 0002:000c6bd0       _trap_R_AddPolysToScene    30177bd0 f   cg_syscalls.obj
 0002:000c6c40       _trap_R_AddDecalToScene    30177c40 f   cg_syscalls.obj
 0002:000c6d30       _trap_R_LightForPoint      30177d30 f   cg_syscalls.obj
 0002:000c6da0       _trap_R_AddLightToScene    30177da0 f   cg_syscalls.obj
 0002:000c6e50       _trap_R_AddAdditiveLightToScene 30177e50 f   cg_syscalls.obj
 0002:000c6f00       _trap_R_RenderScene        30177f00 f   cg_syscalls.obj
 0002:000c6f60       _trap_R_SetColor           30177f60 f   cg_syscalls.obj
 0002:000c6fc0       _trap_R_DrawStretchPic     30177fc0 f   cg_syscalls.obj
 0002:000c70c0       _trap_R_ModelBounds        301780c0 f   cg_syscalls.obj
 0002:000c7130       _trap_R_LerpTag            30178130 f   cg_syscalls.obj
 0002:000c71c0       _trap_R_DrawRotatePic      301781c0 f   cg_syscalls.obj
 0002:000c72e0       _trap_R_DrawRotatePic2     301782e0 f   cg_syscalls.obj
 0002:000c7400       _trap_R_SetRangeFog        30178400 f   cg_syscalls.obj
 0002:000c7470       _trap_R_SetRefractProp     30178470 f   cg_syscalls.obj
 0002:000c7500       _trap_R_RemapShader        30178500 f   cg_syscalls.obj
 0002:000c7570       _trap_R_GetLightStyle      30178570 f   cg_syscalls.obj
 0002:000c75e0       _trap_R_SetLightStyle      301785e0 f   cg_syscalls.obj
 0002:000c7650       _trap_R_GetBModelVerts     30178650 f   cg_syscalls.obj
 0002:000c76c0       _trap_R_GetDistanceCull    301786c0 f   cg_syscalls.obj
 0002:000c7720       _trap_R_GetRealRes         30178720 f   cg_syscalls.obj
 0002:000c7790       _trap_R_AutomapElevAdj     30178790 f   cg_syscalls.obj
 0002:000c7800       _trap_R_InitWireframeAutomap 30178800 f   cg_syscalls.obj
 0002:000c7860       _trap_FX_AddLine           30178860 f   cg_syscalls.obj
 0002:000c7970       _trap_GetGlconfig          30178970 f   cg_syscalls.obj
 0002:000c79d0       _trap_GetGameState         301789d0 f   cg_syscalls.obj
 0002:000c7a30       _trap_GetCurrentSnapshotNumber 30178a30 f   cg_syscalls.obj
 0002:000c7aa0       _trap_GetSnapshot          30178aa0 f   cg_syscalls.obj
 0002:000c7b10       _trap_GetDefaultState      30178b10 f   cg_syscalls.obj
 0002:000c7b80       _trap_GetServerCommand     30178b80 f   cg_syscalls.obj
 0002:000c7be0       _trap_GetCurrentCmdNumber  30178be0 f   cg_syscalls.obj
 0002:000c7c40       _trap_GetUserCmd           30178c40 f   cg_syscalls.obj
 0002:000c7cb0       _trap_SetUserCmdValue      30178cb0 f   cg_syscalls.obj
 0002:000c7d70       _trap_SetClientForceAngle  30178d70 f   cg_syscalls.obj
 0002:000c7de0       _trap_SetClientTurnExtent  30178de0 f   cg_syscalls.obj
 0002:000c7e70       _trap_OpenUIMenu           30178e70 f   cg_syscalls.obj
 0002:000c7ed0       _testPrintInt              30178ed0 f   cg_syscalls.obj
 0002:000c7f40       _testPrintFloat            30178f40 f   cg_syscalls.obj
 0002:000c7fc0       _trap_MemoryRemaining      30178fc0 f   cg_syscalls.obj
 0002:000c8020       _trap_Key_IsDown           30179020 f   cg_syscalls.obj
 0002:000c8080       _trap_Key_GetCatcher       30179080 f   cg_syscalls.obj
 0002:000c80e0       _trap_Key_SetCatcher       301790e0 f   cg_syscalls.obj
 0002:000c8140       _trap_Key_GetKey           30179140 f   cg_syscalls.obj
 0002:000c81a0       _trap_PC_AddGlobalDefine   301791a0 f   cg_syscalls.obj
 0002:000c8200       _trap_PC_LoadSource        30179200 f   cg_syscalls.obj
 0002:000c8260       _trap_PC_FreeSource        30179260 f   cg_syscalls.obj
 0002:000c82c0       _trap_PC_ReadToken         301792c0 f   cg_syscalls.obj
 0002:000c8330       _trap_PC_SourceFileAndLine 30179330 f   cg_syscalls.obj
 0002:000c83a0       _trap_PC_LoadGlobalDefines 301793a0 f   cg_syscalls.obj
 0002:000c8400       _trap_PC_RemoveAllGlobalDefines 30179400 f   cg_syscalls.obj
 0002:000c8460       _trap_S_StopBackgroundTrack 30179460 f   cg_syscalls.obj
 0002:000c84c0       _trap_RealTime             301794c0 f   cg_syscalls.obj
 0002:000c8520       _trap_SnapVector           30179520 f   cg_syscalls.obj
 0002:000c8580       _trap_CIN_PlayCinematic    30179580 f   cg_syscalls.obj
 0002:000c8600       _trap_CIN_StopCinematic    30179600 f   cg_syscalls.obj
 0002:000c8660       _trap_CIN_RunCinematic     30179660 f   cg_syscalls.obj
 0002:000c86c0       _trap_CIN_DrawCinematic    301796c0 f   cg_syscalls.obj
 0002:000c8720       _trap_CIN_SetExtents       30179720 f   cg_syscalls.obj
 0002:000c87a0       _trap_GetEntityToken       301797a0 f   cg_syscalls.obj
 0002:000c8810       _trap_R_inPVS              30179810 f   cg_syscalls.obj
 0002:000c8880       _trap_FX_RegisterEffect    30179880 f   cg_syscalls.obj
 0002:000c88e0       _trap_FX_PlayEffect        301798e0 f   cg_syscalls.obj
 0002:000c8960       _trap_FX_PlayEntityEffect  30179960 f   cg_syscalls.obj
 0002:000c89e0       _trap_FX_PlayEffectID      301799e0 f   cg_syscalls.obj
 0002:000c8a60       _trap_FX_PlayPortalEffectID 30179a60 f   cg_syscalls.obj
 0002:000c8ad0       _trap_FX_PlayEntityEffectID 30179ad0 f   cg_syscalls.obj
 0002:000c8b50       _trap_FX_PlayBoltedEffectID 30179b50 f   cg_syscalls.obj
 0002:000c8be0       _trap_FX_AddScheduledEffects 30179be0 f   cg_syscalls.obj
 0002:000c8c40       _trap_FX_Draw2DEffects     30179c40 f   cg_syscalls.obj
 0002:000c8cd0       _trap_FX_InitSystem        30179cd0 f   cg_syscalls.obj
 0002:000c8d30       _trap_FX_SetRefDef         30179d30 f   cg_syscalls.obj
 0002:000c8d90       _trap_FX_FreeSystem        30179d90 f   cg_syscalls.obj
 0002:000c8df0       _trap_FX_Reset             30179df0 f   cg_syscalls.obj
 0002:000c8e50       _trap_FX_AdjustTime        30179e50 f   cg_syscalls.obj
 0002:000c8eb0       _trap_FX_AddPoly           30179eb0 f   cg_syscalls.obj
 0002:000c8f10       _trap_FX_AddBezier         30179f10 f   cg_syscalls.obj
 0002:000c8f70       _trap_FX_AddPrimitive      30179f70 f   cg_syscalls.obj
 0002:000c8fd0       _trap_FX_AddSprite         30179fd0 f   cg_syscalls.obj
 0002:000c9030       _trap_FX_AddElectricity    3017a030 f   cg_syscalls.obj
 0002:000c9090       _trap_SP_GetStringTextString 3017a090 f   cg_syscalls.obj
 0002:000c9100       _trap_ROFF_Clean           3017a100 f   cg_syscalls.obj
 0002:000c9160       _trap_ROFF_UpdateEntities  3017a160 f   cg_syscalls.obj
 0002:000c91c0       _trap_ROFF_Cache           3017a1c0 f   cg_syscalls.obj
 0002:000c9220       _trap_ROFF_Play            3017a220 f   cg_syscalls.obj
 0002:000c9290       _trap_ROFF_Purge_Ent       3017a290 f   cg_syscalls.obj
 0002:000c92f0       _trap_TrueMalloc           3017a2f0 f   cg_syscalls.obj
 0002:000c9360       _trap_TrueFree             3017a360 f   cg_syscalls.obj
 0002:000c93c0       _trap_G2_ListModelSurfaces 3017a3c0 f   cg_syscalls.obj
 0002:000c9420       _trap_G2_ListModelBones    3017a420 f   cg_syscalls.obj
 0002:000c9490       _trap_G2_SetGhoul2ModelIndexes 3017a490 f   cg_syscalls.obj
 0002:000c9500       _trap_G2_HaveWeGhoul2Models 3017a500 f   cg_syscalls.obj
 0002:000c9560       _trap_G2API_GetBoltMatrix  3017a560 f   cg_syscalls.obj
 0002:000c95f0       _trap_G2API_GetBoltMatrix_NoReconstruct 3017a5f0 f   cg_syscalls.obj
 0002:000c9680       _trap_G2API_GetBoltMatrix_NoRecNoRot 3017a680 f   cg_syscalls.obj
 0002:000c9710       _trap_G2API_InitGhoul2Model 3017a710 f   cg_syscalls.obj
 0002:000c9790       _trap_G2API_SetSkin        3017a790 f   cg_syscalls.obj
 0002:000c9800       _trap_G2API_CollisionDetect 3017a800 f   cg_syscalls.obj
 0002:000c98b0       _trap_G2API_CollisionDetectCache 3017a8b0 f   cg_syscalls.obj
 0002:000c9960       _trap_G2API_CleanGhoul2Models 3017a960 f   cg_syscalls.obj
 0002:000c99c0       _trap_G2API_SetBoneAngles  3017a9c0 f   cg_syscalls.obj
 0002:000c9a60       _trap_G2API_SetBoneAnim    3017aa60 f   cg_syscalls.obj
 0002:000c9b10       _trap_G2API_GetBoneAnim    3017ab10 f   cg_syscalls.obj
 0002:000c9ba0       _trap_G2API_GetBoneFrame   3017aba0 f   cg_syscalls.obj
 0002:000c9c20       _trap_G2API_GetGLAName     3017ac20 f   cg_syscalls.obj
 0002:000c9c90       _trap_G2API_CopyGhoul2Instance 3017ac90 f   cg_syscalls.obj
 0002:000c9d00       _trap_G2API_CopySpecificGhoul2Model 3017ad00 f   cg_syscalls.obj
 0002:000c9d70       _trap_G2API_DuplicateGhoul2Instance 3017ad70 f   cg_syscalls.obj
 0002:000c9de0       _trap_G2API_HasGhoul2ModelOnIndex 3017ade0 f   cg_syscalls.obj
 0002:000c9e50       _trap_G2API_RemoveGhoul2Model 3017ae50 f   cg_syscalls.obj
 0002:000c9ec0       _trap_G2API_SkinlessModel  3017aec0 f   cg_syscalls.obj
 0002:000c9f30       _trap_G2API_GetNumGoreMarks 3017af30 f   cg_syscalls.obj
 0002:000c9fa0       _trap_G2API_AddSkinGore    3017afa0 f   cg_syscalls.obj
 0002:000ca010       _trap_G2API_ClearSkinGore  3017b010 f   cg_syscalls.obj
 0002:000ca070       _trap_G2API_Ghoul2Size     3017b070 f   cg_syscalls.obj
 0002:000ca0d0       _trap_G2API_AddBolt        3017b0d0 f   cg_syscalls.obj
 0002:000ca140       _trap_G2API_AttachEnt      3017b140 f   cg_syscalls.obj
 0002:000ca1c0       _trap_G2API_SetBoltInfo    3017b1c0 f   cg_syscalls.obj
 0002:000ca230       _trap_G2API_SetRootSurface 3017b230 f   cg_syscalls.obj
 0002:000ca2a0       _trap_G2API_SetSurfaceOnOff 3017b2a0 f   cg_syscalls.obj
 0002:000ca310       _trap_G2API_SetNewOrigin   3017b310 f   cg_syscalls.obj
 0002:000ca380       _trap_G2API_DoesBoneExist  3017b380 f   cg_syscalls.obj
 0002:000ca3f0       _trap_G2API_GetSurfaceRenderStatus 3017b3f0 f   cg_syscalls.obj
 0002:000ca460       _trap_G2API_GetTime        3017b460 f   cg_syscalls.obj
 0002:000ca4c0       _trap_G2API_SetTime        3017b4c0 f   cg_syscalls.obj
 0002:000ca530       _trap_G2API_AbsurdSmoothing 3017b530 f   cg_syscalls.obj
 0002:000ca5a0       _trap_G2API_SetRagDoll     3017b5a0 f   cg_syscalls.obj
 0002:000ca610       _trap_G2API_AnimateG2Models 3017b610 f   cg_syscalls.obj
 0002:000ca680       _trap_G2API_RagPCJConstraint 3017b680 f   cg_syscalls.obj
 0002:000ca6f0       _trap_G2API_RagPCJGradientSpeed 3017b6f0 f   cg_syscalls.obj
 0002:000ca770       _trap_G2API_RagEffectorGoal 3017b770 f   cg_syscalls.obj
 0002:000ca7e0       _trap_G2API_GetRagBonePos  3017b7e0 f   cg_syscalls.obj
 0002:000ca860       _trap_G2API_RagEffectorKick 3017b860 f   cg_syscalls.obj
 0002:000ca8d0       _trap_G2API_RagForceSolve  3017b8d0 f   cg_syscalls.obj
 0002:000ca940       _trap_G2API_SetBoneIKState 3017b940 f   cg_syscalls.obj
 0002:000ca9c0       _trap_G2API_IKMove         3017b9c0 f   cg_syscalls.obj
 0002:000caa30       _trap_G2API_RemoveBone     3017ba30 f   cg_syscalls.obj
 0002:000caaa0       _trap_G2API_AttachInstanceToEntNum 3017baa0 f   cg_syscalls.obj
 0002:000cab10       _trap_G2API_ClearAttachedInstance 3017bb10 f   cg_syscalls.obj
 0002:000cab70       _trap_G2API_CleanEntAttachments 3017bb70 f   cg_syscalls.obj
 0002:000cabd0       _trap_G2API_OverrideServer 3017bbd0 f   cg_syscalls.obj
 0002:000cac30       _trap_G2API_GetSurfaceName 3017bc30 f   cg_syscalls.obj
 0002:000caca0       _trap_CG_RegisterSharedMemory 3017bca0 f   cg_syscalls.obj
 0002:000cad00       _trap_CM_RegisterTerrain   3017bd00 f   cg_syscalls.obj
 0002:000cad60       _trap_RMG_Init             3017bd60 f   cg_syscalls.obj
 0002:000cadd0       _trap_RE_InitRendererTerrain 3017bdd0 f   cg_syscalls.obj
 0002:000cae30       _trap_R_WeatherContentsOverride 3017be30 f   cg_syscalls.obj
 0002:000cae90       _trap_R_WorldEffectCommand 3017be90 f   cg_syscalls.obj
 0002:000caef0       _trap_WE_AddWeatherZone    3017bef0 f   cg_syscalls.obj
 0002:000caf60       _CreepToPosition           3017bf60 f   cg_turret.obj
 0002:000cb310       _TurretClientRun           3017c310 f   cg_turret.obj
 0002:000cbc20       _CG_TestModel_f            3017cc20 f   cg_view.obj
 0002:000cbe20       _CG_TestGun_f              3017ce20 f   cg_view.obj
 0002:000cbe80       _CG_TestModelNextFrame_f   3017ce80 f   cg_view.obj
 0002:000cbef0       _CG_TestModelPrevFrame_f   3017cef0 f   cg_view.obj
 0002:000cbf70       _CG_TestModelNextSkin_f    3017cf70 f   cg_view.obj
 0002:000cbfe0       _CG_TestModelPrevSkin_f    3017cfe0 f   cg_view.obj
 0002:000cc060       _CG_GetVehicleCamPos       3017d060 f   cg_view.obj
 0002:000cc0c0       _CG_ZoomDown_f             3017d0c0 f   cg_view.obj
 0002:000cc120       _CG_ZoomUp_f               3017d120 f   cg_view.obj
 0002:000cc180       _CG_CalcFOVFromX           3017d180 f   cg_view.obj
 0002:000cc260       _CG_CheckPassengerTurretView 3017d260 f   cg_view.obj
 0002:000cc9c0       _CG_DrawSkyBoxPortal       3017d9c0 f   cg_view.obj
 0002:000cd280       _CG_AddBufferedSound       3017e280 f   cg_view.obj
 0002:000cd310       _CG_UpdateSoundTrackers    3017e310 f   cg_view.obj
 0002:000cd490       _CG_SE_UpdateShake         3017e490 f   cg_view.obj
 0002:000cd740       _CG_SE_UpdateMusic         3017e740 f   cg_view.obj
 0002:000cd970       _CG_CalcScreenEffects      3017e970 f   cg_view.obj
 0002:000cd9d0       _CGCam_Shake               3017e9d0 f   cg_view.obj
 0002:000cda40       _CG_DoCameraShake          3017ea40 f   cg_view.obj
 0002:000cdb60       _CGCam_SetMusicMult        3017eb60 f   cg_view.obj
 0002:000cdbf0       _CG_EmplacedView           3017ebf0 f   cg_view.obj
 0002:000cdd50       _CG_AddRadarAutomapEnts    3017ed50 f   cg_view.obj
 0002:000ce050       _CG_DrawAutoMap            3017f050 f   cg_view.obj
 0002:000ce940       _CG_DrawActiveFrame        3017f940 f   cg_view.obj
 0002:000d3120       _CG_RegisterWeapon         30184120 f   cg_weaponinit.obj
 0002:000d4e30       _CG_SetGhoul2InfoRef       30185e30 f   cg_weapons.obj
 0002:000d4f10       _CG_RegisterItemVisuals    30185f10 f   cg_weapons.obj
 0002:000d51e0       _CG_AddPlayerWeapon        301861e0 f   cg_weapons.obj
 0002:000d6660       _CG_AddViewWeapon          30187660 f   cg_weapons.obj
 0002:000d7150       _CG_DrawIconBackground     30188150 f   cg_weapons.obj
 0002:000d7400       _CG_WeaponCheck            30188400 f   cg_weapons.obj
 0002:000d74a0       _CG_DrawWeaponSelect       301884a0 f   cg_weapons.obj
 0002:000d8050       _CG_NextWeapon_f           30189050 f   cg_weapons.obj
 0002:000d81e0       _CG_PrevWeapon_f           301891e0 f   cg_weapons.obj
 0002:000d8370       _CG_Weapon_f               30189370 f   cg_weapons.obj
 0002:000d8610       _CG_WeaponClean_f          30189610 f   cg_weapons.obj
 0002:000d88a0       _CG_OutOfAmmoChange        301898a0 f   cg_weapons.obj
 0002:000d8980       _CG_GetClientWeaponMuzzleBoltPoint 30189980 f   cg_weapons.obj
 0002:000d8b00       _CG_FireWeapon             30189b00 f   cg_weapons.obj
 0002:000d8fa0       _CG_VehicleWeaponImpact    30189fa0 f   cg_weapons.obj
 0002:000d90d0       _CG_MissileHitWall         3018a0d0 f   cg_weapons.obj
 0002:000d9410       _CG_MissileHitPlayer       3018a410 f   cg_weapons.obj
 0002:000d9780       _CG_CalcMuzzlePoint        3018a780 f   cg_weapons.obj
 0002:000d9d80       _CG_InitG2Weapons          3018ad80 f   cg_weapons.obj
 0002:000d9f40       _CG_ShutDownG2Weapons      3018af40 f   cg_weapons.obj
 0002:000d9fc0       _CG_G2WeaponInstance       3018afc0 f   cg_weapons.obj
 0002:000da0c0       _CG_CopyG2WeaponInstance   3018b0c0 f   cg_weapons.obj
 0002:000da370       _CG_CheckPlayerG2Weapons   3018b370 f   cg_weapons.obj
 0002:000da8a0       _BG_FighterUpdate          3018b8a0 f   FighterNPC.obj
 0002:000daa80       _FighterOverValidLandingSurface 3018ba80 f   FighterNPC.obj
 0002:000daaf0       _FighterIsLanded           3018baf0 f   FighterNPC.obj
 0002:000dab70       _FighterIsLanding          3018bb70 f   FighterNPC.obj
 0002:000dac10       _FighterIsLaunching        3018bc10 f   FighterNPC.obj
 0002:000daca0       _FighterSuspended          3018bca0 f   FighterNPC.obj
 0002:000dacd0       _FighterYawAdjust          3018bcd0 f   FighterNPC.obj
 0002:000dae50       _FighterPitchAdjust        3018be50 f   FighterNPC.obj
 0002:000dafd0       _FighterPitchClamp         3018bfd0 f   FighterNPC.obj
 0002:000db110       _G_SetFighterVehicleFunctions 3018c110 f   FighterNPC.obj
 0002:000ddd60       _G_CreateFighterNPC        3018ed60 f   FighterNPC.obj
 0002:000dde10       _FX_BlasterProjectileThink 3018ee10 f   fx_blaster.obj
 0002:000ddf00       _FX_BlasterAltFireThink    3018ef00 f   fx_blaster.obj
 0002:000ddff0       _FX_BlasterWeaponHitWall   3018eff0 f   fx_blaster.obj
 0002:000de050       _FX_BlasterWeaponHitPlayer 3018f050 f   fx_blaster.obj
 0002:000de0e0       _FX_BowcasterProjectileThink 3018f0e0 f   fx_bowcaster.obj
 0002:000de1d0       _FX_BowcasterHitWall       3018f1d0 f   fx_bowcaster.obj
 0002:000de230       _FX_BowcasterHitPlayer     3018f230 f   fx_bowcaster.obj
 0002:000de290       _FX_BowcasterAltProjectileThink 3018f290 f   fx_bowcaster.obj
 0002:000de380       _FX_BryarProjectileThink   3018f380 f   fx_bryarpistol.obj
 0002:000de470       _FX_BryarHitWall           3018f470 f   fx_bryarpistol.obj
 0002:000de4d0       _FX_BryarHitPlayer         3018f4d0 f   fx_bryarpistol.obj
 0002:000de560       _FX_BryarAltProjectileThink 3018f560 f   fx_bryarpistol.obj
 0002:000de6a0       _FX_BryarAltHitWall        3018f6a0 f   fx_bryarpistol.obj
 0002:000de7a0       _FX_BryarAltHitPlayer      3018f7a0 f   fx_bryarpistol.obj
 0002:000de830       _FX_TurretProjectileThink  3018f830 f   fx_bryarpistol.obj
 0002:000de920       _FX_TurretHitWall          3018f920 f   fx_bryarpistol.obj
 0002:000de980       _FX_TurretHitPlayer        3018f980 f   fx_bryarpistol.obj
 0002:000dea10       _FX_ConcussionHitWall      3018fa10 f   fx_bryarpistol.obj
 0002:000dea70       _FX_ConcussionHitPlayer    3018fa70 f   fx_bryarpistol.obj
 0002:000dead0       _FX_ConcussionProjectileThink 3018fad0 f   fx_bryarpistol.obj
 0002:000debc0       _FX_ConcAltShot            3018fbc0 f   fx_bryarpistol.obj
 0002:000ded00       _FX_DEMP2_ProjectileThink  3018fd00 f   fx_demp2.obj
 0002:000dedf0       _FX_DEMP2_HitWall          3018fdf0 f   fx_demp2.obj
 0002:000dee50       _FX_DEMP2_HitPlayer        3018fe50 f   fx_demp2.obj
 0002:000deeb0       _FX_DEMP2_AltBeam          3018feb0 f   fx_demp2.obj
 0002:000deee0       _FX_DEMP2_AltDetonate      3018fee0 f   fx_demp2.obj
 0002:000df040       _FX_DisruptorMainShot      30190040 f   fx_disruptor.obj
 0002:000df100       _FX_DisruptorAltShot       30190100 f   fx_disruptor.obj
 0002:000df2b0       _FX_DisruptorAltMiss       301902b0 f   fx_disruptor.obj
 0002:000df610       _FX_DisruptorAltHit        30190610 f   fx_disruptor.obj
 0002:000df670       _FX_DisruptorHitWall       30190670 f   fx_disruptor.obj
 0002:000df6d0       _FX_DisruptorHitPlayer     301906d0 f   fx_disruptor.obj
 0002:000df730       _FX_FlechetteProjectileThink 30190730 f   fx_flechette.obj
 0002:000df820       _FX_FlechetteWeaponHitWall 30190820 f   fx_flechette.obj
 0002:000df880       _FX_FlechetteWeaponHitPlayer 30190880 f   fx_flechette.obj
 0002:000df8e0       _FX_FlechetteAltProjectileThink 301908e0 f   fx_flechette.obj
 0002:000df9d0       _FX_ForceDrained           301909d0 f   fx_force.obj
 0002:000dfa80       _FX_RepeaterProjectileThink 30190a80 f   fx_heavyrepeater.obj
[...]
 0004:00813ee0       _cg_drawStatus             30a63ee0     <common>
 0004:00814000       _cg_drawSnapshot           30a64000     <common>
 0004:00814120       _cg_gun_frame              30a64120     <common>
 0004:00814240       _cg_drawEnemyInfo          30a64240     <common>
 0004:00814360       _cg_runpitch               30a64360     <common>
 0004:00814480       _cg_ghoul2Marks            30a64480     <common>
 0004:008145a0       _g_dropsaberforce          30a645a0     <common>
 0004:008146c0       _g_throwforce              30a646c0     <common>
 0004:008147e0       _cg_drawTimer              30a647e0     <common>
 0004:00814900       _cg_autoMapX               30a64900     <common>
 0004:00814a20       _cg_drawFriend             30a64a20     <common>
 0004:00814b40       _cg_debugSaber             30a64b40     <common>
 0004:00814c60       _cg_duelHeadAngles         30a64c60     <common>
 0004:00814d80       _g_leveling                30a64d80     <common>
 0004:00814ea0       _cg_g2TraceLod             30a64ea0     <common>
 0004:00814fc0       _cg_draw2D                 30a64fc0     <common>
 0004:008150e0       _cg_drawScores             30a650e0     <common>
 0004:00815200       _cg_gun_x                  30a65200     <common>
 0004:00815320       _g_subadminpw              30a65320     <common>
 0004:00815440       _cg_autoMapW               30a65440     <common>
 0004:00815560       _g_suddendeathtime         30a65560     <common>
 0004:00815680       _g_candropsaber            30a65680     <common>
 0004:008157a0       _cg_drawAmmoWarning        30a657a0     <common>
 0004:008158c0       _cg_debugPosition          30a658c0     <common>
 0004:008159e0       _cg_animBlend              30a659e0     <common>
 0004:00815b00       _cg_cameraMode             30a65b00     <common>
 0004:00815c20       _cg_permanents             30a65c20     <common>
 0004:00816c20       _cg_drawGun                30a66c20     <common>
 0004:00816d40       _cg_recordSPDemo           30a66d40     <common>
 0004:00816e60       _cg_centertime             30a66e60     <common>
 0004:00816f80       _cg_forceModel             30a66f80     <common>
 0004:008170a0       _g_flipkickforce           30a670a0     <common>
 0004:008171c0       _cg_ragDoll                30a671c0     <common>
 0004:008172e0       _cg_items                  30a672e0     <common>
 0004:0081aae0       _cg_speedTrail             30a6aae0     <common>
 0004:0081ac00       _g_cancloak                30a6ac00     <common>
 0004:0081ad20       _cg_crosshairHealth        30a6ad20     <common>
 0004:0081ae40       _cg_noProjectileTrail      30a6ae40     <common>
 0004:0081af60       _g_meleekataforce          30a6af60     <common>
 0004:0081b080       _cg_renderToTextureFX      30a6b080     <common>
 0004:0081b1a0       _cg_crosshairY             30a6b1a0     <common>
 0004:0081b2c0       _cg_dynamicCrosshair       30a6b2c0     <common>
 0004:0081b3e0       _cg_draw3dIcons            30a6b3e0     <common>
 0004:0081b4f0       _cg_skyOriPos              30a6b4f0     <common>
 0004:0081b500       _cg_simpleItems            30a6b500     <common>
 0004:0081b620       _cg_hudFiles               30a6b620     <common>
 0004:0081b740       _ui_myteam                 30a6b740     <common>
 0004:0081b860       _g_candivecrane            30a6b860     <common>
 0004:0081b980       _g_kataforce               30a6b980     <common>
 0004:0081baa0       _g_canbuy                  30a6baa0     <common>
 0004:0081bbc0       _cg_repeaterOrb            30a6bbc0     <common>
 0004:0081bce0       _cg_thirdPersonRange       30a6bce0     <common>
 0004:0081be00       _cg_showVehBounds          30a6be00     <common>
 0004:0081bf20       _g_debugthrow              30a6bf20     <common>
 0004:0081c040       _cg_thirdPersonHorzOffset  30a6c040     <common>
 0004:0081c160       _cg_debugEvents            30a6c160     <common>
 0004:0081c280       _cg_stereoSeparation       30a6c280     <common>
 0004:0081c3a0       _cg_smoothClients          30a6c3a0     <common>
 0004:0081c4c0       _cg_bobroll                30a6c4c0     <common>
 0004:0081c5e0       _cg_saberModelTraceEffect  30a6c5e0     <common>
 0004:0081c700       _cg_ignore                 30a6c700     <common>
 0004:0081c820       _cg_snapshotTimeout        30a6c820     <common>
 0004:0081c940       _cg_drawCrosshairNames     30a6c940     <common>
 0004:0081ca60       _cg_thirdPersonAlpha       30a6ca60     <common>
 0004:0081cb80       _cg_crosshairX             30a6cb80     <common>
 0004:0081cca0       _cg_footsteps              30a6cca0     <common>
 0004:0081cdc0       _g_divecraneforce          30a6cdc0     <common>
 0004:0081cee0       _cg_drawRadar              30a6cee0     <common>
 0004:0081d000       _cg_saberTrail             30a6d000     <common>
 0004:0081d120       _cg_chatBox                30a6d120     <common>
 0004:0081d240       _cg_nopredict              30a6d240     <common>
 0004:0081d360       _cg_buildScript            30a6d360     <common>
 0004:0081d480       _g_butterflyforce          30a6d480     <common>
 0004:0081d5a0       _cg_autoMap                30a6d5a0     <common>
 0004:0081d6c0       _cg_synchronousClients     30a6d6c0     <common>
 0004:0081d7e0       _cg_autoMapH               30a6d7e0     <common>
 0004:0081d900       _cg_thirdPersonCameraDamp  30a6d900     <common>
 0004:0081da20       _g_cartwheelforce          30a6da20     <common>
 0004:0081db40       _cg_bobpitch               30a6db40     <common>
 0004:0081dc60       _cg_lagometer              30a6dc60     <common>
 0004:0081dd80       _cg_errorDecay             30a6dd80     <common>
 0004:0081dea0       _cg_chatBoxHeight          30a6dea0     <common>
 0004:0081dfc0       _cg_pmove_msec             30a6dfc0     <common>
 0004:0081e0e0       _cg_runroll                30a6e0e0     <common>
 0004:0081e200       _g_canmeleekata            30a6e200     <common>
 0004:0081e320       _cg_showVehMiss            30a6e320     <common>
 0004:0081e440       _cg_drawVehLeadIndicator   30a6e440     <common>
 0004:0081e560       _cg                        30a6e560     <common>
 0004:00866760       _cg_cameraOrbit            30ab6760     <common>
 0004:00866880       _cg_bobup                  30ab6880     <common>
 0004:008669a0       _g_craneforce              30ab69a0     <common>
 0004:00866ac0       _cg_fpls                   30ab6ac0     <common>
 0004:00866be0       _cg_timescaleFadeSpeed     30ab6be0     <common>
 0004:00866d00       _g_meleeshield             30ab6d00     <common>
 0004:00866e20       _g_falldownforce           30ab6e20     <common>
 0004:00866f40       _cg_entities               30ab6f40     <common>
 0004:00a43f40       _pmove_fixed               30c93f40     <common>
 0004:00a44060       _g_matchtime               30c94060     <common>
 0004:00a44180       _cg_saberDynamicMarkTime   30c94180     <common>
 0004:00a442a0       _cg_swingAngles            30c942a0     <common>
 0004:00a443c0       _cg_teamOverlayUserinfo    30c943c0     <common>
 0004:00a444e0       _cg_saberClientVisualCompensation 30c944e0     <common>
 0004:00a44600       _cg_blood                  30c94600     <common>
 0004:00a44720       _cg_teamChatsOnly          30c94720     <common>
 0004:00a44840       _cg_viewsize               30c94840     <common>
 0004:00a44960       _g_canhadoken              30c94960     <common>
 0004:00a44a80       _cg_deferPlayers           30c94a80     <common>
 0004:00a44ba0       _cg_showmiss               30c94ba0     <common>
 0004:00a44cc0       _cg_noPlayerAnims          30c94cc0     <common>
 0004:00a44de0       _cg_crosshairSize          30c94de0     <common>
 0004:00a44f00       _cg_drawIcons              30c94f00     <common>
 0004:00a45020       _cg_predictItems           30c95020     <common>
 0004:00a45140       _cg_thirdPersonPitchOffset 30c95140     <common>
 0004:00a45260       _cg_fov                    30c95260     <common>
 0004:00a45380       _g_canfalldown             30c95380     <common>
 0004:00a454a0       _g_showDuelHealths         30c954a0     <common>
 0004:00a455c0       _cg_dismember              30c955c0     <common>
 0004:00a456e0       _cg_paused                 30c956e0     <common>
 0004:00a45800       _cg_thirdPersonAngle       30c95800     <common>
 0004:00a45920       _cg_currentSelectedPlayerName 30c95920     <common>
 0004:00a45a40       _cg_autoMapY               30c95a40     <common>
 0004:00a45b60       _cg_localEntities          30c95b60     <common>
 0004:00a8abc4       _cg_freeLocalEntities      30cdabc4     <common>
 0004:00a8abe0       _cg_activeLocalEntities    30cdabe0     <common>
 0004:00a8adb0       _dbModels_Rocks            30cdadb0     <common>
 0004:00a8ade0       _dbModels_Glass            30cdade0     <common>
 0004:00a8ae00       _dbModels_Wood             30cdae00     <common>
 0004:00a8ae20       _dbModels_Chunks           30cdae20     <common>
 0004:00a8ae30       _cg_genericTimerColor      30cdae30     <common>
 0004:00a8b040       _lagometer                 30cdb040     <common>
 0004:00a8b648       _hudTintColor              30cdb648     <common>
 0004:00a8b650       _gCGFallVector             30cdb650     <common>
 0004:00a8b65c       _lastvalidlockdif          30cdb65c     <common>
 0004:00a8b660       _sortedTeamPlayers         30cdb660     <common>
 0004:00a8b6e0       _teamChat1                 30cdb6e0     <common>
 0004:00a8b7e0       _numSortedTeamPlayers      30cdb7e0     <common>
 0004:00a8b800       _systemChat                30cdb800     <common>
 0004:00a8b900       _teamChat2                 30cdb900     <common>
 0004:00a8ba00       _VehicleParms              30cdba00     <common>
 0004:00aa0580       _VehWeaponParms            30cf0580     <common>
 0004:00aa4580       _g_vehicleInfo             30cf4580     <common>
 0004:00aa7800       _g_vehWeaponInfo           30cf7800     <common>
 0004:00aa7e40       _bgSiegeClasses            30cf7e40     <common>
 0004:00ae3340       _bgSiegeTeams              30d33340     <common>
 0004:00ae57c0       _siege_info                30d357c0     <common>
 0004:00ae97c0       _pml                       30d397c0     <common>
 0004:00ae9868       _pm                        30d39868     <common>
 0004:00ae9880       _bgAllEvents               30d39880     <common>
 0004:00b2df00       _bgAllAnims                30d7df00     <common>
 0004:00b2e340       _bgHumanoidAnimations      30d7e340     <common>
 0004:00b30d80       _g_walljumpZvelocity       30d80d80     <common>
 0004:00b7f040       _g_canjk2roll              30dcf040     <common>
 0004:00b7f160       _g_entities                30dcf160     <common>
 0004:00cfa160       _g_walljumpYvelocity       30f4a160     <common>
 0004:00cfa280       _g_walljumpXvelocity       30f4a280     <common>
 0004:00cfa3a0       _g_walljumpforce           30f4a3a0     <common>
 0004:00cfa4c0       _g_speed                   30f4a4c0     <common>
 0004:00cfa5e0       _level                     30f4a5e0     <common>
 0004:00d05760       __pfnReportHook            30f55760     <common>
 0004:00d05770       __pReportHookListW         30f55770     <common>
 0004:00d05774       __pReportHookList          30f55774     <common>
 0004:00d05778       __debugger_hook_dummy      30f55778     <common>
 0004:00d05784       __nhandle                  30f55784     <common>
 0004:00d057e0       ___pioinfo                 30f557e0     <common>
 0004:00d058e0       ___setlc_active            30f558e0     <common>
 0004:00d058f0       ___unguarded_readlc_active 30f558f0     <common>
 0004:00d058f4       ___piob                    30f558f4     <common>
 0004:00d05c40       __bufin                    30f55c40     <common>
 0004:00d06c40       __nstream                  30f56c40     <common>
 0004:00d06c44       ___env_initialized         30f56c44     <common>
 0004:00d06c54       ___onexitend               30f56c54     <common>
 0004:00d06c58       ___onexitbegin             30f56c58     <common>
 0004:00d06c5c       ___mbctype_initialized     30f56c5c     <common>
 0004:00d06c60       ___dyn_tls_init_callback   30f56c60     <common>
 0004:00d06c64       ___use_sse2_mathfcns       30f56c64     <common>
 0004:00d06c70       __pmatherr                 30f56c70     <common>
 0004:00d06c7c       ___sse2_available          30f56c7c     <common>
 0004:00d06c88       __acmdln                   30f56c88     <common>
 0005:00000000       __IMPORT_DESCRIPTOR_KERNEL32 30f57000     kernel32:KERNEL32.dll
 0005:00000014       __NULL_IMPORT_DESCRIPTOR   30f57014     kernel32:KERNEL32.dll
 0005:000001dc       __imp__GetModuleFileNameW@12 30f571dc     kernel32:KERNEL32.dll
 0005:000001e0       __imp__WriteConsoleW@20    30f571e0     kernel32:KERNEL32.dll
 0005:000001e4       __imp__GetFileType@4       30f571e4     kernel32:KERNEL32.dll
 0005:000001e8       __imp__GetStdHandle@4      30f571e8     kernel32:KERNEL32.dll
 0005:000001ec       __imp__WideCharToMultiByte@32 30f571ec     kernel32:KERNEL32.dll
 0005:000001f0       __imp__IsDebuggerPresent@0 30f571f0     kernel32:KERNEL32.dll
 0005:000001f4       __imp__MultiByteToWideChar@24 30f571f4     kernel32:KERNEL32.dll
 0005:000001f8       __imp__RaiseException@16   30f571f8     kernel32:KERNEL32.dll
 0005:000001fc       __imp__lstrlenA@4          30f571fc     kernel32:KERNEL32.dll
 0005:00000200       __imp__GetProcAddress@8    30f57200     kernel32:KERNEL32.dll
 0005:00000204       __imp__LoadLibraryW@4      30f57204     kernel32:KERNEL32.dll
 0005:00000208       __imp__GetCurrentThreadId@0 30f57208     kernel32:KERNEL32.dll
 0005:0000020c       __imp__DecodePointer@4     30f5720c     kernel32:KERNEL32.dll
 0005:00000210       __imp__GetCommandLineA@0   30f57210     kernel32:KERNEL32.dll
 0005:00000214       __imp__EncodePointer@4     30f57214     kernel32:KERNEL32.dll
 0005:00000218       __imp__IsProcessorFeaturePresent@4 30f57218     kernel32:KERNEL32.dll
 0005:0000021c       __imp__TerminateProcess@8  30f5721c     kernel32:KERNEL32.dll
 0005:00000220       __imp__GetCurrentProcess@0 30f57220     kernel32:KERNEL32.dll
 0005:00000224       __imp__UnhandledExceptionFilter@4 30f57224     kernel32:KERNEL32.dll
 0005:00000228       __imp__SetUnhandledExceptionFilter@4 30f57228     kernel32:KERNEL32.dll
 0005:0000022c       __imp__InterlockedIncrement@4 30f5722c     kernel32:KERNEL32.dll
 0005:00000230       __imp__InterlockedDecrement@4 30f57230     kernel32:KERNEL32.dll
 0005:00000234       __imp__GetACP@0            30f57234     kernel32:KERNEL32.dll
 0005:00000238       __imp__GetOEMCP@0          30f57238     kernel32:KERNEL32.dll
 0005:0000023c       __imp__GetCPInfo@8         30f5723c     kernel32:KERNEL32.dll
 0005:00000240       __imp__IsValidCodePage@4   30f57240     kernel32:KERNEL32.dll
 0005:00000244       __imp__TlsAlloc@0          30f57244     kernel32:KERNEL32.dll
 0005:00000248       __imp__TlsGetValue@4       30f57248     kernel32:KERNEL32.dll
 0005:0000024c       __imp__TlsSetValue@8       30f5724c     kernel32:KERNEL32.dll
 0005:00000250       __imp__TlsFree@4           30f57250     kernel32:KERNEL32.dll
 0005:00000254       __imp__GetModuleHandleW@4  30f57254     kernel32:KERNEL32.dll
 0005:00000258       __imp__SetLastError@4      30f57258     kernel32:KERNEL32.dll
 0005:0000025c       __imp__GetLastError@0      30f5725c     kernel32:KERNEL32.dll
 0005:00000260       __imp__GetCurrentThread@0  30f57260     kernel32:KERNEL32.dll
 0005:00000264       __imp__ExitProcess@4       30f57264     kernel32:KERNEL32.dll
 0005:00000268       __imp__SetConsoleCtrlHandler@8 30f57268     kernel32:KERNEL32.dll
 0005:0000026c       __imp__EnterCriticalSection@4 30f5726c     kernel32:KERNEL32.dll
 0005:00000270       __imp__LeaveCriticalSection@4 30f57270     kernel32:KERNEL32.dll
 0005:00000274       __imp__HeapFree@12         30f57274     kernel32:KERNEL32.dll
 0005:00000278       __imp__HeapAlloc@12        30f57278     kernel32:KERNEL32.dll
 0005:0000027c       __imp__GetProcessHeap@0    30f5727c     kernel32:KERNEL32.dll
 0005:00000280       __imp__VirtualQuery@12     30f57280     kernel32:KERNEL32.dll
 0005:00000284       __imp__FreeLibrary@4       30f57284     kernel32:KERNEL32.dll
 0005:00000288       __imp__LCMapStringW@24     30f57288     kernel32:KERNEL32.dll
 0005:0000028c       __imp__HeapValidate@12     30f5728c     kernel32:KERNEL32.dll
 0005:00000290       __imp__IsBadReadPtr@8      30f57290     kernel32:KERNEL32.dll
 0005:00000294       __imp__SetHandleCount@4    30f57294     kernel32:KERNEL32.dll
 0005:00000298       __imp__InitializeCriticalSectionAndSpinCount@8 30f57298     kernel32:KERNEL32.dll
 0005:0000029c       __imp__GetStartupInfoW@4   30f5729c     kernel32:KERNEL32.dll
 0005:000002a0       __imp__DeleteCriticalSection@4 30f572a0     kernel32:KERNEL32.dll
 0005:000002a4       __imp__GetModuleFileNameA@12 30f572a4     kernel32:KERNEL32.dll
 0005:000002a8       __imp__FreeEnvironmentStringsW@4 30f572a8     kernel32:KERNEL32.dll
 0005:000002ac       __imp__GetEnvironmentStringsW@0 30f572ac     kernel32:KERNEL32.dll
 0005:000002b0       __imp__HeapCreate@12       30f572b0     kernel32:KERNEL32.dll
 0005:000002b4       __imp__HeapDestroy@4       30f572b4     kernel32:KERNEL32.dll
 0005:000002b8       __imp__QueryPerformanceCounter@4 30f572b8     kernel32:KERNEL32.dll
 0005:000002bc       __imp__GetTickCount@0      30f572bc     kernel32:KERNEL32.dll
 0005:000002c0       __imp__GetCurrentProcessId@0 30f572c0     kernel32:KERNEL32.dll
 0005:000002c4       __imp__GetSystemTimeAsFileTime@4 30f572c4     kernel32:KERNEL32.dll
 0005:000002c8       __imp__GetStringTypeW@16   30f572c8     kernel32:KERNEL32.dll
 0005:000002cc       __imp__FatalAppExitA@8     30f572cc     kernel32:KERNEL32.dll
 0005:000002d0       __imp__WriteFile@20        30f572d0     kernel32:KERNEL32.dll
 0005:000002d4       __imp__OutputDebugStringA@4 30f572d4     kernel32:KERNEL32.dll
 0005:000002d8       __imp__OutputDebugStringW@4 30f572d8     kernel32:KERNEL32.dll
 0005:000002dc       __imp__RtlUnwind@16        30f572dc     kernel32:KERNEL32.dll
 0005:000002e0       __imp__InterlockedExchange@8 30f572e0     kernel32:KERNEL32.dll
 0005:000002e4       __imp__GetLocaleInfoW@16   30f572e4     kernel32:KERNEL32.dll
 0005:000002e8       __imp__FlushFileBuffers@4  30f572e8     kernel32:KERNEL32.dll
 0005:000002ec       __imp__GetConsoleCP@0      30f572ec     kernel32:KERNEL32.dll
 0005:000002f0       __imp__GetConsoleMode@8    30f572f0     kernel32:KERNEL32.dll
 0005:000002f4       __imp__SetFilePointer@16   30f572f4     kernel32:KERNEL32.dll
 0005:000002f8       __imp__GetLocaleInfoA@16   30f572f8     kernel32:KERNEL32.dll
 0005:000002fc       __imp__IsValidLocale@8     30f572fc     kernel32:KERNEL32.dll
 0005:00000300       __imp__EnumSystemLocalesA@8 30f57300     kernel32:KERNEL32.dll
 0005:00000304       __imp__GetUserDefaultLCID@0 30f57304     kernel32:KERNEL32.dll
 0005:00000308       __imp__HeapReAlloc@16      30f57308     kernel32:KERNEL32.dll
 0005:0000030c       __imp__HeapSize@12         30f5730c     kernel32:KERNEL32.dll
 0005:00000310       __imp__HeapQueryInformation@20 30f57310     kernel32:KERNEL32.dll
 0005:00000314       __imp__ReadFile@20         30f57314     kernel32:KERNEL32.dll
 0005:00000318       __imp__SetStdHandle@8      30f57318     kernel32:KERNEL32.dll
 0005:0000031c       __imp__CreateFileW@28      30f5731c     kernel32:KERNEL32.dll
 0005:00000320       __imp__CloseHandle@4       30f57320     kernel32:KERNEL32.dll
 0005:00000324       \177KERNEL32_NULL_THUNK_DATA 30f57324     kernel32:KERNEL32.dll

 entry point at        0002:00000672

